<html>
<body>
<pre>
<h1>µVision Build Log</h1>
<h2>Tool Versions:</h2>
IDE-Version: ¦ÌVision V5.29.0.0
Copyright (C) 2019 ARM Ltd and ARM Germany GmbH. All rights reserved.
License Information: ZHANG Harry, SYNOXO, LIC=8VRJ7-ES78W-JJA6S-LQ3E2-RX7R6-4KUQW
 
Tool Versions:
Toolchain:       MDK-ARM Plus  Version: 5.29.0.0
Toolchain Path:  D:\Keil_v5\ARM\ARMCLANG\Bin
C Compiler:      ArmClang.exe V6.13.1
Assembler:       Armasm.exe V6.13.1
Linker/Locator:  ArmLink.exe V6.13.1
Library Manager: ArmAr.exe V6.13.1
Hex Converter:   FromElf.exe V6.13.1
CPU DLL:         
Dialog DLL:      DCM.DLL V1.17.3.0
Target DLL:      Segger\JL2CM3.dll V2.99.36.0
Dialog DLL:      TCM.DLL V1.36.5.0
 
<h2>Project:</h2>
H:\STM32Project\NewProject\STM32F407\STM32F407VET6\STM32F407VET6Project\MDKARM\STM32F407VET6Project.uvprojx
Project File Date:  01/06/2020

<h2>Output:</h2>
*** Using Compiler 'V6.13.1', folder: 'D:\Keil_v5\ARM\ARMCLANG\Bin'
Build target 'STM32F407VET6Project'
compiling ads868x_task.c...
compiling ads1256_task.c...
compiling ads1256_lib.c...
compiling ads869x_lib.c...
compiling ads868x_lib.c...
compiling ads1256_cfg.c...
compiling ads868x_cfg.c...
compiling ads869x_cfg.c...
compiling ds18b20_cfg.c...
compiling dht11_task.c...
compiling dht11_cfg.c...
compiling dht11_lib.c...
compiling ds18b20_task.c...
compiling ds18b20_lib.c...
compiling main.c...
../Application/TaskManage/task_manage.c(117): warning: illegal character encoding in string literal [-Winvalid-source-encoding]
                        USART_Printf(pUsart1, "=>><B4><AE><BF><DA>%d:<B7><A2><C9><FA>CRCÐ£<D1><E9><B4><ED><CE><F3><<=\r\n", (pUsart1->msgIndex - 1));
                                                  ^~~~~~~~~~~~~~~~   ~~~~~~~~~~~~~~~~    ~~~~~~~~~~~~~~~~~~~~~~~~
1 warning generated.
compiling task_manage.c...
compiling aht10_lib.c...
compiling aht10_cfg.c...
compiling aht10_task.c...
linking...
Program Size: Code=43596 RO-data=1724 RW-data=64 ZI-data=16216  
FromELF: creating hex file...
"STM32F407VET6Project\STM32F407VET6Project.axf" - 0 Error(s), 1 Warning(s).

<h2>Software Packages used:</h2>

Package Vendor: ARM
                http://www.keil.com/pack/ARM.CMSIS.5.6.0.pack
                ARM.CMSIS.5.6.0
                CMSIS (Cortex Microcontroller Software Interface Standard)
   * Component: CORE Version: 5.3.0

Package Vendor: Keil
                http://www.keil.com/pack/Keil.STM32F4xx_DFP.2.14.0.pack
                Keil.STM32F4xx_DFP.2.14.0
                STMicroelectronics STM32F4 Series Device Support, Drivers and Examples

<h2>Collection of Component include folders:</h2>
  .\RTE\_STM32F407VET6Project
  D:\Keil_v5\Arm\Packs\ARM\CMSIS\5.6.0\CMSIS\Core\Include
  D:\Keil_v5\Arm\Packs\Keil\STM32F4xx_DFP\2.14.0\Drivers\CMSIS\Device\ST\STM32F4xx\Include

<h2>Collection of Component Files used:</h2>

   * Component: ARM::CMSIS:CORE:5.3.0
Build Time Elapsed:  00:00:15
</pre>
</body>
</html>
