<!doctype html public "-//w3c//dtd html 4.0 transitional//en">
<html><head>
<title>Static Call Graph - [STM32F407VET6Project\STM32F407VET6Project.axf]</title></head>
<body><HR>
<H1>Static Call Graph for image STM32F407VET6Project\STM32F407VET6Project.axf</H1><HR>
<BR><P>#&#060CALLGRAPH&#062# ARM Linker, 6130100: Last Updated: Fri Dec 20 19:10:41 2019
<BR><P>
<H3>Maximum Stack Usage =        892 bytes + Unknown(Cycles, Untraceable Function Pointers)</H3><H3>
Call chain for Maximum Stack Depth:</H3>
Task_Manage_1 &rArr; ISPTask_USARTCmd_Task &rArr; ISPTask_USARTCmd_ParentTask &rArr; ISPTask_USARTCmd_ChildTask &rArr; ISPTask_USARTCmd_WriteChipFlashPage &rArr; ISPTask_WriteChipFlashPage &rArr; ISPLib_WriteChipFlashPage &rArr; ISP_WriteChipFlashPage &rArr; ISP_EnterProg &rArr; ISP_SetClock &rArr; ISP_HW_Init &rArr; SPITask_MHW_PollMode_Init &rArr; SPILib_MHW_PollMode_Init &rArr; SPI_MHW_PollMode_Init &rArr; LL_SPI_DeInit &rArr; LL_APB2_GRP1_ReleaseReset
<P>
<H3>
Mutually Recursive functions
</H3> <LI><a href="#[1c]">ADC_IRQHandler</a>&nbsp;&nbsp;&nbsp;&rArr;&nbsp;&nbsp;&nbsp;<a href="#[1c]">ADC_IRQHandler</a><BR>
 <LI><a href="#[ab]">DelayN_us</a>&nbsp;&nbsp;&nbsp;&rArr;&nbsp;&nbsp;&nbsp;<a href="#[a9]">Delay_ms</a><BR>
</UL>
<P>
<H3>
Function Pointers
</H3><UL>
 <LI><a href="#[1c]">ADC_IRQHandler</a> from startup_stm32f407xx.o(.text) referenced from startup_stm32f407xx.o(RESET)
 <LI><a href="#[4]">BusFault_Handler</a> from stm32f4xx_it.o(.text.BusFault_Handler) referenced from startup_stm32f407xx.o(RESET)
 <LI><a href="#[1e]">CAN1_RX0_IRQHandler</a> from startup_stm32f407xx.o(.text) referenced from startup_stm32f407xx.o(RESET)
 <LI><a href="#[1f]">CAN1_RX1_IRQHandler</a> from startup_stm32f407xx.o(.text) referenced from startup_stm32f407xx.o(RESET)
 <LI><a href="#[20]">CAN1_SCE_IRQHandler</a> from startup_stm32f407xx.o(.text) referenced from startup_stm32f407xx.o(RESET)
 <LI><a href="#[1d]">CAN1_TX_IRQHandler</a> from startup_stm32f407xx.o(.text) referenced from startup_stm32f407xx.o(RESET)
 <LI><a href="#[4a]">CAN2_RX0_IRQHandler</a> from startup_stm32f407xx.o(.text) referenced from startup_stm32f407xx.o(RESET)
 <LI><a href="#[4b]">CAN2_RX1_IRQHandler</a> from startup_stm32f407xx.o(.text) referenced from startup_stm32f407xx.o(RESET)
 <LI><a href="#[4c]">CAN2_SCE_IRQHandler</a> from startup_stm32f407xx.o(.text) referenced from startup_stm32f407xx.o(RESET)
 <LI><a href="#[49]">CAN2_TX_IRQHandler</a> from startup_stm32f407xx.o(.text) referenced from startup_stm32f407xx.o(RESET)
 <LI><a href="#[58]">DCMI_IRQHandler</a> from startup_stm32f407xx.o(.text) referenced from startup_stm32f407xx.o(RESET)
 <LI><a href="#[15]">DMA1_Stream0_IRQHandler</a> from startup_stm32f407xx.o(.text) referenced from startup_stm32f407xx.o(RESET)
 <LI><a href="#[16]">DMA1_Stream1_IRQHandler</a> from startup_stm32f407xx.o(.text) referenced from startup_stm32f407xx.o(RESET)
 <LI><a href="#[17]">DMA1_Stream2_IRQHandler</a> from startup_stm32f407xx.o(.text) referenced from startup_stm32f407xx.o(RESET)
 <LI><a href="#[18]">DMA1_Stream3_IRQHandler</a> from startup_stm32f407xx.o(.text) referenced from startup_stm32f407xx.o(RESET)
 <LI><a href="#[19]">DMA1_Stream4_IRQHandler</a> from startup_stm32f407xx.o(.text) referenced from startup_stm32f407xx.o(RESET)
 <LI><a href="#[1a]">DMA1_Stream5_IRQHandler</a> from startup_stm32f407xx.o(.text) referenced from startup_stm32f407xx.o(RESET)
 <LI><a href="#[1b]">DMA1_Stream6_IRQHandler</a> from startup_stm32f407xx.o(.text) referenced from startup_stm32f407xx.o(RESET)
 <LI><a href="#[39]">DMA1_Stream7_IRQHandler</a> from startup_stm32f407xx.o(.text) referenced from startup_stm32f407xx.o(RESET)
 <LI><a href="#[42]">DMA2_Stream0_IRQHandler</a> from startup_stm32f407xx.o(.text) referenced from startup_stm32f407xx.o(RESET)
 <LI><a href="#[43]">DMA2_Stream1_IRQHandler</a> from startup_stm32f407xx.o(.text) referenced from startup_stm32f407xx.o(RESET)
 <LI><a href="#[44]">DMA2_Stream2_IRQHandler</a> from startup_stm32f407xx.o(.text) referenced from startup_stm32f407xx.o(RESET)
 <LI><a href="#[45]">DMA2_Stream3_IRQHandler</a> from startup_stm32f407xx.o(.text) referenced from startup_stm32f407xx.o(RESET)
 <LI><a href="#[46]">DMA2_Stream4_IRQHandler</a> from startup_stm32f407xx.o(.text) referenced from startup_stm32f407xx.o(RESET)
 <LI><a href="#[4e]">DMA2_Stream5_IRQHandler</a> from startup_stm32f407xx.o(.text) referenced from startup_stm32f407xx.o(RESET)
 <LI><a href="#[4f]">DMA2_Stream6_IRQHandler</a> from startup_stm32f407xx.o(.text) referenced from startup_stm32f407xx.o(RESET)
 <LI><a href="#[50]">DMA2_Stream7_IRQHandler</a> from startup_stm32f407xx.o(.text) referenced from startup_stm32f407xx.o(RESET)
 <LI><a href="#[7]">DebugMon_Handler</a> from stm32f4xx_it.o(.text.DebugMon_Handler) referenced from startup_stm32f407xx.o(RESET)
 <LI><a href="#[61]">DelayTask_ms</a> from delay_task.o(.text.DelayTask_ms) referenced 2 times from isp_cfg.o(.text.ISP_Init)
 <LI><a href="#[61]">DelayTask_ms</a> from delay_task.o(.text.DelayTask_ms) referenced 2 times from main.o(.text.Sys_Init)
 <LI><a href="#[62]">DelayTask_us</a> from delay_task.o(.text.DelayTask_us) referenced 2 times from isp_cfg.o(.text.ISP_Init)
 <LI><a href="#[62]">DelayTask_us</a> from delay_task.o(.text.DelayTask_us) referenced 2 times from main.o(.text.Sys_Init)
 <LI><a href="#[47]">ETH_IRQHandler</a> from startup_stm32f407xx.o(.text) referenced from startup_stm32f407xx.o(RESET)
 <LI><a href="#[48]">ETH_WKUP_IRQHandler</a> from startup_stm32f407xx.o(.text) referenced from startup_stm32f407xx.o(RESET)
 <LI><a href="#[10]">EXTI0_IRQHandler</a> from startup_stm32f407xx.o(.text) referenced from startup_stm32f407xx.o(RESET)
 <LI><a href="#[32]">EXTI15_10_IRQHandler</a> from startup_stm32f407xx.o(.text) referenced from startup_stm32f407xx.o(RESET)
 <LI><a href="#[11]">EXTI1_IRQHandler</a> from startup_stm32f407xx.o(.text) referenced from startup_stm32f407xx.o(RESET)
 <LI><a href="#[12]">EXTI2_IRQHandler</a> from startup_stm32f407xx.o(.text) referenced from startup_stm32f407xx.o(RESET)
 <LI><a href="#[13]">EXTI3_IRQHandler</a> from startup_stm32f407xx.o(.text) referenced from startup_stm32f407xx.o(RESET)
 <LI><a href="#[14]">EXTI4_IRQHandler</a> from startup_stm32f407xx.o(.text) referenced from startup_stm32f407xx.o(RESET)
 <LI><a href="#[21]">EXTI9_5_IRQHandler</a> from startup_stm32f407xx.o(.text) referenced from startup_stm32f407xx.o(RESET)
 <LI><a href="#[e]">FLASH_IRQHandler</a> from startup_stm32f407xx.o(.text) referenced from startup_stm32f407xx.o(RESET)
 <LI><a href="#[3a]">FMC_IRQHandler</a> from startup_stm32f407xx.o(.text) referenced from startup_stm32f407xx.o(RESET)
 <LI><a href="#[5a]">FPU_IRQHandler</a> from startup_stm32f407xx.o(.text) referenced from startup_stm32f407xx.o(RESET)
 <LI><a href="#[65]">HAL_IncTick</a> from stm32f4xx_hal.o(.text.HAL_IncTick) referenced 2 times from systick_cfg.o(.text.SysTick_msInit)
 <LI><a href="#[59]">HASH_RNG_IRQHandler</a> from stm32f4xx_it.o(.text.HASH_RNG_IRQHandler) referenced from startup_stm32f407xx.o(RESET)
 <LI><a href="#[2]">HardFault_Handler</a> from stm32f4xx_it.o(.text.HardFault_Handler) referenced from startup_stm32f407xx.o(RESET)
 <LI><a href="#[2a]">I2C1_ER_IRQHandler</a> from startup_stm32f407xx.o(.text) referenced from startup_stm32f407xx.o(RESET)
 <LI><a href="#[29]">I2C1_EV_IRQHandler</a> from startup_stm32f407xx.o(.text) referenced from startup_stm32f407xx.o(RESET)
 <LI><a href="#[2c]">I2C2_ER_IRQHandler</a> from startup_stm32f407xx.o(.text) referenced from startup_stm32f407xx.o(RESET)
 <LI><a href="#[2b]">I2C2_EV_IRQHandler</a> from startup_stm32f407xx.o(.text) referenced from startup_stm32f407xx.o(RESET)
 <LI><a href="#[53]">I2C3_ER_IRQHandler</a> from startup_stm32f407xx.o(.text) referenced from startup_stm32f407xx.o(RESET)
 <LI><a href="#[52]">I2C3_EV_IRQHandler</a> from startup_stm32f407xx.o(.text) referenced from startup_stm32f407xx.o(RESET)
 <LI><a href="#[5e]">ISP_AddWatchDevice0</a> from isp_cfg.o(.text.ISP_AddWatchDevice0) referenced 2 times from isp_cfg.o(.text.ISP_AddWatch)
 <LI><a href="#[5e]">ISP_AddWatchDevice0</a> from isp_cfg.o(.text.ISP_AddWatchDevice0) referenced 2 times from isp_cfg.o(.text.ISP_RemoveWatch)
 <LI><a href="#[5f]">ISP_AddWatchDevice1</a> from isp_cfg.o(.text.ISP_AddWatchDevice1) referenced 2 times from isp_cfg.o(.text.ISP_AddWatch)
 <LI><a href="#[5f]">ISP_AddWatchDevice1</a> from isp_cfg.o(.text.ISP_AddWatchDevice1) referenced 2 times from isp_cfg.o(.text.ISP_RemoveWatch)
 <LI><a href="#[60]">ISP_AddWatchDevice2</a> from isp_cfg.o(.text.ISP_AddWatchDevice2) referenced 2 times from isp_cfg.o(.text.ISP_AddWatch)
 <LI><a href="#[60]">ISP_AddWatchDevice2</a> from isp_cfg.o(.text.ISP_AddWatchDevice2) referenced 2 times from isp_cfg.o(.text.ISP_RemoveWatch)
 <LI><a href="#[64]">ISP_HW_SendCmd</a> from isp_cfg.o(.text.ISP_HW_SendCmd) referenced 4 times from isp_cfg.o(.text.ISP_SetClock)
 <LI><a href="#[63]">ISP_SW_SendCmd</a> from isp_cfg.o(.text.ISP_SW_SendCmd) referenced 4 times from isp_cfg.o(.text.ISP_SetClock)
 <LI><a href="#[3]">MemManage_Handler</a> from stm32f4xx_it.o(.text.MemManage_Handler) referenced from startup_stm32f407xx.o(RESET)
 <LI><a href="#[69]">MyMemInit</a> from my_malloc.o(.text.MyMemInit) referenced from my_malloc.o(.data.g_MyaMallcoDev)
 <LI><a href="#[6a]">MyMemusedRate</a> from my_malloc.o(.text.MyMemusedRate) referenced from my_malloc.o(.data.g_MyaMallcoDev)
 <LI><a href="#[1]">NMI_Handler</a> from stm32f4xx_it.o(.text.NMI_Handler) referenced from startup_stm32f407xx.o(RESET)
 <LI><a href="#[4d]">OTG_FS_IRQHandler</a> from startup_stm32f407xx.o(.text) referenced from startup_stm32f407xx.o(RESET)
 <LI><a href="#[34]">OTG_FS_WKUP_IRQHandler</a> from startup_stm32f407xx.o(.text) referenced from startup_stm32f407xx.o(RESET)
 <LI><a href="#[55]">OTG_HS_EP1_IN_IRQHandler</a> from startup_stm32f407xx.o(.text) referenced from startup_stm32f407xx.o(RESET)
 <LI><a href="#[54]">OTG_HS_EP1_OUT_IRQHandler</a> from startup_stm32f407xx.o(.text) referenced from startup_stm32f407xx.o(RESET)
 <LI><a href="#[57]">OTG_HS_IRQHandler</a> from startup_stm32f407xx.o(.text) referenced from startup_stm32f407xx.o(RESET)
 <LI><a href="#[56]">OTG_HS_WKUP_IRQHandler</a> from startup_stm32f407xx.o(.text) referenced from startup_stm32f407xx.o(RESET)
 <LI><a href="#[b]">PVD_IRQHandler</a> from stm32f4xx_it.o(.text.PVD_IRQHandler) referenced from startup_stm32f407xx.o(RESET)
 <LI><a href="#[8]">PendSV_Handler</a> from stm32f4xx_it.o(.text.PendSV_Handler) referenced from startup_stm32f407xx.o(RESET)
 <LI><a href="#[f]">RCC_IRQHandler</a> from stm32f4xx_it.o(.text.RCC_IRQHandler) referenced from startup_stm32f407xx.o(RESET)
 <LI><a href="#[33]">RTC_Alarm_IRQHandler</a> from startup_stm32f407xx.o(.text) referenced from startup_stm32f407xx.o(RESET)
 <LI><a href="#[d]">RTC_WKUP_IRQHandler</a> from startup_stm32f407xx.o(.text) referenced from startup_stm32f407xx.o(RESET)
 <LI><a href="#[0]">Reset_Handler</a> from startup_stm32f407xx.o(.text) referenced from startup_stm32f407xx.o(RESET)
 <LI><a href="#[3b]">SDIO_IRQHandler</a> from startup_stm32f407xx.o(.text) referenced from startup_stm32f407xx.o(RESET)
 <LI><a href="#[2d]">SPI1_IRQHandler</a> from startup_stm32f407xx.o(.text) referenced from startup_stm32f407xx.o(RESET)
 <LI><a href="#[2e]">SPI2_IRQHandler</a> from startup_stm32f407xx.o(.text) referenced from startup_stm32f407xx.o(RESET)
 <LI><a href="#[3d]">SPI3_IRQHandler</a> from startup_stm32f407xx.o(.text) referenced from startup_stm32f407xx.o(RESET)
 <LI><a href="#[6]">SVC_Handler</a> from stm32f4xx_it.o(.text.SVC_Handler) referenced from startup_stm32f407xx.o(RESET)
 <LI><a href="#[66]">SysTickTask_GetTick</a> from systick_task.o(.text.SysTickTask_GetTick) referenced 2 times from main.o(.text.Sys_Init)
 <LI><a href="#[9]">SysTick_Handler</a> from stm32f4xx_it.o(.text.SysTick_Handler) referenced from startup_stm32f407xx.o(RESET)
 <LI><a href="#[5c]">SystemInit</a> from system_stm32f4xx.o(.text.SystemInit) referenced from startup_stm32f407xx.o(.text)
 <LI><a href="#[c]">TAMP_STAMP_IRQHandler</a> from startup_stm32f407xx.o(.text) referenced from startup_stm32f407xx.o(RESET)
 <LI><a href="#[22]">TIM1_BRK_TIM9_IRQHandler</a> from startup_stm32f407xx.o(.text) referenced from startup_stm32f407xx.o(RESET)
 <LI><a href="#[25]">TIM1_CC_IRQHandler</a> from startup_stm32f407xx.o(.text) referenced from startup_stm32f407xx.o(RESET)
 <LI><a href="#[24]">TIM1_TRG_COM_TIM11_IRQHandler</a> from startup_stm32f407xx.o(.text) referenced from startup_stm32f407xx.o(RESET)
 <LI><a href="#[23]">TIM1_UP_TIM10_IRQHandler</a> from startup_stm32f407xx.o(.text) referenced from startup_stm32f407xx.o(RESET)
 <LI><a href="#[26]">TIM2_IRQHandler</a> from startup_stm32f407xx.o(.text) referenced from startup_stm32f407xx.o(RESET)
 <LI><a href="#[27]">TIM3_IRQHandler</a> from startup_stm32f407xx.o(.text) referenced from startup_stm32f407xx.o(RESET)
 <LI><a href="#[28]">TIM4_IRQHandler</a> from startup_stm32f407xx.o(.text) referenced from startup_stm32f407xx.o(RESET)
 <LI><a href="#[3c]">TIM5_IRQHandler</a> from startup_stm32f407xx.o(.text) referenced from startup_stm32f407xx.o(RESET)
 <LI><a href="#[40]">TIM6_DAC_IRQHandler</a> from startup_stm32f407xx.o(.text) referenced from startup_stm32f407xx.o(RESET)
 <LI><a href="#[41]">TIM7_IRQHandler</a> from startup_stm32f407xx.o(.text) referenced from startup_stm32f407xx.o(RESET)
 <LI><a href="#[35]">TIM8_BRK_TIM12_IRQHandler</a> from startup_stm32f407xx.o(.text) referenced from startup_stm32f407xx.o(RESET)
 <LI><a href="#[38]">TIM8_CC_IRQHandler</a> from startup_stm32f407xx.o(.text) referenced from startup_stm32f407xx.o(RESET)
 <LI><a href="#[37]">TIM8_TRG_COM_TIM14_IRQHandler</a> from startup_stm32f407xx.o(.text) referenced from startup_stm32f407xx.o(RESET)
 <LI><a href="#[36]">TIM8_UP_TIM13_IRQHandler</a> from startup_stm32f407xx.o(.text) referenced from startup_stm32f407xx.o(RESET)
 <LI><a href="#[67]">Task_Manage_1</a> from task_manage.o(.text.Task_Manage_1) referenced 2 times from task_manage.o(.text.Task_Manage_Init)
 <LI><a href="#[3e]">UART4_IRQHandler</a> from startup_stm32f407xx.o(.text) referenced from startup_stm32f407xx.o(RESET)
 <LI><a href="#[3f]">UART5_IRQHandler</a> from startup_stm32f407xx.o(.text) referenced from startup_stm32f407xx.o(RESET)
 <LI><a href="#[2f]">USART1_IRQHandler</a> from stm32f4xx_it.o(.text.USART1_IRQHandler) referenced from startup_stm32f407xx.o(RESET)
 <LI><a href="#[30]">USART2_IRQHandler</a> from startup_stm32f407xx.o(.text) referenced from startup_stm32f407xx.o(RESET)
 <LI><a href="#[31]">USART3_IRQHandler</a> from startup_stm32f407xx.o(.text) referenced from startup_stm32f407xx.o(RESET)
 <LI><a href="#[51]">USART6_IRQHandler</a> from startup_stm32f407xx.o(.text) referenced from startup_stm32f407xx.o(RESET)
 <LI><a href="#[5]">UsageFault_Handler</a> from stm32f4xx_it.o(.text.UsageFault_Handler) referenced from startup_stm32f407xx.o(RESET)
 <LI><a href="#[a]">WWDG_IRQHandler</a> from stm32f4xx_it.o(.text.WWDG_IRQHandler) referenced from startup_stm32f407xx.o(RESET)
 <LI><a href="#[5d]">__main</a> from entry.o(.ARM.Collect$$$$00000000) referenced from startup_stm32f407xx.o(.text)
 <LI><a href="#[68]">_snputc</a> from printfa.o(i._snputc) referenced from printfa.o(i.__0vsnprintf)
 <LI><a href="#[5b]">main</a> from main.o(.text.main) referenced from entry9a.o(.ARM.Collect$$$$0000000B)
</UL>
<P>
<H3>
Global Symbols
</H3>
<P><STRONG><a name="[5d]"></a>__main</STRONG> (Thumb, 0 bytes, Stack size unknown bytes, entry.o(.ARM.Collect$$$$00000000))
<BR>[Address Reference Count : 1]<UL><LI> startup_stm32f407xx.o(.text)
</UL>
<P><STRONG><a name="[258]"></a>_main_stk</STRONG> (Thumb, 0 bytes, Stack size unknown bytes, entry2.o(.ARM.Collect$$$$00000001))

<P><STRONG><a name="[6b]"></a>_main_scatterload</STRONG> (Thumb, 0 bytes, Stack size unknown bytes, entry5.o(.ARM.Collect$$$$00000004))
<BR><BR>[Calls]<UL><LI><a href="#[6c]">&gt;&gt;</a>&nbsp;&nbsp;&nbsp;__scatterload
</UL>

<P><STRONG><a name="[7c]"></a>__main_after_scatterload</STRONG> (Thumb, 0 bytes, Stack size unknown bytes, entry5.o(.ARM.Collect$$$$00000004))
<BR><BR>[Called By]<UL><LI><a href="#[6c]">&gt;&gt;</a>&nbsp;&nbsp;&nbsp;__scatterload
</UL>

<P><STRONG><a name="[259]"></a>_main_clock</STRONG> (Thumb, 0 bytes, Stack size unknown bytes, entry7b.o(.ARM.Collect$$$$00000008))

<P><STRONG><a name="[25a]"></a>_main_cpp_init</STRONG> (Thumb, 0 bytes, Stack size unknown bytes, entry8b.o(.ARM.Collect$$$$0000000A))

<P><STRONG><a name="[25b]"></a>_main_init</STRONG> (Thumb, 0 bytes, Stack size unknown bytes, entry9a.o(.ARM.Collect$$$$0000000B))

<P><STRONG><a name="[25c]"></a>__rt_final_cpp</STRONG> (Thumb, 0 bytes, Stack size unknown bytes, entry10a.o(.ARM.Collect$$$$0000000D))

<P><STRONG><a name="[25d]"></a>__rt_final_exit</STRONG> (Thumb, 0 bytes, Stack size unknown bytes, entry11a.o(.ARM.Collect$$$$0000000F))

<P><STRONG><a name="[0]"></a>Reset_Handler</STRONG> (Thumb, 8 bytes, Stack size 0 bytes, startup_stm32f407xx.o(.text))
<BR>[Address Reference Count : 1]<UL><LI> startup_stm32f407xx.o(RESET)
</UL>
<P><STRONG><a name="[1c]"></a>ADC_IRQHandler</STRONG> (Thumb, 0 bytes, Stack size 0 bytes, startup_stm32f407xx.o(.text))
<BR><BR>[Calls]<UL><LI><a href="#[1c]">&gt;&gt;</a>&nbsp;&nbsp;&nbsp;ADC_IRQHandler
</UL>
<BR>[Called By]<UL><LI><a href="#[1c]">&gt;&gt;</a>&nbsp;&nbsp;&nbsp;ADC_IRQHandler
</UL>
<BR>[Address Reference Count : 1]<UL><LI> startup_stm32f407xx.o(RESET)
</UL>
<P><STRONG><a name="[1e]"></a>CAN1_RX0_IRQHandler</STRONG> (Thumb, 0 bytes, Stack size 0 bytes, startup_stm32f407xx.o(.text))
<BR>[Address Reference Count : 1]<UL><LI> startup_stm32f407xx.o(RESET)
</UL>
<P><STRONG><a name="[1f]"></a>CAN1_RX1_IRQHandler</STRONG> (Thumb, 0 bytes, Stack size 0 bytes, startup_stm32f407xx.o(.text))
<BR>[Address Reference Count : 1]<UL><LI> startup_stm32f407xx.o(RESET)
</UL>
<P><STRONG><a name="[20]"></a>CAN1_SCE_IRQHandler</STRONG> (Thumb, 0 bytes, Stack size 0 bytes, startup_stm32f407xx.o(.text))
<BR>[Address Reference Count : 1]<UL><LI> startup_stm32f407xx.o(RESET)
</UL>
<P><STRONG><a name="[1d]"></a>CAN1_TX_IRQHandler</STRONG> (Thumb, 0 bytes, Stack size 0 bytes, startup_stm32f407xx.o(.text))
<BR>[Address Reference Count : 1]<UL><LI> startup_stm32f407xx.o(RESET)
</UL>
<P><STRONG><a name="[4a]"></a>CAN2_RX0_IRQHandler</STRONG> (Thumb, 0 bytes, Stack size 0 bytes, startup_stm32f407xx.o(.text))
<BR>[Address Reference Count : 1]<UL><LI> startup_stm32f407xx.o(RESET)
</UL>
<P><STRONG><a name="[4b]"></a>CAN2_RX1_IRQHandler</STRONG> (Thumb, 0 bytes, Stack size 0 bytes, startup_stm32f407xx.o(.text))
<BR>[Address Reference Count : 1]<UL><LI> startup_stm32f407xx.o(RESET)
</UL>
<P><STRONG><a name="[4c]"></a>CAN2_SCE_IRQHandler</STRONG> (Thumb, 0 bytes, Stack size 0 bytes, startup_stm32f407xx.o(.text))
<BR>[Address Reference Count : 1]<UL><LI> startup_stm32f407xx.o(RESET)
</UL>
<P><STRONG><a name="[49]"></a>CAN2_TX_IRQHandler</STRONG> (Thumb, 0 bytes, Stack size 0 bytes, startup_stm32f407xx.o(.text))
<BR>[Address Reference Count : 1]<UL><LI> startup_stm32f407xx.o(RESET)
</UL>
<P><STRONG><a name="[58]"></a>DCMI_IRQHandler</STRONG> (Thumb, 0 bytes, Stack size 0 bytes, startup_stm32f407xx.o(.text))
<BR>[Address Reference Count : 1]<UL><LI> startup_stm32f407xx.o(RESET)
</UL>
<P><STRONG><a name="[15]"></a>DMA1_Stream0_IRQHandler</STRONG> (Thumb, 0 bytes, Stack size 0 bytes, startup_stm32f407xx.o(.text))
<BR>[Address Reference Count : 1]<UL><LI> startup_stm32f407xx.o(RESET)
</UL>
<P><STRONG><a name="[16]"></a>DMA1_Stream1_IRQHandler</STRONG> (Thumb, 0 bytes, Stack size 0 bytes, startup_stm32f407xx.o(.text))
<BR>[Address Reference Count : 1]<UL><LI> startup_stm32f407xx.o(RESET)
</UL>
<P><STRONG><a name="[17]"></a>DMA1_Stream2_IRQHandler</STRONG> (Thumb, 0 bytes, Stack size 0 bytes, startup_stm32f407xx.o(.text))
<BR>[Address Reference Count : 1]<UL><LI> startup_stm32f407xx.o(RESET)
</UL>
<P><STRONG><a name="[18]"></a>DMA1_Stream3_IRQHandler</STRONG> (Thumb, 0 bytes, Stack size 0 bytes, startup_stm32f407xx.o(.text))
<BR>[Address Reference Count : 1]<UL><LI> startup_stm32f407xx.o(RESET)
</UL>
<P><STRONG><a name="[19]"></a>DMA1_Stream4_IRQHandler</STRONG> (Thumb, 0 bytes, Stack size 0 bytes, startup_stm32f407xx.o(.text))
<BR>[Address Reference Count : 1]<UL><LI> startup_stm32f407xx.o(RESET)
</UL>
<P><STRONG><a name="[1a]"></a>DMA1_Stream5_IRQHandler</STRONG> (Thumb, 0 bytes, Stack size 0 bytes, startup_stm32f407xx.o(.text))
<BR>[Address Reference Count : 1]<UL><LI> startup_stm32f407xx.o(RESET)
</UL>
<P><STRONG><a name="[1b]"></a>DMA1_Stream6_IRQHandler</STRONG> (Thumb, 0 bytes, Stack size 0 bytes, startup_stm32f407xx.o(.text))
<BR>[Address Reference Count : 1]<UL><LI> startup_stm32f407xx.o(RESET)
</UL>
<P><STRONG><a name="[39]"></a>DMA1_Stream7_IRQHandler</STRONG> (Thumb, 0 bytes, Stack size 0 bytes, startup_stm32f407xx.o(.text))
<BR>[Address Reference Count : 1]<UL><LI> startup_stm32f407xx.o(RESET)
</UL>
<P><STRONG><a name="[42]"></a>DMA2_Stream0_IRQHandler</STRONG> (Thumb, 0 bytes, Stack size 0 bytes, startup_stm32f407xx.o(.text))
<BR>[Address Reference Count : 1]<UL><LI> startup_stm32f407xx.o(RESET)
</UL>
<P><STRONG><a name="[43]"></a>DMA2_Stream1_IRQHandler</STRONG> (Thumb, 0 bytes, Stack size 0 bytes, startup_stm32f407xx.o(.text))
<BR>[Address Reference Count : 1]<UL><LI> startup_stm32f407xx.o(RESET)
</UL>
<P><STRONG><a name="[44]"></a>DMA2_Stream2_IRQHandler</STRONG> (Thumb, 0 bytes, Stack size 0 bytes, startup_stm32f407xx.o(.text))
<BR>[Address Reference Count : 1]<UL><LI> startup_stm32f407xx.o(RESET)
</UL>
<P><STRONG><a name="[45]"></a>DMA2_Stream3_IRQHandler</STRONG> (Thumb, 0 bytes, Stack size 0 bytes, startup_stm32f407xx.o(.text))
<BR>[Address Reference Count : 1]<UL><LI> startup_stm32f407xx.o(RESET)
</UL>
<P><STRONG><a name="[46]"></a>DMA2_Stream4_IRQHandler</STRONG> (Thumb, 0 bytes, Stack size 0 bytes, startup_stm32f407xx.o(.text))
<BR>[Address Reference Count : 1]<UL><LI> startup_stm32f407xx.o(RESET)
</UL>
<P><STRONG><a name="[4e]"></a>DMA2_Stream5_IRQHandler</STRONG> (Thumb, 0 bytes, Stack size 0 bytes, startup_stm32f407xx.o(.text))
<BR>[Address Reference Count : 1]<UL><LI> startup_stm32f407xx.o(RESET)
</UL>
<P><STRONG><a name="[4f]"></a>DMA2_Stream6_IRQHandler</STRONG> (Thumb, 0 bytes, Stack size 0 bytes, startup_stm32f407xx.o(.text))
<BR>[Address Reference Count : 1]<UL><LI> startup_stm32f407xx.o(RESET)
</UL>
<P><STRONG><a name="[50]"></a>DMA2_Stream7_IRQHandler</STRONG> (Thumb, 0 bytes, Stack size 0 bytes, startup_stm32f407xx.o(.text))
<BR>[Address Reference Count : 1]<UL><LI> startup_stm32f407xx.o(RESET)
</UL>
<P><STRONG><a name="[47]"></a>ETH_IRQHandler</STRONG> (Thumb, 0 bytes, Stack size 0 bytes, startup_stm32f407xx.o(.text))
<BR>[Address Reference Count : 1]<UL><LI> startup_stm32f407xx.o(RESET)
</UL>
<P><STRONG><a name="[48]"></a>ETH_WKUP_IRQHandler</STRONG> (Thumb, 0 bytes, Stack size 0 bytes, startup_stm32f407xx.o(.text))
<BR>[Address Reference Count : 1]<UL><LI> startup_stm32f407xx.o(RESET)
</UL>
<P><STRONG><a name="[10]"></a>EXTI0_IRQHandler</STRONG> (Thumb, 0 bytes, Stack size 0 bytes, startup_stm32f407xx.o(.text))
<BR>[Address Reference Count : 1]<UL><LI> startup_stm32f407xx.o(RESET)
</UL>
<P><STRONG><a name="[32]"></a>EXTI15_10_IRQHandler</STRONG> (Thumb, 0 bytes, Stack size 0 bytes, startup_stm32f407xx.o(.text))
<BR>[Address Reference Count : 1]<UL><LI> startup_stm32f407xx.o(RESET)
</UL>
<P><STRONG><a name="[11]"></a>EXTI1_IRQHandler</STRONG> (Thumb, 0 bytes, Stack size 0 bytes, startup_stm32f407xx.o(.text))
<BR>[Address Reference Count : 1]<UL><LI> startup_stm32f407xx.o(RESET)
</UL>
<P><STRONG><a name="[12]"></a>EXTI2_IRQHandler</STRONG> (Thumb, 0 bytes, Stack size 0 bytes, startup_stm32f407xx.o(.text))
<BR>[Address Reference Count : 1]<UL><LI> startup_stm32f407xx.o(RESET)
</UL>
<P><STRONG><a name="[13]"></a>EXTI3_IRQHandler</STRONG> (Thumb, 0 bytes, Stack size 0 bytes, startup_stm32f407xx.o(.text))
<BR>[Address Reference Count : 1]<UL><LI> startup_stm32f407xx.o(RESET)
</UL>
<P><STRONG><a name="[14]"></a>EXTI4_IRQHandler</STRONG> (Thumb, 0 bytes, Stack size 0 bytes, startup_stm32f407xx.o(.text))
<BR>[Address Reference Count : 1]<UL><LI> startup_stm32f407xx.o(RESET)
</UL>
<P><STRONG><a name="[21]"></a>EXTI9_5_IRQHandler</STRONG> (Thumb, 0 bytes, Stack size 0 bytes, startup_stm32f407xx.o(.text))
<BR>[Address Reference Count : 1]<UL><LI> startup_stm32f407xx.o(RESET)
</UL>
<P><STRONG><a name="[e]"></a>FLASH_IRQHandler</STRONG> (Thumb, 0 bytes, Stack size 0 bytes, startup_stm32f407xx.o(.text))
<BR>[Address Reference Count : 1]<UL><LI> startup_stm32f407xx.o(RESET)
</UL>
<P><STRONG><a name="[3a]"></a>FMC_IRQHandler</STRONG> (Thumb, 0 bytes, Stack size 0 bytes, startup_stm32f407xx.o(.text))
<BR>[Address Reference Count : 1]<UL><LI> startup_stm32f407xx.o(RESET)
</UL>
<P><STRONG><a name="[5a]"></a>FPU_IRQHandler</STRONG> (Thumb, 0 bytes, Stack size 0 bytes, startup_stm32f407xx.o(.text))
<BR>[Address Reference Count : 1]<UL><LI> startup_stm32f407xx.o(RESET)
</UL>
<P><STRONG><a name="[2a]"></a>I2C1_ER_IRQHandler</STRONG> (Thumb, 0 bytes, Stack size 0 bytes, startup_stm32f407xx.o(.text))
<BR>[Address Reference Count : 1]<UL><LI> startup_stm32f407xx.o(RESET)
</UL>
<P><STRONG><a name="[29]"></a>I2C1_EV_IRQHandler</STRONG> (Thumb, 0 bytes, Stack size 0 bytes, startup_stm32f407xx.o(.text))
<BR>[Address Reference Count : 1]<UL><LI> startup_stm32f407xx.o(RESET)
</UL>
<P><STRONG><a name="[2c]"></a>I2C2_ER_IRQHandler</STRONG> (Thumb, 0 bytes, Stack size 0 bytes, startup_stm32f407xx.o(.text))
<BR>[Address Reference Count : 1]<UL><LI> startup_stm32f407xx.o(RESET)
</UL>
<P><STRONG><a name="[2b]"></a>I2C2_EV_IRQHandler</STRONG> (Thumb, 0 bytes, Stack size 0 bytes, startup_stm32f407xx.o(.text))
<BR>[Address Reference Count : 1]<UL><LI> startup_stm32f407xx.o(RESET)
</UL>
<P><STRONG><a name="[53]"></a>I2C3_ER_IRQHandler</STRONG> (Thumb, 0 bytes, Stack size 0 bytes, startup_stm32f407xx.o(.text))
<BR>[Address Reference Count : 1]<UL><LI> startup_stm32f407xx.o(RESET)
</UL>
<P><STRONG><a name="[52]"></a>I2C3_EV_IRQHandler</STRONG> (Thumb, 0 bytes, Stack size 0 bytes, startup_stm32f407xx.o(.text))
<BR>[Address Reference Count : 1]<UL><LI> startup_stm32f407xx.o(RESET)
</UL>
<P><STRONG><a name="[4d]"></a>OTG_FS_IRQHandler</STRONG> (Thumb, 0 bytes, Stack size 0 bytes, startup_stm32f407xx.o(.text))
<BR>[Address Reference Count : 1]<UL><LI> startup_stm32f407xx.o(RESET)
</UL>
<P><STRONG><a name="[34]"></a>OTG_FS_WKUP_IRQHandler</STRONG> (Thumb, 0 bytes, Stack size 0 bytes, startup_stm32f407xx.o(.text))
<BR>[Address Reference Count : 1]<UL><LI> startup_stm32f407xx.o(RESET)
</UL>
<P><STRONG><a name="[55]"></a>OTG_HS_EP1_IN_IRQHandler</STRONG> (Thumb, 0 bytes, Stack size 0 bytes, startup_stm32f407xx.o(.text))
<BR>[Address Reference Count : 1]<UL><LI> startup_stm32f407xx.o(RESET)
</UL>
<P><STRONG><a name="[54]"></a>OTG_HS_EP1_OUT_IRQHandler</STRONG> (Thumb, 0 bytes, Stack size 0 bytes, startup_stm32f407xx.o(.text))
<BR>[Address Reference Count : 1]<UL><LI> startup_stm32f407xx.o(RESET)
</UL>
<P><STRONG><a name="[57]"></a>OTG_HS_IRQHandler</STRONG> (Thumb, 0 bytes, Stack size 0 bytes, startup_stm32f407xx.o(.text))
<BR>[Address Reference Count : 1]<UL><LI> startup_stm32f407xx.o(RESET)
</UL>
<P><STRONG><a name="[56]"></a>OTG_HS_WKUP_IRQHandler</STRONG> (Thumb, 0 bytes, Stack size 0 bytes, startup_stm32f407xx.o(.text))
<BR>[Address Reference Count : 1]<UL><LI> startup_stm32f407xx.o(RESET)
</UL>
<P><STRONG><a name="[33]"></a>RTC_Alarm_IRQHandler</STRONG> (Thumb, 0 bytes, Stack size 0 bytes, startup_stm32f407xx.o(.text))
<BR>[Address Reference Count : 1]<UL><LI> startup_stm32f407xx.o(RESET)
</UL>
<P><STRONG><a name="[d]"></a>RTC_WKUP_IRQHandler</STRONG> (Thumb, 0 bytes, Stack size 0 bytes, startup_stm32f407xx.o(.text))
<BR>[Address Reference Count : 1]<UL><LI> startup_stm32f407xx.o(RESET)
</UL>
<P><STRONG><a name="[3b]"></a>SDIO_IRQHandler</STRONG> (Thumb, 0 bytes, Stack size 0 bytes, startup_stm32f407xx.o(.text))
<BR>[Address Reference Count : 1]<UL><LI> startup_stm32f407xx.o(RESET)
</UL>
<P><STRONG><a name="[2d]"></a>SPI1_IRQHandler</STRONG> (Thumb, 0 bytes, Stack size 0 bytes, startup_stm32f407xx.o(.text))
<BR>[Address Reference Count : 1]<UL><LI> startup_stm32f407xx.o(RESET)
</UL>
<P><STRONG><a name="[2e]"></a>SPI2_IRQHandler</STRONG> (Thumb, 0 bytes, Stack size 0 bytes, startup_stm32f407xx.o(.text))
<BR>[Address Reference Count : 1]<UL><LI> startup_stm32f407xx.o(RESET)
</UL>
<P><STRONG><a name="[3d]"></a>SPI3_IRQHandler</STRONG> (Thumb, 0 bytes, Stack size 0 bytes, startup_stm32f407xx.o(.text))
<BR>[Address Reference Count : 1]<UL><LI> startup_stm32f407xx.o(RESET)
</UL>
<P><STRONG><a name="[c]"></a>TAMP_STAMP_IRQHandler</STRONG> (Thumb, 0 bytes, Stack size 0 bytes, startup_stm32f407xx.o(.text))
<BR>[Address Reference Count : 1]<UL><LI> startup_stm32f407xx.o(RESET)
</UL>
<P><STRONG><a name="[22]"></a>TIM1_BRK_TIM9_IRQHandler</STRONG> (Thumb, 0 bytes, Stack size 0 bytes, startup_stm32f407xx.o(.text))
<BR>[Address Reference Count : 1]<UL><LI> startup_stm32f407xx.o(RESET)
</UL>
<P><STRONG><a name="[25]"></a>TIM1_CC_IRQHandler</STRONG> (Thumb, 0 bytes, Stack size 0 bytes, startup_stm32f407xx.o(.text))
<BR>[Address Reference Count : 1]<UL><LI> startup_stm32f407xx.o(RESET)
</UL>
<P><STRONG><a name="[24]"></a>TIM1_TRG_COM_TIM11_IRQHandler</STRONG> (Thumb, 0 bytes, Stack size 0 bytes, startup_stm32f407xx.o(.text))
<BR>[Address Reference Count : 1]<UL><LI> startup_stm32f407xx.o(RESET)
</UL>
<P><STRONG><a name="[23]"></a>TIM1_UP_TIM10_IRQHandler</STRONG> (Thumb, 0 bytes, Stack size 0 bytes, startup_stm32f407xx.o(.text))
<BR>[Address Reference Count : 1]<UL><LI> startup_stm32f407xx.o(RESET)
</UL>
<P><STRONG><a name="[26]"></a>TIM2_IRQHandler</STRONG> (Thumb, 0 bytes, Stack size 0 bytes, startup_stm32f407xx.o(.text))
<BR>[Address Reference Count : 1]<UL><LI> startup_stm32f407xx.o(RESET)
</UL>
<P><STRONG><a name="[27]"></a>TIM3_IRQHandler</STRONG> (Thumb, 0 bytes, Stack size 0 bytes, startup_stm32f407xx.o(.text))
<BR>[Address Reference Count : 1]<UL><LI> startup_stm32f407xx.o(RESET)
</UL>
<P><STRONG><a name="[28]"></a>TIM4_IRQHandler</STRONG> (Thumb, 0 bytes, Stack size 0 bytes, startup_stm32f407xx.o(.text))
<BR>[Address Reference Count : 1]<UL><LI> startup_stm32f407xx.o(RESET)
</UL>
<P><STRONG><a name="[3c]"></a>TIM5_IRQHandler</STRONG> (Thumb, 0 bytes, Stack size 0 bytes, startup_stm32f407xx.o(.text))
<BR>[Address Reference Count : 1]<UL><LI> startup_stm32f407xx.o(RESET)
</UL>
<P><STRONG><a name="[40]"></a>TIM6_DAC_IRQHandler</STRONG> (Thumb, 0 bytes, Stack size 0 bytes, startup_stm32f407xx.o(.text))
<BR>[Address Reference Count : 1]<UL><LI> startup_stm32f407xx.o(RESET)
</UL>
<P><STRONG><a name="[41]"></a>TIM7_IRQHandler</STRONG> (Thumb, 0 bytes, Stack size 0 bytes, startup_stm32f407xx.o(.text))
<BR>[Address Reference Count : 1]<UL><LI> startup_stm32f407xx.o(RESET)
</UL>
<P><STRONG><a name="[35]"></a>TIM8_BRK_TIM12_IRQHandler</STRONG> (Thumb, 0 bytes, Stack size 0 bytes, startup_stm32f407xx.o(.text))
<BR>[Address Reference Count : 1]<UL><LI> startup_stm32f407xx.o(RESET)
</UL>
<P><STRONG><a name="[38]"></a>TIM8_CC_IRQHandler</STRONG> (Thumb, 0 bytes, Stack size 0 bytes, startup_stm32f407xx.o(.text))
<BR>[Address Reference Count : 1]<UL><LI> startup_stm32f407xx.o(RESET)
</UL>
<P><STRONG><a name="[37]"></a>TIM8_TRG_COM_TIM14_IRQHandler</STRONG> (Thumb, 0 bytes, Stack size 0 bytes, startup_stm32f407xx.o(.text))
<BR>[Address Reference Count : 1]<UL><LI> startup_stm32f407xx.o(RESET)
</UL>
<P><STRONG><a name="[36]"></a>TIM8_UP_TIM13_IRQHandler</STRONG> (Thumb, 0 bytes, Stack size 0 bytes, startup_stm32f407xx.o(.text))
<BR>[Address Reference Count : 1]<UL><LI> startup_stm32f407xx.o(RESET)
</UL>
<P><STRONG><a name="[3e]"></a>UART4_IRQHandler</STRONG> (Thumb, 0 bytes, Stack size 0 bytes, startup_stm32f407xx.o(.text))
<BR>[Address Reference Count : 1]<UL><LI> startup_stm32f407xx.o(RESET)
</UL>
<P><STRONG><a name="[3f]"></a>UART5_IRQHandler</STRONG> (Thumb, 0 bytes, Stack size 0 bytes, startup_stm32f407xx.o(.text))
<BR>[Address Reference Count : 1]<UL><LI> startup_stm32f407xx.o(RESET)
</UL>
<P><STRONG><a name="[30]"></a>USART2_IRQHandler</STRONG> (Thumb, 0 bytes, Stack size 0 bytes, startup_stm32f407xx.o(.text))
<BR>[Address Reference Count : 1]<UL><LI> startup_stm32f407xx.o(RESET)
</UL>
<P><STRONG><a name="[31]"></a>USART3_IRQHandler</STRONG> (Thumb, 0 bytes, Stack size 0 bytes, startup_stm32f407xx.o(.text))
<BR>[Address Reference Count : 1]<UL><LI> startup_stm32f407xx.o(RESET)
</UL>
<P><STRONG><a name="[51]"></a>USART6_IRQHandler</STRONG> (Thumb, 0 bytes, Stack size 0 bytes, startup_stm32f407xx.o(.text))
<BR>[Address Reference Count : 1]<UL><LI> startup_stm32f407xx.o(RESET)
</UL>
<P><STRONG><a name="[6d]"></a>__aeabi_uldivmod</STRONG> (Thumb, 98 bytes, Stack size 40 bytes, uldiv.o(.text))
<BR><BR>[Stack]<UL><LI>Max Depth = 40<LI>Call Chain = __aeabi_uldivmod
</UL>
<BR>[Calls]<UL><LI><a href="#[6e]">&gt;&gt;</a>&nbsp;&nbsp;&nbsp;__aeabi_llsr
<LI><a href="#[6f]">&gt;&gt;</a>&nbsp;&nbsp;&nbsp;__aeabi_llsl
</UL>
<BR>[Called By]<UL><LI><a href="#[15d]">&gt;&gt;</a>&nbsp;&nbsp;&nbsp;LL_USART_SetBaudRate
<LI><a href="#[252]">&gt;&gt;</a>&nbsp;&nbsp;&nbsp;_printf_core
<LI><a href="#[253]">&gt;&gt;</a>&nbsp;&nbsp;&nbsp;_fp_digits
</UL>

<P><STRONG><a name="[71]"></a>__aeabi_memset</STRONG> (Thumb, 14 bytes, Stack size 0 bytes, memseta.o(.text), UNUSED)
<BR><BR>[Called By]<UL><LI><a href="#[72]">&gt;&gt;</a>&nbsp;&nbsp;&nbsp;_memset$wrapper
<LI><a href="#[70]">&gt;&gt;</a>&nbsp;&nbsp;&nbsp;__aeabi_memclr
</UL>

<P><STRONG><a name="[25e]"></a>__aeabi_memset4</STRONG> (Thumb, 0 bytes, Stack size 0 bytes, memseta.o(.text), UNUSED)

<P><STRONG><a name="[25f]"></a>__aeabi_memset8</STRONG> (Thumb, 0 bytes, Stack size 0 bytes, memseta.o(.text), UNUSED)

<P><STRONG><a name="[70]"></a>__aeabi_memclr</STRONG> (Thumb, 4 bytes, Stack size 0 bytes, memseta.o(.text), UNUSED)
<BR><BR>[Calls]<UL><LI><a href="#[71]">&gt;&gt;</a>&nbsp;&nbsp;&nbsp;__aeabi_memset
</UL>

<P><STRONG><a name="[122]"></a>__aeabi_memclr4</STRONG> (Thumb, 0 bytes, Stack size 0 bytes, memseta.o(.text))
<BR><BR>[Called By]<UL><LI><a href="#[120]">&gt;&gt;</a>&nbsp;&nbsp;&nbsp;ISP_HW_Init
</UL>

<P><STRONG><a name="[260]"></a>__aeabi_memclr8</STRONG> (Thumb, 0 bytes, Stack size 0 bytes, memseta.o(.text), UNUSED)

<P><STRONG><a name="[72]"></a>_memset$wrapper</STRONG> (Thumb, 18 bytes, Stack size 8 bytes, memseta.o(.text), UNUSED)
<BR><BR>[Calls]<UL><LI><a href="#[71]">&gt;&gt;</a>&nbsp;&nbsp;&nbsp;__aeabi_memset
</UL>

<P><STRONG><a name="[73]"></a>__aeabi_dadd</STRONG> (Thumb, 322 bytes, Stack size 48 bytes, dadd.o(.text), UNUSED)
<BR><BR>[Calls]<UL><LI><a href="#[74]">&gt;&gt;</a>&nbsp;&nbsp;&nbsp;__aeabi_lasr
<LI><a href="#[6f]">&gt;&gt;</a>&nbsp;&nbsp;&nbsp;__aeabi_llsl
<LI><a href="#[76]">&gt;&gt;</a>&nbsp;&nbsp;&nbsp;_double_round
<LI><a href="#[75]">&gt;&gt;</a>&nbsp;&nbsp;&nbsp;_double_epilogue
</UL>
<BR>[Called By]<UL><LI><a href="#[77]">&gt;&gt;</a>&nbsp;&nbsp;&nbsp;__aeabi_dsub
<LI><a href="#[253]">&gt;&gt;</a>&nbsp;&nbsp;&nbsp;_fp_digits
<LI><a href="#[78]">&gt;&gt;</a>&nbsp;&nbsp;&nbsp;__aeabi_drsub
</UL>

<P><STRONG><a name="[77]"></a>__aeabi_dsub</STRONG> (Thumb, 6 bytes, Stack size 0 bytes, dadd.o(.text), UNUSED)
<BR><BR>[Calls]<UL><LI><a href="#[73]">&gt;&gt;</a>&nbsp;&nbsp;&nbsp;__aeabi_dadd
</UL>

<P><STRONG><a name="[78]"></a>__aeabi_drsub</STRONG> (Thumb, 6 bytes, Stack size 0 bytes, dadd.o(.text), UNUSED)
<BR><BR>[Calls]<UL><LI><a href="#[73]">&gt;&gt;</a>&nbsp;&nbsp;&nbsp;__aeabi_dadd
</UL>

<P><STRONG><a name="[79]"></a>__aeabi_dmul</STRONG> (Thumb, 228 bytes, Stack size 48 bytes, dmul.o(.text), UNUSED)
<BR><BR>[Calls]<UL><LI><a href="#[75]">&gt;&gt;</a>&nbsp;&nbsp;&nbsp;_double_epilogue
</UL>
<BR>[Called By]<UL><LI><a href="#[253]">&gt;&gt;</a>&nbsp;&nbsp;&nbsp;_fp_digits
</UL>

<P><STRONG><a name="[7a]"></a>__aeabi_ddiv</STRONG> (Thumb, 222 bytes, Stack size 32 bytes, ddiv.o(.text), UNUSED)
<BR><BR>[Calls]<UL><LI><a href="#[76]">&gt;&gt;</a>&nbsp;&nbsp;&nbsp;_double_round
</UL>
<BR>[Called By]<UL><LI><a href="#[253]">&gt;&gt;</a>&nbsp;&nbsp;&nbsp;_fp_digits
</UL>

<P><STRONG><a name="[261]"></a>__aeabi_uidiv</STRONG> (Thumb, 0 bytes, Stack size 12 bytes, uidiv.o(.text), UNUSED)

<P><STRONG><a name="[257]"></a>__aeabi_uidivmod</STRONG> (Thumb, 44 bytes, Stack size 12 bytes, uidiv.o(.text), UNUSED)
<BR><BR>[Called By]<UL><LI><a href="#[252]">&gt;&gt;</a>&nbsp;&nbsp;&nbsp;_printf_core
</UL>

<P><STRONG><a name="[6f]"></a>__aeabi_llsl</STRONG> (Thumb, 30 bytes, Stack size 0 bytes, llshl.o(.text))
<BR><BR>[Called By]<UL><LI><a href="#[73]">&gt;&gt;</a>&nbsp;&nbsp;&nbsp;__aeabi_dadd
<LI><a href="#[75]">&gt;&gt;</a>&nbsp;&nbsp;&nbsp;_double_epilogue
<LI><a href="#[7b]">&gt;&gt;</a>&nbsp;&nbsp;&nbsp;__aeabi_d2ulz
<LI><a href="#[6d]">&gt;&gt;</a>&nbsp;&nbsp;&nbsp;__aeabi_uldivmod
</UL>

<P><STRONG><a name="[262]"></a>_ll_shift_l</STRONG> (Thumb, 0 bytes, Stack size 0 bytes, llshl.o(.text), UNUSED)

<P><STRONG><a name="[6e]"></a>__aeabi_llsr</STRONG> (Thumb, 32 bytes, Stack size 0 bytes, llushr.o(.text))
<BR><BR>[Called By]<UL><LI><a href="#[75]">&gt;&gt;</a>&nbsp;&nbsp;&nbsp;_double_epilogue
<LI><a href="#[7b]">&gt;&gt;</a>&nbsp;&nbsp;&nbsp;__aeabi_d2ulz
<LI><a href="#[6d]">&gt;&gt;</a>&nbsp;&nbsp;&nbsp;__aeabi_uldivmod
</UL>

<P><STRONG><a name="[263]"></a>_ll_ushift_r</STRONG> (Thumb, 0 bytes, Stack size 0 bytes, llushr.o(.text), UNUSED)

<P><STRONG><a name="[74]"></a>__aeabi_lasr</STRONG> (Thumb, 36 bytes, Stack size 0 bytes, llsshr.o(.text), UNUSED)
<BR><BR>[Called By]<UL><LI><a href="#[73]">&gt;&gt;</a>&nbsp;&nbsp;&nbsp;__aeabi_dadd
</UL>

<P><STRONG><a name="[264]"></a>_ll_sshift_r</STRONG> (Thumb, 0 bytes, Stack size 0 bytes, llsshr.o(.text), UNUSED)

<P><STRONG><a name="[265]"></a>__I$use$fp</STRONG> (Thumb, 0 bytes, Stack size 8 bytes, iusefp.o(.text), UNUSED)

<P><STRONG><a name="[76]"></a>_double_round</STRONG> (Thumb, 30 bytes, Stack size 8 bytes, depilogue.o(.text), UNUSED)
<BR><BR>[Called By]<UL><LI><a href="#[7a]">&gt;&gt;</a>&nbsp;&nbsp;&nbsp;__aeabi_ddiv
<LI><a href="#[73]">&gt;&gt;</a>&nbsp;&nbsp;&nbsp;__aeabi_dadd
<LI><a href="#[75]">&gt;&gt;</a>&nbsp;&nbsp;&nbsp;_double_epilogue
</UL>

<P><STRONG><a name="[75]"></a>_double_epilogue</STRONG> (Thumb, 156 bytes, Stack size 32 bytes, depilogue.o(.text), UNUSED)
<BR><BR>[Calls]<UL><LI><a href="#[6e]">&gt;&gt;</a>&nbsp;&nbsp;&nbsp;__aeabi_llsr
<LI><a href="#[6f]">&gt;&gt;</a>&nbsp;&nbsp;&nbsp;__aeabi_llsl
<LI><a href="#[76]">&gt;&gt;</a>&nbsp;&nbsp;&nbsp;_double_round
</UL>
<BR>[Called By]<UL><LI><a href="#[73]">&gt;&gt;</a>&nbsp;&nbsp;&nbsp;__aeabi_dadd
<LI><a href="#[79]">&gt;&gt;</a>&nbsp;&nbsp;&nbsp;__aeabi_dmul
</UL>

<P><STRONG><a name="[7b]"></a>__aeabi_d2ulz</STRONG> (Thumb, 48 bytes, Stack size 0 bytes, dfixul.o(.text), UNUSED)
<BR><BR>[Calls]<UL><LI><a href="#[6e]">&gt;&gt;</a>&nbsp;&nbsp;&nbsp;__aeabi_llsr
<LI><a href="#[6f]">&gt;&gt;</a>&nbsp;&nbsp;&nbsp;__aeabi_llsl
</UL>
<BR>[Called By]<UL><LI><a href="#[253]">&gt;&gt;</a>&nbsp;&nbsp;&nbsp;_fp_digits
</UL>

<P><STRONG><a name="[254]"></a>__aeabi_cdrcmple</STRONG> (Thumb, 48 bytes, Stack size 0 bytes, cdrcmple.o(.text), UNUSED)
<BR><BR>[Called By]<UL><LI><a href="#[253]">&gt;&gt;</a>&nbsp;&nbsp;&nbsp;_fp_digits
</UL>

<P><STRONG><a name="[6c]"></a>__scatterload</STRONG> (Thumb, 28 bytes, Stack size 0 bytes, init.o(.text))
<BR><BR>[Calls]<UL><LI><a href="#[7c]">&gt;&gt;</a>&nbsp;&nbsp;&nbsp;__main_after_scatterload
</UL>
<BR>[Called By]<UL><LI><a href="#[6b]">&gt;&gt;</a>&nbsp;&nbsp;&nbsp;_main_scatterload
</UL>

<P><STRONG><a name="[266]"></a>__scatterload_rt2</STRONG> (Thumb, 0 bytes, Stack size 0 bytes, init.o(.text), UNUSED)

<P><STRONG><a name="[4]"></a>BusFault_Handler</STRONG> (Thumb, 4 bytes, Stack size 0 bytes, stm32f4xx_it.o(.text.BusFault_Handler))
<BR>[Address Reference Count : 1]<UL><LI> startup_stm32f407xx.o(RESET)
</UL>
<P><STRONG><a name="[7d]"></a>CRCLib_CRC16</STRONG> (Thumb, 20 bytes, Stack size 16 bytes, crc_lib.o(.text.CRCLib_CRC16))
<BR><BR>[Stack]<UL><LI>Max Depth = 32<LI>Call Chain = CRCLib_CRC16 &rArr; CRC_CRC16_Table
</UL>
<BR>[Calls]<UL><LI><a href="#[7e]">&gt;&gt;</a>&nbsp;&nbsp;&nbsp;CRC_CRC16_Table
</UL>
<BR>[Called By]<UL><LI><a href="#[89]">&gt;&gt;</a>&nbsp;&nbsp;&nbsp;CRCTask_CRC16
</UL>

<P><STRONG><a name="[7f]"></a>CRCLib_CRC32</STRONG> (Thumb, 20 bytes, Stack size 16 bytes, crc_lib.o(.text.CRCLib_CRC32))
<BR><BR>[Stack]<UL><LI>Max Depth = 76<LI>Call Chain = CRCLib_CRC32 &rArr; CRC_CRC32_CRC &rArr; CRC_CRC32_HWCRC &rArr; CRC_CRC32_HWReSet &rArr; LL_CRC_ResetCRCCalculationUnit
</UL>
<BR>[Calls]<UL><LI><a href="#[80]">&gt;&gt;</a>&nbsp;&nbsp;&nbsp;CRC_CRC32_CRC
</UL>
<BR>[Called By]<UL><LI><a href="#[8a]">&gt;&gt;</a>&nbsp;&nbsp;&nbsp;CRCTask_CRC32
</UL>

<P><STRONG><a name="[81]"></a>CRCLib_CRC8</STRONG> (Thumb, 32 bytes, Stack size 24 bytes, crc_lib.o(.text.CRCLib_CRC8))
<BR><BR>[Stack]<UL><LI>Max Depth = 48<LI>Call Chain = CRCLib_CRC8 &rArr; CRC_CRC8_Table
</UL>
<BR>[Calls]<UL><LI><a href="#[82]">&gt;&gt;</a>&nbsp;&nbsp;&nbsp;CRC_CRC8_Table
</UL>
<BR>[Called By]<UL><LI><a href="#[8b]">&gt;&gt;</a>&nbsp;&nbsp;&nbsp;CRCTask_CRC8
</UL>

<P><STRONG><a name="[83]"></a>CRCLib_CheckSum</STRONG> (Thumb, 20 bytes, Stack size 16 bytes, crc_lib.o(.text.CRCLib_CheckSum))
<BR><BR>[Stack]<UL><LI>Max Depth = 32<LI>Call Chain = CRCLib_CheckSum &rArr; CRC_CheckSum
</UL>
<BR>[Calls]<UL><LI><a href="#[84]">&gt;&gt;</a>&nbsp;&nbsp;&nbsp;CRC_CheckSum
</UL>
<BR>[Called By]<UL><LI><a href="#[8c]">&gt;&gt;</a>&nbsp;&nbsp;&nbsp;CRCTask_CheckSum
</UL>

<P><STRONG><a name="[85]"></a>CRCLib_Enable</STRONG> (Thumb, 8 bytes, Stack size 8 bytes, crc_lib.o(.text.CRCLib_Enable))
<BR><BR>[Stack]<UL><LI>Max Depth = 8<LI>Call Chain = CRCLib_Enable
</UL>
<BR>[Calls]<UL><LI><a href="#[86]">&gt;&gt;</a>&nbsp;&nbsp;&nbsp;CRC_Enable
</UL>
<BR>[Called By]<UL><LI><a href="#[8d]">&gt;&gt;</a>&nbsp;&nbsp;&nbsp;CRCTask_Enable
</UL>

<P><STRONG><a name="[87]"></a>CRCLib_Init</STRONG> (Thumb, 8 bytes, Stack size 8 bytes, crc_lib.o(.text.CRCLib_Init))
<BR><BR>[Stack]<UL><LI>Max Depth = 52<LI>Call Chain = CRCLib_Init &rArr; CRC_Init &rArr; CRC_DeInit &rArr; LL_CRC_DeInit &rArr; LL_AHB1_GRP1_ReleaseReset
</UL>
<BR>[Calls]<UL><LI><a href="#[88]">&gt;&gt;</a>&nbsp;&nbsp;&nbsp;CRC_Init
</UL>
<BR>[Called By]<UL><LI><a href="#[8e]">&gt;&gt;</a>&nbsp;&nbsp;&nbsp;CRCTask_Init
</UL>

<P><STRONG><a name="[89]"></a>CRCTask_CRC16</STRONG> (Thumb, 20 bytes, Stack size 16 bytes, crc_task.o(.text.CRCTask_CRC16))
<BR><BR>[Stack]<UL><LI>Max Depth = 48<LI>Call Chain = CRCTask_CRC16 &rArr; CRCLib_CRC16 &rArr; CRC_CRC16_Table
</UL>
<BR>[Calls]<UL><LI><a href="#[7d]">&gt;&gt;</a>&nbsp;&nbsp;&nbsp;CRCLib_CRC16
</UL>
<BR>[Called By]<UL><LI><a href="#[217]">&gt;&gt;</a>&nbsp;&nbsp;&nbsp;USART_CRCTask_Write
<LI><a href="#[1ff]">&gt;&gt;</a>&nbsp;&nbsp;&nbsp;USART_CRCTask_Read
</UL>

<P><STRONG><a name="[8a]"></a>CRCTask_CRC32</STRONG> (Thumb, 20 bytes, Stack size 16 bytes, crc_task.o(.text.CRCTask_CRC32))
<BR><BR>[Stack]<UL><LI>Max Depth = 92<LI>Call Chain = CRCTask_CRC32 &rArr; CRCLib_CRC32 &rArr; CRC_CRC32_CRC &rArr; CRC_CRC32_HWCRC &rArr; CRC_CRC32_HWReSet &rArr; LL_CRC_ResetCRCCalculationUnit
</UL>
<BR>[Calls]<UL><LI><a href="#[7f]">&gt;&gt;</a>&nbsp;&nbsp;&nbsp;CRCLib_CRC32
</UL>
<BR>[Called By]<UL><LI><a href="#[217]">&gt;&gt;</a>&nbsp;&nbsp;&nbsp;USART_CRCTask_Write
<LI><a href="#[1ff]">&gt;&gt;</a>&nbsp;&nbsp;&nbsp;USART_CRCTask_Read
</UL>

<P><STRONG><a name="[8b]"></a>CRCTask_CRC8</STRONG> (Thumb, 32 bytes, Stack size 24 bytes, crc_task.o(.text.CRCTask_CRC8))
<BR><BR>[Stack]<UL><LI>Max Depth = 72<LI>Call Chain = CRCTask_CRC8 &rArr; CRCLib_CRC8 &rArr; CRC_CRC8_Table
</UL>
<BR>[Calls]<UL><LI><a href="#[81]">&gt;&gt;</a>&nbsp;&nbsp;&nbsp;CRCLib_CRC8
</UL>
<BR>[Called By]<UL><LI><a href="#[217]">&gt;&gt;</a>&nbsp;&nbsp;&nbsp;USART_CRCTask_Write
<LI><a href="#[1ff]">&gt;&gt;</a>&nbsp;&nbsp;&nbsp;USART_CRCTask_Read
</UL>

<P><STRONG><a name="[8c]"></a>CRCTask_CheckSum</STRONG> (Thumb, 20 bytes, Stack size 16 bytes, crc_task.o(.text.CRCTask_CheckSum))
<BR><BR>[Stack]<UL><LI>Max Depth = 48<LI>Call Chain = CRCTask_CheckSum &rArr; CRCLib_CheckSum &rArr; CRC_CheckSum
</UL>
<BR>[Calls]<UL><LI><a href="#[83]">&gt;&gt;</a>&nbsp;&nbsp;&nbsp;CRCLib_CheckSum
</UL>
<BR>[Called By]<UL><LI><a href="#[217]">&gt;&gt;</a>&nbsp;&nbsp;&nbsp;USART_CRCTask_Write
<LI><a href="#[1ff]">&gt;&gt;</a>&nbsp;&nbsp;&nbsp;USART_CRCTask_Read
</UL>

<P><STRONG><a name="[8d]"></a>CRCTask_Enable</STRONG> (Thumb, 8 bytes, Stack size 8 bytes, crc_task.o(.text.CRCTask_Enable))
<BR><BR>[Stack]<UL><LI>Max Depth = 16<LI>Call Chain = CRCTask_Enable &rArr; CRCLib_Enable
</UL>
<BR>[Calls]<UL><LI><a href="#[85]">&gt;&gt;</a>&nbsp;&nbsp;&nbsp;CRCLib_Enable
</UL>
<BR>[Called By]<UL><LI><a href="#[20e]">&gt;&gt;</a>&nbsp;&nbsp;&nbsp;USARTLib_Init
<LI><a href="#[217]">&gt;&gt;</a>&nbsp;&nbsp;&nbsp;USART_CRCTask_Write
<LI><a href="#[1ff]">&gt;&gt;</a>&nbsp;&nbsp;&nbsp;USART_CRCTask_Read
</UL>

<P><STRONG><a name="[8e]"></a>CRCTask_Init</STRONG> (Thumb, 8 bytes, Stack size 8 bytes, crc_task.o(.text.CRCTask_Init))
<BR><BR>[Stack]<UL><LI>Max Depth = 60<LI>Call Chain = CRCTask_Init &rArr; CRCLib_Init &rArr; CRC_Init &rArr; CRC_DeInit &rArr; LL_CRC_DeInit &rArr; LL_AHB1_GRP1_ReleaseReset
</UL>
<BR>[Calls]<UL><LI><a href="#[87]">&gt;&gt;</a>&nbsp;&nbsp;&nbsp;CRCLib_Init
</UL>
<BR>[Called By]<UL><LI><a href="#[1d4]">&gt;&gt;</a>&nbsp;&nbsp;&nbsp;Sys_Init
</UL>

<P><STRONG><a name="[7e]"></a>CRC_CRC16_Table</STRONG> (Thumb, 88 bytes, Stack size 16 bytes, crc_cfg.o(.text.CRC_CRC16_Table))
<BR><BR>[Stack]<UL><LI>Max Depth = 16<LI>Call Chain = CRC_CRC16_Table
</UL>
<BR>[Called By]<UL><LI><a href="#[7d]">&gt;&gt;</a>&nbsp;&nbsp;&nbsp;CRCLib_CRC16
</UL>

<P><STRONG><a name="[80]"></a>CRC_CRC32_CRC</STRONG> (Thumb, 20 bytes, Stack size 16 bytes, crc_cfg.o(.text.CRC_CRC32_CRC))
<BR><BR>[Stack]<UL><LI>Max Depth = 60<LI>Call Chain = CRC_CRC32_CRC &rArr; CRC_CRC32_HWCRC &rArr; CRC_CRC32_HWReSet &rArr; LL_CRC_ResetCRCCalculationUnit
</UL>
<BR>[Calls]<UL><LI><a href="#[8f]">&gt;&gt;</a>&nbsp;&nbsp;&nbsp;CRC_CRC32_HWCRC
</UL>
<BR>[Called By]<UL><LI><a href="#[7f]">&gt;&gt;</a>&nbsp;&nbsp;&nbsp;CRCLib_CRC32
</UL>

<P><STRONG><a name="[8f]"></a>CRC_CRC32_HWCRC</STRONG> (Thumb, 84 bytes, Stack size 32 bytes, crc_cfg.o(.text.CRC_CRC32_HWCRC))
<BR><BR>[Stack]<UL><LI>Max Depth = 44<LI>Call Chain = CRC_CRC32_HWCRC &rArr; CRC_CRC32_HWReSet &rArr; LL_CRC_ResetCRCCalculationUnit
</UL>
<BR>[Calls]<UL><LI><a href="#[90]">&gt;&gt;</a>&nbsp;&nbsp;&nbsp;CRC_CRC32_HWReSet
<LI><a href="#[92]">&gt;&gt;</a>&nbsp;&nbsp;&nbsp;LL_CRC_ReadData32
<LI><a href="#[91]">&gt;&gt;</a>&nbsp;&nbsp;&nbsp;LL_CRC_FeedData32
</UL>
<BR>[Called By]<UL><LI><a href="#[80]">&gt;&gt;</a>&nbsp;&nbsp;&nbsp;CRC_CRC32_CRC
</UL>

<P><STRONG><a name="[90]"></a>CRC_CRC32_HWReSet</STRONG> (Thumb, 16 bytes, Stack size 8 bytes, crc_cfg.o(.text.CRC_CRC32_HWReSet))
<BR><BR>[Stack]<UL><LI>Max Depth = 12<LI>Call Chain = CRC_CRC32_HWReSet &rArr; LL_CRC_ResetCRCCalculationUnit
</UL>
<BR>[Calls]<UL><LI><a href="#[93]">&gt;&gt;</a>&nbsp;&nbsp;&nbsp;LL_CRC_ResetCRCCalculationUnit
</UL>
<BR>[Called By]<UL><LI><a href="#[8f]">&gt;&gt;</a>&nbsp;&nbsp;&nbsp;CRC_CRC32_HWCRC
</UL>

<P><STRONG><a name="[82]"></a>CRC_CRC8_Table</STRONG> (Thumb, 130 bytes, Stack size 24 bytes, crc_cfg.o(.text.CRC_CRC8_Table))
<BR><BR>[Stack]<UL><LI>Max Depth = 24<LI>Call Chain = CRC_CRC8_Table
</UL>
<BR>[Called By]<UL><LI><a href="#[81]">&gt;&gt;</a>&nbsp;&nbsp;&nbsp;CRCLib_CRC8
</UL>

<P><STRONG><a name="[84]"></a>CRC_CheckSum</STRONG> (Thumb, 74 bytes, Stack size 16 bytes, crc_cfg.o(.text.CRC_CheckSum))
<BR><BR>[Stack]<UL><LI>Max Depth = 16<LI>Call Chain = CRC_CheckSum
</UL>
<BR>[Called By]<UL><LI><a href="#[83]">&gt;&gt;</a>&nbsp;&nbsp;&nbsp;CRCLib_CheckSum
</UL>

<P><STRONG><a name="[94]"></a>CRC_DeInit</STRONG> (Thumb, 28 bytes, Stack size 8 bytes, crc_cfg.o(.text.CRC_DeInit))
<BR><BR>[Stack]<UL><LI>Max Depth = 36<LI>Call Chain = CRC_DeInit &rArr; LL_CRC_DeInit &rArr; LL_AHB1_GRP1_ReleaseReset
</UL>
<BR>[Calls]<UL><LI><a href="#[95]">&gt;&gt;</a>&nbsp;&nbsp;&nbsp;LL_CRC_DeInit
</UL>
<BR>[Called By]<UL><LI><a href="#[88]">&gt;&gt;</a>&nbsp;&nbsp;&nbsp;CRC_Init
</UL>

<P><STRONG><a name="[86]"></a>CRC_Enable</STRONG> (Thumb, 12 bytes, Stack size 0 bytes, crc_cfg.o(.text.CRC_Enable))
<BR><BR>[Called By]<UL><LI><a href="#[85]">&gt;&gt;</a>&nbsp;&nbsp;&nbsp;CRCLib_Enable
</UL>

<P><STRONG><a name="[88]"></a>CRC_Init</STRONG> (Thumb, 28 bytes, Stack size 8 bytes, crc_cfg.o(.text.CRC_Init))
<BR><BR>[Stack]<UL><LI>Max Depth = 44<LI>Call Chain = CRC_Init &rArr; CRC_DeInit &rArr; LL_CRC_DeInit &rArr; LL_AHB1_GRP1_ReleaseReset
</UL>
<BR>[Calls]<UL><LI><a href="#[94]">&gt;&gt;</a>&nbsp;&nbsp;&nbsp;CRC_DeInit
<LI><a href="#[96]">&gt;&gt;</a>&nbsp;&nbsp;&nbsp;LL_AHB1_GRP1_EnableClock
</UL>
<BR>[Called By]<UL><LI><a href="#[87]">&gt;&gt;</a>&nbsp;&nbsp;&nbsp;CRCLib_Init
</UL>

<P><STRONG><a name="[115]"></a>CompareFun5</STRONG> (Thumb, 94 bytes, Stack size 16 bytes, complier_lib.o(.text.CompareFun5))
<BR><BR>[Stack]<UL><LI>Max Depth = 16<LI>Call Chain = CompareFun5
</UL>
<BR>[Called By]<UL><LI><a href="#[c2]">&gt;&gt;</a>&nbsp;&nbsp;&nbsp;ISP_CheckChipFlashEmpty
<LI><a href="#[bf]">&gt;&gt;</a>&nbsp;&nbsp;&nbsp;ISP_CheckChipEepromEmpty
</UL>

<P><STRONG><a name="[97]"></a>DACLib_ChannelMV</STRONG> (Thumb, 28 bytes, Stack size 24 bytes, dac_lib.o(.text.DACLib_ChannelMV))
<BR><BR>[Stack]<UL><LI>Max Depth = 88<LI>Call Chain = DACLib_ChannelMV &rArr; DAC_ChannelMV &rArr; DAC_ChannelUV &rArr; LL_DAC_ConvertData12RightAligned
</UL>
<BR>[Calls]<UL><LI><a href="#[98]">&gt;&gt;</a>&nbsp;&nbsp;&nbsp;DAC_ChannelMV
</UL>
<BR>[Called By]<UL><LI><a href="#[9b]">&gt;&gt;</a>&nbsp;&nbsp;&nbsp;DACTask_ChannelMV
</UL>

<P><STRONG><a name="[99]"></a>DACLib_Init</STRONG> (Thumb, 36 bytes, Stack size 24 bytes, dac_lib.o(.text.DACLib_Init))
<BR><BR>[Stack]<UL><LI>Max Depth = 176<LI>Call Chain = DACLib_Init &rArr; DAC_Init &rArr; DAC_GPIO_Init &rArr; GPIOTask_Clock &rArr; GPIOLib_Clock &rArr; GPIO_Clock &rArr; LL_AHB1_GRP1_EnableClock
</UL>
<BR>[Calls]<UL><LI><a href="#[9a]">&gt;&gt;</a>&nbsp;&nbsp;&nbsp;DAC_Init
</UL>
<BR>[Called By]<UL><LI><a href="#[9c]">&gt;&gt;</a>&nbsp;&nbsp;&nbsp;DACTask_Init
</UL>

<P><STRONG><a name="[9b]"></a>DACTask_ChannelMV</STRONG> (Thumb, 28 bytes, Stack size 24 bytes, dac_task.o(.text.DACTask_ChannelMV))
<BR><BR>[Stack]<UL><LI>Max Depth = 112<LI>Call Chain = DACTask_ChannelMV &rArr; DACLib_ChannelMV &rArr; DAC_ChannelMV &rArr; DAC_ChannelUV &rArr; LL_DAC_ConvertData12RightAligned
</UL>
<BR>[Calls]<UL><LI><a href="#[97]">&gt;&gt;</a>&nbsp;&nbsp;&nbsp;DACLib_ChannelMV
</UL>
<BR>[Called By]<UL><LI><a href="#[162]">&gt;&gt;</a>&nbsp;&nbsp;&nbsp;LM317_PowerMV
</UL>

<P><STRONG><a name="[9c]"></a>DACTask_Init</STRONG> (Thumb, 36 bytes, Stack size 24 bytes, dac_task.o(.text.DACTask_Init))
<BR><BR>[Stack]<UL><LI>Max Depth = 200<LI>Call Chain = DACTask_Init &rArr; DACLib_Init &rArr; DAC_Init &rArr; DAC_GPIO_Init &rArr; GPIOTask_Clock &rArr; GPIOLib_Clock &rArr; GPIO_Clock &rArr; LL_AHB1_GRP1_EnableClock
</UL>
<BR>[Calls]<UL><LI><a href="#[99]">&gt;&gt;</a>&nbsp;&nbsp;&nbsp;DACLib_Init
</UL>
<BR>[Called By]<UL><LI><a href="#[1d4]">&gt;&gt;</a>&nbsp;&nbsp;&nbsp;Sys_Init
</UL>

<P><STRONG><a name="[98]"></a>DAC_ChannelMV</STRONG> (Thumb, 34 bytes, Stack size 24 bytes, dac_cfg.o(.text.DAC_ChannelMV))
<BR><BR>[Stack]<UL><LI>Max Depth = 64<LI>Call Chain = DAC_ChannelMV &rArr; DAC_ChannelUV &rArr; LL_DAC_ConvertData12RightAligned
</UL>
<BR>[Calls]<UL><LI><a href="#[9d]">&gt;&gt;</a>&nbsp;&nbsp;&nbsp;DAC_ChannelUV
</UL>
<BR>[Called By]<UL><LI><a href="#[97]">&gt;&gt;</a>&nbsp;&nbsp;&nbsp;DACLib_ChannelMV
</UL>

<P><STRONG><a name="[9d]"></a>DAC_ChannelUV</STRONG> (Thumb, 192 bytes, Stack size 24 bytes, dac_cfg.o(.text.DAC_ChannelUV))
<BR><BR>[Stack]<UL><LI>Max Depth = 40<LI>Call Chain = DAC_ChannelUV &rArr; LL_DAC_ConvertData12RightAligned
</UL>
<BR>[Calls]<UL><LI><a href="#[9e]">&gt;&gt;</a>&nbsp;&nbsp;&nbsp;LL_DAC_ConvertData12RightAligned
</UL>
<BR>[Called By]<UL><LI><a href="#[98]">&gt;&gt;</a>&nbsp;&nbsp;&nbsp;DAC_ChannelMV
</UL>

<P><STRONG><a name="[9f]"></a>DAC_Channel_Init</STRONG> (Thumb, 138 bytes, Stack size 48 bytes, dac_cfg.o(.text.DAC_Channel_Init))
<BR><BR>[Stack]<UL><LI>Max Depth = 80<LI>Call Chain = DAC_Channel_Init &rArr; LL_DAC_Init &rArr; LL_DAC_IsEnabled
</UL>
<BR>[Calls]<UL><LI><a href="#[a0]">&gt;&gt;</a>&nbsp;&nbsp;&nbsp;LL_DAC_Init
<LI><a href="#[a1]">&gt;&gt;</a>&nbsp;&nbsp;&nbsp;LL_DAC_Enable
<LI><a href="#[9e]">&gt;&gt;</a>&nbsp;&nbsp;&nbsp;LL_DAC_ConvertData12RightAligned
</UL>
<BR>[Called By]<UL><LI><a href="#[9a]">&gt;&gt;</a>&nbsp;&nbsp;&nbsp;DAC_Init
</UL>

<P><STRONG><a name="[a2]"></a>DAC_Clock</STRONG> (Thumb, 46 bytes, Stack size 16 bytes, dac_cfg.o(.text.DAC_Clock))
<BR><BR>[Stack]<UL><LI>Max Depth = 24<LI>Call Chain = DAC_Clock &rArr; LL_APB1_GRP1_EnableClock
</UL>
<BR>[Calls]<UL><LI><a href="#[a3]">&gt;&gt;</a>&nbsp;&nbsp;&nbsp;LL_APB1_GRP1_EnableClock
<LI><a href="#[a4]">&gt;&gt;</a>&nbsp;&nbsp;&nbsp;LL_APB1_GRP1_DisableClock
</UL>
<BR>[Called By]<UL><LI><a href="#[9a]">&gt;&gt;</a>&nbsp;&nbsp;&nbsp;DAC_Init
</UL>

<P><STRONG><a name="[a5]"></a>DAC_GPIO_Init</STRONG> (Thumb, 110 bytes, Stack size 48 bytes, dac_cfg.o(.text.DAC_GPIO_Init))
<BR><BR>[Stack]<UL><LI>Max Depth = 120<LI>Call Chain = DAC_GPIO_Init &rArr; GPIOTask_Clock &rArr; GPIOLib_Clock &rArr; GPIO_Clock &rArr; LL_AHB1_GRP1_EnableClock
</UL>
<BR>[Calls]<UL><LI><a href="#[a7]">&gt;&gt;</a>&nbsp;&nbsp;&nbsp;LL_GPIO_Init
<LI><a href="#[a6]">&gt;&gt;</a>&nbsp;&nbsp;&nbsp;GPIOTask_Clock
</UL>
<BR>[Called By]<UL><LI><a href="#[9a]">&gt;&gt;</a>&nbsp;&nbsp;&nbsp;DAC_Init
</UL>

<P><STRONG><a name="[9a]"></a>DAC_Init</STRONG> (Thumb, 94 bytes, Stack size 32 bytes, dac_cfg.o(.text.DAC_Init))
<BR><BR>[Stack]<UL><LI>Max Depth = 152<LI>Call Chain = DAC_Init &rArr; DAC_GPIO_Init &rArr; GPIOTask_Clock &rArr; GPIOLib_Clock &rArr; GPIO_Clock &rArr; LL_AHB1_GRP1_EnableClock
</UL>
<BR>[Calls]<UL><LI><a href="#[a5]">&gt;&gt;</a>&nbsp;&nbsp;&nbsp;DAC_GPIO_Init
<LI><a href="#[a2]">&gt;&gt;</a>&nbsp;&nbsp;&nbsp;DAC_Clock
<LI><a href="#[9f]">&gt;&gt;</a>&nbsp;&nbsp;&nbsp;DAC_Channel_Init
</UL>
<BR>[Called By]<UL><LI><a href="#[99]">&gt;&gt;</a>&nbsp;&nbsp;&nbsp;DACLib_Init
</UL>

<P><STRONG><a name="[7]"></a>DebugMon_Handler</STRONG> (Thumb, 2 bytes, Stack size 0 bytes, stm32f4xx_it.o(.text.DebugMon_Handler))
<BR>[Address Reference Count : 1]<UL><LI> startup_stm32f407xx.o(RESET)
</UL>
<P><STRONG><a name="[a8]"></a>DelayLib_ms</STRONG> (Thumb, 16 bytes, Stack size 16 bytes, delay_lib.o(.text.DelayLib_ms))
<BR><BR>[Stack]<UL><LI>Max Depth = 128<LI>Call Chain = DelayLib_ms &rArr; Delay_ms &rArr; DelayN_ms &rArr; DelayN_us &rArr;  Delay_ms (Cycle)
</UL>
<BR>[Calls]<UL><LI><a href="#[a9]">&gt;&gt;</a>&nbsp;&nbsp;&nbsp;Delay_ms
</UL>
<BR>[Called By]<UL><LI><a href="#[61]">&gt;&gt;</a>&nbsp;&nbsp;&nbsp;DelayTask_ms
</UL>

<P><STRONG><a name="[aa]"></a>DelayNLib_us</STRONG> (Thumb, 16 bytes, Stack size 16 bytes, delay_lib.o(.text.DelayNLib_us))
<BR><BR>[Stack]<UL><LI>Max Depth = 96<LI>Call Chain = DelayNLib_us &rArr; DelayN_us &rArr;  Delay_ms (Cycle)
</UL>
<BR>[Calls]<UL><LI><a href="#[ab]">&gt;&gt;</a>&nbsp;&nbsp;&nbsp;DelayN_us
</UL>
<BR>[Called By]<UL><LI><a href="#[62]">&gt;&gt;</a>&nbsp;&nbsp;&nbsp;DelayTask_us
</UL>

<P><STRONG><a name="[ac]"></a>DelayN_ms</STRONG> (Thumb, 48 bytes, Stack size 16 bytes, delay_cfg.o(.text.DelayN_ms))
<BR><BR>[Stack]<UL><LI>Max Depth = 96<LI>Call Chain = DelayN_ms &rArr; DelayN_us &rArr;  Delay_ms (Cycle)
</UL>
<BR>[Calls]<UL><LI><a href="#[ad]">&gt;&gt;</a>&nbsp;&nbsp;&nbsp;IWDGTask_Reset
<LI><a href="#[ab]">&gt;&gt;</a>&nbsp;&nbsp;&nbsp;DelayN_us
</UL>
<BR>[Called By]<UL><LI><a href="#[a9]">&gt;&gt;</a>&nbsp;&nbsp;&nbsp;Delay_ms
</UL>

<P><STRONG><a name="[ab]"></a>DelayN_us</STRONG> (Thumb, 70 bytes, Stack size 24 bytes, delay_cfg.o(.text.DelayN_us))
<BR><BR>[Stack]<UL><LI>Max Depth = 80 + In Cycle
<LI>Call Chain = DelayN_us &rArr;  Delay_ms (Cycle)
</UL>
<BR>[Calls]<UL><LI><a href="#[ae]">&gt;&gt;</a>&nbsp;&nbsp;&nbsp;SysTickTask_WaitusTick
<LI><a href="#[a9]">&gt;&gt;</a>&nbsp;&nbsp;&nbsp;Delay_ms
</UL>
<BR>[Called By]<UL><LI><a href="#[aa]">&gt;&gt;</a>&nbsp;&nbsp;&nbsp;DelayNLib_us
<LI><a href="#[ac]">&gt;&gt;</a>&nbsp;&nbsp;&nbsp;DelayN_ms
</UL>

<P><STRONG><a name="[61]"></a>DelayTask_ms</STRONG> (Thumb, 16 bytes, Stack size 16 bytes, delay_task.o(.text.DelayTask_ms))
<BR><BR>[Stack]<UL><LI>Max Depth = 144<LI>Call Chain = DelayTask_ms &rArr; DelayLib_ms &rArr; Delay_ms &rArr; DelayN_ms &rArr; DelayN_us &rArr;  Delay_ms (Cycle)
</UL>
<BR>[Calls]<UL><LI><a href="#[a8]">&gt;&gt;</a>&nbsp;&nbsp;&nbsp;DelayLib_ms
</UL>
<BR>[Address Reference Count : 2]<UL><LI> main.o(.text.Sys_Init)
<LI> isp_cfg.o(.text.ISP_Init)
</UL>
<P><STRONG><a name="[62]"></a>DelayTask_us</STRONG> (Thumb, 16 bytes, Stack size 16 bytes, delay_task.o(.text.DelayTask_us))
<BR><BR>[Stack]<UL><LI>Max Depth = 112<LI>Call Chain = DelayTask_us &rArr; DelayNLib_us &rArr; DelayN_us &rArr;  Delay_ms (Cycle)
</UL>
<BR>[Calls]<UL><LI><a href="#[aa]">&gt;&gt;</a>&nbsp;&nbsp;&nbsp;DelayNLib_us
</UL>
<BR>[Address Reference Count : 2]<UL><LI> main.o(.text.Sys_Init)
<LI> isp_cfg.o(.text.ISP_Init)
</UL>
<P><STRONG><a name="[a9]"></a>Delay_ms</STRONG> (Thumb, 46 bytes, Stack size 16 bytes, delay_cfg.o(.text.Delay_ms))
<BR><BR>[Stack]<UL><LI>Max Depth = 112<LI>Call Chain = Delay_ms &rArr; DelayN_ms &rArr; DelayN_us &rArr;  Delay_ms (Cycle)
</UL>
<BR>[Calls]<UL><LI><a href="#[b0]">&gt;&gt;</a>&nbsp;&nbsp;&nbsp;SysTickTask_DecTick
<LI><a href="#[af]">&gt;&gt;</a>&nbsp;&nbsp;&nbsp;SysTickTask_1msIncTick
<LI><a href="#[ac]">&gt;&gt;</a>&nbsp;&nbsp;&nbsp;DelayN_ms
</UL>
<BR>[Called By]<UL><LI><a href="#[a8]">&gt;&gt;</a>&nbsp;&nbsp;&nbsp;DelayLib_ms
<LI><a href="#[ab]">&gt;&gt;</a>&nbsp;&nbsp;&nbsp;DelayN_us
</UL>

<P><STRONG><a name="[b1]"></a>GPIOLib_Clock</STRONG> (Thumb, 28 bytes, Stack size 24 bytes, gpio_lib.o(.text.GPIOLib_Clock))
<BR><BR>[Stack]<UL><LI>Max Depth = 48<LI>Call Chain = GPIOLib_Clock &rArr; GPIO_Clock &rArr; LL_AHB1_GRP1_EnableClock
</UL>
<BR>[Calls]<UL><LI><a href="#[b2]">&gt;&gt;</a>&nbsp;&nbsp;&nbsp;GPIO_Clock
</UL>
<BR>[Called By]<UL><LI><a href="#[a6]">&gt;&gt;</a>&nbsp;&nbsp;&nbsp;GPIOTask_Clock
</UL>

<P><STRONG><a name="[b3]"></a>GPIOLib_Init</STRONG> (Thumb, 8 bytes, Stack size 8 bytes, gpio_lib.o(.text.GPIOLib_Init))
<BR><BR>[Stack]<UL><LI>Max Depth = 48<LI>Call Chain = GPIOLib_Init &rArr; GPIO_Init &rArr; GPIO_Clock &rArr; LL_AHB1_GRP1_EnableClock
</UL>
<BR>[Calls]<UL><LI><a href="#[b4]">&gt;&gt;</a>&nbsp;&nbsp;&nbsp;GPIO_Init
</UL>
<BR>[Called By]<UL><LI><a href="#[b5]">&gt;&gt;</a>&nbsp;&nbsp;&nbsp;GPIOTask_Init
</UL>

<P><STRONG><a name="[a6]"></a>GPIOTask_Clock</STRONG> (Thumb, 28 bytes, Stack size 24 bytes, gpio_task.o(.text.GPIOTask_Clock))
<BR><BR>[Stack]<UL><LI>Max Depth = 72<LI>Call Chain = GPIOTask_Clock &rArr; GPIOLib_Clock &rArr; GPIO_Clock &rArr; LL_AHB1_GRP1_EnableClock
</UL>
<BR>[Calls]<UL><LI><a href="#[b1]">&gt;&gt;</a>&nbsp;&nbsp;&nbsp;GPIOLib_Clock
</UL>
<BR>[Called By]<UL><LI><a href="#[a5]">&gt;&gt;</a>&nbsp;&nbsp;&nbsp;DAC_GPIO_Init
<LI><a href="#[ca]">&gt;&gt;</a>&nbsp;&nbsp;&nbsp;ISP_Init
<LI><a href="#[15f]">&gt;&gt;</a>&nbsp;&nbsp;&nbsp;LM317_Init
<LI><a href="#[198]">&gt;&gt;</a>&nbsp;&nbsp;&nbsp;SPI_MSW_GPIO_Init
<LI><a href="#[190]">&gt;&gt;</a>&nbsp;&nbsp;&nbsp;SPI_MHW_GPIO_Init
<LI><a href="#[1f2]">&gt;&gt;</a>&nbsp;&nbsp;&nbsp;USART1_Init
</UL>

<P><STRONG><a name="[b5]"></a>GPIOTask_Init</STRONG> (Thumb, 8 bytes, Stack size 8 bytes, gpio_task.o(.text.GPIOTask_Init))
<BR><BR>[Stack]<UL><LI>Max Depth = 56<LI>Call Chain = GPIOTask_Init &rArr; GPIOLib_Init &rArr; GPIO_Init &rArr; GPIO_Clock &rArr; LL_AHB1_GRP1_EnableClock
</UL>
<BR>[Calls]<UL><LI><a href="#[b3]">&gt;&gt;</a>&nbsp;&nbsp;&nbsp;GPIOLib_Init
</UL>
<BR>[Called By]<UL><LI><a href="#[1d4]">&gt;&gt;</a>&nbsp;&nbsp;&nbsp;Sys_Init
</UL>

<P><STRONG><a name="[b2]"></a>GPIO_Clock</STRONG> (Thumb, 414 bytes, Stack size 16 bytes, gpio_cfg.o(.text.GPIO_Clock))
<BR><BR>[Stack]<UL><LI>Max Depth = 24<LI>Call Chain = GPIO_Clock &rArr; LL_AHB1_GRP1_EnableClock
</UL>
<BR>[Calls]<UL><LI><a href="#[b6]">&gt;&gt;</a>&nbsp;&nbsp;&nbsp;LL_AHB1_GRP1_EnableClock
<LI><a href="#[b7]">&gt;&gt;</a>&nbsp;&nbsp;&nbsp;LL_AHB1_GRP1_DisableClock
</UL>
<BR>[Called By]<UL><LI><a href="#[b1]">&gt;&gt;</a>&nbsp;&nbsp;&nbsp;GPIOLib_Clock
<LI><a href="#[b4]">&gt;&gt;</a>&nbsp;&nbsp;&nbsp;GPIO_Init
</UL>

<P><STRONG><a name="[b4]"></a>GPIO_Init</STRONG> (Thumb, 142 bytes, Stack size 16 bytes, gpio_cfg.o(.text.GPIO_Init))
<BR><BR>[Stack]<UL><LI>Max Depth = 40<LI>Call Chain = GPIO_Init &rArr; GPIO_Clock &rArr; LL_AHB1_GRP1_EnableClock
</UL>
<BR>[Calls]<UL><LI><a href="#[b2]">&gt;&gt;</a>&nbsp;&nbsp;&nbsp;GPIO_Clock
<LI><a href="#[b8]">&gt;&gt;</a>&nbsp;&nbsp;&nbsp;LL_APB2_GRP1_EnableClock
</UL>
<BR>[Called By]<UL><LI><a href="#[b3]">&gt;&gt;</a>&nbsp;&nbsp;&nbsp;GPIOLib_Init
</UL>

<P><STRONG><a name="[65]"></a>HAL_IncTick</STRONG> (Thumb, 26 bytes, Stack size 0 bytes, stm32f4xx_hal.o(.text.HAL_IncTick))
<BR>[Address Reference Count : 1]<UL><LI> systick_cfg.o(.text.SysTick_msInit)
</UL>
<P><STRONG><a name="[59]"></a>HASH_RNG_IRQHandler</STRONG> (Thumb, 8 bytes, Stack size 8 bytes, stm32f4xx_it.o(.text.HASH_RNG_IRQHandler))
<BR><BR>[Stack]<UL><LI>Max Depth = 44<LI>Call Chain = HASH_RNG_IRQHandler &rArr; RandomTask_IRQTask &rArr; RandomLib_IRQTask &rArr; Random_IRQTask &rArr; LL_RNG_ReadRandData32
</UL>
<BR>[Calls]<UL><LI><a href="#[b9]">&gt;&gt;</a>&nbsp;&nbsp;&nbsp;RandomTask_IRQTask
</UL>
<BR>[Address Reference Count : 1]<UL><LI> startup_stm32f407xx.o(RESET)
</UL>
<P><STRONG><a name="[2]"></a>HardFault_Handler</STRONG> (Thumb, 10 bytes, Stack size 8 bytes, stm32f4xx_it.o(.text.HardFault_Handler))
<BR><BR>[Stack]<UL><LI>Max Depth = 12<LI>Call Chain = HardFault_Handler &rArr; HardFault_IRQTask &rArr; HardFault_Msg
</UL>
<BR>[Calls]<UL><LI><a href="#[ba]">&gt;&gt;</a>&nbsp;&nbsp;&nbsp;HardFault_IRQTask
</UL>
<BR>[Address Reference Count : 1]<UL><LI> startup_stm32f407xx.o(RESET)
</UL>
<P><STRONG><a name="[ba]"></a>HardFault_IRQTask</STRONG> (Thumb, 20 bytes, Stack size 0 bytes, stm32_cfg.o(.text.HardFault_IRQTask))
<BR><BR>[Stack]<UL><LI>Max Depth = 4<LI>Call Chain = HardFault_IRQTask &rArr; HardFault_Msg
</UL>
<BR>[Calls]<UL><LI><a href="#[bb]">&gt;&gt;</a>&nbsp;&nbsp;&nbsp;HardFault_Msg
</UL>
<BR>[Called By]<UL><LI><a href="#[2]">&gt;&gt;</a>&nbsp;&nbsp;&nbsp;HardFault_Handler
</UL>

<P><STRONG><a name="[bb]"></a>HardFault_Msg</STRONG> (Thumb, 84 bytes, Stack size 4 bytes, stm32_cfg.o(.text.HardFault_Msg))
<BR><BR>[Stack]<UL><LI>Max Depth = 4<LI>Call Chain = HardFault_Msg
</UL>
<BR>[Called By]<UL><LI><a href="#[ba]">&gt;&gt;</a>&nbsp;&nbsp;&nbsp;HardFault_IRQTask
</UL>

<P><STRONG><a name="[bc]"></a>ISPLib_CheckChipEepromEmpty</STRONG> (Thumb, 136 bytes, Stack size 24 bytes, isp_lib.o(.text.ISPLib_CheckChipEepromEmpty))
<BR><BR>[Stack]<UL><LI>Max Depth = 644<LI>Call Chain = ISPLib_CheckChipEepromEmpty &rArr; ISP_EnterProg &rArr; ISP_SetClock &rArr; ISP_HW_Init &rArr; SPITask_MHW_PollMode_Init &rArr; SPILib_MHW_PollMode_Init &rArr; SPI_MHW_PollMode_Init &rArr; LL_SPI_DeInit &rArr; LL_APB2_GRP1_ReleaseReset
</UL>
<BR>[Calls]<UL><LI><a href="#[c0]">&gt;&gt;</a>&nbsp;&nbsp;&nbsp;ISP_SetIntervalTime
<LI><a href="#[be]">&gt;&gt;</a>&nbsp;&nbsp;&nbsp;ISP_RefreshWatch
<LI><a href="#[bd]">&gt;&gt;</a>&nbsp;&nbsp;&nbsp;ISP_EnterProg
<LI><a href="#[bf]">&gt;&gt;</a>&nbsp;&nbsp;&nbsp;ISP_CheckChipEepromEmpty
</UL>
<BR>[Called By]<UL><LI><a href="#[e2]">&gt;&gt;</a>&nbsp;&nbsp;&nbsp;ISPTask_CheckChipEepromEmpty
</UL>

<P><STRONG><a name="[c1]"></a>ISPLib_CheckChipFlashEmpty</STRONG> (Thumb, 166 bytes, Stack size 40 bytes, isp_lib.o(.text.ISPLib_CheckChipFlashEmpty))
<BR><BR>[Stack]<UL><LI>Max Depth = 660<LI>Call Chain = ISPLib_CheckChipFlashEmpty &rArr; ISP_EnterProg &rArr; ISP_SetClock &rArr; ISP_HW_Init &rArr; SPITask_MHW_PollMode_Init &rArr; SPILib_MHW_PollMode_Init &rArr; SPI_MHW_PollMode_Init &rArr; LL_SPI_DeInit &rArr; LL_APB2_GRP1_ReleaseReset
</UL>
<BR>[Calls]<UL><LI><a href="#[c0]">&gt;&gt;</a>&nbsp;&nbsp;&nbsp;ISP_SetIntervalTime
<LI><a href="#[be]">&gt;&gt;</a>&nbsp;&nbsp;&nbsp;ISP_RefreshWatch
<LI><a href="#[bd]">&gt;&gt;</a>&nbsp;&nbsp;&nbsp;ISP_EnterProg
<LI><a href="#[c2]">&gt;&gt;</a>&nbsp;&nbsp;&nbsp;ISP_CheckChipFlashEmpty
</UL>
<BR>[Called By]<UL><LI><a href="#[e3]">&gt;&gt;</a>&nbsp;&nbsp;&nbsp;ISPTask_CheckChipFlashEmpty
</UL>

<P><STRONG><a name="[c3]"></a>ISPLib_EnterProgAndConfigInfo</STRONG> (Thumb, 62 bytes, Stack size 32 bytes, isp_lib.o(.text.ISPLib_EnterProgAndConfigInfo))
<BR><BR>[Stack]<UL><LI>Max Depth = 652<LI>Call Chain = ISPLib_EnterProgAndConfigInfo &rArr; ISP_EnterProg &rArr; ISP_SetClock &rArr; ISP_HW_Init &rArr; SPITask_MHW_PollMode_Init &rArr; SPILib_MHW_PollMode_Init &rArr; SPI_MHW_PollMode_Init &rArr; LL_SPI_DeInit &rArr; LL_APB2_GRP1_ReleaseReset
</UL>
<BR>[Calls]<UL><LI><a href="#[c4]">&gt;&gt;</a>&nbsp;&nbsp;&nbsp;ISP_SetConfigInfo
<LI><a href="#[bd]">&gt;&gt;</a>&nbsp;&nbsp;&nbsp;ISP_EnterProg
</UL>
<BR>[Called By]<UL><LI><a href="#[e4]">&gt;&gt;</a>&nbsp;&nbsp;&nbsp;ISPTask_EnterProgAndConfigInfo
</UL>

<P><STRONG><a name="[c5]"></a>ISPLib_EraseChip</STRONG> (Thumb, 112 bytes, Stack size 24 bytes, isp_lib.o(.text.ISPLib_EraseChip))
<BR><BR>[Stack]<UL><LI>Max Depth = 644<LI>Call Chain = ISPLib_EraseChip &rArr; ISP_EnterProg &rArr; ISP_SetClock &rArr; ISP_HW_Init &rArr; SPITask_MHW_PollMode_Init &rArr; SPILib_MHW_PollMode_Init &rArr; SPI_MHW_PollMode_Init &rArr; LL_SPI_DeInit &rArr; LL_APB2_GRP1_ReleaseReset
</UL>
<BR>[Calls]<UL><LI><a href="#[c0]">&gt;&gt;</a>&nbsp;&nbsp;&nbsp;ISP_SetIntervalTime
<LI><a href="#[be]">&gt;&gt;</a>&nbsp;&nbsp;&nbsp;ISP_RefreshWatch
<LI><a href="#[c6]">&gt;&gt;</a>&nbsp;&nbsp;&nbsp;ISP_EraseChip
<LI><a href="#[bd]">&gt;&gt;</a>&nbsp;&nbsp;&nbsp;ISP_EnterProg
</UL>
<BR>[Called By]<UL><LI><a href="#[e5]">&gt;&gt;</a>&nbsp;&nbsp;&nbsp;ISPTask_EraseChip
</UL>

<P><STRONG><a name="[c7]"></a>ISPLib_ExitProg</STRONG> (Thumb, 16 bytes, Stack size 16 bytes, isp_lib.o(.text.ISPLib_ExitProg))
<BR><BR>[Stack]<UL><LI>Max Depth = 244<LI>Call Chain = ISPLib_ExitProg &rArr; ISP_ExitProg &rArr; ISP_DeInit &rArr; SPITask_DeInit &rArr; SPILib_DeInit &rArr; SPI_DeInit &rArr; SPI_GPIO_DeInit &rArr; LL_GPIO_Init &rArr; LL_GPIO_SetPinSpeed
</UL>
<BR>[Calls]<UL><LI><a href="#[c8]">&gt;&gt;</a>&nbsp;&nbsp;&nbsp;ISP_ExitProg
</UL>
<BR>[Called By]<UL><LI><a href="#[e6]">&gt;&gt;</a>&nbsp;&nbsp;&nbsp;ISPTask_ExitProg
</UL>

<P><STRONG><a name="[c9]"></a>ISPLib_Init</STRONG> (Thumb, 28 bytes, Stack size 24 bytes, isp_lib.o(.text.ISPLib_Init))
<BR><BR>[Stack]<UL><LI>Max Depth = 160<LI>Call Chain = ISPLib_Init &rArr; ISP_Init &rArr; GPIOTask_Clock &rArr; GPIOLib_Clock &rArr; GPIO_Clock &rArr; LL_AHB1_GRP1_EnableClock
</UL>
<BR>[Calls]<UL><LI><a href="#[ca]">&gt;&gt;</a>&nbsp;&nbsp;&nbsp;ISP_Init
</UL>
<BR>[Called By]<UL><LI><a href="#[e7]">&gt;&gt;</a>&nbsp;&nbsp;&nbsp;ISPTask_Init
</UL>

<P><STRONG><a name="[cb]"></a>ISPLib_ReadChipCalibration</STRONG> (Thumb, 130 bytes, Stack size 24 bytes, isp_lib.o(.text.ISPLib_ReadChipCalibration))
<BR><BR>[Stack]<UL><LI>Max Depth = 644<LI>Call Chain = ISPLib_ReadChipCalibration &rArr; ISP_EnterProg &rArr; ISP_SetClock &rArr; ISP_HW_Init &rArr; SPITask_MHW_PollMode_Init &rArr; SPILib_MHW_PollMode_Init &rArr; SPI_MHW_PollMode_Init &rArr; LL_SPI_DeInit &rArr; LL_APB2_GRP1_ReleaseReset
</UL>
<BR>[Calls]<UL><LI><a href="#[c0]">&gt;&gt;</a>&nbsp;&nbsp;&nbsp;ISP_SetIntervalTime
<LI><a href="#[be]">&gt;&gt;</a>&nbsp;&nbsp;&nbsp;ISP_RefreshWatch
<LI><a href="#[cc]">&gt;&gt;</a>&nbsp;&nbsp;&nbsp;ISP_ReadChipCalibration
<LI><a href="#[bd]">&gt;&gt;</a>&nbsp;&nbsp;&nbsp;ISP_EnterProg
</UL>
<BR>[Called By]<UL><LI><a href="#[e8]">&gt;&gt;</a>&nbsp;&nbsp;&nbsp;ISPTask_ReadChipCalibration
</UL>

<P><STRONG><a name="[cd]"></a>ISPLib_ReadChipEepromAddr</STRONG> (Thumb, 160 bytes, Stack size 32 bytes, isp_lib.o(.text.ISPLib_ReadChipEepromAddr))
<BR><BR>[Stack]<UL><LI>Max Depth = 652<LI>Call Chain = ISPLib_ReadChipEepromAddr &rArr; ISP_EnterProg &rArr; ISP_SetClock &rArr; ISP_HW_Init &rArr; SPITask_MHW_PollMode_Init &rArr; SPILib_MHW_PollMode_Init &rArr; SPI_MHW_PollMode_Init &rArr; LL_SPI_DeInit &rArr; LL_APB2_GRP1_ReleaseReset
</UL>
<BR>[Calls]<UL><LI><a href="#[c0]">&gt;&gt;</a>&nbsp;&nbsp;&nbsp;ISP_SetIntervalTime
<LI><a href="#[be]">&gt;&gt;</a>&nbsp;&nbsp;&nbsp;ISP_RefreshWatch
<LI><a href="#[ce]">&gt;&gt;</a>&nbsp;&nbsp;&nbsp;ISP_ReadChipEepromAddr
<LI><a href="#[bd]">&gt;&gt;</a>&nbsp;&nbsp;&nbsp;ISP_EnterProg
</UL>
<BR>[Called By]<UL><LI><a href="#[e9]">&gt;&gt;</a>&nbsp;&nbsp;&nbsp;ISPTask_ReadChipEepromAddr
</UL>

<P><STRONG><a name="[cf]"></a>ISPLib_ReadChipFlashAddr</STRONG> (Thumb, 174 bytes, Stack size 48 bytes, isp_lib.o(.text.ISPLib_ReadChipFlashAddr))
<BR><BR>[Stack]<UL><LI>Max Depth = 668<LI>Call Chain = ISPLib_ReadChipFlashAddr &rArr; ISP_EnterProg &rArr; ISP_SetClock &rArr; ISP_HW_Init &rArr; SPITask_MHW_PollMode_Init &rArr; SPILib_MHW_PollMode_Init &rArr; SPI_MHW_PollMode_Init &rArr; LL_SPI_DeInit &rArr; LL_APB2_GRP1_ReleaseReset
</UL>
<BR>[Calls]<UL><LI><a href="#[c0]">&gt;&gt;</a>&nbsp;&nbsp;&nbsp;ISP_SetIntervalTime
<LI><a href="#[be]">&gt;&gt;</a>&nbsp;&nbsp;&nbsp;ISP_RefreshWatch
<LI><a href="#[d0]">&gt;&gt;</a>&nbsp;&nbsp;&nbsp;ISP_ReadChipFlashAddr
<LI><a href="#[bd]">&gt;&gt;</a>&nbsp;&nbsp;&nbsp;ISP_EnterProg
</UL>
<BR>[Called By]<UL><LI><a href="#[ea]">&gt;&gt;</a>&nbsp;&nbsp;&nbsp;ISPTask_ReadChipFlashAddr
</UL>

<P><STRONG><a name="[d1]"></a>ISPLib_ReadChipFuse</STRONG> (Thumb, 130 bytes, Stack size 24 bytes, isp_lib.o(.text.ISPLib_ReadChipFuse))
<BR><BR>[Stack]<UL><LI>Max Depth = 644<LI>Call Chain = ISPLib_ReadChipFuse &rArr; ISP_EnterProg &rArr; ISP_SetClock &rArr; ISP_HW_Init &rArr; SPITask_MHW_PollMode_Init &rArr; SPILib_MHW_PollMode_Init &rArr; SPI_MHW_PollMode_Init &rArr; LL_SPI_DeInit &rArr; LL_APB2_GRP1_ReleaseReset
</UL>
<BR>[Calls]<UL><LI><a href="#[c0]">&gt;&gt;</a>&nbsp;&nbsp;&nbsp;ISP_SetIntervalTime
<LI><a href="#[be]">&gt;&gt;</a>&nbsp;&nbsp;&nbsp;ISP_RefreshWatch
<LI><a href="#[d2]">&gt;&gt;</a>&nbsp;&nbsp;&nbsp;ISP_ReadChipFuse
<LI><a href="#[bd]">&gt;&gt;</a>&nbsp;&nbsp;&nbsp;ISP_EnterProg
</UL>
<BR>[Called By]<UL><LI><a href="#[eb]">&gt;&gt;</a>&nbsp;&nbsp;&nbsp;ISPTask_ReadChipFuse
</UL>

<P><STRONG><a name="[d3]"></a>ISPLib_ReadChipID</STRONG> (Thumb, 118 bytes, Stack size 24 bytes, isp_lib.o(.text.ISPLib_ReadChipID))
<BR><BR>[Stack]<UL><LI>Max Depth = 644<LI>Call Chain = ISPLib_ReadChipID &rArr; ISP_EnterProg &rArr; ISP_SetClock &rArr; ISP_HW_Init &rArr; SPITask_MHW_PollMode_Init &rArr; SPILib_MHW_PollMode_Init &rArr; SPI_MHW_PollMode_Init &rArr; LL_SPI_DeInit &rArr; LL_APB2_GRP1_ReleaseReset
</UL>
<BR>[Calls]<UL><LI><a href="#[c0]">&gt;&gt;</a>&nbsp;&nbsp;&nbsp;ISP_SetIntervalTime
<LI><a href="#[be]">&gt;&gt;</a>&nbsp;&nbsp;&nbsp;ISP_RefreshWatch
<LI><a href="#[d4]">&gt;&gt;</a>&nbsp;&nbsp;&nbsp;ISP_ReadChipID
<LI><a href="#[bd]">&gt;&gt;</a>&nbsp;&nbsp;&nbsp;ISP_EnterProg
</UL>
<BR>[Called By]<UL><LI><a href="#[ec]">&gt;&gt;</a>&nbsp;&nbsp;&nbsp;ISPTask_ReadChipID
</UL>

<P><STRONG><a name="[d5]"></a>ISPLib_ReadChipLock</STRONG> (Thumb, 118 bytes, Stack size 24 bytes, isp_lib.o(.text.ISPLib_ReadChipLock))
<BR><BR>[Stack]<UL><LI>Max Depth = 644<LI>Call Chain = ISPLib_ReadChipLock &rArr; ISP_EnterProg &rArr; ISP_SetClock &rArr; ISP_HW_Init &rArr; SPITask_MHW_PollMode_Init &rArr; SPILib_MHW_PollMode_Init &rArr; SPI_MHW_PollMode_Init &rArr; LL_SPI_DeInit &rArr; LL_APB2_GRP1_ReleaseReset
</UL>
<BR>[Calls]<UL><LI><a href="#[c0]">&gt;&gt;</a>&nbsp;&nbsp;&nbsp;ISP_SetIntervalTime
<LI><a href="#[be]">&gt;&gt;</a>&nbsp;&nbsp;&nbsp;ISP_RefreshWatch
<LI><a href="#[d6]">&gt;&gt;</a>&nbsp;&nbsp;&nbsp;ISP_ReadChipLock
<LI><a href="#[bd]">&gt;&gt;</a>&nbsp;&nbsp;&nbsp;ISP_EnterProg
</UL>
<BR>[Called By]<UL><LI><a href="#[ed]">&gt;&gt;</a>&nbsp;&nbsp;&nbsp;ISPTask_ReadChipLock
</UL>

<P><STRONG><a name="[d7]"></a>ISPLib_ReadChipRom</STRONG> (Thumb, 142 bytes, Stack size 32 bytes, isp_lib.o(.text.ISPLib_ReadChipRom))
<BR><BR>[Stack]<UL><LI>Max Depth = 652<LI>Call Chain = ISPLib_ReadChipRom &rArr; ISP_EnterProg &rArr; ISP_SetClock &rArr; ISP_HW_Init &rArr; SPITask_MHW_PollMode_Init &rArr; SPILib_MHW_PollMode_Init &rArr; SPI_MHW_PollMode_Init &rArr; LL_SPI_DeInit &rArr; LL_APB2_GRP1_ReleaseReset
</UL>
<BR>[Calls]<UL><LI><a href="#[c0]">&gt;&gt;</a>&nbsp;&nbsp;&nbsp;ISP_SetIntervalTime
<LI><a href="#[be]">&gt;&gt;</a>&nbsp;&nbsp;&nbsp;ISP_RefreshWatch
<LI><a href="#[d8]">&gt;&gt;</a>&nbsp;&nbsp;&nbsp;ISP_ReadChipRom
<LI><a href="#[bd]">&gt;&gt;</a>&nbsp;&nbsp;&nbsp;ISP_EnterProg
</UL>
<BR>[Called By]<UL><LI><a href="#[ee]">&gt;&gt;</a>&nbsp;&nbsp;&nbsp;ISPTask_ReadChipRom
</UL>

<P><STRONG><a name="[d9]"></a>ISPLib_SetConfigInfo</STRONG> (Thumb, 20 bytes, Stack size 16 bytes, isp_lib.o(.text.ISPLib_SetConfigInfo))
<BR><BR>[Stack]<UL><LI>Max Depth = 24<LI>Call Chain = ISPLib_SetConfigInfo &rArr; ISP_SetConfigInfo
</UL>
<BR>[Calls]<UL><LI><a href="#[c4]">&gt;&gt;</a>&nbsp;&nbsp;&nbsp;ISP_SetConfigInfo
</UL>
<BR>[Called By]<UL><LI><a href="#[ef]">&gt;&gt;</a>&nbsp;&nbsp;&nbsp;ISPTask_SetConfigInfo
</UL>

<P><STRONG><a name="[da]"></a>ISPLib_SetProgClock</STRONG> (Thumb, 28 bytes, Stack size 24 bytes, isp_lib.o(.text.ISPLib_SetProgClock))
<BR><BR>[Stack]<UL><LI>Max Depth = 32<LI>Call Chain = ISPLib_SetProgClock &rArr; ISP_SetProgClock
</UL>
<BR>[Calls]<UL><LI><a href="#[db]">&gt;&gt;</a>&nbsp;&nbsp;&nbsp;ISP_SetProgClock
</UL>
<BR>[Called By]<UL><LI><a href="#[f0]">&gt;&gt;</a>&nbsp;&nbsp;&nbsp;ISPTask_SetProgClock
</UL>

<P><STRONG><a name="[dc]"></a>ISPLib_WriteChipFlashPage</STRONG> (Thumb, 78 bytes, Stack size 48 bytes, isp_lib.o(.text.ISPLib_WriteChipFlashPage))
<BR><BR>[Stack]<UL><LI>Max Depth = 708<LI>Call Chain = ISPLib_WriteChipFlashPage &rArr; ISP_WriteChipFlashPage &rArr; ISP_EnterProg &rArr; ISP_SetClock &rArr; ISP_HW_Init &rArr; SPITask_MHW_PollMode_Init &rArr; SPILib_MHW_PollMode_Init &rArr; SPI_MHW_PollMode_Init &rArr; LL_SPI_DeInit &rArr; LL_APB2_GRP1_ReleaseReset
</UL>
<BR>[Calls]<UL><LI><a href="#[dd]">&gt;&gt;</a>&nbsp;&nbsp;&nbsp;ISP_WriteChipFlashPage
</UL>
<BR>[Called By]<UL><LI><a href="#[10c]">&gt;&gt;</a>&nbsp;&nbsp;&nbsp;ISPTask_WriteChipFlashPage
</UL>

<P><STRONG><a name="[de]"></a>ISPLib_WriteChipFuse</STRONG> (Thumb, 130 bytes, Stack size 24 bytes, isp_lib.o(.text.ISPLib_WriteChipFuse))
<BR><BR>[Stack]<UL><LI>Max Depth = 644<LI>Call Chain = ISPLib_WriteChipFuse &rArr; ISP_EnterProg &rArr; ISP_SetClock &rArr; ISP_HW_Init &rArr; SPITask_MHW_PollMode_Init &rArr; SPILib_MHW_PollMode_Init &rArr; SPI_MHW_PollMode_Init &rArr; LL_SPI_DeInit &rArr; LL_APB2_GRP1_ReleaseReset
</UL>
<BR>[Calls]<UL><LI><a href="#[df]">&gt;&gt;</a>&nbsp;&nbsp;&nbsp;ISP_WriteChipFuse
<LI><a href="#[c0]">&gt;&gt;</a>&nbsp;&nbsp;&nbsp;ISP_SetIntervalTime
<LI><a href="#[be]">&gt;&gt;</a>&nbsp;&nbsp;&nbsp;ISP_RefreshWatch
<LI><a href="#[bd]">&gt;&gt;</a>&nbsp;&nbsp;&nbsp;ISP_EnterProg
</UL>
<BR>[Called By]<UL><LI><a href="#[10d]">&gt;&gt;</a>&nbsp;&nbsp;&nbsp;ISPTask_WriteChipFuse
</UL>

<P><STRONG><a name="[e0]"></a>ISPLib_WriteChipLock</STRONG> (Thumb, 124 bytes, Stack size 24 bytes, isp_lib.o(.text.ISPLib_WriteChipLock))
<BR><BR>[Stack]<UL><LI>Max Depth = 644<LI>Call Chain = ISPLib_WriteChipLock &rArr; ISP_EnterProg &rArr; ISP_SetClock &rArr; ISP_HW_Init &rArr; SPITask_MHW_PollMode_Init &rArr; SPILib_MHW_PollMode_Init &rArr; SPI_MHW_PollMode_Init &rArr; LL_SPI_DeInit &rArr; LL_APB2_GRP1_ReleaseReset
</UL>
<BR>[Calls]<UL><LI><a href="#[e1]">&gt;&gt;</a>&nbsp;&nbsp;&nbsp;ISP_WriteChipLock
<LI><a href="#[c0]">&gt;&gt;</a>&nbsp;&nbsp;&nbsp;ISP_SetIntervalTime
<LI><a href="#[be]">&gt;&gt;</a>&nbsp;&nbsp;&nbsp;ISP_RefreshWatch
<LI><a href="#[bd]">&gt;&gt;</a>&nbsp;&nbsp;&nbsp;ISP_EnterProg
</UL>
<BR>[Called By]<UL><LI><a href="#[10e]">&gt;&gt;</a>&nbsp;&nbsp;&nbsp;ISPTask_WriteChipLock
</UL>

<P><STRONG><a name="[e2]"></a>ISPTask_CheckChipEepromEmpty</STRONG> (Thumb, 42 bytes, Stack size 24 bytes, isp_task.o(.text.ISPTask_CheckChipEepromEmpty))
<BR><BR>[Stack]<UL><LI>Max Depth = 668<LI>Call Chain = ISPTask_CheckChipEepromEmpty &rArr; ISPLib_CheckChipEepromEmpty &rArr; ISP_EnterProg &rArr; ISP_SetClock &rArr; ISP_HW_Init &rArr; SPITask_MHW_PollMode_Init &rArr; SPILib_MHW_PollMode_Init &rArr; SPI_MHW_PollMode_Init &rArr; LL_SPI_DeInit &rArr; LL_APB2_GRP1_ReleaseReset
</UL>
<BR>[Calls]<UL><LI><a href="#[bc]">&gt;&gt;</a>&nbsp;&nbsp;&nbsp;ISPLib_CheckChipEepromEmpty
</UL>
<BR>[Called By]<UL><LI><a href="#[f4]">&gt;&gt;</a>&nbsp;&nbsp;&nbsp;ISPTask_USARTCmd_EraseChip
</UL>

<P><STRONG><a name="[e3]"></a>ISPTask_CheckChipFlashEmpty</STRONG> (Thumb, 72 bytes, Stack size 40 bytes, isp_task.o(.text.ISPTask_CheckChipFlashEmpty))
<BR><BR>[Stack]<UL><LI>Max Depth = 700<LI>Call Chain = ISPTask_CheckChipFlashEmpty &rArr; ISPLib_CheckChipFlashEmpty &rArr; ISP_EnterProg &rArr; ISP_SetClock &rArr; ISP_HW_Init &rArr; SPITask_MHW_PollMode_Init &rArr; SPILib_MHW_PollMode_Init &rArr; SPI_MHW_PollMode_Init &rArr; LL_SPI_DeInit &rArr; LL_APB2_GRP1_ReleaseReset
</UL>
<BR>[Calls]<UL><LI><a href="#[c1]">&gt;&gt;</a>&nbsp;&nbsp;&nbsp;ISPLib_CheckChipFlashEmpty
</UL>
<BR>[Called By]<UL><LI><a href="#[f4]">&gt;&gt;</a>&nbsp;&nbsp;&nbsp;ISPTask_USARTCmd_EraseChip
</UL>

<P><STRONG><a name="[e4]"></a>ISPTask_EnterProgAndConfigInfo</STRONG> (Thumb, 32 bytes, Stack size 24 bytes, isp_task.o(.text.ISPTask_EnterProgAndConfigInfo))
<BR><BR>[Stack]<UL><LI>Max Depth = 676<LI>Call Chain = ISPTask_EnterProgAndConfigInfo &rArr; ISPLib_EnterProgAndConfigInfo &rArr; ISP_EnterProg &rArr; ISP_SetClock &rArr; ISP_HW_Init &rArr; SPITask_MHW_PollMode_Init &rArr; SPILib_MHW_PollMode_Init &rArr; SPI_MHW_PollMode_Init &rArr; LL_SPI_DeInit &rArr; LL_APB2_GRP1_ReleaseReset
</UL>
<BR>[Calls]<UL><LI><a href="#[c3]">&gt;&gt;</a>&nbsp;&nbsp;&nbsp;ISPLib_EnterProgAndConfigInfo
</UL>
<BR>[Called By]<UL><LI><a href="#[f3]">&gt;&gt;</a>&nbsp;&nbsp;&nbsp;ISPTask_USARTCmd_OpenAndClose
</UL>

<P><STRONG><a name="[e5]"></a>ISPTask_EraseChip</STRONG> (Thumb, 16 bytes, Stack size 16 bytes, isp_task.o(.text.ISPTask_EraseChip))
<BR><BR>[Stack]<UL><LI>Max Depth = 660<LI>Call Chain = ISPTask_EraseChip &rArr; ISPLib_EraseChip &rArr; ISP_EnterProg &rArr; ISP_SetClock &rArr; ISP_HW_Init &rArr; SPITask_MHW_PollMode_Init &rArr; SPILib_MHW_PollMode_Init &rArr; SPI_MHW_PollMode_Init &rArr; LL_SPI_DeInit &rArr; LL_APB2_GRP1_ReleaseReset
</UL>
<BR>[Calls]<UL><LI><a href="#[c5]">&gt;&gt;</a>&nbsp;&nbsp;&nbsp;ISPLib_EraseChip
</UL>
<BR>[Called By]<UL><LI><a href="#[f4]">&gt;&gt;</a>&nbsp;&nbsp;&nbsp;ISPTask_USARTCmd_EraseChip
</UL>

<P><STRONG><a name="[e6]"></a>ISPTask_ExitProg</STRONG> (Thumb, 16 bytes, Stack size 16 bytes, isp_task.o(.text.ISPTask_ExitProg))
<BR><BR>[Stack]<UL><LI>Max Depth = 260<LI>Call Chain = ISPTask_ExitProg &rArr; ISPLib_ExitProg &rArr; ISP_ExitProg &rArr; ISP_DeInit &rArr; SPITask_DeInit &rArr; SPILib_DeInit &rArr; SPI_DeInit &rArr; SPI_GPIO_DeInit &rArr; LL_GPIO_Init &rArr; LL_GPIO_SetPinSpeed
</UL>
<BR>[Calls]<UL><LI><a href="#[c7]">&gt;&gt;</a>&nbsp;&nbsp;&nbsp;ISPLib_ExitProg
</UL>
<BR>[Called By]<UL><LI><a href="#[f3]">&gt;&gt;</a>&nbsp;&nbsp;&nbsp;ISPTask_USARTCmd_OpenAndClose
</UL>

<P><STRONG><a name="[e7]"></a>ISPTask_Init</STRONG> (Thumb, 28 bytes, Stack size 24 bytes, isp_task.o(.text.ISPTask_Init))
<BR><BR>[Stack]<UL><LI>Max Depth = 184<LI>Call Chain = ISPTask_Init &rArr; ISPLib_Init &rArr; ISP_Init &rArr; GPIOTask_Clock &rArr; GPIOLib_Clock &rArr; GPIO_Clock &rArr; LL_AHB1_GRP1_EnableClock
</UL>
<BR>[Calls]<UL><LI><a href="#[c9]">&gt;&gt;</a>&nbsp;&nbsp;&nbsp;ISPLib_Init
</UL>
<BR>[Called By]<UL><LI><a href="#[1d4]">&gt;&gt;</a>&nbsp;&nbsp;&nbsp;Sys_Init
</UL>

<P><STRONG><a name="[e8]"></a>ISPTask_ReadChipCalibration</STRONG> (Thumb, 32 bytes, Stack size 24 bytes, isp_task.o(.text.ISPTask_ReadChipCalibration))
[...]
<BR><BR>[Stack]<UL><LI>Max Depth = 8<LI>Call Chain = LL_SPI_SetBaudRatePrescaler
</UL>
<BR>[Called By]<UL><LI><a href="#[196]">&gt;&gt;</a>&nbsp;&nbsp;&nbsp;SPI_MHW_SetClock
</UL>

<P><STRONG><a name="[1a4]"></a>LL_SPI_SetStandard</STRONG> (Thumb, 26 bytes, Stack size 8 bytes, spi_cfg.o(.text.LL_SPI_SetStandard))
<BR><BR>[Stack]<UL><LI>Max Depth = 8<LI>Call Chain = LL_SPI_SetStandard
</UL>
<BR>[Called By]<UL><LI><a href="#[192]">&gt;&gt;</a>&nbsp;&nbsp;&nbsp;SPI_MHW_PollMode_Init
</UL>

<P><STRONG><a name="[1a7]"></a>LL_SPI_TransmitData8</STRONG> (Thumb, 28 bytes, Stack size 12 bytes, spi_cfg.o(.text.LL_SPI_TransmitData8))
<BR><BR>[Stack]<UL><LI>Max Depth = 12<LI>Call Chain = LL_SPI_TransmitData8
</UL>
<BR>[Called By]<UL><LI><a href="#[194]">&gt;&gt;</a>&nbsp;&nbsp;&nbsp;SPI_MHW_PollMode_WriteAndReadData
</UL>

<P><STRONG><a name="[1ce]"></a>LL_InitTick</STRONG> (Thumb, 54 bytes, Stack size 8 bytes, systick_cfg.o(.text.LL_InitTick))
<BR><BR>[Stack]<UL><LI>Max Depth = 8<LI>Call Chain = LL_InitTick
</UL>
<BR>[Called By]<UL><LI><a href="#[1c6]">&gt;&gt;</a>&nbsp;&nbsp;&nbsp;SysTick_msInit
</UL>

<P><STRONG><a name="[1d1]"></a>NVIC_EncodePriority</STRONG> (Thumb, 110 bytes, Stack size 32 bytes, systick_cfg.o(.text.NVIC_EncodePriority))
<BR><BR>[Stack]<UL><LI>Max Depth = 32<LI>Call Chain = NVIC_EncodePriority
</UL>
<BR>[Called By]<UL><LI><a href="#[1c6]">&gt;&gt;</a>&nbsp;&nbsp;&nbsp;SysTick_msInit
</UL>

<P><STRONG><a name="[1d0]"></a>__NVIC_GetPriorityGrouping</STRONG> (Thumb, 16 bytes, Stack size 0 bytes, systick_cfg.o(.text.__NVIC_GetPriorityGrouping))
<BR><BR>[Called By]<UL><LI><a href="#[1c6]">&gt;&gt;</a>&nbsp;&nbsp;&nbsp;SysTick_msInit
</UL>

<P><STRONG><a name="[1d2]"></a>__NVIC_SetPriority</STRONG> (Thumb, 58 bytes, Stack size 8 bytes, systick_cfg.o(.text.__NVIC_SetPriority))
<BR><BR>[Stack]<UL><LI>Max Depth = 8<LI>Call Chain = __NVIC_SetPriority
</UL>
<BR>[Called By]<UL><LI><a href="#[1c6]">&gt;&gt;</a>&nbsp;&nbsp;&nbsp;SysTick_msInit
</UL>

<P><STRONG><a name="[1cf]"></a>__NVIC_SetPriorityGrouping</STRONG> (Thumb, 60 bytes, Stack size 12 bytes, systick_cfg.o(.text.__NVIC_SetPriorityGrouping))
<BR><BR>[Stack]<UL><LI>Max Depth = 12<LI>Call Chain = __NVIC_SetPriorityGrouping
</UL>
<BR>[Called By]<UL><LI><a href="#[1c6]">&gt;&gt;</a>&nbsp;&nbsp;&nbsp;SysTick_msInit
</UL>

<P><STRONG><a name="[21b]"></a>LL_APB1_GRP1_DisableClock</STRONG> (Thumb, 26 bytes, Stack size 4 bytes, usart_cfg.o(.text.LL_APB1_GRP1_DisableClock))
<BR><BR>[Stack]<UL><LI>Max Depth = 4<LI>Call Chain = LL_APB1_GRP1_DisableClock
</UL>
<BR>[Called By]<UL><LI><a href="#[1f3]">&gt;&gt;</a>&nbsp;&nbsp;&nbsp;USART_Clock
</UL>

<P><STRONG><a name="[21a]"></a>LL_APB1_GRP1_EnableClock</STRONG> (Thumb, 34 bytes, Stack size 8 bytes, usart_cfg.o(.text.LL_APB1_GRP1_EnableClock))
<BR><BR>[Stack]<UL><LI>Max Depth = 8<LI>Call Chain = LL_APB1_GRP1_EnableClock
</UL>
<BR>[Called By]<UL><LI><a href="#[1f3]">&gt;&gt;</a>&nbsp;&nbsp;&nbsp;USART_Clock
</UL>

<P><STRONG><a name="[219]"></a>LL_APB2_GRP1_DisableClock</STRONG> (Thumb, 26 bytes, Stack size 4 bytes, usart_cfg.o(.text.LL_APB2_GRP1_DisableClock))
<BR><BR>[Stack]<UL><LI>Max Depth = 4<LI>Call Chain = LL_APB2_GRP1_DisableClock
</UL>
<BR>[Called By]<UL><LI><a href="#[1f3]">&gt;&gt;</a>&nbsp;&nbsp;&nbsp;USART_Clock
</UL>

<P><STRONG><a name="[218]"></a>LL_APB2_GRP1_EnableClock</STRONG> (Thumb, 34 bytes, Stack size 8 bytes, usart_cfg.o(.text.LL_APB2_GRP1_EnableClock))
<BR><BR>[Stack]<UL><LI>Max Depth = 8<LI>Call Chain = LL_APB2_GRP1_EnableClock
</UL>
<BR>[Called By]<UL><LI><a href="#[1f3]">&gt;&gt;</a>&nbsp;&nbsp;&nbsp;USART_Clock
</UL>

<P><STRONG><a name="[215]"></a>LL_GPIO_ResetOutputPin</STRONG> (Thumb, 18 bytes, Stack size 8 bytes, usart_cfg.o(.text.LL_GPIO_ResetOutputPin))
<BR><BR>[Stack]<UL><LI>Max Depth = 8<LI>Call Chain = LL_GPIO_ResetOutputPin
</UL>
<BR>[Called By]<UL><LI><a href="#[1fc]">&gt;&gt;</a>&nbsp;&nbsp;&nbsp;USART_485GPIOInit
</UL>

<P><STRONG><a name="[216]"></a>LL_GPIO_SetOutputPin</STRONG> (Thumb, 16 bytes, Stack size 8 bytes, usart_cfg.o(.text.LL_GPIO_SetOutputPin))
<BR><BR>[Stack]<UL><LI>Max Depth = 8<LI>Call Chain = LL_GPIO_SetOutputPin
</UL>
<BR>[Called By]<UL><LI><a href="#[1fc]">&gt;&gt;</a>&nbsp;&nbsp;&nbsp;USART_485GPIOInit
</UL>

<P><STRONG><a name="[21d]"></a>LL_GPIO_SetPinMode</STRONG> (Thumb, 46 bytes, Stack size 12 bytes, usart_cfg.o(.text.LL_GPIO_SetPinMode))
<BR><BR>[Stack]<UL><LI>Max Depth = 12<LI>Call Chain = LL_GPIO_SetPinMode
</UL>
<BR>[Called By]<UL><LI><a href="#[1fd]">&gt;&gt;</a>&nbsp;&nbsp;&nbsp;USART_GPIOInit
</UL>

<P><STRONG><a name="[239]"></a>LL_USART_ClearFlag_FE</STRONG> (Thumb, 24 bytes, Stack size 8 bytes, usart_cfg.o(.text.LL_USART_ClearFlag_FE))
<BR><BR>[Stack]<UL><LI>Max Depth = 8<LI>Call Chain = LL_USART_ClearFlag_FE
</UL>
<BR>[Called By]<UL><LI><a href="#[20d]">&gt;&gt;</a>&nbsp;&nbsp;&nbsp;USART_IRQTask
</UL>

<P><STRONG><a name="[232]"></a>LL_USART_ClearFlag_IDLE</STRONG> (Thumb, 24 bytes, Stack size 8 bytes, usart_cfg.o(.text.LL_USART_ClearFlag_IDLE))
<BR><BR>[Stack]<UL><LI>Max Depth = 8<LI>Call Chain = LL_USART_ClearFlag_IDLE
</UL>
<BR>[Called By]<UL><LI><a href="#[20d]">&gt;&gt;</a>&nbsp;&nbsp;&nbsp;USART_IRQTask
</UL>

<P><STRONG><a name="[22f]"></a>LL_USART_ClearFlag_LBD</STRONG> (Thumb, 16 bytes, Stack size 4 bytes, usart_cfg.o(.text.LL_USART_ClearFlag_LBD))
<BR><BR>[Stack]<UL><LI>Max Depth = 4<LI>Call Chain = LL_USART_ClearFlag_LBD
</UL>
<BR>[Called By]<UL><LI><a href="#[20d]">&gt;&gt;</a>&nbsp;&nbsp;&nbsp;USART_IRQTask
</UL>

<P><STRONG><a name="[237]"></a>LL_USART_ClearFlag_NE</STRONG> (Thumb, 24 bytes, Stack size 8 bytes, usart_cfg.o(.text.LL_USART_ClearFlag_NE))
<BR><BR>[Stack]<UL><LI>Max Depth = 8<LI>Call Chain = LL_USART_ClearFlag_NE
</UL>
<BR>[Called By]<UL><LI><a href="#[20d]">&gt;&gt;</a>&nbsp;&nbsp;&nbsp;USART_IRQTask
</UL>

<P><STRONG><a name="[235]"></a>LL_USART_ClearFlag_ORE</STRONG> (Thumb, 24 bytes, Stack size 8 bytes, usart_cfg.o(.text.LL_USART_ClearFlag_ORE))
<BR><BR>[Stack]<UL><LI>Max Depth = 8<LI>Call Chain = LL_USART_ClearFlag_ORE
</UL>
<BR>[Called By]<UL><LI><a href="#[20d]">&gt;&gt;</a>&nbsp;&nbsp;&nbsp;USART_IRQTask
</UL>

<P><STRONG><a name="[23c]"></a>LL_USART_ClearFlag_PE</STRONG> (Thumb, 24 bytes, Stack size 8 bytes, usart_cfg.o(.text.LL_USART_ClearFlag_PE))
<BR><BR>[Stack]<UL><LI>Max Depth = 8<LI>Call Chain = LL_USART_ClearFlag_PE
</UL>
<BR>[Called By]<UL><LI><a href="#[20d]">&gt;&gt;</a>&nbsp;&nbsp;&nbsp;USART_IRQTask
</UL>

<P><STRONG><a name="[222]"></a>LL_USART_ClearFlag_RXNE</STRONG> (Thumb, 16 bytes, Stack size 4 bytes, usart_cfg.o(.text.LL_USART_ClearFlag_RXNE))
<BR><BR>[Stack]<UL><LI>Max Depth = 4<LI>Call Chain = LL_USART_ClearFlag_RXNE
</UL>
<BR>[Called By]<UL><LI><a href="#[20d]">&gt;&gt;</a>&nbsp;&nbsp;&nbsp;USART_IRQTask
</UL>

<P><STRONG><a name="[229]"></a>LL_USART_ClearFlag_TC</STRONG> (Thumb, 16 bytes, Stack size 4 bytes, usart_cfg.o(.text.LL_USART_ClearFlag_TC))
<BR><BR>[Stack]<UL><LI>Max Depth = 4<LI>Call Chain = LL_USART_ClearFlag_TC
</UL>
<BR>[Called By]<UL><LI><a href="#[24c]">&gt;&gt;</a>&nbsp;&nbsp;&nbsp;USART_PrintfSuspend
<LI><a href="#[20d]">&gt;&gt;</a>&nbsp;&nbsp;&nbsp;USART_IRQTask
</UL>

<P><STRONG><a name="[22c]"></a>LL_USART_ClearFlag_nCTS</STRONG> (Thumb, 16 bytes, Stack size 4 bytes, usart_cfg.o(.text.LL_USART_ClearFlag_nCTS))
<BR><BR>[Stack]<UL><LI>Max Depth = 4<LI>Call Chain = LL_USART_ClearFlag_nCTS
</UL>
<BR>[Called By]<UL><LI><a href="#[20d]">&gt;&gt;</a>&nbsp;&nbsp;&nbsp;USART_IRQTask
</UL>

<P><STRONG><a name="[1f4]"></a>LL_USART_ConfigAsyncMode</STRONG> (Thumb, 28 bytes, Stack size 4 bytes, usart_cfg.o(.text.LL_USART_ConfigAsyncMode))
<BR><BR>[Stack]<UL><LI>Max Depth = 4<LI>Call Chain = LL_USART_ConfigAsyncMode
</UL>
<BR>[Called By]<UL><LI><a href="#[1f2]">&gt;&gt;</a>&nbsp;&nbsp;&nbsp;USART1_Init
</UL>

<P><STRONG><a name="[23e]"></a>LL_USART_DisableIT_TC</STRONG> (Thumb, 18 bytes, Stack size 4 bytes, usart_cfg.o(.text.LL_USART_DisableIT_TC))
<BR><BR>[Stack]<UL><LI>Max Depth = 4<LI>Call Chain = LL_USART_DisableIT_TC
</UL>
<BR>[Called By]<UL><LI><a href="#[228]">&gt;&gt;</a>&nbsp;&nbsp;&nbsp;USART_IT_TCTask
<LI><a href="#[245]">&gt;&gt;</a>&nbsp;&nbsp;&nbsp;USART_ITWrite_TCTask
<LI><a href="#[23d]">&gt;&gt;</a>&nbsp;&nbsp;&nbsp;USART_ITPrintf_TCTask
</UL>

<P><STRONG><a name="[247]"></a>LL_USART_DisableIT_TXE</STRONG> (Thumb, 18 bytes, Stack size 4 bytes, usart_cfg.o(.text.LL_USART_DisableIT_TXE))
<BR><BR>[Stack]<UL><LI>Max Depth = 4<LI>Call Chain = LL_USART_DisableIT_TXE
</UL>
<BR>[Called By]<UL><LI><a href="#[225]">&gt;&gt;</a>&nbsp;&nbsp;&nbsp;USART_ITWrite_TXETask
</UL>

<P><STRONG><a name="[1fa]"></a>LL_USART_Enable</STRONG> (Thumb, 18 bytes, Stack size 4 bytes, usart_cfg.o(.text.LL_USART_Enable))
<BR><BR>[Stack]<UL><LI>Max Depth = 4<LI>Call Chain = LL_USART_Enable
</UL>
<BR>[Called By]<UL><LI><a href="#[1f2]">&gt;&gt;</a>&nbsp;&nbsp;&nbsp;USART1_Init
</UL>

<P><STRONG><a name="[1f9]"></a>LL_USART_EnableIT_RXNE</STRONG> (Thumb, 18 bytes, Stack size 4 bytes, usart_cfg.o(.text.LL_USART_EnableIT_RXNE))
<BR><BR>[Stack]<UL><LI>Max Depth = 4<LI>Call Chain = LL_USART_EnableIT_RXNE
</UL>
<BR>[Called By]<UL><LI><a href="#[1f2]">&gt;&gt;</a>&nbsp;&nbsp;&nbsp;USART1_Init
</UL>

<P><STRONG><a name="[248]"></a>LL_USART_EnableIT_TC</STRONG> (Thumb, 18 bytes, Stack size 4 bytes, usart_cfg.o(.text.LL_USART_EnableIT_TC))
<BR><BR>[Stack]<UL><LI>Max Depth = 4<LI>Call Chain = LL_USART_EnableIT_TC
</UL>
<BR>[Called By]<UL><LI><a href="#[107]">&gt;&gt;</a>&nbsp;&nbsp;&nbsp;USART_Printf
<LI><a href="#[225]">&gt;&gt;</a>&nbsp;&nbsp;&nbsp;USART_ITWrite_TXETask
</UL>

<P><STRONG><a name="[21c]"></a>LL_USART_EnableIT_TXE</STRONG> (Thumb, 18 bytes, Stack size 4 bytes, usart_cfg.o(.text.LL_USART_EnableIT_TXE))
<BR><BR>[Stack]<UL><LI>Max Depth = 4<LI>Call Chain = LL_USART_EnableIT_TXE
</UL>
<BR>[Called By]<UL><LI><a href="#[209]">&gt;&gt;</a>&nbsp;&nbsp;&nbsp;USART_FillMode_WriteSTART
</UL>

<P><STRONG><a name="[238]"></a>LL_USART_IsActiveFlag_FE</STRONG> (Thumb, 16 bytes, Stack size 4 bytes, usart_cfg.o(.text.LL_USART_IsActiveFlag_FE))
<BR><BR>[Stack]<UL><LI>Max Depth = 4<LI>Call Chain = LL_USART_IsActiveFlag_FE
</UL>
<BR>[Called By]<UL><LI><a href="#[20d]">&gt;&gt;</a>&nbsp;&nbsp;&nbsp;USART_IRQTask
</UL>

<P><STRONG><a name="[230]"></a>LL_USART_IsActiveFlag_IDLE</STRONG> (Thumb, 16 bytes, Stack size 4 bytes, usart_cfg.o(.text.LL_USART_IsActiveFlag_IDLE))
<BR><BR>[Stack]<UL><LI>Max Depth = 4<LI>Call Chain = LL_USART_IsActiveFlag_IDLE
</UL>
<BR>[Called By]<UL><LI><a href="#[20d]">&gt;&gt;</a>&nbsp;&nbsp;&nbsp;USART_IRQTask
</UL>

<P><STRONG><a name="[22d]"></a>LL_USART_IsActiveFlag_LBD</STRONG> (Thumb, 16 bytes, Stack size 4 bytes, usart_cfg.o(.text.LL_USART_IsActiveFlag_LBD))
<BR><BR>[Stack]<UL><LI>Max Depth = 4<LI>Call Chain = LL_USART_IsActiveFlag_LBD
</UL>
<BR>[Called By]<UL><LI><a href="#[20d]">&gt;&gt;</a>&nbsp;&nbsp;&nbsp;USART_IRQTask
</UL>

<P><STRONG><a name="[236]"></a>LL_USART_IsActiveFlag_NE</STRONG> (Thumb, 16 bytes, Stack size 4 bytes, usart_cfg.o(.text.LL_USART_IsActiveFlag_NE))
<BR><BR>[Stack]<UL><LI>Max Depth = 4<LI>Call Chain = LL_USART_IsActiveFlag_NE
</UL>
<BR>[Called By]<UL><LI><a href="#[20d]">&gt;&gt;</a>&nbsp;&nbsp;&nbsp;USART_IRQTask
</UL>

<P><STRONG><a name="[233]"></a>LL_USART_IsActiveFlag_ORE</STRONG> (Thumb, 16 bytes, Stack size 4 bytes, usart_cfg.o(.text.LL_USART_IsActiveFlag_ORE))
<BR><BR>[Stack]<UL><LI>Max Depth = 4<LI>Call Chain = LL_USART_IsActiveFlag_ORE
</UL>
<BR>[Called By]<UL><LI><a href="#[20d]">&gt;&gt;</a>&nbsp;&nbsp;&nbsp;USART_IRQTask
</UL>

<P><STRONG><a name="[23a]"></a>LL_USART_IsActiveFlag_PE</STRONG> (Thumb, 16 bytes, Stack size 4 bytes, usart_cfg.o(.text.LL_USART_IsActiveFlag_PE))
<BR><BR>[Stack]<UL><LI>Max Depth = 4<LI>Call Chain = LL_USART_IsActiveFlag_PE
</UL>
<BR>[Called By]<UL><LI><a href="#[20d]">&gt;&gt;</a>&nbsp;&nbsp;&nbsp;USART_IRQTask
</UL>

<P><STRONG><a name="[21e]"></a>LL_USART_IsActiveFlag_RXNE</STRONG> (Thumb, 16 bytes, Stack size 4 bytes, usart_cfg.o(.text.LL_USART_IsActiveFlag_RXNE))
<BR><BR>[Stack]<UL><LI>Max Depth = 4<LI>Call Chain = LL_USART_IsActiveFlag_RXNE
</UL>
<BR>[Called By]<UL><LI><a href="#[20d]">&gt;&gt;</a>&nbsp;&nbsp;&nbsp;USART_IRQTask
</UL>

<P><STRONG><a name="[226]"></a>LL_USART_IsActiveFlag_TC</STRONG> (Thumb, 16 bytes, Stack size 4 bytes, usart_cfg.o(.text.LL_USART_IsActiveFlag_TC))
<BR><BR>[Stack]<UL><LI>Max Depth = 4<LI>Call Chain = LL_USART_IsActiveFlag_TC
</UL>
<BR>[Called By]<UL><LI><a href="#[24c]">&gt;&gt;</a>&nbsp;&nbsp;&nbsp;USART_PrintfSuspend
<LI><a href="#[20d]">&gt;&gt;</a>&nbsp;&nbsp;&nbsp;USART_IRQTask
</UL>

<P><STRONG><a name="[223]"></a>LL_USART_IsActiveFlag_TXE</STRONG> (Thumb, 16 bytes, Stack size 4 bytes, usart_cfg.o(.text.LL_USART_IsActiveFlag_TXE))
<BR><BR>[Stack]<UL><LI>Max Depth = 4<LI>Call Chain = LL_USART_IsActiveFlag_TXE
</UL>
<BR>[Called By]<UL><LI><a href="#[24c]">&gt;&gt;</a>&nbsp;&nbsp;&nbsp;USART_PrintfSuspend
<LI><a href="#[20d]">&gt;&gt;</a>&nbsp;&nbsp;&nbsp;USART_IRQTask
</UL>

<P><STRONG><a name="[22a]"></a>LL_USART_IsActiveFlag_nCTS</STRONG> (Thumb, 16 bytes, Stack size 4 bytes, usart_cfg.o(.text.LL_USART_IsActiveFlag_nCTS))
<BR><BR>[Stack]<UL><LI>Max Depth = 4<LI>Call Chain = LL_USART_IsActiveFlag_nCTS
</UL>
<BR>[Called By]<UL><LI><a href="#[20d]">&gt;&gt;</a>&nbsp;&nbsp;&nbsp;USART_IRQTask
</UL>

<P><STRONG><a name="[22b]"></a>LL_USART_IsEnabledIT_CTS</STRONG> (Thumb, 16 bytes, Stack size 4 bytes, usart_cfg.o(.text.LL_USART_IsEnabledIT_CTS))
<BR><BR>[Stack]<UL><LI>Max Depth = 4<LI>Call Chain = LL_USART_IsEnabledIT_CTS
</UL>
<BR>[Called By]<UL><LI><a href="#[20d]">&gt;&gt;</a>&nbsp;&nbsp;&nbsp;USART_IRQTask
</UL>

<P><STRONG><a name="[234]"></a>LL_USART_IsEnabledIT_ERROR</STRONG> (Thumb, 16 bytes, Stack size 4 bytes, usart_cfg.o(.text.LL_USART_IsEnabledIT_ERROR))
<BR><BR>[Stack]<UL><LI>Max Depth = 4<LI>Call Chain = LL_USART_IsEnabledIT_ERROR
</UL>
<BR>[Called By]<UL><LI><a href="#[20d]">&gt;&gt;</a>&nbsp;&nbsp;&nbsp;USART_IRQTask
</UL>

<P><STRONG><a name="[231]"></a>LL_USART_IsEnabledIT_IDLE</STRONG> (Thumb, 16 bytes, Stack size 4 bytes, usart_cfg.o(.text.LL_USART_IsEnabledIT_IDLE))
<BR><BR>[Stack]<UL><LI>Max Depth = 4<LI>Call Chain = LL_USART_IsEnabledIT_IDLE
</UL>
<BR>[Called By]<UL><LI><a href="#[20d]">&gt;&gt;</a>&nbsp;&nbsp;&nbsp;USART_IRQTask
</UL>

<P><STRONG><a name="[22e]"></a>LL_USART_IsEnabledIT_LBD</STRONG> (Thumb, 16 bytes, Stack size 4 bytes, usart_cfg.o(.text.LL_USART_IsEnabledIT_LBD))
<BR><BR>[Stack]<UL><LI>Max Depth = 4<LI>Call Chain = LL_USART_IsEnabledIT_LBD
</UL>
<BR>[Called By]<UL><LI><a href="#[20d]">&gt;&gt;</a>&nbsp;&nbsp;&nbsp;USART_IRQTask
</UL>

<P><STRONG><a name="[23b]"></a>LL_USART_IsEnabledIT_PE</STRONG> (Thumb, 16 bytes, Stack size 4 bytes, usart_cfg.o(.text.LL_USART_IsEnabledIT_PE))
<BR><BR>[Stack]<UL><LI>Max Depth = 4<LI>Call Chain = LL_USART_IsEnabledIT_PE
</UL>
<BR>[Called By]<UL><LI><a href="#[20d]">&gt;&gt;</a>&nbsp;&nbsp;&nbsp;USART_IRQTask
</UL>

<P><STRONG><a name="[21f]"></a>LL_USART_IsEnabledIT_RXNE</STRONG> (Thumb, 16 bytes, Stack size 4 bytes, usart_cfg.o(.text.LL_USART_IsEnabledIT_RXNE))
<BR><BR>[Stack]<UL><LI>Max Depth = 4<LI>Call Chain = LL_USART_IsEnabledIT_RXNE
</UL>
<BR>[Called By]<UL><LI><a href="#[20d]">&gt;&gt;</a>&nbsp;&nbsp;&nbsp;USART_IRQTask
</UL>

<P><STRONG><a name="[227]"></a>LL_USART_IsEnabledIT_TC</STRONG> (Thumb, 16 bytes, Stack size 4 bytes, usart_cfg.o(.text.LL_USART_IsEnabledIT_TC))
<BR><BR>[Stack]<UL><LI>Max Depth = 4<LI>Call Chain = LL_USART_IsEnabledIT_TC
</UL>
<BR>[Called By]<UL><LI><a href="#[24c]">&gt;&gt;</a>&nbsp;&nbsp;&nbsp;USART_PrintfSuspend
<LI><a href="#[20d]">&gt;&gt;</a>&nbsp;&nbsp;&nbsp;USART_IRQTask
</UL>

<P><STRONG><a name="[224]"></a>LL_USART_IsEnabledIT_TXE</STRONG> (Thumb, 16 bytes, Stack size 4 bytes, usart_cfg.o(.text.LL_USART_IsEnabledIT_TXE))
<BR><BR>[Stack]<UL><LI>Max Depth = 4<LI>Call Chain = LL_USART_IsEnabledIT_TXE
</UL>
<BR>[Called By]<UL><LI><a href="#[24c]">&gt;&gt;</a>&nbsp;&nbsp;&nbsp;USART_PrintfSuspend
<LI><a href="#[20d]">&gt;&gt;</a>&nbsp;&nbsp;&nbsp;USART_IRQTask
</UL>

<P><STRONG><a name="[220]"></a>LL_USART_ReceiveData8</STRONG> (Thumb, 14 bytes, Stack size 4 bytes, usart_cfg.o(.text.LL_USART_ReceiveData8))
<BR><BR>[Stack]<UL><LI>Max Depth = 4<LI>Call Chain = LL_USART_ReceiveData8
</UL>
<BR>[Called By]<UL><LI><a href="#[20d]">&gt;&gt;</a>&nbsp;&nbsp;&nbsp;USART_IRQTask
</UL>

<P><STRONG><a name="[240]"></a>LL_USART_TransmitData8</STRONG> (Thumb, 22 bytes, Stack size 8 bytes, usart_cfg.o(.text.LL_USART_TransmitData8))
<BR><BR>[Stack]<UL><LI>Max Depth = 8<LI>Call Chain = LL_USART_TransmitData8
</UL>
<BR>[Called By]<UL><LI><a href="#[107]">&gt;&gt;</a>&nbsp;&nbsp;&nbsp;USART_Printf
<LI><a href="#[225]">&gt;&gt;</a>&nbsp;&nbsp;&nbsp;USART_ITWrite_TXETask
<LI><a href="#[245]">&gt;&gt;</a>&nbsp;&nbsp;&nbsp;USART_ITWrite_TCTask
<LI><a href="#[23d]">&gt;&gt;</a>&nbsp;&nbsp;&nbsp;USART_ITPrintf_TCTask
</UL>

<P><STRONG><a name="[1f6]"></a>NVIC_EncodePriority</STRONG> (Thumb, 110 bytes, Stack size 32 bytes, usart_cfg.o(.text.NVIC_EncodePriority))
<BR><BR>[Stack]<UL><LI>Max Depth = 32<LI>Call Chain = NVIC_EncodePriority
</UL>
<BR>[Called By]<UL><LI><a href="#[1f2]">&gt;&gt;</a>&nbsp;&nbsp;&nbsp;USART1_Init
</UL>

<P><STRONG><a name="[1f8]"></a>__NVIC_EnableIRQ</STRONG> (Thumb, 44 bytes, Stack size 4 bytes, usart_cfg.o(.text.__NVIC_EnableIRQ))
<BR><BR>[Stack]<UL><LI>Max Depth = 4<LI>Call Chain = __NVIC_EnableIRQ
</UL>
<BR>[Called By]<UL><LI><a href="#[1f2]">&gt;&gt;</a>&nbsp;&nbsp;&nbsp;USART1_Init
</UL>

<P><STRONG><a name="[1f5]"></a>__NVIC_GetPriorityGrouping</STRONG> (Thumb, 16 bytes, Stack size 0 bytes, usart_cfg.o(.text.__NVIC_GetPriorityGrouping))
<BR><BR>[Called By]<UL><LI><a href="#[1f2]">&gt;&gt;</a>&nbsp;&nbsp;&nbsp;USART1_Init
</UL>

<P><STRONG><a name="[1f7]"></a>__NVIC_SetPriority</STRONG> (Thumb, 58 bytes, Stack size 8 bytes, usart_cfg.o(.text.__NVIC_SetPriority))
<BR><BR>[Stack]<UL><LI>Max Depth = 8<LI>Call Chain = __NVIC_SetPriority
</UL>
<BR>[Called By]<UL><LI><a href="#[1f2]">&gt;&gt;</a>&nbsp;&nbsp;&nbsp;USART1_Init
</UL>

<P><STRONG><a name="[253]"></a>_fp_digits</STRONG> (Thumb, 366 bytes, Stack size 64 bytes, printfa.o(i._fp_digits), UNUSED)
<BR><BR>[Calls]<UL><LI><a href="#[7a]">&gt;&gt;</a>&nbsp;&nbsp;&nbsp;__aeabi_ddiv
<LI><a href="#[73]">&gt;&gt;</a>&nbsp;&nbsp;&nbsp;__aeabi_dadd
<LI><a href="#[79]">&gt;&gt;</a>&nbsp;&nbsp;&nbsp;__aeabi_dmul
<LI><a href="#[7b]">&gt;&gt;</a>&nbsp;&nbsp;&nbsp;__aeabi_d2ulz
<LI><a href="#[254]">&gt;&gt;</a>&nbsp;&nbsp;&nbsp;__aeabi_cdrcmple
<LI><a href="#[6d]">&gt;&gt;</a>&nbsp;&nbsp;&nbsp;__aeabi_uldivmod
</UL>
<BR>[Called By]<UL><LI><a href="#[252]">&gt;&gt;</a>&nbsp;&nbsp;&nbsp;_printf_core
</UL>

<P><STRONG><a name="[252]"></a>_printf_core</STRONG> (Thumb, 1744 bytes, Stack size 136 bytes, printfa.o(i._printf_core), UNUSED)
<BR><BR>[Calls]<UL><LI><a href="#[257]">&gt;&gt;</a>&nbsp;&nbsp;&nbsp;__aeabi_uidivmod
<LI><a href="#[255]">&gt;&gt;</a>&nbsp;&nbsp;&nbsp;_printf_pre_padding
<LI><a href="#[256]">&gt;&gt;</a>&nbsp;&nbsp;&nbsp;_printf_post_padding
<LI><a href="#[253]">&gt;&gt;</a>&nbsp;&nbsp;&nbsp;_fp_digits
<LI><a href="#[6d]">&gt;&gt;</a>&nbsp;&nbsp;&nbsp;__aeabi_uldivmod
</UL>
<BR>[Called By]<UL><LI><a href="#[251]">&gt;&gt;</a>&nbsp;&nbsp;&nbsp;__0vsnprintf
</UL>

<P><STRONG><a name="[256]"></a>_printf_post_padding</STRONG> (Thumb, 36 bytes, Stack size 24 bytes, printfa.o(i._printf_post_padding), UNUSED)
<BR><BR>[Called By]<UL><LI><a href="#[252]">&gt;&gt;</a>&nbsp;&nbsp;&nbsp;_printf_core
</UL>

<P><STRONG><a name="[255]"></a>_printf_pre_padding</STRONG> (Thumb, 46 bytes, Stack size 24 bytes, printfa.o(i._printf_pre_padding), UNUSED)
<BR><BR>[Called By]<UL><LI><a href="#[252]">&gt;&gt;</a>&nbsp;&nbsp;&nbsp;_printf_core
</UL>

<P><STRONG><a name="[68]"></a>_snputc</STRONG> (Thumb, 22 bytes, Stack size 0 bytes, printfa.o(i._snputc))
<BR>[Address Reference Count : 1]<UL><LI> printfa.o(i.__0vsnprintf)
</UL><P>
<H3>
Undefined Global Symbols
</H3><HR></body></html>
