<!doctype html public "-//w3c//dtd html 4.0 transitional//en">
<html><head>
<title>Static Call Graph - [STM32F407VET6Project\STM32F407VET6Project.axf]</title></head>
<body><HR>
<H1>Static Call Graph for image STM32F407VET6Project\STM32F407VET6Project.axf</H1><HR>
<BR><P>#&#060CALLGRAPH&#062# ARM Linker, 6130100: Last Updated: Wed Dec 18 17:09:23 2019
<BR><P>
<H3>Maximum Stack Usage =        600 bytes + Unknown(Cycles, Untraceable Function Pointers)</H3><H3>
Call chain for Maximum Stack Depth:</H3>
main &rArr; Sys_Init &rArr; USARTTask_Init &rArr; USARTLib_Init &rArr; USART_Init &rArr; USART1_Init &rArr; LL_USART_Init &rArr; LL_RCC_GetSystemClocksFreq &rArr; RCC_GetSystemClockFreq &rArr; RCC_PLL_GetFreqDomain_SYS
<P>
<H3>
Mutually Recursive functions
</H3> <LI><a href="#[1c]">ADC_IRQHandler</a>&nbsp;&nbsp;&nbsp;&rArr;&nbsp;&nbsp;&nbsp;<a href="#[1c]">ADC_IRQHandler</a><BR>
 <LI><a href="#[81]">DelayN_ms</a>&nbsp;&nbsp;&nbsp;&rArr;&nbsp;&nbsp;&nbsp;<a href="#[80]">DelayN_us</a><BR>
</UL>
<P>
<H3>
Function Pointers
</H3><UL>
 <LI><a href="#[1c]">ADC_IRQHandler</a> from startup_stm32f407xx.o(.text) referenced from startup_stm32f407xx.o(RESET)
 <LI><a href="#[4]">BusFault_Handler</a> from stm32f4xx_it.o(.text.BusFault_Handler) referenced from startup_stm32f407xx.o(RESET)
 <LI><a href="#[1e]">CAN1_RX0_IRQHandler</a> from startup_stm32f407xx.o(.text) referenced from startup_stm32f407xx.o(RESET)
 <LI><a href="#[1f]">CAN1_RX1_IRQHandler</a> from startup_stm32f407xx.o(.text) referenced from startup_stm32f407xx.o(RESET)
 <LI><a href="#[20]">CAN1_SCE_IRQHandler</a> from startup_stm32f407xx.o(.text) referenced from startup_stm32f407xx.o(RESET)
 <LI><a href="#[1d]">CAN1_TX_IRQHandler</a> from startup_stm32f407xx.o(.text) referenced from startup_stm32f407xx.o(RESET)
 <LI><a href="#[4a]">CAN2_RX0_IRQHandler</a> from startup_stm32f407xx.o(.text) referenced from startup_stm32f407xx.o(RESET)
 <LI><a href="#[4b]">CAN2_RX1_IRQHandler</a> from startup_stm32f407xx.o(.text) referenced from startup_stm32f407xx.o(RESET)
 <LI><a href="#[4c]">CAN2_SCE_IRQHandler</a> from startup_stm32f407xx.o(.text) referenced from startup_stm32f407xx.o(RESET)
 <LI><a href="#[49]">CAN2_TX_IRQHandler</a> from startup_stm32f407xx.o(.text) referenced from startup_stm32f407xx.o(RESET)
 <LI><a href="#[58]">DCMI_IRQHandler</a> from startup_stm32f407xx.o(.text) referenced from startup_stm32f407xx.o(RESET)
 <LI><a href="#[15]">DMA1_Stream0_IRQHandler</a> from startup_stm32f407xx.o(.text) referenced from startup_stm32f407xx.o(RESET)
 <LI><a href="#[16]">DMA1_Stream1_IRQHandler</a> from startup_stm32f407xx.o(.text) referenced from startup_stm32f407xx.o(RESET)
 <LI><a href="#[17]">DMA1_Stream2_IRQHandler</a> from startup_stm32f407xx.o(.text) referenced from startup_stm32f407xx.o(RESET)
 <LI><a href="#[18]">DMA1_Stream3_IRQHandler</a> from startup_stm32f407xx.o(.text) referenced from startup_stm32f407xx.o(RESET)
 <LI><a href="#[19]">DMA1_Stream4_IRQHandler</a> from startup_stm32f407xx.o(.text) referenced from startup_stm32f407xx.o(RESET)
 <LI><a href="#[1a]">DMA1_Stream5_IRQHandler</a> from startup_stm32f407xx.o(.text) referenced from startup_stm32f407xx.o(RESET)
 <LI><a href="#[1b]">DMA1_Stream6_IRQHandler</a> from startup_stm32f407xx.o(.text) referenced from startup_stm32f407xx.o(RESET)
 <LI><a href="#[39]">DMA1_Stream7_IRQHandler</a> from startup_stm32f407xx.o(.text) referenced from startup_stm32f407xx.o(RESET)
 <LI><a href="#[42]">DMA2_Stream0_IRQHandler</a> from startup_stm32f407xx.o(.text) referenced from startup_stm32f407xx.o(RESET)
 <LI><a href="#[43]">DMA2_Stream1_IRQHandler</a> from startup_stm32f407xx.o(.text) referenced from startup_stm32f407xx.o(RESET)
 <LI><a href="#[44]">DMA2_Stream2_IRQHandler</a> from startup_stm32f407xx.o(.text) referenced from startup_stm32f407xx.o(RESET)
 <LI><a href="#[45]">DMA2_Stream3_IRQHandler</a> from startup_stm32f407xx.o(.text) referenced from startup_stm32f407xx.o(RESET)
 <LI><a href="#[46]">DMA2_Stream4_IRQHandler</a> from startup_stm32f407xx.o(.text) referenced from startup_stm32f407xx.o(RESET)
 <LI><a href="#[4e]">DMA2_Stream5_IRQHandler</a> from startup_stm32f407xx.o(.text) referenced from startup_stm32f407xx.o(RESET)
 <LI><a href="#[4f]">DMA2_Stream6_IRQHandler</a> from startup_stm32f407xx.o(.text) referenced from startup_stm32f407xx.o(RESET)
 <LI><a href="#[50]">DMA2_Stream7_IRQHandler</a> from startup_stm32f407xx.o(.text) referenced from startup_stm32f407xx.o(RESET)
 <LI><a href="#[7]">DebugMon_Handler</a> from stm32f4xx_it.o(.text.DebugMon_Handler) referenced from startup_stm32f407xx.o(RESET)
 <LI><a href="#[5e]">DelayTask_us</a> from delay_task.o(.text.DelayTask_us) referenced 2 times from i2c_cfg.o(.text.I2C_MSW_Init)
 <LI><a href="#[5e]">DelayTask_us</a> from delay_task.o(.text.DelayTask_us) referenced 2 times from main.o(.text.Sys_Init)
 <LI><a href="#[47]">ETH_IRQHandler</a> from startup_stm32f407xx.o(.text) referenced from startup_stm32f407xx.o(RESET)
 <LI><a href="#[48]">ETH_WKUP_IRQHandler</a> from startup_stm32f407xx.o(.text) referenced from startup_stm32f407xx.o(RESET)
 <LI><a href="#[10]">EXTI0_IRQHandler</a> from startup_stm32f407xx.o(.text) referenced from startup_stm32f407xx.o(RESET)
 <LI><a href="#[32]">EXTI15_10_IRQHandler</a> from startup_stm32f407xx.o(.text) referenced from startup_stm32f407xx.o(RESET)
 <LI><a href="#[11]">EXTI1_IRQHandler</a> from startup_stm32f407xx.o(.text) referenced from startup_stm32f407xx.o(RESET)
 <LI><a href="#[12]">EXTI2_IRQHandler</a> from startup_stm32f407xx.o(.text) referenced from startup_stm32f407xx.o(RESET)
 <LI><a href="#[13]">EXTI3_IRQHandler</a> from startup_stm32f407xx.o(.text) referenced from startup_stm32f407xx.o(RESET)
 <LI><a href="#[14]">EXTI4_IRQHandler</a> from startup_stm32f407xx.o(.text) referenced from startup_stm32f407xx.o(RESET)
 <LI><a href="#[21]">EXTI9_5_IRQHandler</a> from startup_stm32f407xx.o(.text) referenced from startup_stm32f407xx.o(RESET)
 <LI><a href="#[e]">FLASH_IRQHandler</a> from startup_stm32f407xx.o(.text) referenced from startup_stm32f407xx.o(RESET)
 <LI><a href="#[3a]">FMC_IRQHandler</a> from startup_stm32f407xx.o(.text) referenced from startup_stm32f407xx.o(RESET)
 <LI><a href="#[5a]">FPU_IRQHandler</a> from startup_stm32f407xx.o(.text) referenced from startup_stm32f407xx.o(RESET)
 <LI><a href="#[5f]">HAL_IncTick</a> from stm32f4xx_hal.o(.text.HAL_IncTick) referenced 2 times from systick_cfg.o(.text.SysTick_msInit)
 <LI><a href="#[59]">HASH_RNG_IRQHandler</a> from stm32f4xx_it.o(.text.HASH_RNG_IRQHandler) referenced from startup_stm32f407xx.o(RESET)
 <LI><a href="#[2]">HardFault_Handler</a> from stm32f4xx_it.o(.text.HardFault_Handler) referenced from startup_stm32f407xx.o(RESET)
 <LI><a href="#[2a]">I2C1_ER_IRQHandler</a> from startup_stm32f407xx.o(.text) referenced from startup_stm32f407xx.o(RESET)
 <LI><a href="#[29]">I2C1_EV_IRQHandler</a> from startup_stm32f407xx.o(.text) referenced from startup_stm32f407xx.o(RESET)
 <LI><a href="#[2c]">I2C2_ER_IRQHandler</a> from startup_stm32f407xx.o(.text) referenced from startup_stm32f407xx.o(RESET)
 <LI><a href="#[2b]">I2C2_EV_IRQHandler</a> from startup_stm32f407xx.o(.text) referenced from startup_stm32f407xx.o(RESET)
 <LI><a href="#[53]">I2C3_ER_IRQHandler</a> from startup_stm32f407xx.o(.text) referenced from startup_stm32f407xx.o(RESET)
 <LI><a href="#[52]">I2C3_EV_IRQHandler</a> from startup_stm32f407xx.o(.text) referenced from startup_stm32f407xx.o(RESET)
 <LI><a href="#[3]">MemManage_Handler</a> from stm32f4xx_it.o(.text.MemManage_Handler) referenced from startup_stm32f407xx.o(RESET)
 <LI><a href="#[62]">MyMemInit</a> from my_malloc.o(.text.MyMemInit) referenced from my_malloc.o(.data.g_MyaMallcoDev)
 <LI><a href="#[63]">MyMemusedRate</a> from my_malloc.o(.text.MyMemusedRate) referenced from my_malloc.o(.data.g_MyaMallcoDev)
 <LI><a href="#[1]">NMI_Handler</a> from stm32f4xx_it.o(.text.NMI_Handler) referenced from startup_stm32f407xx.o(RESET)
 <LI><a href="#[4d]">OTG_FS_IRQHandler</a> from startup_stm32f407xx.o(.text) referenced from startup_stm32f407xx.o(RESET)
 <LI><a href="#[34]">OTG_FS_WKUP_IRQHandler</a> from startup_stm32f407xx.o(.text) referenced from startup_stm32f407xx.o(RESET)
 <LI><a href="#[55]">OTG_HS_EP1_IN_IRQHandler</a> from startup_stm32f407xx.o(.text) referenced from startup_stm32f407xx.o(RESET)
 <LI><a href="#[54]">OTG_HS_EP1_OUT_IRQHandler</a> from startup_stm32f407xx.o(.text) referenced from startup_stm32f407xx.o(RESET)
 <LI><a href="#[57]">OTG_HS_IRQHandler</a> from startup_stm32f407xx.o(.text) referenced from startup_stm32f407xx.o(RESET)
 <LI><a href="#[56]">OTG_HS_WKUP_IRQHandler</a> from startup_stm32f407xx.o(.text) referenced from startup_stm32f407xx.o(RESET)
 <LI><a href="#[b]">PVD_IRQHandler</a> from stm32f4xx_it.o(.text.PVD_IRQHandler) referenced from startup_stm32f407xx.o(RESET)
 <LI><a href="#[8]">PendSV_Handler</a> from stm32f4xx_it.o(.text.PendSV_Handler) referenced from startup_stm32f407xx.o(RESET)
 <LI><a href="#[f]">RCC_IRQHandler</a> from stm32f4xx_it.o(.text.RCC_IRQHandler) referenced from startup_stm32f407xx.o(RESET)
 <LI><a href="#[33]">RTC_Alarm_IRQHandler</a> from startup_stm32f407xx.o(.text) referenced from startup_stm32f407xx.o(RESET)
 <LI><a href="#[d]">RTC_WKUP_IRQHandler</a> from startup_stm32f407xx.o(.text) referenced from startup_stm32f407xx.o(RESET)
 <LI><a href="#[0]">Reset_Handler</a> from startup_stm32f407xx.o(.text) referenced from startup_stm32f407xx.o(RESET)
 <LI><a href="#[3b]">SDIO_IRQHandler</a> from startup_stm32f407xx.o(.text) referenced from startup_stm32f407xx.o(RESET)
 <LI><a href="#[2d]">SPI1_IRQHandler</a> from startup_stm32f407xx.o(.text) referenced from startup_stm32f407xx.o(RESET)
 <LI><a href="#[2e]">SPI2_IRQHandler</a> from startup_stm32f407xx.o(.text) referenced from startup_stm32f407xx.o(RESET)
 <LI><a href="#[3d]">SPI3_IRQHandler</a> from startup_stm32f407xx.o(.text) referenced from startup_stm32f407xx.o(RESET)
 <LI><a href="#[6]">SVC_Handler</a> from stm32f4xx_it.o(.text.SVC_Handler) referenced from startup_stm32f407xx.o(RESET)
 <LI><a href="#[60]">SysTickTask_GetTick</a> from systick_task.o(.text.SysTickTask_GetTick) referenced 2 times from main.o(.text.Sys_Init)
 <LI><a href="#[9]">SysTick_Handler</a> from stm32f4xx_it.o(.text.SysTick_Handler) referenced from startup_stm32f407xx.o(RESET)
 <LI><a href="#[5c]">SystemInit</a> from system_stm32f4xx.o(.text.SystemInit) referenced from startup_stm32f407xx.o(.text)
 <LI><a href="#[c]">TAMP_STAMP_IRQHandler</a> from startup_stm32f407xx.o(.text) referenced from startup_stm32f407xx.o(RESET)
 <LI><a href="#[22]">TIM1_BRK_TIM9_IRQHandler</a> from startup_stm32f407xx.o(.text) referenced from startup_stm32f407xx.o(RESET)
 <LI><a href="#[25]">TIM1_CC_IRQHandler</a> from startup_stm32f407xx.o(.text) referenced from startup_stm32f407xx.o(RESET)
 <LI><a href="#[24]">TIM1_TRG_COM_TIM11_IRQHandler</a> from startup_stm32f407xx.o(.text) referenced from startup_stm32f407xx.o(RESET)
 <LI><a href="#[23]">TIM1_UP_TIM10_IRQHandler</a> from startup_stm32f407xx.o(.text) referenced from startup_stm32f407xx.o(RESET)
 <LI><a href="#[26]">TIM2_IRQHandler</a> from startup_stm32f407xx.o(.text) referenced from startup_stm32f407xx.o(RESET)
 <LI><a href="#[27]">TIM3_IRQHandler</a> from startup_stm32f407xx.o(.text) referenced from startup_stm32f407xx.o(RESET)
 <LI><a href="#[28]">TIM4_IRQHandler</a> from startup_stm32f407xx.o(.text) referenced from startup_stm32f407xx.o(RESET)
 <LI><a href="#[3c]">TIM5_IRQHandler</a> from startup_stm32f407xx.o(.text) referenced from startup_stm32f407xx.o(RESET)
 <LI><a href="#[40]">TIM6_DAC_IRQHandler</a> from startup_stm32f407xx.o(.text) referenced from startup_stm32f407xx.o(RESET)
 <LI><a href="#[41]">TIM7_IRQHandler</a> from startup_stm32f407xx.o(.text) referenced from startup_stm32f407xx.o(RESET)
 <LI><a href="#[35]">TIM8_BRK_TIM12_IRQHandler</a> from startup_stm32f407xx.o(.text) referenced from startup_stm32f407xx.o(RESET)
 <LI><a href="#[38]">TIM8_CC_IRQHandler</a> from startup_stm32f407xx.o(.text) referenced from startup_stm32f407xx.o(RESET)
 <LI><a href="#[37]">TIM8_TRG_COM_TIM14_IRQHandler</a> from startup_stm32f407xx.o(.text) referenced from startup_stm32f407xx.o(RESET)
 <LI><a href="#[36]">TIM8_UP_TIM13_IRQHandler</a> from startup_stm32f407xx.o(.text) referenced from startup_stm32f407xx.o(RESET)
 <LI><a href="#[3e]">UART4_IRQHandler</a> from startup_stm32f407xx.o(.text) referenced from startup_stm32f407xx.o(RESET)
 <LI><a href="#[3f]">UART5_IRQHandler</a> from startup_stm32f407xx.o(.text) referenced from startup_stm32f407xx.o(RESET)
 <LI><a href="#[2f]">USART1_IRQHandler</a> from stm32f4xx_it.o(.text.USART1_IRQHandler) referenced from startup_stm32f407xx.o(RESET)
 <LI><a href="#[30]">USART2_IRQHandler</a> from startup_stm32f407xx.o(.text) referenced from startup_stm32f407xx.o(RESET)
 <LI><a href="#[31]">USART3_IRQHandler</a> from startup_stm32f407xx.o(.text) referenced from startup_stm32f407xx.o(RESET)
 <LI><a href="#[51]">USART6_IRQHandler</a> from startup_stm32f407xx.o(.text) referenced from startup_stm32f407xx.o(RESET)
 <LI><a href="#[5]">UsageFault_Handler</a> from stm32f4xx_it.o(.text.UsageFault_Handler) referenced from startup_stm32f407xx.o(RESET)
 <LI><a href="#[a]">WWDG_IRQHandler</a> from stm32f4xx_it.o(.text.WWDG_IRQHandler) referenced from startup_stm32f407xx.o(RESET)
 <LI><a href="#[5d]">__main</a> from entry.o(.ARM.Collect$$$$00000000) referenced from startup_stm32f407xx.o(.text)
 <LI><a href="#[61]">_snputc</a> from printfa.o(i._snputc) referenced from printfa.o(i.__0vsnprintf)
 <LI><a href="#[5b]">main</a> from main.o(.text.main) referenced from entry9a.o(.ARM.Collect$$$$0000000B)
</UL>
<P>
<H3>
Global Symbols
</H3>
<P><STRONG><a name="[5d]"></a>__main</STRONG> (Thumb, 0 bytes, Stack size unknown bytes, entry.o(.ARM.Collect$$$$00000000))
<BR>[Address Reference Count : 1]<UL><LI> startup_stm32f407xx.o(.text)
</UL>
<P><STRONG><a name="[195]"></a>_main_stk</STRONG> (Thumb, 0 bytes, Stack size unknown bytes, entry2.o(.ARM.Collect$$$$00000001))

<P><STRONG><a name="[64]"></a>_main_scatterload</STRONG> (Thumb, 0 bytes, Stack size unknown bytes, entry5.o(.ARM.Collect$$$$00000004))
<BR><BR>[Calls]<UL><LI><a href="#[65]">&gt;&gt;</a>&nbsp;&nbsp;&nbsp;__scatterload
</UL>

<P><STRONG><a name="[73]"></a>__main_after_scatterload</STRONG> (Thumb, 0 bytes, Stack size unknown bytes, entry5.o(.ARM.Collect$$$$00000004))
<BR><BR>[Called By]<UL><LI><a href="#[65]">&gt;&gt;</a>&nbsp;&nbsp;&nbsp;__scatterload
</UL>

<P><STRONG><a name="[196]"></a>_main_clock</STRONG> (Thumb, 0 bytes, Stack size unknown bytes, entry7b.o(.ARM.Collect$$$$00000008))

<P><STRONG><a name="[197]"></a>_main_cpp_init</STRONG> (Thumb, 0 bytes, Stack size unknown bytes, entry8b.o(.ARM.Collect$$$$0000000A))

<P><STRONG><a name="[198]"></a>_main_init</STRONG> (Thumb, 0 bytes, Stack size unknown bytes, entry9a.o(.ARM.Collect$$$$0000000B))

<P><STRONG><a name="[199]"></a>__rt_final_cpp</STRONG> (Thumb, 0 bytes, Stack size unknown bytes, entry10a.o(.ARM.Collect$$$$0000000D))

<P><STRONG><a name="[19a]"></a>__rt_final_exit</STRONG> (Thumb, 0 bytes, Stack size unknown bytes, entry11a.o(.ARM.Collect$$$$0000000F))

<P><STRONG><a name="[0]"></a>Reset_Handler</STRONG> (Thumb, 8 bytes, Stack size 0 bytes, startup_stm32f407xx.o(.text))
<BR>[Address Reference Count : 1]<UL><LI> startup_stm32f407xx.o(RESET)
</UL>
<P><STRONG><a name="[1c]"></a>ADC_IRQHandler</STRONG> (Thumb, 0 bytes, Stack size 0 bytes, startup_stm32f407xx.o(.text))
<BR><BR>[Calls]<UL><LI><a href="#[1c]">&gt;&gt;</a>&nbsp;&nbsp;&nbsp;ADC_IRQHandler
</UL>
<BR>[Called By]<UL><LI><a href="#[1c]">&gt;&gt;</a>&nbsp;&nbsp;&nbsp;ADC_IRQHandler
</UL>
<BR>[Address Reference Count : 1]<UL><LI> startup_stm32f407xx.o(RESET)
</UL>
<P><STRONG><a name="[1e]"></a>CAN1_RX0_IRQHandler</STRONG> (Thumb, 0 bytes, Stack size 0 bytes, startup_stm32f407xx.o(.text))
<BR>[Address Reference Count : 1]<UL><LI> startup_stm32f407xx.o(RESET)
</UL>
<P><STRONG><a name="[1f]"></a>CAN1_RX1_IRQHandler</STRONG> (Thumb, 0 bytes, Stack size 0 bytes, startup_stm32f407xx.o(.text))
<BR>[Address Reference Count : 1]<UL><LI> startup_stm32f407xx.o(RESET)
</UL>
<P><STRONG><a name="[20]"></a>CAN1_SCE_IRQHandler</STRONG> (Thumb, 0 bytes, Stack size 0 bytes, startup_stm32f407xx.o(.text))
<BR>[Address Reference Count : 1]<UL><LI> startup_stm32f407xx.o(RESET)
</UL>
<P><STRONG><a name="[1d]"></a>CAN1_TX_IRQHandler</STRONG> (Thumb, 0 bytes, Stack size 0 bytes, startup_stm32f407xx.o(.text))
<BR>[Address Reference Count : 1]<UL><LI> startup_stm32f407xx.o(RESET)
</UL>
<P><STRONG><a name="[4a]"></a>CAN2_RX0_IRQHandler</STRONG> (Thumb, 0 bytes, Stack size 0 bytes, startup_stm32f407xx.o(.text))
<BR>[Address Reference Count : 1]<UL><LI> startup_stm32f407xx.o(RESET)
</UL>
<P><STRONG><a name="[4b]"></a>CAN2_RX1_IRQHandler</STRONG> (Thumb, 0 bytes, Stack size 0 bytes, startup_stm32f407xx.o(.text))
<BR>[Address Reference Count : 1]<UL><LI> startup_stm32f407xx.o(RESET)
</UL>
<P><STRONG><a name="[4c]"></a>CAN2_SCE_IRQHandler</STRONG> (Thumb, 0 bytes, Stack size 0 bytes, startup_stm32f407xx.o(.text))
<BR>[Address Reference Count : 1]<UL><LI> startup_stm32f407xx.o(RESET)
</UL>
<P><STRONG><a name="[49]"></a>CAN2_TX_IRQHandler</STRONG> (Thumb, 0 bytes, Stack size 0 bytes, startup_stm32f407xx.o(.text))
<BR>[Address Reference Count : 1]<UL><LI> startup_stm32f407xx.o(RESET)
</UL>
<P><STRONG><a name="[58]"></a>DCMI_IRQHandler</STRONG> (Thumb, 0 bytes, Stack size 0 bytes, startup_stm32f407xx.o(.text))
<BR>[Address Reference Count : 1]<UL><LI> startup_stm32f407xx.o(RESET)
</UL>
<P><STRONG><a name="[15]"></a>DMA1_Stream0_IRQHandler</STRONG> (Thumb, 0 bytes, Stack size 0 bytes, startup_stm32f407xx.o(.text))
<BR>[Address Reference Count : 1]<UL><LI> startup_stm32f407xx.o(RESET)
</UL>
<P><STRONG><a name="[16]"></a>DMA1_Stream1_IRQHandler</STRONG> (Thumb, 0 bytes, Stack size 0 bytes, startup_stm32f407xx.o(.text))
<BR>[Address Reference Count : 1]<UL><LI> startup_stm32f407xx.o(RESET)
</UL>
<P><STRONG><a name="[17]"></a>DMA1_Stream2_IRQHandler</STRONG> (Thumb, 0 bytes, Stack size 0 bytes, startup_stm32f407xx.o(.text))
<BR>[Address Reference Count : 1]<UL><LI> startup_stm32f407xx.o(RESET)
</UL>
<P><STRONG><a name="[18]"></a>DMA1_Stream3_IRQHandler</STRONG> (Thumb, 0 bytes, Stack size 0 bytes, startup_stm32f407xx.o(.text))
<BR>[Address Reference Count : 1]<UL><LI> startup_stm32f407xx.o(RESET)
</UL>
<P><STRONG><a name="[19]"></a>DMA1_Stream4_IRQHandler</STRONG> (Thumb, 0 bytes, Stack size 0 bytes, startup_stm32f407xx.o(.text))
<BR>[Address Reference Count : 1]<UL><LI> startup_stm32f407xx.o(RESET)
</UL>
<P><STRONG><a name="[1a]"></a>DMA1_Stream5_IRQHandler</STRONG> (Thumb, 0 bytes, Stack size 0 bytes, startup_stm32f407xx.o(.text))
<BR>[Address Reference Count : 1]<UL><LI> startup_stm32f407xx.o(RESET)
</UL>
<P><STRONG><a name="[1b]"></a>DMA1_Stream6_IRQHandler</STRONG> (Thumb, 0 bytes, Stack size 0 bytes, startup_stm32f407xx.o(.text))
<BR>[Address Reference Count : 1]<UL><LI> startup_stm32f407xx.o(RESET)
</UL>
<P><STRONG><a name="[39]"></a>DMA1_Stream7_IRQHandler</STRONG> (Thumb, 0 bytes, Stack size 0 bytes, startup_stm32f407xx.o(.text))
<BR>[Address Reference Count : 1]<UL><LI> startup_stm32f407xx.o(RESET)
</UL>
<P><STRONG><a name="[42]"></a>DMA2_Stream0_IRQHandler</STRONG> (Thumb, 0 bytes, Stack size 0 bytes, startup_stm32f407xx.o(.text))
<BR>[Address Reference Count : 1]<UL><LI> startup_stm32f407xx.o(RESET)
</UL>
<P><STRONG><a name="[43]"></a>DMA2_Stream1_IRQHandler</STRONG> (Thumb, 0 bytes, Stack size 0 bytes, startup_stm32f407xx.o(.text))
<BR>[Address Reference Count : 1]<UL><LI> startup_stm32f407xx.o(RESET)
</UL>
<P><STRONG><a name="[44]"></a>DMA2_Stream2_IRQHandler</STRONG> (Thumb, 0 bytes, Stack size 0 bytes, startup_stm32f407xx.o(.text))
<BR>[Address Reference Count : 1]<UL><LI> startup_stm32f407xx.o(RESET)
</UL>
<P><STRONG><a name="[45]"></a>DMA2_Stream3_IRQHandler</STRONG> (Thumb, 0 bytes, Stack size 0 bytes, startup_stm32f407xx.o(.text))
<BR>[Address Reference Count : 1]<UL><LI> startup_stm32f407xx.o(RESET)
</UL>
<P><STRONG><a name="[46]"></a>DMA2_Stream4_IRQHandler</STRONG> (Thumb, 0 bytes, Stack size 0 bytes, startup_stm32f407xx.o(.text))
<BR>[Address Reference Count : 1]<UL><LI> startup_stm32f407xx.o(RESET)
</UL>
<P><STRONG><a name="[4e]"></a>DMA2_Stream5_IRQHandler</STRONG> (Thumb, 0 bytes, Stack size 0 bytes, startup_stm32f407xx.o(.text))
<BR>[Address Reference Count : 1]<UL><LI> startup_stm32f407xx.o(RESET)
</UL>
<P><STRONG><a name="[4f]"></a>DMA2_Stream6_IRQHandler</STRONG> (Thumb, 0 bytes, Stack size 0 bytes, startup_stm32f407xx.o(.text))
<BR>[Address Reference Count : 1]<UL><LI> startup_stm32f407xx.o(RESET)
</UL>
<P><STRONG><a name="[50]"></a>DMA2_Stream7_IRQHandler</STRONG> (Thumb, 0 bytes, Stack size 0 bytes, startup_stm32f407xx.o(.text))
<BR>[Address Reference Count : 1]<UL><LI> startup_stm32f407xx.o(RESET)
</UL>
<P><STRONG><a name="[47]"></a>ETH_IRQHandler</STRONG> (Thumb, 0 bytes, Stack size 0 bytes, startup_stm32f407xx.o(.text))
<BR>[Address Reference Count : 1]<UL><LI> startup_stm32f407xx.o(RESET)
</UL>
<P><STRONG><a name="[48]"></a>ETH_WKUP_IRQHandler</STRONG> (Thumb, 0 bytes, Stack size 0 bytes, startup_stm32f407xx.o(.text))
<BR>[Address Reference Count : 1]<UL><LI> startup_stm32f407xx.o(RESET)
</UL>
<P><STRONG><a name="[10]"></a>EXTI0_IRQHandler</STRONG> (Thumb, 0 bytes, Stack size 0 bytes, startup_stm32f407xx.o(.text))
<BR>[Address Reference Count : 1]<UL><LI> startup_stm32f407xx.o(RESET)
</UL>
<P><STRONG><a name="[32]"></a>EXTI15_10_IRQHandler</STRONG> (Thumb, 0 bytes, Stack size 0 bytes, startup_stm32f407xx.o(.text))
<BR>[Address Reference Count : 1]<UL><LI> startup_stm32f407xx.o(RESET)
</UL>
<P><STRONG><a name="[11]"></a>EXTI1_IRQHandler</STRONG> (Thumb, 0 bytes, Stack size 0 bytes, startup_stm32f407xx.o(.text))
<BR>[Address Reference Count : 1]<UL><LI> startup_stm32f407xx.o(RESET)
</UL>
<P><STRONG><a name="[12]"></a>EXTI2_IRQHandler</STRONG> (Thumb, 0 bytes, Stack size 0 bytes, startup_stm32f407xx.o(.text))
<BR>[Address Reference Count : 1]<UL><LI> startup_stm32f407xx.o(RESET)
</UL>
<P><STRONG><a name="[13]"></a>EXTI3_IRQHandler</STRONG> (Thumb, 0 bytes, Stack size 0 bytes, startup_stm32f407xx.o(.text))
<BR>[Address Reference Count : 1]<UL><LI> startup_stm32f407xx.o(RESET)
</UL>
<P><STRONG><a name="[14]"></a>EXTI4_IRQHandler</STRONG> (Thumb, 0 bytes, Stack size 0 bytes, startup_stm32f407xx.o(.text))
<BR>[Address Reference Count : 1]<UL><LI> startup_stm32f407xx.o(RESET)
</UL>
<P><STRONG><a name="[21]"></a>EXTI9_5_IRQHandler</STRONG> (Thumb, 0 bytes, Stack size 0 bytes, startup_stm32f407xx.o(.text))
<BR>[Address Reference Count : 1]<UL><LI> startup_stm32f407xx.o(RESET)
</UL>
<P><STRONG><a name="[e]"></a>FLASH_IRQHandler</STRONG> (Thumb, 0 bytes, Stack size 0 bytes, startup_stm32f407xx.o(.text))
<BR>[Address Reference Count : 1]<UL><LI> startup_stm32f407xx.o(RESET)
</UL>
<P><STRONG><a name="[3a]"></a>FMC_IRQHandler</STRONG> (Thumb, 0 bytes, Stack size 0 bytes, startup_stm32f407xx.o(.text))
<BR>[Address Reference Count : 1]<UL><LI> startup_stm32f407xx.o(RESET)
</UL>
<P><STRONG><a name="[5a]"></a>FPU_IRQHandler</STRONG> (Thumb, 0 bytes, Stack size 0 bytes, startup_stm32f407xx.o(.text))
<BR>[Address Reference Count : 1]<UL><LI> startup_stm32f407xx.o(RESET)
</UL>
<P><STRONG><a name="[2a]"></a>I2C1_ER_IRQHandler</STRONG> (Thumb, 0 bytes, Stack size 0 bytes, startup_stm32f407xx.o(.text))
<BR>[Address Reference Count : 1]<UL><LI> startup_stm32f407xx.o(RESET)
</UL>
<P><STRONG><a name="[29]"></a>I2C1_EV_IRQHandler</STRONG> (Thumb, 0 bytes, Stack size 0 bytes, startup_stm32f407xx.o(.text))
<BR>[Address Reference Count : 1]<UL><LI> startup_stm32f407xx.o(RESET)
</UL>
<P><STRONG><a name="[2c]"></a>I2C2_ER_IRQHandler</STRONG> (Thumb, 0 bytes, Stack size 0 bytes, startup_stm32f407xx.o(.text))
<BR>[Address Reference Count : 1]<UL><LI> startup_stm32f407xx.o(RESET)
</UL>
<P><STRONG><a name="[2b]"></a>I2C2_EV_IRQHandler</STRONG> (Thumb, 0 bytes, Stack size 0 bytes, startup_stm32f407xx.o(.text))
<BR>[Address Reference Count : 1]<UL><LI> startup_stm32f407xx.o(RESET)
</UL>
<P><STRONG><a name="[53]"></a>I2C3_ER_IRQHandler</STRONG> (Thumb, 0 bytes, Stack size 0 bytes, startup_stm32f407xx.o(.text))
<BR>[Address Reference Count : 1]<UL><LI> startup_stm32f407xx.o(RESET)
</UL>
<P><STRONG><a name="[52]"></a>I2C3_EV_IRQHandler</STRONG> (Thumb, 0 bytes, Stack size 0 bytes, startup_stm32f407xx.o(.text))
<BR>[Address Reference Count : 1]<UL><LI> startup_stm32f407xx.o(RESET)
</UL>
<P><STRONG><a name="[4d]"></a>OTG_FS_IRQHandler</STRONG> (Thumb, 0 bytes, Stack size 0 bytes, startup_stm32f407xx.o(.text))
<BR>[Address Reference Count : 1]<UL><LI> startup_stm32f407xx.o(RESET)
</UL>
<P><STRONG><a name="[34]"></a>OTG_FS_WKUP_IRQHandler</STRONG> (Thumb, 0 bytes, Stack size 0 bytes, startup_stm32f407xx.o(.text))
<BR>[Address Reference Count : 1]<UL><LI> startup_stm32f407xx.o(RESET)
</UL>
<P><STRONG><a name="[55]"></a>OTG_HS_EP1_IN_IRQHandler</STRONG> (Thumb, 0 bytes, Stack size 0 bytes, startup_stm32f407xx.o(.text))
<BR>[Address Reference Count : 1]<UL><LI> startup_stm32f407xx.o(RESET)
</UL>
<P><STRONG><a name="[54]"></a>OTG_HS_EP1_OUT_IRQHandler</STRONG> (Thumb, 0 bytes, Stack size 0 bytes, startup_stm32f407xx.o(.text))
<BR>[Address Reference Count : 1]<UL><LI> startup_stm32f407xx.o(RESET)
</UL>
<P><STRONG><a name="[57]"></a>OTG_HS_IRQHandler</STRONG> (Thumb, 0 bytes, Stack size 0 bytes, startup_stm32f407xx.o(.text))
<BR>[Address Reference Count : 1]<UL><LI> startup_stm32f407xx.o(RESET)
</UL>
<P><STRONG><a name="[56]"></a>OTG_HS_WKUP_IRQHandler</STRONG> (Thumb, 0 bytes, Stack size 0 bytes, startup_stm32f407xx.o(.text))
<BR>[Address Reference Count : 1]<UL><LI> startup_stm32f407xx.o(RESET)
</UL>
<P><STRONG><a name="[33]"></a>RTC_Alarm_IRQHandler</STRONG> (Thumb, 0 bytes, Stack size 0 bytes, startup_stm32f407xx.o(.text))
<BR>[Address Reference Count : 1]<UL><LI> startup_stm32f407xx.o(RESET)
</UL>
<P><STRONG><a name="[d]"></a>RTC_WKUP_IRQHandler</STRONG> (Thumb, 0 bytes, Stack size 0 bytes, startup_stm32f407xx.o(.text))
<BR>[Address Reference Count : 1]<UL><LI> startup_stm32f407xx.o(RESET)
</UL>
<P><STRONG><a name="[3b]"></a>SDIO_IRQHandler</STRONG> (Thumb, 0 bytes, Stack size 0 bytes, startup_stm32f407xx.o(.text))
<BR>[Address Reference Count : 1]<UL><LI> startup_stm32f407xx.o(RESET)
</UL>
<P><STRONG><a name="[2d]"></a>SPI1_IRQHandler</STRONG> (Thumb, 0 bytes, Stack size 0 bytes, startup_stm32f407xx.o(.text))
<BR>[Address Reference Count : 1]<UL><LI> startup_stm32f407xx.o(RESET)
</UL>
<P><STRONG><a name="[2e]"></a>SPI2_IRQHandler</STRONG> (Thumb, 0 bytes, Stack size 0 bytes, startup_stm32f407xx.o(.text))
<BR>[Address Reference Count : 1]<UL><LI> startup_stm32f407xx.o(RESET)
</UL>
<P><STRONG><a name="[3d]"></a>SPI3_IRQHandler</STRONG> (Thumb, 0 bytes, Stack size 0 bytes, startup_stm32f407xx.o(.text))
<BR>[Address Reference Count : 1]<UL><LI> startup_stm32f407xx.o(RESET)
</UL>
<P><STRONG><a name="[c]"></a>TAMP_STAMP_IRQHandler</STRONG> (Thumb, 0 bytes, Stack size 0 bytes, startup_stm32f407xx.o(.text))
<BR>[Address Reference Count : 1]<UL><LI> startup_stm32f407xx.o(RESET)
</UL>
<P><STRONG><a name="[22]"></a>TIM1_BRK_TIM9_IRQHandler</STRONG> (Thumb, 0 bytes, Stack size 0 bytes, startup_stm32f407xx.o(.text))
<BR>[Address Reference Count : 1]<UL><LI> startup_stm32f407xx.o(RESET)
</UL>
<P><STRONG><a name="[25]"></a>TIM1_CC_IRQHandler</STRONG> (Thumb, 0 bytes, Stack size 0 bytes, startup_stm32f407xx.o(.text))
<BR>[Address Reference Count : 1]<UL><LI> startup_stm32f407xx.o(RESET)
</UL>
<P><STRONG><a name="[24]"></a>TIM1_TRG_COM_TIM11_IRQHandler</STRONG> (Thumb, 0 bytes, Stack size 0 bytes, startup_stm32f407xx.o(.text))
<BR>[Address Reference Count : 1]<UL><LI> startup_stm32f407xx.o(RESET)
</UL>
<P><STRONG><a name="[23]"></a>TIM1_UP_TIM10_IRQHandler</STRONG> (Thumb, 0 bytes, Stack size 0 bytes, startup_stm32f407xx.o(.text))
<BR>[Address Reference Count : 1]<UL><LI> startup_stm32f407xx.o(RESET)
</UL>
<P><STRONG><a name="[26]"></a>TIM2_IRQHandler</STRONG> (Thumb, 0 bytes, Stack size 0 bytes, startup_stm32f407xx.o(.text))
<BR>[Address Reference Count : 1]<UL><LI> startup_stm32f407xx.o(RESET)
</UL>
<P><STRONG><a name="[27]"></a>TIM3_IRQHandler</STRONG> (Thumb, 0 bytes, Stack size 0 bytes, startup_stm32f407xx.o(.text))
<BR>[Address Reference Count : 1]<UL><LI> startup_stm32f407xx.o(RESET)
</UL>
<P><STRONG><a name="[28]"></a>TIM4_IRQHandler</STRONG> (Thumb, 0 bytes, Stack size 0 bytes, startup_stm32f407xx.o(.text))
<BR>[Address Reference Count : 1]<UL><LI> startup_stm32f407xx.o(RESET)
</UL>
<P><STRONG><a name="[3c]"></a>TIM5_IRQHandler</STRONG> (Thumb, 0 bytes, Stack size 0 bytes, startup_stm32f407xx.o(.text))
<BR>[Address Reference Count : 1]<UL><LI> startup_stm32f407xx.o(RESET)
</UL>
<P><STRONG><a name="[40]"></a>TIM6_DAC_IRQHandler</STRONG> (Thumb, 0 bytes, Stack size 0 bytes, startup_stm32f407xx.o(.text))
<BR>[Address Reference Count : 1]<UL><LI> startup_stm32f407xx.o(RESET)
</UL>
<P><STRONG><a name="[41]"></a>TIM7_IRQHandler</STRONG> (Thumb, 0 bytes, Stack size 0 bytes, startup_stm32f407xx.o(.text))
<BR>[Address Reference Count : 1]<UL><LI> startup_stm32f407xx.o(RESET)
</UL>
<P><STRONG><a name="[35]"></a>TIM8_BRK_TIM12_IRQHandler</STRONG> (Thumb, 0 bytes, Stack size 0 bytes, startup_stm32f407xx.o(.text))
<BR>[Address Reference Count : 1]<UL><LI> startup_stm32f407xx.o(RESET)
</UL>
<P><STRONG><a name="[38]"></a>TIM8_CC_IRQHandler</STRONG> (Thumb, 0 bytes, Stack size 0 bytes, startup_stm32f407xx.o(.text))
<BR>[Address Reference Count : 1]<UL><LI> startup_stm32f407xx.o(RESET)
</UL>
<P><STRONG><a name="[37]"></a>TIM8_TRG_COM_TIM14_IRQHandler</STRONG> (Thumb, 0 bytes, Stack size 0 bytes, startup_stm32f407xx.o(.text))
<BR>[Address Reference Count : 1]<UL><LI> startup_stm32f407xx.o(RESET)
</UL>
<P><STRONG><a name="[36]"></a>TIM8_UP_TIM13_IRQHandler</STRONG> (Thumb, 0 bytes, Stack size 0 bytes, startup_stm32f407xx.o(.text))
<BR>[Address Reference Count : 1]<UL><LI> startup_stm32f407xx.o(RESET)
</UL>
<P><STRONG><a name="[3e]"></a>UART4_IRQHandler</STRONG> (Thumb, 0 bytes, Stack size 0 bytes, startup_stm32f407xx.o(.text))
<BR>[Address Reference Count : 1]<UL><LI> startup_stm32f407xx.o(RESET)
</UL>
<P><STRONG><a name="[3f]"></a>UART5_IRQHandler</STRONG> (Thumb, 0 bytes, Stack size 0 bytes, startup_stm32f407xx.o(.text))
<BR>[Address Reference Count : 1]<UL><LI> startup_stm32f407xx.o(RESET)
</UL>
<P><STRONG><a name="[30]"></a>USART2_IRQHandler</STRONG> (Thumb, 0 bytes, Stack size 0 bytes, startup_stm32f407xx.o(.text))
<BR>[Address Reference Count : 1]<UL><LI> startup_stm32f407xx.o(RESET)
</UL>
<P><STRONG><a name="[31]"></a>USART3_IRQHandler</STRONG> (Thumb, 0 bytes, Stack size 0 bytes, startup_stm32f407xx.o(.text))
<BR>[Address Reference Count : 1]<UL><LI> startup_stm32f407xx.o(RESET)
</UL>
<P><STRONG><a name="[51]"></a>USART6_IRQHandler</STRONG> (Thumb, 0 bytes, Stack size 0 bytes, startup_stm32f407xx.o(.text))
<BR>[Address Reference Count : 1]<UL><LI> startup_stm32f407xx.o(RESET)
</UL>
<P><STRONG><a name="[66]"></a>__aeabi_uldivmod</STRONG> (Thumb, 98 bytes, Stack size 40 bytes, uldiv.o(.text))
<BR><BR>[Stack]<UL><LI>Max Depth = 40<LI>Call Chain = __aeabi_uldivmod
</UL>
<BR>[Calls]<UL><LI><a href="#[67]">&gt;&gt;</a>&nbsp;&nbsp;&nbsp;__aeabi_llsr
<LI><a href="#[68]">&gt;&gt;</a>&nbsp;&nbsp;&nbsp;__aeabi_llsl
</UL>
<BR>[Called By]<UL><LI><a href="#[fb]">&gt;&gt;</a>&nbsp;&nbsp;&nbsp;SI5351A_CalcConfig
<LI><a href="#[18f]">&gt;&gt;</a>&nbsp;&nbsp;&nbsp;_printf_core
<LI><a href="#[190]">&gt;&gt;</a>&nbsp;&nbsp;&nbsp;_fp_digits
</UL>

<P><STRONG><a name="[69]"></a>__aeabi_dadd</STRONG> (Thumb, 322 bytes, Stack size 48 bytes, dadd.o(.text), UNUSED)
<BR><BR>[Calls]<UL><LI><a href="#[6a]">&gt;&gt;</a>&nbsp;&nbsp;&nbsp;__aeabi_lasr
<LI><a href="#[68]">&gt;&gt;</a>&nbsp;&nbsp;&nbsp;__aeabi_llsl
<LI><a href="#[6c]">&gt;&gt;</a>&nbsp;&nbsp;&nbsp;_double_round
<LI><a href="#[6b]">&gt;&gt;</a>&nbsp;&nbsp;&nbsp;_double_epilogue
</UL>
<BR>[Called By]<UL><LI><a href="#[6d]">&gt;&gt;</a>&nbsp;&nbsp;&nbsp;__aeabi_dsub
<LI><a href="#[190]">&gt;&gt;</a>&nbsp;&nbsp;&nbsp;_fp_digits
<LI><a href="#[6e]">&gt;&gt;</a>&nbsp;&nbsp;&nbsp;__aeabi_drsub
</UL>

<P><STRONG><a name="[6d]"></a>__aeabi_dsub</STRONG> (Thumb, 6 bytes, Stack size 0 bytes, dadd.o(.text), UNUSED)
<BR><BR>[Calls]<UL><LI><a href="#[69]">&gt;&gt;</a>&nbsp;&nbsp;&nbsp;__aeabi_dadd
</UL>

<P><STRONG><a name="[6e]"></a>__aeabi_drsub</STRONG> (Thumb, 6 bytes, Stack size 0 bytes, dadd.o(.text), UNUSED)
<BR><BR>[Calls]<UL><LI><a href="#[69]">&gt;&gt;</a>&nbsp;&nbsp;&nbsp;__aeabi_dadd
</UL>

<P><STRONG><a name="[6f]"></a>__aeabi_dmul</STRONG> (Thumb, 228 bytes, Stack size 48 bytes, dmul.o(.text), UNUSED)
<BR><BR>[Calls]<UL><LI><a href="#[6b]">&gt;&gt;</a>&nbsp;&nbsp;&nbsp;_double_epilogue
</UL>
<BR>[Called By]<UL><LI><a href="#[190]">&gt;&gt;</a>&nbsp;&nbsp;&nbsp;_fp_digits
</UL>

<P><STRONG><a name="[70]"></a>__aeabi_ddiv</STRONG> (Thumb, 222 bytes, Stack size 32 bytes, ddiv.o(.text), UNUSED)
<BR><BR>[Calls]<UL><LI><a href="#[6c]">&gt;&gt;</a>&nbsp;&nbsp;&nbsp;_double_round
</UL>
<BR>[Called By]<UL><LI><a href="#[190]">&gt;&gt;</a>&nbsp;&nbsp;&nbsp;_fp_digits
</UL>

<P><STRONG><a name="[71]"></a>__aeabi_f2ulz</STRONG> (Thumb, 44 bytes, Stack size 0 bytes, ffixul.o(.text))
<BR><BR>[Calls]<UL><LI><a href="#[68]">&gt;&gt;</a>&nbsp;&nbsp;&nbsp;__aeabi_llsl
</UL>
<BR>[Called By]<UL><LI><a href="#[f8]">&gt;&gt;</a>&nbsp;&nbsp;&nbsp;SI5351A_SetFreqMHz
</UL>

<P><STRONG><a name="[19b]"></a>__aeabi_uidiv</STRONG> (Thumb, 0 bytes, Stack size 12 bytes, uidiv.o(.text), UNUSED)

<P><STRONG><a name="[194]"></a>__aeabi_uidivmod</STRONG> (Thumb, 44 bytes, Stack size 12 bytes, uidiv.o(.text), UNUSED)
<BR><BR>[Called By]<UL><LI><a href="#[18f]">&gt;&gt;</a>&nbsp;&nbsp;&nbsp;_printf_core
</UL>

<P><STRONG><a name="[68]"></a>__aeabi_llsl</STRONG> (Thumb, 30 bytes, Stack size 0 bytes, llshl.o(.text))
<BR><BR>[Called By]<UL><LI><a href="#[69]">&gt;&gt;</a>&nbsp;&nbsp;&nbsp;__aeabi_dadd
<LI><a href="#[71]">&gt;&gt;</a>&nbsp;&nbsp;&nbsp;__aeabi_f2ulz
<LI><a href="#[6b]">&gt;&gt;</a>&nbsp;&nbsp;&nbsp;_double_epilogue
<LI><a href="#[72]">&gt;&gt;</a>&nbsp;&nbsp;&nbsp;__aeabi_d2ulz
<LI><a href="#[66]">&gt;&gt;</a>&nbsp;&nbsp;&nbsp;__aeabi_uldivmod
</UL>

<P><STRONG><a name="[19c]"></a>_ll_shift_l</STRONG> (Thumb, 0 bytes, Stack size 0 bytes, llshl.o(.text), UNUSED)

<P><STRONG><a name="[67]"></a>__aeabi_llsr</STRONG> (Thumb, 32 bytes, Stack size 0 bytes, llushr.o(.text))
<BR><BR>[Called By]<UL><LI><a href="#[6b]">&gt;&gt;</a>&nbsp;&nbsp;&nbsp;_double_epilogue
<LI><a href="#[72]">&gt;&gt;</a>&nbsp;&nbsp;&nbsp;__aeabi_d2ulz
<LI><a href="#[66]">&gt;&gt;</a>&nbsp;&nbsp;&nbsp;__aeabi_uldivmod
</UL>

<P><STRONG><a name="[19d]"></a>_ll_ushift_r</STRONG> (Thumb, 0 bytes, Stack size 0 bytes, llushr.o(.text), UNUSED)

<P><STRONG><a name="[6a]"></a>__aeabi_lasr</STRONG> (Thumb, 36 bytes, Stack size 0 bytes, llsshr.o(.text), UNUSED)
<BR><BR>[Called By]<UL><LI><a href="#[69]">&gt;&gt;</a>&nbsp;&nbsp;&nbsp;__aeabi_dadd
</UL>

<P><STRONG><a name="[19e]"></a>_ll_sshift_r</STRONG> (Thumb, 0 bytes, Stack size 0 bytes, llsshr.o(.text), UNUSED)

<P><STRONG><a name="[19f]"></a>__I$use$fp</STRONG> (Thumb, 0 bytes, Stack size 8 bytes, iusefp.o(.text), UNUSED)

<P><STRONG><a name="[6c]"></a>_double_round</STRONG> (Thumb, 30 bytes, Stack size 8 bytes, depilogue.o(.text), UNUSED)
<BR><BR>[Called By]<UL><LI><a href="#[70]">&gt;&gt;</a>&nbsp;&nbsp;&nbsp;__aeabi_ddiv
<LI><a href="#[69]">&gt;&gt;</a>&nbsp;&nbsp;&nbsp;__aeabi_dadd
<LI><a href="#[6b]">&gt;&gt;</a>&nbsp;&nbsp;&nbsp;_double_epilogue
</UL>

<P><STRONG><a name="[6b]"></a>_double_epilogue</STRONG> (Thumb, 156 bytes, Stack size 32 bytes, depilogue.o(.text), UNUSED)
<BR><BR>[Calls]<UL><LI><a href="#[67]">&gt;&gt;</a>&nbsp;&nbsp;&nbsp;__aeabi_llsr
<LI><a href="#[68]">&gt;&gt;</a>&nbsp;&nbsp;&nbsp;__aeabi_llsl
<LI><a href="#[6c]">&gt;&gt;</a>&nbsp;&nbsp;&nbsp;_double_round
</UL>
<BR>[Called By]<UL><LI><a href="#[69]">&gt;&gt;</a>&nbsp;&nbsp;&nbsp;__aeabi_dadd
<LI><a href="#[6f]">&gt;&gt;</a>&nbsp;&nbsp;&nbsp;__aeabi_dmul
</UL>

<P><STRONG><a name="[72]"></a>__aeabi_d2ulz</STRONG> (Thumb, 48 bytes, Stack size 0 bytes, dfixul.o(.text), UNUSED)
<BR><BR>[Calls]<UL><LI><a href="#[67]">&gt;&gt;</a>&nbsp;&nbsp;&nbsp;__aeabi_llsr
<LI><a href="#[68]">&gt;&gt;</a>&nbsp;&nbsp;&nbsp;__aeabi_llsl
</UL>
<BR>[Called By]<UL><LI><a href="#[190]">&gt;&gt;</a>&nbsp;&nbsp;&nbsp;_fp_digits
</UL>

<P><STRONG><a name="[191]"></a>__aeabi_cdrcmple</STRONG> (Thumb, 48 bytes, Stack size 0 bytes, cdrcmple.o(.text), UNUSED)
<BR><BR>[Called By]<UL><LI><a href="#[190]">&gt;&gt;</a>&nbsp;&nbsp;&nbsp;_fp_digits
</UL>

<P><STRONG><a name="[65]"></a>__scatterload</STRONG> (Thumb, 28 bytes, Stack size 0 bytes, init.o(.text))
<BR><BR>[Calls]<UL><LI><a href="#[73]">&gt;&gt;</a>&nbsp;&nbsp;&nbsp;__main_after_scatterload
</UL>
<BR>[Called By]<UL><LI><a href="#[64]">&gt;&gt;</a>&nbsp;&nbsp;&nbsp;_main_scatterload
</UL>

<P><STRONG><a name="[1a0]"></a>__scatterload_rt2</STRONG> (Thumb, 0 bytes, Stack size 0 bytes, init.o(.text), UNUSED)

<P><STRONG><a name="[4]"></a>BusFault_Handler</STRONG> (Thumb, 4 bytes, Stack size 0 bytes, stm32f4xx_it.o(.text.BusFault_Handler))
<BR>[Address Reference Count : 1]<UL><LI> startup_stm32f407xx.o(RESET)
</UL>
<P><STRONG><a name="[74]"></a>CRCLib_Enable</STRONG> (Thumb, 8 bytes, Stack size 8 bytes, crc_lib.o(.text.CRCLib_Enable))
<BR><BR>[Stack]<UL><LI>Max Depth = 8<LI>Call Chain = CRCLib_Enable
</UL>
<BR>[Calls]<UL><LI><a href="#[75]">&gt;&gt;</a>&nbsp;&nbsp;&nbsp;CRC_Enable
</UL>
<BR>[Called By]<UL><LI><a href="#[78]">&gt;&gt;</a>&nbsp;&nbsp;&nbsp;CRCTask_Enable
</UL>

<P><STRONG><a name="[76]"></a>CRCLib_Init</STRONG> (Thumb, 8 bytes, Stack size 8 bytes, crc_lib.o(.text.CRCLib_Init))
<BR><BR>[Stack]<UL><LI>Max Depth = 52<LI>Call Chain = CRCLib_Init &rArr; CRC_Init &rArr; CRC_DeInit &rArr; LL_CRC_DeInit &rArr; LL_AHB1_GRP1_ReleaseReset
</UL>
<BR>[Calls]<UL><LI><a href="#[77]">&gt;&gt;</a>&nbsp;&nbsp;&nbsp;CRC_Init
</UL>
<BR>[Called By]<UL><LI><a href="#[79]">&gt;&gt;</a>&nbsp;&nbsp;&nbsp;CRCTask_Init
</UL>

<P><STRONG><a name="[78]"></a>CRCTask_Enable</STRONG> (Thumb, 8 bytes, Stack size 8 bytes, crc_task.o(.text.CRCTask_Enable))
<BR><BR>[Stack]<UL><LI>Max Depth = 16<LI>Call Chain = CRCTask_Enable &rArr; CRCLib_Enable
</UL>
<BR>[Calls]<UL><LI><a href="#[74]">&gt;&gt;</a>&nbsp;&nbsp;&nbsp;CRCLib_Enable
</UL>
<BR>[Called By]<UL><LI><a href="#[153]">&gt;&gt;</a>&nbsp;&nbsp;&nbsp;USARTLib_Init
</UL>

<P><STRONG><a name="[79]"></a>CRCTask_Init</STRONG> (Thumb, 8 bytes, Stack size 8 bytes, crc_task.o(.text.CRCTask_Init))
<BR><BR>[Stack]<UL><LI>Max Depth = 60<LI>Call Chain = CRCTask_Init &rArr; CRCLib_Init &rArr; CRC_Init &rArr; CRC_DeInit &rArr; LL_CRC_DeInit &rArr; LL_AHB1_GRP1_ReleaseReset
</UL>
<BR>[Calls]<UL><LI><a href="#[76]">&gt;&gt;</a>&nbsp;&nbsp;&nbsp;CRCLib_Init
</UL>
<BR>[Called By]<UL><LI><a href="#[128]">&gt;&gt;</a>&nbsp;&nbsp;&nbsp;Sys_Init
</UL>

<P><STRONG><a name="[7a]"></a>CRC_DeInit</STRONG> (Thumb, 28 bytes, Stack size 8 bytes, crc_cfg.o(.text.CRC_DeInit))
<BR><BR>[Stack]<UL><LI>Max Depth = 36<LI>Call Chain = CRC_DeInit &rArr; LL_CRC_DeInit &rArr; LL_AHB1_GRP1_ReleaseReset
</UL>
<BR>[Calls]<UL><LI><a href="#[7b]">&gt;&gt;</a>&nbsp;&nbsp;&nbsp;LL_CRC_DeInit
</UL>
<BR>[Called By]<UL><LI><a href="#[77]">&gt;&gt;</a>&nbsp;&nbsp;&nbsp;CRC_Init
</UL>

<P><STRONG><a name="[75]"></a>CRC_Enable</STRONG> (Thumb, 12 bytes, Stack size 0 bytes, crc_cfg.o(.text.CRC_Enable))
<BR><BR>[Called By]<UL><LI><a href="#[74]">&gt;&gt;</a>&nbsp;&nbsp;&nbsp;CRCLib_Enable
</UL>

<P><STRONG><a name="[77]"></a>CRC_Init</STRONG> (Thumb, 28 bytes, Stack size 8 bytes, crc_cfg.o(.text.CRC_Init))
<BR><BR>[Stack]<UL><LI>Max Depth = 44<LI>Call Chain = CRC_Init &rArr; CRC_DeInit &rArr; LL_CRC_DeInit &rArr; LL_AHB1_GRP1_ReleaseReset
</UL>
<BR>[Calls]<UL><LI><a href="#[7a]">&gt;&gt;</a>&nbsp;&nbsp;&nbsp;CRC_DeInit
<LI><a href="#[7c]">&gt;&gt;</a>&nbsp;&nbsp;&nbsp;LL_AHB1_GRP1_EnableClock
</UL>
<BR>[Called By]<UL><LI><a href="#[76]">&gt;&gt;</a>&nbsp;&nbsp;&nbsp;CRCLib_Init
</UL>

<P><STRONG><a name="[7]"></a>DebugMon_Handler</STRONG> (Thumb, 2 bytes, Stack size 0 bytes, stm32f4xx_it.o(.text.DebugMon_Handler))
<BR>[Address Reference Count : 1]<UL><LI> startup_stm32f407xx.o(RESET)
</UL>
<P><STRONG><a name="[7d]"></a>DelayLib_ClkNop</STRONG> (Thumb, 16 bytes, Stack size 16 bytes, delay_lib.o(.text.DelayLib_ClkNop))
<BR><BR>[Stack]<UL><LI>Max Depth = 20<LI>Call Chain = DelayLib_ClkNop &rArr; Delay_ClkNop
</UL>
<BR>[Calls]<UL><LI><a href="#[7e]">&gt;&gt;</a>&nbsp;&nbsp;&nbsp;Delay_ClkNop
</UL>
<BR>[Called By]<UL><LI><a href="#[85]">&gt;&gt;</a>&nbsp;&nbsp;&nbsp;DelayTask_ClkNop
</UL>

<P><STRONG><a name="[7f]"></a>DelayNLib_us</STRONG> (Thumb, 16 bytes, Stack size 16 bytes, delay_lib.o(.text.DelayNLib_us))
<BR><BR>[Stack]<UL><LI>Max Depth = 140<LI>Call Chain = DelayNLib_us &rArr; DelayN_us &rArr; Delay_ms &rArr; SysTickTask_DecTick &rArr; SysTickLib_DecTick &rArr; SysTick_DecTick &rArr; IWDGTask_Reset &rArr; IWDGLib_Reset &rArr; IWDG_Reset &rArr; LL_IWDG_ReloadCounter
</UL>
<BR>[Calls]<UL><LI><a href="#[80]">&gt;&gt;</a>&nbsp;&nbsp;&nbsp;DelayN_us
</UL>
<BR>[Called By]<UL><LI><a href="#[5e]">&gt;&gt;</a>&nbsp;&nbsp;&nbsp;DelayTask_us
</UL>

<P><STRONG><a name="[81]"></a>DelayN_ms</STRONG> (Thumb, 48 bytes, Stack size 16 bytes, delay_cfg.o(.text.DelayN_ms))
<BR><BR>[Stack]<UL><LI>Max Depth = 44 + In Cycle
<LI>Call Chain = DelayN_ms &rArr;  DelayN_us (Cycle)
</UL>
<BR>[Calls]<UL><LI><a href="#[82]">&gt;&gt;</a>&nbsp;&nbsp;&nbsp;IWDGTask_Reset
<LI><a href="#[80]">&gt;&gt;</a>&nbsp;&nbsp;&nbsp;DelayN_us
</UL>
<BR>[Called By]<UL><LI><a href="#[83]">&gt;&gt;</a>&nbsp;&nbsp;&nbsp;Delay_ms
</UL>

<P><STRONG><a name="[80]"></a>DelayN_us</STRONG> (Thumb, 70 bytes, Stack size 24 bytes, delay_cfg.o(.text.DelayN_us))
<BR><BR>[Stack]<UL><LI>Max Depth = 124<LI>Call Chain = DelayN_us &rArr; Delay_ms &rArr; SysTickTask_DecTick &rArr; SysTickLib_DecTick &rArr; SysTick_DecTick &rArr; IWDGTask_Reset &rArr; IWDGLib_Reset &rArr; IWDG_Reset &rArr; LL_IWDG_ReloadCounter
</UL>
<BR>[Calls]<UL><LI><a href="#[84]">&gt;&gt;</a>&nbsp;&nbsp;&nbsp;SysTickTask_WaitusTick
<LI><a href="#[83]">&gt;&gt;</a>&nbsp;&nbsp;&nbsp;Delay_ms
</UL>
<BR>[Called By]<UL><LI><a href="#[7f]">&gt;&gt;</a>&nbsp;&nbsp;&nbsp;DelayNLib_us
<LI><a href="#[81]">&gt;&gt;</a>&nbsp;&nbsp;&nbsp;DelayN_ms
</UL>

<P><STRONG><a name="[85]"></a>DelayTask_ClkNop</STRONG> (Thumb, 16 bytes, Stack size 16 bytes, delay_task.o(.text.DelayTask_ClkNop))
<BR><BR>[Stack]<UL><LI>Max Depth = 36<LI>Call Chain = DelayTask_ClkNop &rArr; DelayLib_ClkNop &rArr; Delay_ClkNop
</UL>
<BR>[Calls]<UL><LI><a href="#[7d]">&gt;&gt;</a>&nbsp;&nbsp;&nbsp;DelayLib_ClkNop
</UL>
<BR>[Called By]<UL><LI><a href="#[b0]">&gt;&gt;</a>&nbsp;&nbsp;&nbsp;I2C_MSW_SendBit
</UL>

<P><STRONG><a name="[5e]"></a>DelayTask_us</STRONG> (Thumb, 16 bytes, Stack size 16 bytes, delay_task.o(.text.DelayTask_us))
<BR><BR>[Stack]<UL><LI>Max Depth = 156<LI>Call Chain = DelayTask_us &rArr; DelayNLib_us &rArr; DelayN_us &rArr; Delay_ms &rArr; SysTickTask_DecTick &rArr; SysTickLib_DecTick &rArr; SysTick_DecTick &rArr; IWDGTask_Reset &rArr; IWDGLib_Reset &rArr; IWDG_Reset &rArr; LL_IWDG_ReloadCounter
</UL>
<BR>[Calls]<UL><LI><a href="#[7f]">&gt;&gt;</a>&nbsp;&nbsp;&nbsp;DelayNLib_us
</UL>
<BR>[Address Reference Count : 2]<UL><LI> main.o(.text.Sys_Init)
<LI> i2c_cfg.o(.text.I2C_MSW_Init)
</UL>
<P><STRONG><a name="[7e]"></a>Delay_ClkNop</STRONG> (Thumb, 24 bytes, Stack size 4 bytes, delay_cfg.o(.text.Delay_ClkNop))
<BR><BR>[Stack]<UL><LI>Max Depth = 4<LI>Call Chain = Delay_ClkNop
</UL>
<BR>[Called By]<UL><LI><a href="#[7d]">&gt;&gt;</a>&nbsp;&nbsp;&nbsp;DelayLib_ClkNop
</UL>

<P><STRONG><a name="[83]"></a>Delay_ms</STRONG> (Thumb, 46 bytes, Stack size 16 bytes, delay_cfg.o(.text.Delay_ms))
<BR><BR>[Stack]<UL><LI>Max Depth = 100<LI>Call Chain = Delay_ms &rArr; SysTickTask_DecTick &rArr; SysTickLib_DecTick &rArr; SysTick_DecTick &rArr; IWDGTask_Reset &rArr; IWDGLib_Reset &rArr; IWDG_Reset &rArr; LL_IWDG_ReloadCounter
</UL>
<BR>[Calls]<UL><LI><a href="#[87]">&gt;&gt;</a>&nbsp;&nbsp;&nbsp;SysTickTask_DecTick
<LI><a href="#[86]">&gt;&gt;</a>&nbsp;&nbsp;&nbsp;SysTickTask_1msIncTick
<LI><a href="#[81]">&gt;&gt;</a>&nbsp;&nbsp;&nbsp;DelayN_ms
</UL>
<BR>[Called By]<UL><LI><a href="#[80]">&gt;&gt;</a>&nbsp;&nbsp;&nbsp;DelayN_us
</UL>

<P><STRONG><a name="[88]"></a>GPIOLib_Clock</STRONG> (Thumb, 28 bytes, Stack size 24 bytes, gpio_lib.o(.text.GPIOLib_Clock))
<BR><BR>[Stack]<UL><LI>Max Depth = 48<LI>Call Chain = GPIOLib_Clock &rArr; GPIO_Clock &rArr; LL_AHB1_GRP1_EnableClock
</UL>
<BR>[Calls]<UL><LI><a href="#[89]">&gt;&gt;</a>&nbsp;&nbsp;&nbsp;GPIO_Clock
</UL>
<BR>[Called By]<UL><LI><a href="#[8c]">&gt;&gt;</a>&nbsp;&nbsp;&nbsp;GPIOTask_Clock
</UL>

<P><STRONG><a name="[8a]"></a>GPIOLib_Init</STRONG> (Thumb, 8 bytes, Stack size 8 bytes, gpio_lib.o(.text.GPIOLib_Init))
<BR><BR>[Stack]<UL><LI>Max Depth = 48<LI>Call Chain = GPIOLib_Init &rArr; GPIO_Init &rArr; GPIO_Clock &rArr; LL_AHB1_GRP1_EnableClock
</UL>
<BR>[Calls]<UL><LI><a href="#[8b]">&gt;&gt;</a>&nbsp;&nbsp;&nbsp;GPIO_Init
</UL>
<BR>[Called By]<UL><LI><a href="#[8d]">&gt;&gt;</a>&nbsp;&nbsp;&nbsp;GPIOTask_Init
</UL>

<P><STRONG><a name="[8c]"></a>GPIOTask_Clock</STRONG> (Thumb, 28 bytes, Stack size 24 bytes, gpio_task.o(.text.GPIOTask_Clock))
<BR><BR>[Stack]<UL><LI>Max Depth = 72<LI>Call Chain = GPIOTask_Clock &rArr; GPIOLib_Clock &rArr; GPIO_Clock &rArr; LL_AHB1_GRP1_EnableClock
</UL>
<BR>[Calls]<UL><LI><a href="#[88]">&gt;&gt;</a>&nbsp;&nbsp;&nbsp;GPIOLib_Clock
</UL>
<BR>[Called By]<UL><LI><a href="#[128]">&gt;&gt;</a>&nbsp;&nbsp;&nbsp;Sys_Init
<LI><a href="#[95]">&gt;&gt;</a>&nbsp;&nbsp;&nbsp;I2C_MSW_Init
<LI><a href="#[144]">&gt;&gt;</a>&nbsp;&nbsp;&nbsp;USART1_Init
</UL>

<P><STRONG><a name="[8d]"></a>GPIOTask_Init</STRONG> (Thumb, 8 bytes, Stack size 8 bytes, gpio_task.o(.text.GPIOTask_Init))
<BR><BR>[Stack]<UL><LI>Max Depth = 56<LI>Call Chain = GPIOTask_Init &rArr; GPIOLib_Init &rArr; GPIO_Init &rArr; GPIO_Clock &rArr; LL_AHB1_GRP1_EnableClock
</UL>
<BR>[Calls]<UL><LI><a href="#[8a]">&gt;&gt;</a>&nbsp;&nbsp;&nbsp;GPIOLib_Init
</UL>
<BR>[Called By]<UL><LI><a href="#[128]">&gt;&gt;</a>&nbsp;&nbsp;&nbsp;Sys_Init
</UL>

<P><STRONG><a name="[89]"></a>GPIO_Clock</STRONG> (Thumb, 414 bytes, Stack size 16 bytes, gpio_cfg.o(.text.GPIO_Clock))
<BR><BR>[Stack]<UL><LI>Max Depth = 24<LI>Call Chain = GPIO_Clock &rArr; LL_AHB1_GRP1_EnableClock
</UL>
<BR>[Calls]<UL><LI><a href="#[8e]">&gt;&gt;</a>&nbsp;&nbsp;&nbsp;LL_AHB1_GRP1_EnableClock
<LI><a href="#[8f]">&gt;&gt;</a>&nbsp;&nbsp;&nbsp;LL_AHB1_GRP1_DisableClock
</UL>
<BR>[Called By]<UL><LI><a href="#[88]">&gt;&gt;</a>&nbsp;&nbsp;&nbsp;GPIOLib_Clock
<LI><a href="#[8b]">&gt;&gt;</a>&nbsp;&nbsp;&nbsp;GPIO_Init
</UL>

<P><STRONG><a name="[8b]"></a>GPIO_Init</STRONG> (Thumb, 142 bytes, Stack size 16 bytes, gpio_cfg.o(.text.GPIO_Init))
<BR><BR>[Stack]<UL><LI>Max Depth = 40<LI>Call Chain = GPIO_Init &rArr; GPIO_Clock &rArr; LL_AHB1_GRP1_EnableClock
</UL>
<BR>[Calls]<UL><LI><a href="#[89]">&gt;&gt;</a>&nbsp;&nbsp;&nbsp;GPIO_Clock
<LI><a href="#[90]">&gt;&gt;</a>&nbsp;&nbsp;&nbsp;LL_APB2_GRP1_EnableClock
</UL>
<BR>[Called By]<UL><LI><a href="#[8a]">&gt;&gt;</a>&nbsp;&nbsp;&nbsp;GPIOLib_Init
</UL>

<P><STRONG><a name="[5f]"></a>HAL_IncTick</STRONG> (Thumb, 26 bytes, Stack size 0 bytes, stm32f4xx_hal.o(.text.HAL_IncTick))
<BR>[Address Reference Count : 1]<UL><LI> systick_cfg.o(.text.SysTick_msInit)
</UL>
<P><STRONG><a name="[59]"></a>HASH_RNG_IRQHandler</STRONG> (Thumb, 8 bytes, Stack size 8 bytes, stm32f4xx_it.o(.text.HASH_RNG_IRQHandler))
<BR><BR>[Stack]<UL><LI>Max Depth = 44<LI>Call Chain = HASH_RNG_IRQHandler &rArr; RandomTask_IRQTask &rArr; RandomLib_IRQTask &rArr; Random_IRQTask &rArr; LL_RNG_ReadRandData32
</UL>
<BR>[Calls]<UL><LI><a href="#[91]">&gt;&gt;</a>&nbsp;&nbsp;&nbsp;RandomTask_IRQTask
</UL>
<BR>[Address Reference Count : 1]<UL><LI> startup_stm32f407xx.o(RESET)
</UL>
<P><STRONG><a name="[2]"></a>HardFault_Handler</STRONG> (Thumb, 10 bytes, Stack size 8 bytes, stm32f4xx_it.o(.text.HardFault_Handler))
<BR><BR>[Stack]<UL><LI>Max Depth = 12<LI>Call Chain = HardFault_Handler &rArr; HardFault_IRQTask &rArr; HardFault_Msg
</UL>
<BR>[Calls]<UL><LI><a href="#[92]">&gt;&gt;</a>&nbsp;&nbsp;&nbsp;HardFault_IRQTask
</UL>
<BR>[Address Reference Count : 1]<UL><LI> startup_stm32f407xx.o(RESET)
</UL>
<P><STRONG><a name="[92]"></a>HardFault_IRQTask</STRONG> (Thumb, 20 bytes, Stack size 0 bytes, stm32_cfg.o(.text.HardFault_IRQTask))
<BR><BR>[Stack]<UL><LI>Max Depth = 4<LI>Call Chain = HardFault_IRQTask &rArr; HardFault_Msg
</UL>
<BR>[Calls]<UL><LI><a href="#[93]">&gt;&gt;</a>&nbsp;&nbsp;&nbsp;HardFault_Msg
</UL>
<BR>[Called By]<UL><LI><a href="#[2]">&gt;&gt;</a>&nbsp;&nbsp;&nbsp;HardFault_Handler
</UL>

<P><STRONG><a name="[93]"></a>HardFault_Msg</STRONG> (Thumb, 84 bytes, Stack size 4 bytes, stm32_cfg.o(.text.HardFault_Msg))
<BR><BR>[Stack]<UL><LI>Max Depth = 4<LI>Call Chain = HardFault_Msg
</UL>
<BR>[Called By]<UL><LI><a href="#[92]">&gt;&gt;</a>&nbsp;&nbsp;&nbsp;HardFault_IRQTask
</UL>

<P><STRONG><a name="[94]"></a>I2CLib_MSW_Init</STRONG> (Thumb, 20 bytes, Stack size 16 bytes, i2c_lib.o(.text.I2CLib_MSW_Init))
<BR><BR>[Stack]<UL><LI>Max Depth = 152<LI>Call Chain = I2CLib_MSW_Init &rArr; I2C_MSW_Init &rArr; GPIOTask_Clock &rArr; GPIOLib_Clock &rArr; GPIO_Clock &rArr; LL_AHB1_GRP1_EnableClock
</UL>
<BR>[Calls]<UL><LI><a href="#[95]">&gt;&gt;</a>&nbsp;&nbsp;&nbsp;I2C_MSW_Init
</UL>
<BR>[Called By]<UL><LI><a href="#[a2]">&gt;&gt;</a>&nbsp;&nbsp;&nbsp;I2CTask_MSW_Init
</UL>

<P><STRONG><a name="[96]"></a>I2CLib_MSW_ReadACK</STRONG> (Thumb, 16 bytes, Stack size 16 bytes, i2c_lib.o(.text.I2CLib_MSW_ReadACK))
<BR><BR>[Stack]<UL><LI>Max Depth = 56<LI>Call Chain = I2CLib_MSW_ReadACK &rArr; I2C_MSW_ReadACK &rArr; LL_GPIO_SetOutputPin
</UL>
<BR>[Calls]<UL><LI><a href="#[97]">&gt;&gt;</a>&nbsp;&nbsp;&nbsp;I2C_MSW_ReadACK
</UL>
<BR>[Called By]<UL><LI><a href="#[a3]">&gt;&gt;</a>&nbsp;&nbsp;&nbsp;I2CTask_MSW_ReadACK
</UL>

<P><STRONG><a name="[98]"></a>I2CLib_MSW_ReadByte</STRONG> (Thumb, 16 bytes, Stack size 16 bytes, i2c_lib.o(.text.I2CLib_MSW_ReadByte))
<BR><BR>[Stack]<UL><LI>Max Depth = 80<LI>Call Chain = I2CLib_MSW_ReadByte &rArr; I2C_MSW_ReadByte &rArr; I2C_MSW_ReadBit &rArr; LL_GPIO_SetOutputPin
</UL>
<BR>[Calls]<UL><LI><a href="#[99]">&gt;&gt;</a>&nbsp;&nbsp;&nbsp;I2C_MSW_ReadByte
</UL>
<BR>[Called By]<UL><LI><a href="#[a4]">&gt;&gt;</a>&nbsp;&nbsp;&nbsp;I2CTask_MSW_ReadByte
</UL>

<P><STRONG><a name="[9a]"></a>I2CLib_MSW_START</STRONG> (Thumb, 76 bytes, Stack size 24 bytes, i2c_lib.o(.text.I2CLib_MSW_START))
<BR><BR>[Stack]<UL><LI>Max Depth = 116<LI>Call Chain = I2CLib_MSW_START &rArr; I2C_MSW_SendByte &rArr; I2C_MSW_SendBit &rArr; DelayTask_ClkNop &rArr; DelayLib_ClkNop &rArr; Delay_ClkNop
</UL>
<BR>[Calls]<UL><LI><a href="#[9c]">&gt;&gt;</a>&nbsp;&nbsp;&nbsp;I2C_MSW_SendByte
<LI><a href="#[9b]">&gt;&gt;</a>&nbsp;&nbsp;&nbsp;I2C_MSW_START
<LI><a href="#[97]">&gt;&gt;</a>&nbsp;&nbsp;&nbsp;I2C_MSW_ReadACK
</UL>
<BR>[Called By]<UL><LI><a href="#[a5]">&gt;&gt;</a>&nbsp;&nbsp;&nbsp;I2CTask_MSW_START
</UL>

<P><STRONG><a name="[9d]"></a>I2CLib_MSW_STOP</STRONG> (Thumb, 16 bytes, Stack size 16 bytes, i2c_lib.o(.text.I2CLib_MSW_STOP))
<BR><BR>[Stack]<UL><LI>Max Depth = 56<LI>Call Chain = I2CLib_MSW_STOP &rArr; I2C_MSW_STOP &rArr; LL_GPIO_SetOutputPin
</UL>
<BR>[Calls]<UL><LI><a href="#[9e]">&gt;&gt;</a>&nbsp;&nbsp;&nbsp;I2C_MSW_STOP
</UL>
<BR>[Called By]<UL><LI><a href="#[a6]">&gt;&gt;</a>&nbsp;&nbsp;&nbsp;I2CTask_MSW_STOP
</UL>

<P><STRONG><a name="[9f]"></a>I2CLib_MSW_SendACK</STRONG> (Thumb, 28 bytes, Stack size 24 bytes, i2c_lib.o(.text.I2CLib_MSW_SendACK))
<BR><BR>[Stack]<UL><LI>Max Depth = 80<LI>Call Chain = I2CLib_MSW_SendACK &rArr; I2C_MSW_SendACK &rArr; I2C_MSW_NACK &rArr; LL_GPIO_SetOutputPin
</UL>
<BR>[Calls]<UL><LI><a href="#[a0]">&gt;&gt;</a>&nbsp;&nbsp;&nbsp;I2C_MSW_SendACK
</UL>
<BR>[Called By]<UL><LI><a href="#[a7]">&gt;&gt;</a>&nbsp;&nbsp;&nbsp;I2CTask_MSW_SendACK
</UL>

<P><STRONG><a name="[a1]"></a>I2CLib_MSW_SendByte</STRONG> (Thumb, 28 bytes, Stack size 24 bytes, i2c_lib.o(.text.I2CLib_MSW_SendByte))
<BR><BR>[Stack]<UL><LI>Max Depth = 116<LI>Call Chain = I2CLib_MSW_SendByte &rArr; I2C_MSW_SendByte &rArr; I2C_MSW_SendBit &rArr; DelayTask_ClkNop &rArr; DelayLib_ClkNop &rArr; Delay_ClkNop
</UL>
<BR>[Calls]<UL><LI><a href="#[9c]">&gt;&gt;</a>&nbsp;&nbsp;&nbsp;I2C_MSW_SendByte
</UL>
<BR>[Called By]<UL><LI><a href="#[a8]">&gt;&gt;</a>&nbsp;&nbsp;&nbsp;I2CTask_MSW_SendByte
</UL>

<P><STRONG><a name="[a2]"></a>I2CTask_MSW_Init</STRONG> (Thumb, 20 bytes, Stack size 16 bytes, i2c_task.o(.text.I2CTask_MSW_Init))
<BR><BR>[Stack]<UL><LI>Max Depth = 168<LI>Call Chain = I2CTask_MSW_Init &rArr; I2CLib_MSW_Init &rArr; I2C_MSW_Init &rArr; GPIOTask_Clock &rArr; GPIOLib_Clock &rArr; GPIO_Clock &rArr; LL_AHB1_GRP1_EnableClock
</UL>
<BR>[Calls]<UL><LI><a href="#[94]">&gt;&gt;</a>&nbsp;&nbsp;&nbsp;I2CLib_MSW_Init
</UL>
<BR>[Called By]<UL><LI><a href="#[f6]">&gt;&gt;</a>&nbsp;&nbsp;&nbsp;SI5351A_I2C_Init
</UL>

<P><STRONG><a name="[a3]"></a>I2CTask_MSW_ReadACK</STRONG> (Thumb, 16 bytes, Stack size 16 bytes, i2c_task.o(.text.I2CTask_MSW_ReadACK))
<BR><BR>[Stack]<UL><LI>Max Depth = 72<LI>Call Chain = I2CTask_MSW_ReadACK &rArr; I2CLib_MSW_ReadACK &rArr; I2C_MSW_ReadACK &rArr; LL_GPIO_SetOutputPin
</UL>
<BR>[Calls]<UL><LI><a href="#[96]">&gt;&gt;</a>&nbsp;&nbsp;&nbsp;I2CLib_MSW_ReadACK
</UL>
<BR>[Called By]<UL><LI><a href="#[10c]">&gt;&gt;</a>&nbsp;&nbsp;&nbsp;SI5351A_SWI2C_WriteSingle
<LI><a href="#[10a]">&gt;&gt;</a>&nbsp;&nbsp;&nbsp;SI5351A_SWI2C_WriteBulk
<LI><a href="#[106]">&gt;&gt;</a>&nbsp;&nbsp;&nbsp;SI5351A_SWI2C_ReadSingle
</UL>

<P><STRONG><a name="[a4]"></a>I2CTask_MSW_ReadByte</STRONG> (Thumb, 16 bytes, Stack size 16 bytes, i2c_task.o(.text.I2CTask_MSW_ReadByte))
<BR><BR>[Stack]<UL><LI>Max Depth = 96<LI>Call Chain = I2CTask_MSW_ReadByte &rArr; I2CLib_MSW_ReadByte &rArr; I2C_MSW_ReadByte &rArr; I2C_MSW_ReadBit &rArr; LL_GPIO_SetOutputPin
</UL>
<BR>[Calls]<UL><LI><a href="#[98]">&gt;&gt;</a>&nbsp;&nbsp;&nbsp;I2CLib_MSW_ReadByte
</UL>
<BR>[Called By]<UL><LI><a href="#[106]">&gt;&gt;</a>&nbsp;&nbsp;&nbsp;SI5351A_SWI2C_ReadSingle
</UL>

<P><STRONG><a name="[a5]"></a>I2CTask_MSW_START</STRONG> (Thumb, 28 bytes, Stack size 24 bytes, i2c_task.o(.text.I2CTask_MSW_START))
<BR><BR>[Stack]<UL><LI>Max Depth = 140<LI>Call Chain = I2CTask_MSW_START &rArr; I2CLib_MSW_START &rArr; I2C_MSW_SendByte &rArr; I2C_MSW_SendBit &rArr; DelayTask_ClkNop &rArr; DelayLib_ClkNop &rArr; Delay_ClkNop
</UL>
<BR>[Calls]<UL><LI><a href="#[9a]">&gt;&gt;</a>&nbsp;&nbsp;&nbsp;I2CLib_MSW_START
</UL>
<BR>[Called By]<UL><LI><a href="#[10c]">&gt;&gt;</a>&nbsp;&nbsp;&nbsp;SI5351A_SWI2C_WriteSingle
<LI><a href="#[10a]">&gt;&gt;</a>&nbsp;&nbsp;&nbsp;SI5351A_SWI2C_WriteBulk
<LI><a href="#[106]">&gt;&gt;</a>&nbsp;&nbsp;&nbsp;SI5351A_SWI2C_ReadSingle
</UL>

<P><STRONG><a name="[a6]"></a>I2CTask_MSW_STOP</STRONG> (Thumb, 16 bytes, Stack size 16 bytes, i2c_task.o(.text.I2CTask_MSW_STOP))
<BR><BR>[Stack]<UL><LI>Max Depth = 72<LI>Call Chain = I2CTask_MSW_STOP &rArr; I2CLib_MSW_STOP &rArr; I2C_MSW_STOP &rArr; LL_GPIO_SetOutputPin
</UL>
<BR>[Calls]<UL><LI><a href="#[9d]">&gt;&gt;</a>&nbsp;&nbsp;&nbsp;I2CLib_MSW_STOP
</UL>
<BR>[Called By]<UL><LI><a href="#[10c]">&gt;&gt;</a>&nbsp;&nbsp;&nbsp;SI5351A_SWI2C_WriteSingle
<LI><a href="#[10a]">&gt;&gt;</a>&nbsp;&nbsp;&nbsp;SI5351A_SWI2C_WriteBulk
<LI><a href="#[106]">&gt;&gt;</a>&nbsp;&nbsp;&nbsp;SI5351A_SWI2C_ReadSingle
</UL>

<P><STRONG><a name="[a7]"></a>I2CTask_MSW_SendACK</STRONG> (Thumb, 28 bytes, Stack size 24 bytes, i2c_task.o(.text.I2CTask_MSW_SendACK))
<BR><BR>[Stack]<UL><LI>Max Depth = 104<LI>Call Chain = I2CTask_MSW_SendACK &rArr; I2CLib_MSW_SendACK &rArr; I2C_MSW_SendACK &rArr; I2C_MSW_NACK &rArr; LL_GPIO_SetOutputPin
</UL>
<BR>[Calls]<UL><LI><a href="#[9f]">&gt;&gt;</a>&nbsp;&nbsp;&nbsp;I2CLib_MSW_SendACK
</UL>
<BR>[Called By]<UL><LI><a href="#[106]">&gt;&gt;</a>&nbsp;&nbsp;&nbsp;SI5351A_SWI2C_ReadSingle
</UL>

<P><STRONG><a name="[a8]"></a>I2CTask_MSW_SendByte</STRONG> (Thumb, 28 bytes, Stack size 24 bytes, i2c_task.o(.text.I2CTask_MSW_SendByte))
<BR><BR>[Stack]<UL><LI>Max Depth = 140<LI>Call Chain = I2CTask_MSW_SendByte &rArr; I2CLib_MSW_SendByte &rArr; I2C_MSW_SendByte &rArr; I2C_MSW_SendBit &rArr; DelayTask_ClkNop &rArr; DelayLib_ClkNop &rArr; Delay_ClkNop
</UL>
<BR>[Calls]<UL><LI><a href="#[a1]">&gt;&gt;</a>&nbsp;&nbsp;&nbsp;I2CLib_MSW_SendByte
</UL>
<BR>[Called By]<UL><LI><a href="#[10c]">&gt;&gt;</a>&nbsp;&nbsp;&nbsp;SI5351A_SWI2C_WriteSingle
<LI><a href="#[10a]">&gt;&gt;</a>&nbsp;&nbsp;&nbsp;SI5351A_SWI2C_WriteBulk
<LI><a href="#[106]">&gt;&gt;</a>&nbsp;&nbsp;&nbsp;SI5351A_SWI2C_ReadSingle
</UL>

<P><STRONG><a name="[a9]"></a>I2C_MSW_ACK</STRONG> (Thumb, 80 bytes, Stack size 24 bytes, i2c_cfg.o(.text.I2C_MSW_ACK))
<BR><BR>[Stack]<UL><LI>Max Depth = 32<LI>Call Chain = I2C_MSW_ACK &rArr; LL_GPIO_SetOutputPin
</UL>
<BR>[Calls]<UL><LI><a href="#[ab]">&gt;&gt;</a>&nbsp;&nbsp;&nbsp;LL_GPIO_SetOutputPin
<LI><a href="#[aa]">&gt;&gt;</a>&nbsp;&nbsp;&nbsp;LL_GPIO_ResetOutputPin
</UL>
<BR>[Called By]<UL><LI><a href="#[a0]">&gt;&gt;</a>&nbsp;&nbsp;&nbsp;I2C_MSW_SendACK
</UL>

<P><STRONG><a name="[95]"></a>I2C_MSW_Init</STRONG> (Thumb, 166 bytes, Stack size 64 bytes, i2c_cfg.o(.text.I2C_MSW_Init))
<BR><BR>[Stack]<UL><LI>Max Depth = 136<LI>Call Chain = I2C_MSW_Init &rArr; GPIOTask_Clock &rArr; GPIOLib_Clock &rArr; GPIO_Clock &rArr; LL_AHB1_GRP1_EnableClock
</UL>
<BR>[Calls]<UL><LI><a href="#[ac]">&gt;&gt;</a>&nbsp;&nbsp;&nbsp;LL_GPIO_Init
<LI><a href="#[8c]">&gt;&gt;</a>&nbsp;&nbsp;&nbsp;GPIOTask_Clock
<LI><a href="#[ab]">&gt;&gt;</a>&nbsp;&nbsp;&nbsp;LL_GPIO_SetOutputPin
</UL>
<BR>[Called By]<UL><LI><a href="#[94]">&gt;&gt;</a>&nbsp;&nbsp;&nbsp;I2CLib_MSW_Init
</UL>

<P><STRONG><a name="[ad]"></a>I2C_MSW_NACK</STRONG> (Thumb, 80 bytes, Stack size 24 bytes, i2c_cfg.o(.text.I2C_MSW_NACK))
<BR><BR>[Stack]<UL><LI>Max Depth = 32<LI>Call Chain = I2C_MSW_NACK &rArr; LL_GPIO_SetOutputPin
</UL>
<BR>[Calls]<UL><LI><a href="#[ab]">&gt;&gt;</a>&nbsp;&nbsp;&nbsp;LL_GPIO_SetOutputPin
<LI><a href="#[aa]">&gt;&gt;</a>&nbsp;&nbsp;&nbsp;LL_GPIO_ResetOutputPin
</UL>
<BR>[Called By]<UL><LI><a href="#[a0]">&gt;&gt;</a>&nbsp;&nbsp;&nbsp;I2C_MSW_SendACK
</UL>

<P><STRONG><a name="[97]"></a>I2C_MSW_ReadACK</STRONG> (Thumb, 118 bytes, Stack size 32 bytes, i2c_cfg.o(.text.I2C_MSW_ReadACK))
<BR><BR>[Stack]<UL><LI>Max Depth = 40<LI>Call Chain = I2C_MSW_ReadACK &rArr; LL_GPIO_SetOutputPin
</UL>
<BR>[Calls]<UL><LI><a href="#[ab]">&gt;&gt;</a>&nbsp;&nbsp;&nbsp;LL_GPIO_SetOutputPin
<LI><a href="#[aa]">&gt;&gt;</a>&nbsp;&nbsp;&nbsp;LL_GPIO_ResetOutputPin
<LI><a href="#[ae]">&gt;&gt;</a>&nbsp;&nbsp;&nbsp;LL_GPIO_IsInputPinSet
</UL>
<BR>[Called By]<UL><LI><a href="#[9a]">&gt;&gt;</a>&nbsp;&nbsp;&nbsp;I2CLib_MSW_START
<LI><a href="#[96]">&gt;&gt;</a>&nbsp;&nbsp;&nbsp;I2CLib_MSW_ReadACK
</UL>

<P><STRONG><a name="[af]"></a>I2C_MSW_ReadBit</STRONG> (Thumb, 122 bytes, Stack size 32 bytes, i2c_cfg.o(.text.I2C_MSW_ReadBit))
<BR><BR>[Stack]<UL><LI>Max Depth = 40<LI>Call Chain = I2C_MSW_ReadBit &rArr; LL_GPIO_SetOutputPin
</UL>
<BR>[Calls]<UL><LI><a href="#[ab]">&gt;&gt;</a>&nbsp;&nbsp;&nbsp;LL_GPIO_SetOutputPin
<LI><a href="#[aa]">&gt;&gt;</a>&nbsp;&nbsp;&nbsp;LL_GPIO_ResetOutputPin
<LI><a href="#[ae]">&gt;&gt;</a>&nbsp;&nbsp;&nbsp;LL_GPIO_IsInputPinSet
</UL>
<BR>[Called By]<UL><LI><a href="#[99]">&gt;&gt;</a>&nbsp;&nbsp;&nbsp;I2C_MSW_ReadByte
</UL>

<P><STRONG><a name="[99]"></a>I2C_MSW_ReadByte</STRONG> (Thumb, 112 bytes, Stack size 24 bytes, i2c_cfg.o(.text.I2C_MSW_ReadByte))
<BR><BR>[Stack]<UL><LI>Max Depth = 64<LI>Call Chain = I2C_MSW_ReadByte &rArr; I2C_MSW_ReadBit &rArr; LL_GPIO_SetOutputPin
</UL>
<BR>[Calls]<UL><LI><a href="#[af]">&gt;&gt;</a>&nbsp;&nbsp;&nbsp;I2C_MSW_ReadBit
<LI><a href="#[ab]">&gt;&gt;</a>&nbsp;&nbsp;&nbsp;LL_GPIO_SetOutputPin
<LI><a href="#[aa]">&gt;&gt;</a>&nbsp;&nbsp;&nbsp;LL_GPIO_ResetOutputPin
</UL>
<BR>[Called By]<UL><LI><a href="#[98]">&gt;&gt;</a>&nbsp;&nbsp;&nbsp;I2CLib_MSW_ReadByte
</UL>

<P><STRONG><a name="[9b]"></a>I2C_MSW_START</STRONG> (Thumb, 156 bytes, Stack size 40 bytes, i2c_cfg.o(.text.I2C_MSW_START))
<BR><BR>[Stack]<UL><LI>Max Depth = 48<LI>Call Chain = I2C_MSW_START &rArr; LL_GPIO_SetOutputPin
</UL>
<BR>[Calls]<UL><LI><a href="#[ab]">&gt;&gt;</a>&nbsp;&nbsp;&nbsp;LL_GPIO_SetOutputPin
<LI><a href="#[aa]">&gt;&gt;</a>&nbsp;&nbsp;&nbsp;LL_GPIO_ResetOutputPin
<LI><a href="#[ae]">&gt;&gt;</a>&nbsp;&nbsp;&nbsp;LL_GPIO_IsInputPinSet
</UL>
<BR>[Called By]<UL><LI><a href="#[9a]">&gt;&gt;</a>&nbsp;&nbsp;&nbsp;I2CLib_MSW_START
</UL>

<P><STRONG><a name="[9e]"></a>I2C_MSW_STOP</STRONG> (Thumb, 140 bytes, Stack size 32 bytes, i2c_cfg.o(.text.I2C_MSW_STOP))
<BR><BR>[Stack]<UL><LI>Max Depth = 40<LI>Call Chain = I2C_MSW_STOP &rArr; LL_GPIO_SetOutputPin
</UL>
<BR>[Calls]<UL><LI><a href="#[ab]">&gt;&gt;</a>&nbsp;&nbsp;&nbsp;LL_GPIO_SetOutputPin
<LI><a href="#[aa]">&gt;&gt;</a>&nbsp;&nbsp;&nbsp;LL_GPIO_ResetOutputPin
<LI><a href="#[ae]">&gt;&gt;</a>&nbsp;&nbsp;&nbsp;LL_GPIO_IsInputPinSet
</UL>
<BR>[Called By]<UL><LI><a href="#[9d]">&gt;&gt;</a>&nbsp;&nbsp;&nbsp;I2CLib_MSW_STOP
</UL>

<P><STRONG><a name="[a0]"></a>I2C_MSW_SendACK</STRONG> (Thumb, 54 bytes, Stack size 24 bytes, i2c_cfg.o(.text.I2C_MSW_SendACK))
<BR><BR>[Stack]<UL><LI>Max Depth = 56<LI>Call Chain = I2C_MSW_SendACK &rArr; I2C_MSW_NACK &rArr; LL_GPIO_SetOutputPin
</UL>
<BR>[Calls]<UL><LI><a href="#[ad]">&gt;&gt;</a>&nbsp;&nbsp;&nbsp;I2C_MSW_NACK
<LI><a href="#[a9]">&gt;&gt;</a>&nbsp;&nbsp;&nbsp;I2C_MSW_ACK
</UL>
<BR>[Called By]<UL><LI><a href="#[9f]">&gt;&gt;</a>&nbsp;&nbsp;&nbsp;I2CLib_MSW_SendACK
</UL>

<P><STRONG><a name="[b0]"></a>I2C_MSW_SendBit</STRONG> (Thumb, 146 bytes, Stack size 32 bytes, i2c_cfg.o(.text.I2C_MSW_SendBit))
<BR><BR>[Stack]<UL><LI>Max Depth = 68<LI>Call Chain = I2C_MSW_SendBit &rArr; DelayTask_ClkNop &rArr; DelayLib_ClkNop &rArr; Delay_ClkNop
</UL>
<BR>[Calls]<UL><LI><a href="#[85]">&gt;&gt;</a>&nbsp;&nbsp;&nbsp;DelayTask_ClkNop
<LI><a href="#[ab]">&gt;&gt;</a>&nbsp;&nbsp;&nbsp;LL_GPIO_SetOutputPin
<LI><a href="#[aa]">&gt;&gt;</a>&nbsp;&nbsp;&nbsp;LL_GPIO_ResetOutputPin
</UL>
<BR>[Called By]<UL><LI><a href="#[9c]">&gt;&gt;</a>&nbsp;&nbsp;&nbsp;I2C_MSW_SendByte
</UL>

<P><STRONG><a name="[9c]"></a>I2C_MSW_SendByte</STRONG> (Thumb, 92 bytes, Stack size 24 bytes, i2c_cfg.o(.text.I2C_MSW_SendByte))
<BR><BR>[Stack]<UL><LI>Max Depth = 92<LI>Call Chain = I2C_MSW_SendByte &rArr; I2C_MSW_SendBit &rArr; DelayTask_ClkNop &rArr; DelayLib_ClkNop &rArr; Delay_ClkNop
</UL>
<BR>[Calls]<UL><LI><a href="#[b0]">&gt;&gt;</a>&nbsp;&nbsp;&nbsp;I2C_MSW_SendBit
<LI><a href="#[aa]">&gt;&gt;</a>&nbsp;&nbsp;&nbsp;LL_GPIO_ResetOutputPin
</UL>
<BR>[Called By]<UL><LI><a href="#[a1]">&gt;&gt;</a>&nbsp;&nbsp;&nbsp;I2CLib_MSW_SendByte
<LI><a href="#[9a]">&gt;&gt;</a>&nbsp;&nbsp;&nbsp;I2CLib_MSW_START
</UL>

<P><STRONG><a name="[b1]"></a>IWDGLib_Reset</STRONG> (Thumb, 8 bytes, Stack size 8 bytes, iwdg_lib.o(.text.IWDGLib_Reset))
<BR><BR>[Stack]<UL><LI>Max Depth = 20<LI>Call Chain = IWDGLib_Reset &rArr; IWDG_Reset &rArr; LL_IWDG_ReloadCounter
</UL>
<BR>[Calls]<UL><LI><a href="#[b2]">&gt;&gt;</a>&nbsp;&nbsp;&nbsp;IWDG_Reset
</UL>
<BR>[Called By]<UL><LI><a href="#[82]">&gt;&gt;</a>&nbsp;&nbsp;&nbsp;IWDGTask_Reset
</UL>

<P><STRONG><a name="[82]"></a>IWDGTask_Reset</STRONG> (Thumb, 8 bytes, Stack size 8 bytes, iwdg_task.o(.text.IWDGTask_Reset))
<BR><BR>[Stack]<UL><LI>Max Depth = 28<LI>Call Chain = IWDGTask_Reset &rArr; IWDGLib_Reset &rArr; IWDG_Reset &rArr; LL_IWDG_ReloadCounter
</UL>
<BR>[Calls]<UL><LI><a href="#[b1]">&gt;&gt;</a>&nbsp;&nbsp;&nbsp;IWDGLib_Reset
</UL>
<BR>[Called By]<UL><LI><a href="#[5b]">&gt;&gt;</a>&nbsp;&nbsp;&nbsp;main
<LI><a href="#[81]">&gt;&gt;</a>&nbsp;&nbsp;&nbsp;DelayN_ms
<LI><a href="#[e5]">&gt;&gt;</a>&nbsp;&nbsp;&nbsp;Random_Init
<LI><a href="#[113]">&gt;&gt;</a>&nbsp;&nbsp;&nbsp;SysTick_DecTick
<LI><a href="#[18b]">&gt;&gt;</a>&nbsp;&nbsp;&nbsp;USART_PrintfSuspend
</UL>

<P><STRONG><a name="[b2]"></a>IWDG_Reset</STRONG> (Thumb, 18 bytes, Stack size 8 bytes, iwdg_cfg.o(.text.IWDG_Reset))
<BR><BR>[Stack]<UL><LI>Max Depth = 12<LI>Call Chain = IWDG_Reset &rArr; LL_IWDG_ReloadCounter
</UL>
<BR>[Calls]<UL><LI><a href="#[b3]">&gt;&gt;</a>&nbsp;&nbsp;&nbsp;LL_IWDG_ReloadCounter
</UL>
<BR>[Called By]<UL><LI><a href="#[b1]">&gt;&gt;</a>&nbsp;&nbsp;&nbsp;IWDGLib_Reset
</UL>

<P><STRONG><a name="[7b]"></a>LL_CRC_DeInit</STRONG> (Thumb, 56 bytes, Stack size 24 bytes, stm32f4xx_ll_crc.o(.text.LL_CRC_DeInit))
<BR><BR>[Stack]<UL><LI>Max Depth = 28<LI>Call Chain = LL_CRC_DeInit &rArr; LL_AHB1_GRP1_ReleaseReset
</UL>
<BR>[Calls]<UL><LI><a href="#[b5]">&gt;&gt;</a>&nbsp;&nbsp;&nbsp;LL_AHB1_GRP1_ReleaseReset
<LI><a href="#[b4]">&gt;&gt;</a>&nbsp;&nbsp;&nbsp;LL_AHB1_GRP1_ForceReset
</UL>
<BR>[Called By]<UL><LI><a href="#[7a]">&gt;&gt;</a>&nbsp;&nbsp;&nbsp;CRC_DeInit
</UL>

<P><STRONG><a name="[ac]"></a>LL_GPIO_Init</STRONG> (Thumb, 238 bytes, Stack size 32 bytes, stm32f4xx_ll_gpio.o(.text.LL_GPIO_Init))
<BR><BR>[Stack]<UL><LI>Max Depth = 44<LI>Call Chain = LL_GPIO_Init &rArr; LL_GPIO_SetPinSpeed
</UL>
<BR>[Calls]<UL><LI><a href="#[b7]">&gt;&gt;</a>&nbsp;&nbsp;&nbsp;LL_GPIO_SetPinSpeed
<LI><a href="#[b8]">&gt;&gt;</a>&nbsp;&nbsp;&nbsp;LL_GPIO_SetPinPull
<LI><a href="#[bb]">&gt;&gt;</a>&nbsp;&nbsp;&nbsp;LL_GPIO_SetPinOutputType
<LI><a href="#[b6]">&gt;&gt;</a>&nbsp;&nbsp;&nbsp;LL_GPIO_SetPinMode
<LI><a href="#[ba]">&gt;&gt;</a>&nbsp;&nbsp;&nbsp;LL_GPIO_SetAFPin_8_15
<LI><a href="#[b9]">&gt;&gt;</a>&nbsp;&nbsp;&nbsp;LL_GPIO_SetAFPin_0_7
</UL>
<BR>[Called By]<UL><LI><a href="#[128]">&gt;&gt;</a>&nbsp;&nbsp;&nbsp;Sys_Init
<LI><a href="#[95]">&gt;&gt;</a>&nbsp;&nbsp;&nbsp;I2C_MSW_Init
<LI><a href="#[144]">&gt;&gt;</a>&nbsp;&nbsp;&nbsp;USART1_Init
</UL>

<P><STRONG><a name="[bc]"></a>LL_RCC_GetSystemClocksFreq</STRONG> (Thumb, 54 bytes, Stack size 16 bytes, stm32f4xx_ll_rcc.o(.text.LL_RCC_GetSystemClocksFreq))
<BR><BR>[Stack]<UL><LI>Max Depth = 72<LI>Call Chain = LL_RCC_GetSystemClocksFreq &rArr; RCC_GetSystemClockFreq &rArr; RCC_PLL_GetFreqDomain_SYS
</UL>
<BR>[Calls]<UL><LI><a href="#[bd]">&gt;&gt;</a>&nbsp;&nbsp;&nbsp;RCC_GetSystemClockFreq
<LI><a href="#[c0]">&gt;&gt;</a>&nbsp;&nbsp;&nbsp;RCC_GetPCLK2ClockFreq
<LI><a href="#[bf]">&gt;&gt;</a>&nbsp;&nbsp;&nbsp;RCC_GetPCLK1ClockFreq
<LI><a href="#[be]">&gt;&gt;</a>&nbsp;&nbsp;&nbsp;RCC_GetHCLKClockFreq
</UL>
<BR>[Called By]<UL><LI><a href="#[c9]">&gt;&gt;</a>&nbsp;&nbsp;&nbsp;LL_USART_Init
</UL>

<P><STRONG><a name="[c1]"></a>LL_RNG_DeInit</STRONG> (Thumb, 26 bytes, Stack size 16 bytes, stm32f4xx_ll_rng.o(.text.LL_RNG_DeInit))
<BR><BR>[Stack]<UL><LI>Max Depth = 20<LI>Call Chain = LL_RNG_DeInit &rArr; LL_AHB2_GRP1_ReleaseReset
</UL>
<BR>[Calls]<UL><LI><a href="#[c3]">&gt;&gt;</a>&nbsp;&nbsp;&nbsp;LL_AHB2_GRP1_ReleaseReset
<LI><a href="#[c2]">&gt;&gt;</a>&nbsp;&nbsp;&nbsp;LL_AHB2_GRP1_ForceReset
</UL>
<BR>[Called By]<UL><LI><a href="#[e5]">&gt;&gt;</a>&nbsp;&nbsp;&nbsp;Random_Init
</UL>

<P><STRONG><a name="[13f]"></a>LL_SetSystemCoreClock</STRONG> (Thumb, 20 bytes, Stack size 4 bytes, stm32f4xx_ll_utils.o(.text.LL_SetSystemCoreClock))
<BR><BR>[Stack]<UL><LI>Max Depth = 4<LI>Call Chain = LL_SetSystemCoreClock
</UL>
<BR>[Called By]<UL><LI><a href="#[12a]">&gt;&gt;</a>&nbsp;&nbsp;&nbsp;SystemClock_Config
</UL>

<P><STRONG><a name="[c4]"></a>LL_USART_DeInit</STRONG> (Thumb, 232 bytes, Stack size 40 bytes, stm32f4xx_ll_usart.o(.text.LL_USART_DeInit))
<BR><BR>[Stack]<UL><LI>Max Depth = 44<LI>Call Chain = LL_USART_DeInit &rArr; LL_APB2_GRP1_ReleaseReset
</UL>
<BR>[Calls]<UL><LI><a href="#[c6]">&gt;&gt;</a>&nbsp;&nbsp;&nbsp;LL_APB2_GRP1_ReleaseReset
<LI><a href="#[c5]">&gt;&gt;</a>&nbsp;&nbsp;&nbsp;LL_APB2_GRP1_ForceReset
<LI><a href="#[c8]">&gt;&gt;</a>&nbsp;&nbsp;&nbsp;LL_APB1_GRP1_ReleaseReset
<LI><a href="#[c7]">&gt;&gt;</a>&nbsp;&nbsp;&nbsp;LL_APB1_GRP1_ForceReset
</UL>
<BR>[Called By]<UL><LI><a href="#[144]">&gt;&gt;</a>&nbsp;&nbsp;&nbsp;USART1_Init
</UL>

<P><STRONG><a name="[c9]"></a>LL_USART_Init</STRONG> (Thumb, 280 bytes, Stack size 40 bytes, stm32f4xx_ll_usart.o(.text.LL_USART_Init))
<BR><BR>[Stack]<UL><LI>Max Depth = 112<LI>Call Chain = LL_USART_Init &rArr; LL_RCC_GetSystemClocksFreq &rArr; RCC_GetSystemClockFreq &rArr; RCC_PLL_GetFreqDomain_SYS
</UL>
<BR>[Calls]<UL><LI><a href="#[bc]">&gt;&gt;</a>&nbsp;&nbsp;&nbsp;LL_RCC_GetSystemClocksFreq
<LI><a href="#[cb]">&gt;&gt;</a>&nbsp;&nbsp;&nbsp;LL_USART_SetStopBitsLength
<LI><a href="#[cc]">&gt;&gt;</a>&nbsp;&nbsp;&nbsp;LL_USART_SetHWFlowCtrl
<LI><a href="#[cd]">&gt;&gt;</a>&nbsp;&nbsp;&nbsp;LL_USART_SetBaudRate
<LI><a href="#[ca]">&gt;&gt;</a>&nbsp;&nbsp;&nbsp;LL_USART_IsEnabled
</UL>
<BR>[Called By]<UL><LI><a href="#[144]">&gt;&gt;</a>&nbsp;&nbsp;&nbsp;USART1_Init
</UL>

<P><STRONG><a name="[3]"></a>MemManage_Handler</STRONG> (Thumb, 4 bytes, Stack size 0 bytes, stm32f4xx_it.o(.text.MemManage_Handler))
<BR>[Address Reference Count : 1]<UL><LI> startup_stm32f407xx.o(RESET)
</UL>
<P><STRONG><a name="[62]"></a>MyMemInit</STRONG> (Thumb, 58 bytes, Stack size 16 bytes, my_malloc.o(.text.MyMemInit))
<BR><BR>[Stack]<UL><LI>Max Depth = 32<LI>Call Chain = MyMemInit &rArr; MyMemset
</UL>
<BR>[Calls]<UL><LI><a href="#[ce]">&gt;&gt;</a>&nbsp;&nbsp;&nbsp;MyMemset
</UL>
<BR>[Called By]<UL><LI><a href="#[128]">&gt;&gt;</a>&nbsp;&nbsp;&nbsp;Sys_Init
</UL>
<BR>[Address Reference Count : 1]<UL><LI> my_malloc.o(.data.g_MyaMallcoDev)
</UL>
<P><STRONG><a name="[ce]"></a>MyMemset</STRONG> (Thumb, 48 bytes, Stack size 16 bytes, my_malloc.o(.text.MyMemset))
<BR><BR>[Stack]<UL><LI>Max Depth = 16<LI>Call Chain = MyMemset
</UL>
<BR>[Called By]<UL><LI><a href="#[62]">&gt;&gt;</a>&nbsp;&nbsp;&nbsp;MyMemInit
</UL>

<P><STRONG><a name="[63]"></a>MyMemusedRate</STRONG> (Thumb, 90 bytes, Stack size 12 bytes, my_malloc.o(.text.MyMemusedRate))
<BR><BR>[Stack]<UL><LI>Max Depth = 12<LI>Call Chain = MyMemusedRate
</UL>
<BR>[Address Reference Count : 1]<UL><LI> my_malloc.o(.data.g_MyaMallcoDev)
</UL>
<P><STRONG><a name="[1]"></a>NMI_Handler</STRONG> (Thumb, 2 bytes, Stack size 0 bytes, stm32f4xx_it.o(.text.NMI_Handler))
<BR>[Address Reference Count : 1]<UL><LI> startup_stm32f407xx.o(RESET)
</UL>
<P><STRONG><a name="[cf]"></a>NVIC_Init</STRONG> (Thumb, 172 bytes, Stack size 40 bytes, main.o(.text.NVIC_Init))
<BR><BR>[Stack]<UL><LI>Max Depth = 72<LI>Call Chain = NVIC_Init &rArr; NVIC_EncodePriority
</UL>
<BR>[Calls]<UL><LI><a href="#[d0]">&gt;&gt;</a>&nbsp;&nbsp;&nbsp;__NVIC_SetPriorityGrouping
<LI><a href="#[d3]">&gt;&gt;</a>&nbsp;&nbsp;&nbsp;__NVIC_SetPriority
<LI><a href="#[d1]">&gt;&gt;</a>&nbsp;&nbsp;&nbsp;__NVIC_GetPriorityGrouping
<LI><a href="#[d2]">&gt;&gt;</a>&nbsp;&nbsp;&nbsp;NVIC_EncodePriority
</UL>
<BR>[Called By]<UL><LI><a href="#[128]">&gt;&gt;</a>&nbsp;&nbsp;&nbsp;Sys_Init
</UL>

<P><STRONG><a name="[d4]"></a>PVDLib_IRQTask</STRONG> (Thumb, 8 bytes, Stack size 8 bytes, pvd_lib.o(.text.PVDLib_IRQTask))
<BR><BR>[Stack]<UL><LI>Max Depth = 8<LI>Call Chain = PVDLib_IRQTask
</UL>
<BR>[Calls]<UL><LI><a href="#[d5]">&gt;&gt;</a>&nbsp;&nbsp;&nbsp;PVD_IRQTask
</UL>
<BR>[Called By]<UL><LI><a href="#[d6]">&gt;&gt;</a>&nbsp;&nbsp;&nbsp;PVDTask_IRQTask
</UL>

<P><STRONG><a name="[d6]"></a>PVDTask_IRQTask</STRONG> (Thumb, 8 bytes, Stack size 8 bytes, pvd_task.o(.text.PVDTask_IRQTask))
<BR><BR>[Stack]<UL><LI>Max Depth = 16<LI>Call Chain = PVDTask_IRQTask &rArr; PVDLib_IRQTask
</UL>
<BR>[Calls]<UL><LI><a href="#[d4]">&gt;&gt;</a>&nbsp;&nbsp;&nbsp;PVDLib_IRQTask
</UL>
<BR>[Called By]<UL><LI><a href="#[b]">&gt;&gt;</a>&nbsp;&nbsp;&nbsp;PVD_IRQHandler
</UL>

<P><STRONG><a name="[b]"></a>PVD_IRQHandler</STRONG> (Thumb, 28 bytes, Stack size 8 bytes, stm32f4xx_it.o(.text.PVD_IRQHandler))
<BR><BR>[Stack]<UL><LI>Max Depth = 24<LI>Call Chain = PVD_IRQHandler &rArr; PVDTask_IRQTask &rArr; PVDLib_IRQTask
</UL>
<BR>[Calls]<UL><LI><a href="#[d6]">&gt;&gt;</a>&nbsp;&nbsp;&nbsp;PVDTask_IRQTask
<LI><a href="#[d8]">&gt;&gt;</a>&nbsp;&nbsp;&nbsp;LL_PWR_IsActiveFlag_PVDO
<LI><a href="#[d7]">&gt;&gt;</a>&nbsp;&nbsp;&nbsp;LL_EXTI_ClearFlag_0_31
</UL>
<BR>[Address Reference Count : 1]<UL><LI> startup_stm32f407xx.o(RESET)
</UL>
<P><STRONG><a name="[d5]"></a>PVD_IRQTask</STRONG> (Thumb, 2 bytes, Stack size 0 bytes, pvd_cfg.o(.text.PVD_IRQTask))
<BR><BR>[Called By]<UL><LI><a href="#[d4]">&gt;&gt;</a>&nbsp;&nbsp;&nbsp;PVDLib_IRQTask
</UL>

<P><STRONG><a name="[8]"></a>PendSV_Handler</STRONG> (Thumb, 2 bytes, Stack size 0 bytes, stm32f4xx_it.o(.text.PendSV_Handler))
<BR>[Address Reference Count : 1]<UL><LI> startup_stm32f407xx.o(RESET)
</UL>
<P><STRONG><a name="[be]"></a>RCC_GetHCLKClockFreq</STRONG> (Thumb, 38 bytes, Stack size 16 bytes, stm32f4xx_ll_rcc.o(.text.RCC_GetHCLKClockFreq))
<BR><BR>[Stack]<UL><LI>Max Depth = 16<LI>Call Chain = RCC_GetHCLKClockFreq
</UL>
<BR>[Calls]<UL><LI><a href="#[d9]">&gt;&gt;</a>&nbsp;&nbsp;&nbsp;LL_RCC_GetAHBPrescaler
</UL>
<BR>[Called By]<UL><LI><a href="#[bc]">&gt;&gt;</a>&nbsp;&nbsp;&nbsp;LL_RCC_GetSystemClocksFreq
</UL>

<P><STRONG><a name="[bf]"></a>RCC_GetPCLK1ClockFreq</STRONG> (Thumb, 36 bytes, Stack size 16 bytes, stm32f4xx_ll_rcc.o(.text.RCC_GetPCLK1ClockFreq))
<BR><BR>[Stack]<UL><LI>Max Depth = 16<LI>Call Chain = RCC_GetPCLK1ClockFreq
</UL>
<BR>[Calls]<UL><LI><a href="#[da]">&gt;&gt;</a>&nbsp;&nbsp;&nbsp;LL_RCC_GetAPB1Prescaler
</UL>
<BR>[Called By]<UL><LI><a href="#[bc]">&gt;&gt;</a>&nbsp;&nbsp;&nbsp;LL_RCC_GetSystemClocksFreq
</UL>

<P><STRONG><a name="[c0]"></a>RCC_GetPCLK2ClockFreq</STRONG> (Thumb, 36 bytes, Stack size 16 bytes, stm32f4xx_ll_rcc.o(.text.RCC_GetPCLK2ClockFreq))
<BR><BR>[Stack]<UL><LI>Max Depth = 16<LI>Call Chain = RCC_GetPCLK2ClockFreq
</UL>
<BR>[Calls]<UL><LI><a href="#[db]">&gt;&gt;</a>&nbsp;&nbsp;&nbsp;LL_RCC_GetAPB2Prescaler
</UL>
<BR>[Called By]<UL><LI><a href="#[bc]">&gt;&gt;</a>&nbsp;&nbsp;&nbsp;LL_RCC_GetSystemClocksFreq
</UL>

<P><STRONG><a name="[bd]"></a>RCC_GetSystemClockFreq</STRONG> (Thumb, 90 bytes, Stack size 16 bytes, stm32f4xx_ll_rcc.o(.text.RCC_GetSystemClockFreq))
<BR><BR>[Stack]<UL><LI>Max Depth = 56<LI>Call Chain = RCC_GetSystemClockFreq &rArr; RCC_PLL_GetFreqDomain_SYS
</UL>
<BR>[Calls]<UL><LI><a href="#[dd]">&gt;&gt;</a>&nbsp;&nbsp;&nbsp;RCC_PLL_GetFreqDomain_SYS
<LI><a href="#[dc]">&gt;&gt;</a>&nbsp;&nbsp;&nbsp;LL_RCC_GetSysClkSource
</UL>
<BR>[Called By]<UL><LI><a href="#[bc]">&gt;&gt;</a>&nbsp;&nbsp;&nbsp;LL_RCC_GetSystemClocksFreq
</UL>

<P><STRONG><a name="[f]"></a>RCC_IRQHandler</STRONG> (Thumb, 2 bytes, Stack size 0 bytes, stm32f4xx_it.o(.text.RCC_IRQHandler))
<BR>[Address Reference Count : 1]<UL><LI> startup_stm32f407xx.o(RESET)
</UL>
<P><STRONG><a name="[dd]"></a>RCC_PLL_GetFreqDomain_SYS</STRONG> (Thumb, 138 bytes, Stack size 40 bytes, stm32f4xx_ll_rcc.o(.text.RCC_PLL_GetFreqDomain_SYS))
<BR><BR>[Stack]<UL><LI>Max Depth = 40<LI>Call Chain = RCC_PLL_GetFreqDomain_SYS
</UL>
<BR>[Calls]<UL><LI><a href="#[e1]">&gt;&gt;</a>&nbsp;&nbsp;&nbsp;LL_RCC_PLL_GetP
<LI><a href="#[e0]">&gt;&gt;</a>&nbsp;&nbsp;&nbsp;LL_RCC_PLL_GetN
<LI><a href="#[de]">&gt;&gt;</a>&nbsp;&nbsp;&nbsp;LL_RCC_PLL_GetMainSource
<LI><a href="#[df]">&gt;&gt;</a>&nbsp;&nbsp;&nbsp;LL_RCC_PLL_GetDivider
</UL>
<BR>[Called By]<UL><LI><a href="#[bd]">&gt;&gt;</a>&nbsp;&nbsp;&nbsp;RCC_GetSystemClockFreq
</UL>

<P><STRONG><a name="[e2]"></a>RandomLib_IRQTask</STRONG> (Thumb, 8 bytes, Stack size 8 bytes, random_lib.o(.text.RandomLib_IRQTask))
<BR><BR>[Stack]<UL><LI>Max Depth = 28<LI>Call Chain = RandomLib_IRQTask &rArr; Random_IRQTask &rArr; LL_RNG_ReadRandData32
</UL>
<BR>[Calls]<UL><LI><a href="#[e3]">&gt;&gt;</a>&nbsp;&nbsp;&nbsp;Random_IRQTask
</UL>
<BR>[Called By]<UL><LI><a href="#[91]">&gt;&gt;</a>&nbsp;&nbsp;&nbsp;RandomTask_IRQTask
</UL>

<P><STRONG><a name="[e4]"></a>RandomLib_Init</STRONG> (Thumb, 24 bytes, Stack size 16 bytes, random_lib.o(.text.RandomLib_Init))
<BR><BR>[Stack]<UL><LI>Max Depth = 80<LI>Call Chain = RandomLib_Init &rArr; Random_Init &rArr; NVIC_EncodePriority
</UL>
<BR>[Calls]<UL><LI><a href="#[e5]">&gt;&gt;</a>&nbsp;&nbsp;&nbsp;Random_Init
</UL>
<BR>[Called By]<UL><LI><a href="#[e6]">&gt;&gt;</a>&nbsp;&nbsp;&nbsp;RandomTask_Init
</UL>

<P><STRONG><a name="[91]"></a>RandomTask_IRQTask</STRONG> (Thumb, 8 bytes, Stack size 8 bytes, random_task.o(.text.RandomTask_IRQTask))
<BR><BR>[Stack]<UL><LI>Max Depth = 36<LI>Call Chain = RandomTask_IRQTask &rArr; RandomLib_IRQTask &rArr; Random_IRQTask &rArr; LL_RNG_ReadRandData32
</UL>
<BR>[Calls]<UL><LI><a href="#[e2]">&gt;&gt;</a>&nbsp;&nbsp;&nbsp;RandomLib_IRQTask
</UL>
<BR>[Called By]<UL><LI><a href="#[59]">&gt;&gt;</a>&nbsp;&nbsp;&nbsp;HASH_RNG_IRQHandler
</UL>

<P><STRONG><a name="[e6]"></a>RandomTask_Init</STRONG> (Thumb, 24 bytes, Stack size 16 bytes, random_task.o(.text.RandomTask_Init))
<BR><BR>[Stack]<UL><LI>Max Depth = 96<LI>Call Chain = RandomTask_Init &rArr; RandomLib_Init &rArr; Random_Init &rArr; NVIC_EncodePriority
</UL>
<BR>[Calls]<UL><LI><a href="#[e4]">&gt;&gt;</a>&nbsp;&nbsp;&nbsp;RandomLib_Init
</UL>
<BR>[Called By]<UL><LI><a href="#[128]">&gt;&gt;</a>&nbsp;&nbsp;&nbsp;Sys_Init
</UL>

<P><STRONG><a name="[e3]"></a>Random_IRQTask</STRONG> (Thumb, 128 bytes, Stack size 16 bytes, random_cfg.o(.text.Random_IRQTask))
<BR><BR>[Stack]<UL><LI>Max Depth = 20<LI>Call Chain = Random_IRQTask &rArr; LL_RNG_ReadRandData32
</UL>
<BR>[Calls]<UL><LI><a href="#[ee]">&gt;&gt;</a>&nbsp;&nbsp;&nbsp;LL_RNG_ReadRandData32
<LI><a href="#[e7]">&gt;&gt;</a>&nbsp;&nbsp;&nbsp;LL_RNG_IsActiveFlag_SEIS
<LI><a href="#[ed]">&gt;&gt;</a>&nbsp;&nbsp;&nbsp;LL_RNG_IsActiveFlag_DRDY
<LI><a href="#[eb]">&gt;&gt;</a>&nbsp;&nbsp;&nbsp;LL_RNG_IsActiveFlag_CEIS
<LI><a href="#[ea]">&gt;&gt;</a>&nbsp;&nbsp;&nbsp;LL_RNG_Enable
<LI><a href="#[e9]">&gt;&gt;</a>&nbsp;&nbsp;&nbsp;LL_RNG_Disable
<LI><a href="#[e8]">&gt;&gt;</a>&nbsp;&nbsp;&nbsp;LL_RNG_ClearFlag_SEIS
<LI><a href="#[ec]">&gt;&gt;</a>&nbsp;&nbsp;&nbsp;LL_RNG_ClearFlag_CEIS
</UL>
<BR>[Called By]<UL><LI><a href="#[e2]">&gt;&gt;</a>&nbsp;&nbsp;&nbsp;RandomLib_IRQTask
</UL>

<P><STRONG><a name="[e5]"></a>Random_Init</STRONG> (Thumb, 146 bytes, Stack size 32 bytes, random_cfg.o(.text.Random_Init))
<BR><BR>[Stack]<UL><LI>Max Depth = 64<LI>Call Chain = Random_Init &rArr; NVIC_EncodePriority
</UL>
<BR>[Calls]<UL><LI><a href="#[c1]">&gt;&gt;</a>&nbsp;&nbsp;&nbsp;LL_RNG_DeInit
<LI><a href="#[82]">&gt;&gt;</a>&nbsp;&nbsp;&nbsp;IWDGTask_Reset
<LI><a href="#[f2]">&gt;&gt;</a>&nbsp;&nbsp;&nbsp;__NVIC_SetPriority
<LI><a href="#[f0]">&gt;&gt;</a>&nbsp;&nbsp;&nbsp;__NVIC_GetPriorityGrouping
<LI><a href="#[f3]">&gt;&gt;</a>&nbsp;&nbsp;&nbsp;__NVIC_EnableIRQ
<LI><a href="#[f1]">&gt;&gt;</a>&nbsp;&nbsp;&nbsp;NVIC_EncodePriority
<LI><a href="#[ed]">&gt;&gt;</a>&nbsp;&nbsp;&nbsp;LL_RNG_IsActiveFlag_DRDY
<LI><a href="#[f4]">&gt;&gt;</a>&nbsp;&nbsp;&nbsp;LL_RNG_EnableIT
<LI><a href="#[ea]">&gt;&gt;</a>&nbsp;&nbsp;&nbsp;LL_RNG_Enable
<LI><a href="#[ef]">&gt;&gt;</a>&nbsp;&nbsp;&nbsp;LL_AHB2_GRP1_EnableClock
</UL>
<BR>[Called By]<UL><LI><a href="#[e4]">&gt;&gt;</a>&nbsp;&nbsp;&nbsp;RandomLib_Init
</UL>

<P><STRONG><a name="[f5]"></a>SI5351ALib_I2C_Init</STRONG> (Thumb, 32 bytes, Stack size 24 bytes, si5351a_lib.o(.text.SI5351ALib_I2C_Init))
<BR><BR>[Stack]<UL><LI>Max Depth = 340<LI>Call Chain = SI5351ALib_I2C_Init &rArr; SI5351A_I2C_Init &rArr; SI5351A_I2C_START &rArr; SI5351A_SetClockChannelIDRV &rArr; SI5351A_I2C_WriteSingle &rArr; SI5351A_SWI2C_WriteSingle &rArr; I2CTask_MSW_SendByte &rArr; I2CLib_MSW_SendByte &rArr; I2C_MSW_SendByte &rArr; I2C_MSW_SendBit &rArr; DelayTask_ClkNop &rArr; DelayLib_ClkNop &rArr; Delay_ClkNop
</UL>
<BR>[Calls]<UL><LI><a href="#[f6]">&gt;&gt;</a>&nbsp;&nbsp;&nbsp;SI5351A_I2C_Init
</UL>
<BR>[Called By]<UL><LI><a href="#[f9]">&gt;&gt;</a>&nbsp;&nbsp;&nbsp;SI5351ATask_I2C_Init
</UL>

<P><STRONG><a name="[f7]"></a>SI5351ALib_SetFreqMHz</STRONG> (Thumb, 36 bytes, Stack size 24 bytes, si5351a_lib.o(.text.SI5351ALib_SetFreqMHz))
[...]
</UL>

<P><STRONG><a name="[f1]"></a>NVIC_EncodePriority</STRONG> (Thumb, 110 bytes, Stack size 32 bytes, random_cfg.o(.text.NVIC_EncodePriority))
<BR><BR>[Stack]<UL><LI>Max Depth = 32<LI>Call Chain = NVIC_EncodePriority
</UL>
<BR>[Called By]<UL><LI><a href="#[e5]">&gt;&gt;</a>&nbsp;&nbsp;&nbsp;Random_Init
</UL>

<P><STRONG><a name="[f3]"></a>__NVIC_EnableIRQ</STRONG> (Thumb, 44 bytes, Stack size 4 bytes, random_cfg.o(.text.__NVIC_EnableIRQ))
<BR><BR>[Stack]<UL><LI>Max Depth = 4<LI>Call Chain = __NVIC_EnableIRQ
</UL>
<BR>[Called By]<UL><LI><a href="#[e5]">&gt;&gt;</a>&nbsp;&nbsp;&nbsp;Random_Init
</UL>

<P><STRONG><a name="[f0]"></a>__NVIC_GetPriorityGrouping</STRONG> (Thumb, 16 bytes, Stack size 0 bytes, random_cfg.o(.text.__NVIC_GetPriorityGrouping))
<BR><BR>[Called By]<UL><LI><a href="#[e5]">&gt;&gt;</a>&nbsp;&nbsp;&nbsp;Random_Init
</UL>

<P><STRONG><a name="[f2]"></a>__NVIC_SetPriority</STRONG> (Thumb, 58 bytes, Stack size 8 bytes, random_cfg.o(.text.__NVIC_SetPriority))
<BR><BR>[Stack]<UL><LI>Max Depth = 8<LI>Call Chain = __NVIC_SetPriority
</UL>
<BR>[Called By]<UL><LI><a href="#[e5]">&gt;&gt;</a>&nbsp;&nbsp;&nbsp;Random_Init
</UL>

<P><STRONG><a name="[121]"></a>LL_InitTick</STRONG> (Thumb, 54 bytes, Stack size 8 bytes, systick_cfg.o(.text.LL_InitTick))
<BR><BR>[Stack]<UL><LI>Max Depth = 8<LI>Call Chain = LL_InitTick
</UL>
<BR>[Called By]<UL><LI><a href="#[119]">&gt;&gt;</a>&nbsp;&nbsp;&nbsp;SysTick_msInit
</UL>

<P><STRONG><a name="[124]"></a>NVIC_EncodePriority</STRONG> (Thumb, 110 bytes, Stack size 32 bytes, systick_cfg.o(.text.NVIC_EncodePriority))
<BR><BR>[Stack]<UL><LI>Max Depth = 32<LI>Call Chain = NVIC_EncodePriority
</UL>
<BR>[Called By]<UL><LI><a href="#[119]">&gt;&gt;</a>&nbsp;&nbsp;&nbsp;SysTick_msInit
</UL>

<P><STRONG><a name="[123]"></a>__NVIC_GetPriorityGrouping</STRONG> (Thumb, 16 bytes, Stack size 0 bytes, systick_cfg.o(.text.__NVIC_GetPriorityGrouping))
<BR><BR>[Called By]<UL><LI><a href="#[119]">&gt;&gt;</a>&nbsp;&nbsp;&nbsp;SysTick_msInit
</UL>

<P><STRONG><a name="[125]"></a>__NVIC_SetPriority</STRONG> (Thumb, 58 bytes, Stack size 8 bytes, systick_cfg.o(.text.__NVIC_SetPriority))
<BR><BR>[Stack]<UL><LI>Max Depth = 8<LI>Call Chain = __NVIC_SetPriority
</UL>
<BR>[Called By]<UL><LI><a href="#[119]">&gt;&gt;</a>&nbsp;&nbsp;&nbsp;SysTick_msInit
</UL>

<P><STRONG><a name="[122]"></a>__NVIC_SetPriorityGrouping</STRONG> (Thumb, 60 bytes, Stack size 12 bytes, systick_cfg.o(.text.__NVIC_SetPriorityGrouping))
<BR><BR>[Stack]<UL><LI>Max Depth = 12<LI>Call Chain = __NVIC_SetPriorityGrouping
</UL>
<BR>[Called By]<UL><LI><a href="#[119]">&gt;&gt;</a>&nbsp;&nbsp;&nbsp;SysTick_msInit
</UL>

<P><STRONG><a name="[15b]"></a>LL_APB1_GRP1_DisableClock</STRONG> (Thumb, 26 bytes, Stack size 4 bytes, usart_cfg.o(.text.LL_APB1_GRP1_DisableClock))
<BR><BR>[Stack]<UL><LI>Max Depth = 4<LI>Call Chain = LL_APB1_GRP1_DisableClock
</UL>
<BR>[Called By]<UL><LI><a href="#[145]">&gt;&gt;</a>&nbsp;&nbsp;&nbsp;USART_Clock
</UL>

<P><STRONG><a name="[15a]"></a>LL_APB1_GRP1_EnableClock</STRONG> (Thumb, 34 bytes, Stack size 8 bytes, usart_cfg.o(.text.LL_APB1_GRP1_EnableClock))
<BR><BR>[Stack]<UL><LI>Max Depth = 8<LI>Call Chain = LL_APB1_GRP1_EnableClock
</UL>
<BR>[Called By]<UL><LI><a href="#[145]">&gt;&gt;</a>&nbsp;&nbsp;&nbsp;USART_Clock
</UL>

<P><STRONG><a name="[159]"></a>LL_APB2_GRP1_DisableClock</STRONG> (Thumb, 26 bytes, Stack size 4 bytes, usart_cfg.o(.text.LL_APB2_GRP1_DisableClock))
<BR><BR>[Stack]<UL><LI>Max Depth = 4<LI>Call Chain = LL_APB2_GRP1_DisableClock
</UL>
<BR>[Called By]<UL><LI><a href="#[145]">&gt;&gt;</a>&nbsp;&nbsp;&nbsp;USART_Clock
</UL>

<P><STRONG><a name="[158]"></a>LL_APB2_GRP1_EnableClock</STRONG> (Thumb, 34 bytes, Stack size 8 bytes, usart_cfg.o(.text.LL_APB2_GRP1_EnableClock))
<BR><BR>[Stack]<UL><LI>Max Depth = 8<LI>Call Chain = LL_APB2_GRP1_EnableClock
</UL>
<BR>[Called By]<UL><LI><a href="#[145]">&gt;&gt;</a>&nbsp;&nbsp;&nbsp;USART_Clock
</UL>

<P><STRONG><a name="[156]"></a>LL_GPIO_ResetOutputPin</STRONG> (Thumb, 18 bytes, Stack size 8 bytes, usart_cfg.o(.text.LL_GPIO_ResetOutputPin))
<BR><BR>[Stack]<UL><LI>Max Depth = 8<LI>Call Chain = LL_GPIO_ResetOutputPin
</UL>
<BR>[Called By]<UL><LI><a href="#[14e]">&gt;&gt;</a>&nbsp;&nbsp;&nbsp;USART_485GPIOInit
</UL>

<P><STRONG><a name="[157]"></a>LL_GPIO_SetOutputPin</STRONG> (Thumb, 16 bytes, Stack size 8 bytes, usart_cfg.o(.text.LL_GPIO_SetOutputPin))
<BR><BR>[Stack]<UL><LI>Max Depth = 8<LI>Call Chain = LL_GPIO_SetOutputPin
</UL>
<BR>[Called By]<UL><LI><a href="#[14e]">&gt;&gt;</a>&nbsp;&nbsp;&nbsp;USART_485GPIOInit
</UL>

<P><STRONG><a name="[15c]"></a>LL_GPIO_SetPinMode</STRONG> (Thumb, 46 bytes, Stack size 12 bytes, usart_cfg.o(.text.LL_GPIO_SetPinMode))
<BR><BR>[Stack]<UL><LI>Max Depth = 12<LI>Call Chain = LL_GPIO_SetPinMode
</UL>
<BR>[Called By]<UL><LI><a href="#[14f]">&gt;&gt;</a>&nbsp;&nbsp;&nbsp;USART_GPIOInit
</UL>

<P><STRONG><a name="[178]"></a>LL_USART_ClearFlag_FE</STRONG> (Thumb, 24 bytes, Stack size 8 bytes, usart_cfg.o(.text.LL_USART_ClearFlag_FE))
<BR><BR>[Stack]<UL><LI>Max Depth = 8<LI>Call Chain = LL_USART_ClearFlag_FE
</UL>
<BR>[Called By]<UL><LI><a href="#[152]">&gt;&gt;</a>&nbsp;&nbsp;&nbsp;USART_IRQTask
</UL>

<P><STRONG><a name="[171]"></a>LL_USART_ClearFlag_IDLE</STRONG> (Thumb, 24 bytes, Stack size 8 bytes, usart_cfg.o(.text.LL_USART_ClearFlag_IDLE))
<BR><BR>[Stack]<UL><LI>Max Depth = 8<LI>Call Chain = LL_USART_ClearFlag_IDLE
</UL>
<BR>[Called By]<UL><LI><a href="#[152]">&gt;&gt;</a>&nbsp;&nbsp;&nbsp;USART_IRQTask
</UL>

<P><STRONG><a name="[16e]"></a>LL_USART_ClearFlag_LBD</STRONG> (Thumb, 16 bytes, Stack size 4 bytes, usart_cfg.o(.text.LL_USART_ClearFlag_LBD))
<BR><BR>[Stack]<UL><LI>Max Depth = 4<LI>Call Chain = LL_USART_ClearFlag_LBD
</UL>
<BR>[Called By]<UL><LI><a href="#[152]">&gt;&gt;</a>&nbsp;&nbsp;&nbsp;USART_IRQTask
</UL>

<P><STRONG><a name="[176]"></a>LL_USART_ClearFlag_NE</STRONG> (Thumb, 24 bytes, Stack size 8 bytes, usart_cfg.o(.text.LL_USART_ClearFlag_NE))
<BR><BR>[Stack]<UL><LI>Max Depth = 8<LI>Call Chain = LL_USART_ClearFlag_NE
</UL>
<BR>[Called By]<UL><LI><a href="#[152]">&gt;&gt;</a>&nbsp;&nbsp;&nbsp;USART_IRQTask
</UL>

<P><STRONG><a name="[174]"></a>LL_USART_ClearFlag_ORE</STRONG> (Thumb, 24 bytes, Stack size 8 bytes, usart_cfg.o(.text.LL_USART_ClearFlag_ORE))
<BR><BR>[Stack]<UL><LI>Max Depth = 8<LI>Call Chain = LL_USART_ClearFlag_ORE
</UL>
<BR>[Called By]<UL><LI><a href="#[152]">&gt;&gt;</a>&nbsp;&nbsp;&nbsp;USART_IRQTask
</UL>

<P><STRONG><a name="[17b]"></a>LL_USART_ClearFlag_PE</STRONG> (Thumb, 24 bytes, Stack size 8 bytes, usart_cfg.o(.text.LL_USART_ClearFlag_PE))
<BR><BR>[Stack]<UL><LI>Max Depth = 8<LI>Call Chain = LL_USART_ClearFlag_PE
</UL>
<BR>[Called By]<UL><LI><a href="#[152]">&gt;&gt;</a>&nbsp;&nbsp;&nbsp;USART_IRQTask
</UL>

<P><STRONG><a name="[161]"></a>LL_USART_ClearFlag_RXNE</STRONG> (Thumb, 16 bytes, Stack size 4 bytes, usart_cfg.o(.text.LL_USART_ClearFlag_RXNE))
<BR><BR>[Stack]<UL><LI>Max Depth = 4<LI>Call Chain = LL_USART_ClearFlag_RXNE
</UL>
<BR>[Called By]<UL><LI><a href="#[152]">&gt;&gt;</a>&nbsp;&nbsp;&nbsp;USART_IRQTask
</UL>

<P><STRONG><a name="[168]"></a>LL_USART_ClearFlag_TC</STRONG> (Thumb, 16 bytes, Stack size 4 bytes, usart_cfg.o(.text.LL_USART_ClearFlag_TC))
<BR><BR>[Stack]<UL><LI>Max Depth = 4<LI>Call Chain = LL_USART_ClearFlag_TC
</UL>
<BR>[Called By]<UL><LI><a href="#[18b]">&gt;&gt;</a>&nbsp;&nbsp;&nbsp;USART_PrintfSuspend
<LI><a href="#[152]">&gt;&gt;</a>&nbsp;&nbsp;&nbsp;USART_IRQTask
</UL>

<P><STRONG><a name="[16b]"></a>LL_USART_ClearFlag_nCTS</STRONG> (Thumb, 16 bytes, Stack size 4 bytes, usart_cfg.o(.text.LL_USART_ClearFlag_nCTS))
<BR><BR>[Stack]<UL><LI>Max Depth = 4<LI>Call Chain = LL_USART_ClearFlag_nCTS
</UL>
<BR>[Called By]<UL><LI><a href="#[152]">&gt;&gt;</a>&nbsp;&nbsp;&nbsp;USART_IRQTask
</UL>

<P><STRONG><a name="[146]"></a>LL_USART_ConfigAsyncMode</STRONG> (Thumb, 28 bytes, Stack size 4 bytes, usart_cfg.o(.text.LL_USART_ConfigAsyncMode))
<BR><BR>[Stack]<UL><LI>Max Depth = 4<LI>Call Chain = LL_USART_ConfigAsyncMode
</UL>
<BR>[Called By]<UL><LI><a href="#[144]">&gt;&gt;</a>&nbsp;&nbsp;&nbsp;USART1_Init
</UL>

<P><STRONG><a name="[17d]"></a>LL_USART_DisableIT_TC</STRONG> (Thumb, 18 bytes, Stack size 4 bytes, usart_cfg.o(.text.LL_USART_DisableIT_TC))
<BR><BR>[Stack]<UL><LI>Max Depth = 4<LI>Call Chain = LL_USART_DisableIT_TC
</UL>
<BR>[Called By]<UL><LI><a href="#[167]">&gt;&gt;</a>&nbsp;&nbsp;&nbsp;USART_IT_TCTask
<LI><a href="#[184]">&gt;&gt;</a>&nbsp;&nbsp;&nbsp;USART_ITWrite_TCTask
<LI><a href="#[17c]">&gt;&gt;</a>&nbsp;&nbsp;&nbsp;USART_ITPrintf_TCTask
</UL>

<P><STRONG><a name="[186]"></a>LL_USART_DisableIT_TXE</STRONG> (Thumb, 18 bytes, Stack size 4 bytes, usart_cfg.o(.text.LL_USART_DisableIT_TXE))
<BR><BR>[Stack]<UL><LI>Max Depth = 4<LI>Call Chain = LL_USART_DisableIT_TXE
</UL>
<BR>[Called By]<UL><LI><a href="#[164]">&gt;&gt;</a>&nbsp;&nbsp;&nbsp;USART_ITWrite_TXETask
</UL>

<P><STRONG><a name="[14c]"></a>LL_USART_Enable</STRONG> (Thumb, 18 bytes, Stack size 4 bytes, usart_cfg.o(.text.LL_USART_Enable))
<BR><BR>[Stack]<UL><LI>Max Depth = 4<LI>Call Chain = LL_USART_Enable
</UL>
<BR>[Called By]<UL><LI><a href="#[144]">&gt;&gt;</a>&nbsp;&nbsp;&nbsp;USART1_Init
</UL>

<P><STRONG><a name="[14b]"></a>LL_USART_EnableIT_RXNE</STRONG> (Thumb, 18 bytes, Stack size 4 bytes, usart_cfg.o(.text.LL_USART_EnableIT_RXNE))
<BR><BR>[Stack]<UL><LI>Max Depth = 4<LI>Call Chain = LL_USART_EnableIT_RXNE
</UL>
<BR>[Called By]<UL><LI><a href="#[144]">&gt;&gt;</a>&nbsp;&nbsp;&nbsp;USART1_Init
</UL>

<P><STRONG><a name="[187]"></a>LL_USART_EnableIT_TC</STRONG> (Thumb, 18 bytes, Stack size 4 bytes, usart_cfg.o(.text.LL_USART_EnableIT_TC))
<BR><BR>[Stack]<UL><LI>Max Depth = 4<LI>Call Chain = LL_USART_EnableIT_TC
</UL>
<BR>[Called By]<UL><LI><a href="#[150]">&gt;&gt;</a>&nbsp;&nbsp;&nbsp;USART_Printf
<LI><a href="#[164]">&gt;&gt;</a>&nbsp;&nbsp;&nbsp;USART_ITWrite_TXETask
</UL>

<P><STRONG><a name="[177]"></a>LL_USART_IsActiveFlag_FE</STRONG> (Thumb, 16 bytes, Stack size 4 bytes, usart_cfg.o(.text.LL_USART_IsActiveFlag_FE))
<BR><BR>[Stack]<UL><LI>Max Depth = 4<LI>Call Chain = LL_USART_IsActiveFlag_FE
</UL>
<BR>[Called By]<UL><LI><a href="#[152]">&gt;&gt;</a>&nbsp;&nbsp;&nbsp;USART_IRQTask
</UL>

<P><STRONG><a name="[16f]"></a>LL_USART_IsActiveFlag_IDLE</STRONG> (Thumb, 16 bytes, Stack size 4 bytes, usart_cfg.o(.text.LL_USART_IsActiveFlag_IDLE))
<BR><BR>[Stack]<UL><LI>Max Depth = 4<LI>Call Chain = LL_USART_IsActiveFlag_IDLE
</UL>
<BR>[Called By]<UL><LI><a href="#[152]">&gt;&gt;</a>&nbsp;&nbsp;&nbsp;USART_IRQTask
</UL>

<P><STRONG><a name="[16c]"></a>LL_USART_IsActiveFlag_LBD</STRONG> (Thumb, 16 bytes, Stack size 4 bytes, usart_cfg.o(.text.LL_USART_IsActiveFlag_LBD))
<BR><BR>[Stack]<UL><LI>Max Depth = 4<LI>Call Chain = LL_USART_IsActiveFlag_LBD
</UL>
<BR>[Called By]<UL><LI><a href="#[152]">&gt;&gt;</a>&nbsp;&nbsp;&nbsp;USART_IRQTask
</UL>

<P><STRONG><a name="[175]"></a>LL_USART_IsActiveFlag_NE</STRONG> (Thumb, 16 bytes, Stack size 4 bytes, usart_cfg.o(.text.LL_USART_IsActiveFlag_NE))
<BR><BR>[Stack]<UL><LI>Max Depth = 4<LI>Call Chain = LL_USART_IsActiveFlag_NE
</UL>
<BR>[Called By]<UL><LI><a href="#[152]">&gt;&gt;</a>&nbsp;&nbsp;&nbsp;USART_IRQTask
</UL>

<P><STRONG><a name="[172]"></a>LL_USART_IsActiveFlag_ORE</STRONG> (Thumb, 16 bytes, Stack size 4 bytes, usart_cfg.o(.text.LL_USART_IsActiveFlag_ORE))
<BR><BR>[Stack]<UL><LI>Max Depth = 4<LI>Call Chain = LL_USART_IsActiveFlag_ORE
</UL>
<BR>[Called By]<UL><LI><a href="#[152]">&gt;&gt;</a>&nbsp;&nbsp;&nbsp;USART_IRQTask
</UL>

<P><STRONG><a name="[179]"></a>LL_USART_IsActiveFlag_PE</STRONG> (Thumb, 16 bytes, Stack size 4 bytes, usart_cfg.o(.text.LL_USART_IsActiveFlag_PE))
<BR><BR>[Stack]<UL><LI>Max Depth = 4<LI>Call Chain = LL_USART_IsActiveFlag_PE
</UL>
<BR>[Called By]<UL><LI><a href="#[152]">&gt;&gt;</a>&nbsp;&nbsp;&nbsp;USART_IRQTask
</UL>

<P><STRONG><a name="[15d]"></a>LL_USART_IsActiveFlag_RXNE</STRONG> (Thumb, 16 bytes, Stack size 4 bytes, usart_cfg.o(.text.LL_USART_IsActiveFlag_RXNE))
<BR><BR>[Stack]<UL><LI>Max Depth = 4<LI>Call Chain = LL_USART_IsActiveFlag_RXNE
</UL>
<BR>[Called By]<UL><LI><a href="#[152]">&gt;&gt;</a>&nbsp;&nbsp;&nbsp;USART_IRQTask
</UL>

<P><STRONG><a name="[165]"></a>LL_USART_IsActiveFlag_TC</STRONG> (Thumb, 16 bytes, Stack size 4 bytes, usart_cfg.o(.text.LL_USART_IsActiveFlag_TC))
<BR><BR>[Stack]<UL><LI>Max Depth = 4<LI>Call Chain = LL_USART_IsActiveFlag_TC
</UL>
<BR>[Called By]<UL><LI><a href="#[18b]">&gt;&gt;</a>&nbsp;&nbsp;&nbsp;USART_PrintfSuspend
<LI><a href="#[152]">&gt;&gt;</a>&nbsp;&nbsp;&nbsp;USART_IRQTask
</UL>

<P><STRONG><a name="[162]"></a>LL_USART_IsActiveFlag_TXE</STRONG> (Thumb, 16 bytes, Stack size 4 bytes, usart_cfg.o(.text.LL_USART_IsActiveFlag_TXE))
<BR><BR>[Stack]<UL><LI>Max Depth = 4<LI>Call Chain = LL_USART_IsActiveFlag_TXE
</UL>
<BR>[Called By]<UL><LI><a href="#[18b]">&gt;&gt;</a>&nbsp;&nbsp;&nbsp;USART_PrintfSuspend
<LI><a href="#[152]">&gt;&gt;</a>&nbsp;&nbsp;&nbsp;USART_IRQTask
</UL>

<P><STRONG><a name="[169]"></a>LL_USART_IsActiveFlag_nCTS</STRONG> (Thumb, 16 bytes, Stack size 4 bytes, usart_cfg.o(.text.LL_USART_IsActiveFlag_nCTS))
<BR><BR>[Stack]<UL><LI>Max Depth = 4<LI>Call Chain = LL_USART_IsActiveFlag_nCTS
</UL>
<BR>[Called By]<UL><LI><a href="#[152]">&gt;&gt;</a>&nbsp;&nbsp;&nbsp;USART_IRQTask
</UL>

<P><STRONG><a name="[16a]"></a>LL_USART_IsEnabledIT_CTS</STRONG> (Thumb, 16 bytes, Stack size 4 bytes, usart_cfg.o(.text.LL_USART_IsEnabledIT_CTS))
<BR><BR>[Stack]<UL><LI>Max Depth = 4<LI>Call Chain = LL_USART_IsEnabledIT_CTS
</UL>
<BR>[Called By]<UL><LI><a href="#[152]">&gt;&gt;</a>&nbsp;&nbsp;&nbsp;USART_IRQTask
</UL>

<P><STRONG><a name="[173]"></a>LL_USART_IsEnabledIT_ERROR</STRONG> (Thumb, 16 bytes, Stack size 4 bytes, usart_cfg.o(.text.LL_USART_IsEnabledIT_ERROR))
<BR><BR>[Stack]<UL><LI>Max Depth = 4<LI>Call Chain = LL_USART_IsEnabledIT_ERROR
</UL>
<BR>[Called By]<UL><LI><a href="#[152]">&gt;&gt;</a>&nbsp;&nbsp;&nbsp;USART_IRQTask
</UL>

<P><STRONG><a name="[170]"></a>LL_USART_IsEnabledIT_IDLE</STRONG> (Thumb, 16 bytes, Stack size 4 bytes, usart_cfg.o(.text.LL_USART_IsEnabledIT_IDLE))
<BR><BR>[Stack]<UL><LI>Max Depth = 4<LI>Call Chain = LL_USART_IsEnabledIT_IDLE
</UL>
<BR>[Called By]<UL><LI><a href="#[152]">&gt;&gt;</a>&nbsp;&nbsp;&nbsp;USART_IRQTask
</UL>

<P><STRONG><a name="[16d]"></a>LL_USART_IsEnabledIT_LBD</STRONG> (Thumb, 16 bytes, Stack size 4 bytes, usart_cfg.o(.text.LL_USART_IsEnabledIT_LBD))
<BR><BR>[Stack]<UL><LI>Max Depth = 4<LI>Call Chain = LL_USART_IsEnabledIT_LBD
</UL>
<BR>[Called By]<UL><LI><a href="#[152]">&gt;&gt;</a>&nbsp;&nbsp;&nbsp;USART_IRQTask
</UL>

<P><STRONG><a name="[17a]"></a>LL_USART_IsEnabledIT_PE</STRONG> (Thumb, 16 bytes, Stack size 4 bytes, usart_cfg.o(.text.LL_USART_IsEnabledIT_PE))
<BR><BR>[Stack]<UL><LI>Max Depth = 4<LI>Call Chain = LL_USART_IsEnabledIT_PE
</UL>
<BR>[Called By]<UL><LI><a href="#[152]">&gt;&gt;</a>&nbsp;&nbsp;&nbsp;USART_IRQTask
</UL>

<P><STRONG><a name="[15e]"></a>LL_USART_IsEnabledIT_RXNE</STRONG> (Thumb, 16 bytes, Stack size 4 bytes, usart_cfg.o(.text.LL_USART_IsEnabledIT_RXNE))
<BR><BR>[Stack]<UL><LI>Max Depth = 4<LI>Call Chain = LL_USART_IsEnabledIT_RXNE
</UL>
<BR>[Called By]<UL><LI><a href="#[152]">&gt;&gt;</a>&nbsp;&nbsp;&nbsp;USART_IRQTask
</UL>

<P><STRONG><a name="[166]"></a>LL_USART_IsEnabledIT_TC</STRONG> (Thumb, 16 bytes, Stack size 4 bytes, usart_cfg.o(.text.LL_USART_IsEnabledIT_TC))
<BR><BR>[Stack]<UL><LI>Max Depth = 4<LI>Call Chain = LL_USART_IsEnabledIT_TC
</UL>
<BR>[Called By]<UL><LI><a href="#[18b]">&gt;&gt;</a>&nbsp;&nbsp;&nbsp;USART_PrintfSuspend
<LI><a href="#[152]">&gt;&gt;</a>&nbsp;&nbsp;&nbsp;USART_IRQTask
</UL>

<P><STRONG><a name="[163]"></a>LL_USART_IsEnabledIT_TXE</STRONG> (Thumb, 16 bytes, Stack size 4 bytes, usart_cfg.o(.text.LL_USART_IsEnabledIT_TXE))
<BR><BR>[Stack]<UL><LI>Max Depth = 4<LI>Call Chain = LL_USART_IsEnabledIT_TXE
</UL>
<BR>[Called By]<UL><LI><a href="#[18b]">&gt;&gt;</a>&nbsp;&nbsp;&nbsp;USART_PrintfSuspend
<LI><a href="#[152]">&gt;&gt;</a>&nbsp;&nbsp;&nbsp;USART_IRQTask
</UL>

<P><STRONG><a name="[15f]"></a>LL_USART_ReceiveData8</STRONG> (Thumb, 14 bytes, Stack size 4 bytes, usart_cfg.o(.text.LL_USART_ReceiveData8))
<BR><BR>[Stack]<UL><LI>Max Depth = 4<LI>Call Chain = LL_USART_ReceiveData8
</UL>
<BR>[Called By]<UL><LI><a href="#[152]">&gt;&gt;</a>&nbsp;&nbsp;&nbsp;USART_IRQTask
</UL>

<P><STRONG><a name="[17f]"></a>LL_USART_TransmitData8</STRONG> (Thumb, 22 bytes, Stack size 8 bytes, usart_cfg.o(.text.LL_USART_TransmitData8))
<BR><BR>[Stack]<UL><LI>Max Depth = 8<LI>Call Chain = LL_USART_TransmitData8
</UL>
<BR>[Called By]<UL><LI><a href="#[150]">&gt;&gt;</a>&nbsp;&nbsp;&nbsp;USART_Printf
<LI><a href="#[164]">&gt;&gt;</a>&nbsp;&nbsp;&nbsp;USART_ITWrite_TXETask
<LI><a href="#[184]">&gt;&gt;</a>&nbsp;&nbsp;&nbsp;USART_ITWrite_TCTask
<LI><a href="#[17c]">&gt;&gt;</a>&nbsp;&nbsp;&nbsp;USART_ITPrintf_TCTask
</UL>

<P><STRONG><a name="[148]"></a>NVIC_EncodePriority</STRONG> (Thumb, 110 bytes, Stack size 32 bytes, usart_cfg.o(.text.NVIC_EncodePriority))
<BR><BR>[Stack]<UL><LI>Max Depth = 32<LI>Call Chain = NVIC_EncodePriority
</UL>
<BR>[Called By]<UL><LI><a href="#[144]">&gt;&gt;</a>&nbsp;&nbsp;&nbsp;USART1_Init
</UL>

<P><STRONG><a name="[14a]"></a>__NVIC_EnableIRQ</STRONG> (Thumb, 44 bytes, Stack size 4 bytes, usart_cfg.o(.text.__NVIC_EnableIRQ))
<BR><BR>[Stack]<UL><LI>Max Depth = 4<LI>Call Chain = __NVIC_EnableIRQ
</UL>
<BR>[Called By]<UL><LI><a href="#[144]">&gt;&gt;</a>&nbsp;&nbsp;&nbsp;USART1_Init
</UL>

<P><STRONG><a name="[147]"></a>__NVIC_GetPriorityGrouping</STRONG> (Thumb, 16 bytes, Stack size 0 bytes, usart_cfg.o(.text.__NVIC_GetPriorityGrouping))
<BR><BR>[Called By]<UL><LI><a href="#[144]">&gt;&gt;</a>&nbsp;&nbsp;&nbsp;USART1_Init
</UL>

<P><STRONG><a name="[149]"></a>__NVIC_SetPriority</STRONG> (Thumb, 58 bytes, Stack size 8 bytes, usart_cfg.o(.text.__NVIC_SetPriority))
<BR><BR>[Stack]<UL><LI>Max Depth = 8<LI>Call Chain = __NVIC_SetPriority
</UL>
<BR>[Called By]<UL><LI><a href="#[144]">&gt;&gt;</a>&nbsp;&nbsp;&nbsp;USART1_Init
</UL>

<P><STRONG><a name="[190]"></a>_fp_digits</STRONG> (Thumb, 366 bytes, Stack size 64 bytes, printfa.o(i._fp_digits), UNUSED)
<BR><BR>[Calls]<UL><LI><a href="#[70]">&gt;&gt;</a>&nbsp;&nbsp;&nbsp;__aeabi_ddiv
<LI><a href="#[69]">&gt;&gt;</a>&nbsp;&nbsp;&nbsp;__aeabi_dadd
<LI><a href="#[6f]">&gt;&gt;</a>&nbsp;&nbsp;&nbsp;__aeabi_dmul
<LI><a href="#[72]">&gt;&gt;</a>&nbsp;&nbsp;&nbsp;__aeabi_d2ulz
<LI><a href="#[191]">&gt;&gt;</a>&nbsp;&nbsp;&nbsp;__aeabi_cdrcmple
<LI><a href="#[66]">&gt;&gt;</a>&nbsp;&nbsp;&nbsp;__aeabi_uldivmod
</UL>
<BR>[Called By]<UL><LI><a href="#[18f]">&gt;&gt;</a>&nbsp;&nbsp;&nbsp;_printf_core
</UL>

<P><STRONG><a name="[18f]"></a>_printf_core</STRONG> (Thumb, 1744 bytes, Stack size 136 bytes, printfa.o(i._printf_core), UNUSED)
<BR><BR>[Calls]<UL><LI><a href="#[194]">&gt;&gt;</a>&nbsp;&nbsp;&nbsp;__aeabi_uidivmod
<LI><a href="#[192]">&gt;&gt;</a>&nbsp;&nbsp;&nbsp;_printf_pre_padding
<LI><a href="#[193]">&gt;&gt;</a>&nbsp;&nbsp;&nbsp;_printf_post_padding
<LI><a href="#[190]">&gt;&gt;</a>&nbsp;&nbsp;&nbsp;_fp_digits
<LI><a href="#[66]">&gt;&gt;</a>&nbsp;&nbsp;&nbsp;__aeabi_uldivmod
</UL>
<BR>[Called By]<UL><LI><a href="#[18e]">&gt;&gt;</a>&nbsp;&nbsp;&nbsp;__0vsnprintf
</UL>

<P><STRONG><a name="[193]"></a>_printf_post_padding</STRONG> (Thumb, 36 bytes, Stack size 24 bytes, printfa.o(i._printf_post_padding), UNUSED)
<BR><BR>[Called By]<UL><LI><a href="#[18f]">&gt;&gt;</a>&nbsp;&nbsp;&nbsp;_printf_core
</UL>

<P><STRONG><a name="[192]"></a>_printf_pre_padding</STRONG> (Thumb, 46 bytes, Stack size 24 bytes, printfa.o(i._printf_pre_padding), UNUSED)
<BR><BR>[Called By]<UL><LI><a href="#[18f]">&gt;&gt;</a>&nbsp;&nbsp;&nbsp;_printf_core
</UL>

<P><STRONG><a name="[61]"></a>_snputc</STRONG> (Thumb, 22 bytes, Stack size 0 bytes, printfa.o(i._snputc))
<BR>[Address Reference Count : 1]<UL><LI> printfa.o(i.__0vsnprintf)
</UL><P>
<H3>
Undefined Global Symbols
</H3><HR></body></html>
