<html>
<body>
<pre>
<h1>礦ision Build Log</h1>
<h2>Tool Versions:</h2>
IDE-Version: μVision V5.29.0.0
Copyright (C) 2019 ARM Ltd and ARM Germany GmbH. All rights reserved.
License Information: ZHANG Harry, SYNOXO, LIC=8VRJ7-ES78W-JJA6S-LQ3E2-RX7R6-4KUQW
 
Tool Versions:
Toolchain:       MDK-ARM Plus  Version: 5.29.0.0
Toolchain Path:  D:\Keil_v5\ARM\ARMCLANG\Bin
C Compiler:      ArmClang.exe V6.13.1
Assembler:       Armasm.exe V6.13.1
Linker/Locator:  ArmLink.exe V6.13.1
Library Manager: ArmAr.exe V6.13.1
Hex Converter:   FromElf.exe V6.13.1
CPU DLL:         
Dialog DLL:      DCM.DLL V1.17.3.0
Target DLL:      Segger\JL2CM3.dll V2.99.36.0
Dialog DLL:      TCM.DLL V1.36.5.0
 
<h2>Project:</h2>
H:\STM32_MCU\STM32F407\STM32F407VET6\STM32F407VET6Project\MDKARM\STM32F407VET6Project.uvprojx
Project File Date:  01/02/2020

<h2>Output:</h2>
*** Using Compiler 'V6.13.1', folder: 'D:\Keil_v5\ARM\ARMCLANG\Bin'
Rebuild target 'STM32F407VET6Project'
compiling stm32f4xx_hal_crc.c...
compiling complier_cfg.c...
compiling stm32f4xx_it.c...
compiling system_stm32f4xx.c...
compiling stm32f4xx_hal.c...
compiling stm32f4xx_hal_cortex.c...
compiling complier_lib.c...
compiling stm32_cfg.c...
compiling stm32f4xx_ll_crc.c...
compiling stm32f4xx_hal_gpio.c...
compiling stm32f4xx_ll_adc.c...
compiling stm32f4xx_ll_exti.c...
compiling stm32f4xx_ll_gpio.c...
compiling stm32f4xx_hal_rcc.c...
compiling stm32f4xx_ll_rng.c...
compiling stm32f4xx_ll_rcc.c...
compiling stm32f4xx_ll_rtc.c...
compiling stm32f4xx_ll_dma.c...
compiling stm32f4xx_ll_spi.c...
compiling stm32f4xx_ll_usart.c...
compiling stm32f4xx_ll_dma2d.c...
compiling stm32f4xx_ll_tim.c...
compiling stm32f4xx_ll_utils.c...
compiling stm32f4xx_ll_pwr.c...
assembling startup_stm32f407xx.s...
compiling stm32f4xx_ll_dac.c...
compiling stm32f4xx_ll_i2c.c...
compiling ad5593_cfg.c...
compiling ad5593_task.c...
compiling ad5593_lib.c...
compiling adc_lib.c...
compiling adc_cfg.c...
compiling adc_task.c...
compiling ads1256_task.c...
compiling ads1256_cfg.c...
compiling ads1256_lib.c...
compiling ads868x_lib.c...
compiling ads868x_task.c...
compiling ads868x_cfg.c...
compiling ads869x_lib.c...
compiling ads869x_task.c...
compiling ads869x_cfg.c...
compiling at24cxx_cfg.c...
compiling at24cxx_lib.c...
compiling main.c...
compiling crc_cfg.c...
compiling bkp_cfg.c...
compiling at24cxx_task.c...
compiling bkp_lib.c...
compiling bkp_task.c...
compiling crc_lib.c...
compiling crc_task.c...
compiling css_cfg.c...
compiling css_lib.c...
compiling css_task.c...
compiling dac_task.c...
compiling dac_cfg.c...
compiling dac_lib.c...
compiling decode_lib.c...
compiling decode_task.c...
compiling delay_cfg.c...
compiling delay_task.c...
compiling dht11_lib.c...
compiling dht11_cfg.c...
compiling delay_lib.c...
compiling decode_cfg.c...
compiling dht11_task.c...
compiling ds1302_cfg.c...
compiling ds1302_lib.c...
compiling ds1302_task.c...
compiling ds18b20_task.c...
compiling ds18b20_lib.c...
compiling eeprom_cfg.c...
compiling ds18b20_cfg.c...
compiling eeprom_task.c...
compiling eeprom_lib.c...
compiling enc28j60_cfg.c...
compiling enc28j60_lib.c...
compiling flash_task.c...
compiling enc28j60_task.c...
compiling flash_cfg.c...
compiling flash_lib.c...
compiling gpio_lib.c...
compiling hmc830_cfg.c...
compiling hmc830_task.c...
compiling gpio_cfg.c...
compiling gpio_task.c...
compiling hmc830_lib.c...
compiling i2c_lib.c...
compiling i2c_cfg.c...
compiling iap_cfg.c...
compiling i2c_task.c...
compiling iap_task.c...
compiling iap_lib.c...
compiling isp_cfg.c...
compiling isp_lib.c...
compiling iwdg_cfg.c...
../Application/ISP/isp_task.c(1023): warning: illegal character encoding in string literal [-Winvalid-source-encoding]
                                USART_Printf(USARTx, "=>><B4><AE><BF><DA>%d:<B7><A2><C9><FA>CRC校<D1><E9><B4><ED><CE><F3><<=\r\n", (USARTx->msgIndex - 1));
                                                         ^~~~~~~~~~~~~~~~   ~~~~~~~~~~~~~~~~    ~~~~~~~~~~~~~~~~~~~~~~~~
1 warning generated.
compiling isp_task.c...
compiling kalman_filter.c...
compiling iwdg_task.c...
compiling iwdg_lib.c...
compiling key_cfg.c...
compiling key_lib.c...
compiling key_task.c...
compiling lcd1602_lib.c...
compiling lcd1602_cfg.c...
compiling led_cfg.c...
compiling led_lib.c...
compiling lcd1602_task.c...
compiling led_task.c...
compiling my_malloc.c...
compiling nrf2401_cfg.c...
compiling nrf2401_task.c...
compiling nrf2401_lib.c...
compiling oled_lib.c...
compiling oled_task.c...
compiling oled_cfg.c...
compiling one_wire_cfg.c...
compiling one_wire_lib.c...
compiling one_wire_task.c...
compiling pcf8563_lib.c...
compiling pcf8563_cfg.c...
compiling pid_lib.c...
compiling pcf8563_task.c...
compiling pid_cfg.c...
compiling pid_task.c...
compiling power_cfg.c...
compiling power_lib.c...
compiling power_task.c...
compiling pvd_cfg.c...
compiling pvd_lib.c...
compiling pvd_task.c...
compiling random_cfg.c...
compiling random_lib.c...
compiling random_task.c...
compiling rfaskhw_cfg.c...
compiling rfask_cfg.c...
compiling rfask_lib.c...
compiling rfask_eeprom.c...
../Application/RFASK/rfask_task.c(1607): warning: illegal character encoding in string literal [-Winvalid-source-encoding]
                        USART_Printf(USARTx, "=>><B4><AE><BF><DA>%d:<B7><A2><C9><FA>CRC校<D1><E9><B4><ED><CE><F3><<=\r\n", (USARTx->msgIndex - 1));
                                                 ^~~~~~~~~~~~~~~~   ~~~~~~~~~~~~~~~~    ~~~~~~~~~~~~~~~~~~~~~~~~
1 warning generated.
compiling rfask_task.c...
compiling rtc_cfg.c...
compiling rtc_lib.c...
compiling rtc_task.c...
compiling sht2x_cfg.c...
compiling sht2x_lib.c...
compiling sht2x_task.c...
compiling spi_cfg.c...
compiling spi_lib.c...
compiling spi_task.c...
compiling systick_cfg.c...
compiling systick_task.c...
compiling systick_lib.c...
compiling timer_cfg.c...
compiling timer_task.c...
compiling timer_lib.c...
../Application/USART/usart_cfg.c(373): warning: illegal character encoding in string literal [-Winvalid-source-encoding]
                                        USART_Printf(USARTx, "=>><BD><D3><CA>沾<AE><BF><DA>%d<B7><A2><C9><FA><B3><AC>时<B4><ED><CE><F3>!<<=\r\n", (USARTx->msgIndex - 1));
                                                                 ^~~~~~~~~~~~ ~~~~~~~~~~~~  ~~~~~~~~~~~~~~~~~~~~~~~~ ~~~~~~~~~~~~~~~~
../Application/USART/usart_cfg.c(393): warning: illegal character encoding in string literal [-Winvalid-source-encoding]
                                        USART_Printf(USARTx, "=>><B7><A2><CB>痛<AE><BF><DA>%d<B7><A2><C9><FA><B3><AC>时<B4><ED><CE><F3>!<<=\r\n", (USARTx->msgIndex - 1));
                                                                 ^~~~~~~~~~~~ ~~~~~~~~~~~~  ~~~~~~~~~~~~~~~~~~~~~~~~ ~~~~~~~~~~~~~~~~
../Application/USART/usart_cfg.c(1962): warning: illegal character encoding in string literal [-Winvalid-source-encoding]
        USART_Printf(USARTx, "=>><B4><AE><BF><DA>1<B5>某<F5>始<BB><AF><<=\r\n");
                                 ^~~~~~~~~~~~~~~~ ~~~~ ~~~~ ~~~~~~~~
3 warnings generated.
compiling usart_cfg.c...
../Application/USART/usart_task.c(468): warning: illegal character encoding in string literal [-Winvalid-source-encoding]
                                USART_Printf(USARTx, (void*)"=>><B4><AE><BF><DA>%d:<B7><A2><C9><FA>CRC校<D1><E9><B4><ED><CE><F3><<=\r\n", (USARTx->msgIndex - 1));
                                                                ^~~~~~~~~~~~~~~~   ~~~~~~~~~~~~~~~~    ~~~~~~~~~~~~~~~~~~~~~~~~
../Application/USART/usart_task.c(517): warning: illegal character encoding in string literal [-Winvalid-source-encoding]
                                USART_Printf(USARTx, "=>><B4><AE><BF><DA>%d:<B7><A2><C9><FA>CRC校<D1><E9><B4><ED><CE><F3><<=\r\n", (USARTx->msgIndex - 1));
                                                         ^~~~~~~~~~~~~~~~   ~~~~~~~~~~~~~~~~    ~~~~~~~~~~~~~~~~~~~~~~~~
2 warnings generated.
compiling usart_task.c...
compiling usart_lib.c...
compiling w25qxx_cfg.c...
compiling w25qxx_lib.c...
compiling w25qxx_task.c...
compiling wm8510_cfg.c...
compiling wm8510_lib.c...
compiling mobus_slave_cfg.c...
compiling wm8510_task.c...
compiling wwdg_cfg.c...
compiling wwdg_lib.c...
compiling mobus_slave_lib.c...
compiling mobus_slave_task.c...
compiling modbus_master_lib.c...
compiling modbus_master_cfg.c...
compiling wwdg_task.c...
compiling sdio_cfg.c...
compiling modbus_master_task.c...
compiling sdio_lib.c...
compiling w5500_cfg.c...
compiling sdio_task.c...
compiling w5500_lib.c...
compiling w5500_task.c...
compiling encode_cfg.c...
compiling smbus_lib.c...
compiling encode_lib.c...
compiling smbus_cfg.c...
compiling encode_task.c...
compiling max961x_lib.c...
compiling max961x_task.c...
compiling max961x_cfg.c...
compiling smbus_task.c...
compiling lin_cfg.c...
compiling lin_lib.c...
compiling lin_task.c...
compiling hmc5883_lib.c...
compiling hmc5883_cfg.c...
compiling hmc5883_task.c...
compiling ina226_lib.c...
compiling ina226_cfg.c...
compiling ina226_task.c...
compiling si5351a_cfg.c...
compiling si5351a_lib.c...
compiling hvpp_lib.c...
compiling si5351a_task.c...
compiling hvpp_task.c...
compiling jtag_lib.c...
../Application/TaskManage/task_manage.c(117): warning: illegal character encoding in string literal [-Winvalid-source-encoding]
                        USART_Printf(pUsart1, "=>><B4><AE><BF><DA>%d:<B7><A2><C9><FA>CRC校<D1><E9><B4><ED><CE><F3><<=\r\n", (pUsart1->msgIndex - 1));
                                                  ^~~~~~~~~~~~~~~~   ~~~~~~~~~~~~~~~~    ~~~~~~~~~~~~~~~~~~~~~~~~
1 warning generated.
compiling task_manage.c...
../Application/HVPP/hvpp_cfg.c(367): warning: implicit declaration of function 'ISP_RefreshWatch' is invalid in C99 [-Wimplicit-function-declaration]
        ISP_RefreshWatch(HVPPx);
        ^
../Application/HVPP/hvpp_cfg.c(886): warning: control reaches end of non-void function [-Wreturn-type]
}
^
2 warnings generated.
compiling hvpp_cfg.c...
../Application/JTAG/jtag_task.c(804): warning: illegal character encoding in string literal [-Winvalid-source-encoding]
                                USART_Printf(USARTx, "=>><B4><AE><BF><DA>%d:<B7><A2><C9><FA>CRC校<D1><E9><B4><ED><CE><F3><<=\r\n", (USARTx->msgIndex - 1));
                                                         ^~~~~~~~~~~~~~~~   ~~~~~~~~~~~~~~~~    ~~~~~~~~~~~~~~~~~~~~~~~~
1 warning generated.
compiling jtag_task.c...
compiling hvsp_cfg.c...
compiling hvsp_lib.c...
compiling jtag_cfg.c...
compiling hvsp_task.c...
compiling aht10_cfg.c...
compiling aht10_lib.c...
compiling exit_lib.c...
compiling aht10_task.c...
compiling exit_cfg.c...
compiling hmc472_lib.c...
compiling hmc472_cfg.c...
compiling exit_task.c...
../Application/HMC472/hmc472_task.c(796): warning: illegal character encoding in string literal [-Winvalid-source-encoding]
                                USART_Printf(USARTx, "=>><B4><AE><BF><DA>%d:<B7><A2><C9><FA>CRC校<D1><E9><B4><ED><CE><F3><<=\r\n", (USARTx->msgIndex - 1));
                                                         ^~~~~~~~~~~~~~~~   ~~~~~~~~~~~~~~~~    ~~~~~~~~~~~~~~~~~~~~~~~~
1 warning generated.
compiling hmc472_task.c...
compiling usbhid_lib.c...
compiling usbhid_cfg.c...
compiling usbhid_task.c...
compiling usb_cfg.c...
compiling hw_cfg.c...
compiling mco_cfg.c...
compiling usb_lib.c...
compiling usb_task.c...
linking...
Program Size: Code=73148 RO-data=1684 RW-data=68 ZI-data=16260  
FromELF: creating hex file...
"STM32F407VET6Project\STM32F407VET6Project.axf" - 0 Error(s), 12 Warning(s).

<h2>Software Packages used:</h2>

Package Vendor: ARM
                http://www.keil.com/pack/ARM.CMSIS.5.6.0.pack
                ARM.CMSIS.5.6.0
                CMSIS (Cortex Microcontroller Software Interface Standard)
   * Component: CORE Version: 5.3.0

Package Vendor: Keil
                http://www.keil.com/pack/Keil.STM32F4xx_DFP.2.14.0.pack
                Keil.STM32F4xx_DFP.2.14.0
                STMicroelectronics STM32F4 Series Device Support, Drivers and Examples

<h2>Collection of Component include folders:</h2>
  .\RTE\_STM32F407VET6Project
  D:\Keil_v5\Arm\Packs\ARM\CMSIS\5.6.0\CMSIS\Core\Include
  D:\Keil_v5\Arm\Packs\Keil\STM32F4xx_DFP\2.14.0\Drivers\CMSIS\Device\ST\STM32F4xx\Include

<h2>Collection of Component Files used:</h2>

   * Component: ARM::CMSIS:CORE:5.3.0
Build Time Elapsed:  00:01:02
</pre>
</body>
</html>
