<!doctype html public "-//w3c//dtd html 4.0 transitional//en">
<html><head>
<title>Static Call Graph - [STM32F407VET6Project\STM32F407VET6Project.axf]</title></head>
<body><HR>
<H1>Static Call Graph for image STM32F407VET6Project\STM32F407VET6Project.axf</H1><HR>
<BR><P>#&#060CALLGRAPH&#062# ARM Linker, 6130100: Last Updated: Sun Dec 22 23:59:40 2019
<BR><P>
<H3>Maximum Stack Usage =        420 bytes + Unknown(Cycles, Untraceable Function Pointers)</H3><H3>
Call chain for Maximum Stack Depth:</H3>
Task_Manage_1 &rArr; ISPTask_USARTCmd_Task &rArr; ISPTask_USARTCmd_ParentTask &rArr; ISPTask_USARTCmd_ChildTask &rArr; ISPLib_WriteChipFlashPage &rArr; ISP_WriteChipFlashPage &rArr; ISP_EnterProg &rArr; ISP_SetClock &rArr; SPITask_MHW_PollMode_Init &rArr; SPILib_MHW_PollMode_Init &rArr; SPI_MHW_PollMode_Init &rArr; LL_SPI_Init
<P>
<H3>
Mutually Recursive functions
</H3> <LI><a href="#[1c]">ADC_IRQHandler</a>&nbsp;&nbsp;&nbsp;&rArr;&nbsp;&nbsp;&nbsp;<a href="#[1c]">ADC_IRQHandler</a><BR>
 <LI><a href="#[4]">BusFault_Handler</a>&nbsp;&nbsp;&nbsp;&rArr;&nbsp;&nbsp;&nbsp;<a href="#[4]">BusFault_Handler</a><BR>
 <LI><a href="#[b4]">DelayN_us</a>&nbsp;&nbsp;&nbsp;&rArr;&nbsp;&nbsp;&nbsp;<a href="#[b4]">DelayN_us</a><BR>
 <LI><a href="#[3]">MemManage_Handler</a>&nbsp;&nbsp;&nbsp;&rArr;&nbsp;&nbsp;&nbsp;<a href="#[3]">MemManage_Handler</a><BR>
 <LI><a href="#[5]">UsageFault_Handler</a>&nbsp;&nbsp;&nbsp;&rArr;&nbsp;&nbsp;&nbsp;<a href="#[5]">UsageFault_Handler</a><BR>
 <LI><a href="#[14b]">_Error_Handler</a>&nbsp;&nbsp;&nbsp;&rArr;&nbsp;&nbsp;&nbsp;<a href="#[14b]">_Error_Handler</a><BR>
</UL>
<P>
<H3>
Function Pointers
</H3><UL>
 <LI><a href="#[1c]">ADC_IRQHandler</a> from startup_stm32f407xx.o(.text) referenced from startup_stm32f407xx.o(RESET)
 <LI><a href="#[4]">BusFault_Handler</a> from stm32f4xx_it.o(.text.BusFault_Handler) referenced from startup_stm32f407xx.o(RESET)
 <LI><a href="#[1e]">CAN1_RX0_IRQHandler</a> from startup_stm32f407xx.o(.text) referenced from startup_stm32f407xx.o(RESET)
 <LI><a href="#[1f]">CAN1_RX1_IRQHandler</a> from startup_stm32f407xx.o(.text) referenced from startup_stm32f407xx.o(RESET)
 <LI><a href="#[20]">CAN1_SCE_IRQHandler</a> from startup_stm32f407xx.o(.text) referenced from startup_stm32f407xx.o(RESET)
 <LI><a href="#[1d]">CAN1_TX_IRQHandler</a> from startup_stm32f407xx.o(.text) referenced from startup_stm32f407xx.o(RESET)
 <LI><a href="#[4a]">CAN2_RX0_IRQHandler</a> from startup_stm32f407xx.o(.text) referenced from startup_stm32f407xx.o(RESET)
 <LI><a href="#[4b]">CAN2_RX1_IRQHandler</a> from startup_stm32f407xx.o(.text) referenced from startup_stm32f407xx.o(RESET)
 <LI><a href="#[4c]">CAN2_SCE_IRQHandler</a> from startup_stm32f407xx.o(.text) referenced from startup_stm32f407xx.o(RESET)
 <LI><a href="#[49]">CAN2_TX_IRQHandler</a> from startup_stm32f407xx.o(.text) referenced from startup_stm32f407xx.o(RESET)
 <LI><a href="#[58]">DCMI_IRQHandler</a> from startup_stm32f407xx.o(.text) referenced from startup_stm32f407xx.o(RESET)
 <LI><a href="#[15]">DMA1_Stream0_IRQHandler</a> from startup_stm32f407xx.o(.text) referenced from startup_stm32f407xx.o(RESET)
 <LI><a href="#[16]">DMA1_Stream1_IRQHandler</a> from startup_stm32f407xx.o(.text) referenced from startup_stm32f407xx.o(RESET)
 <LI><a href="#[17]">DMA1_Stream2_IRQHandler</a> from startup_stm32f407xx.o(.text) referenced from startup_stm32f407xx.o(RESET)
 <LI><a href="#[18]">DMA1_Stream3_IRQHandler</a> from startup_stm32f407xx.o(.text) referenced from startup_stm32f407xx.o(RESET)
 <LI><a href="#[19]">DMA1_Stream4_IRQHandler</a> from startup_stm32f407xx.o(.text) referenced from startup_stm32f407xx.o(RESET)
 <LI><a href="#[1a]">DMA1_Stream5_IRQHandler</a> from startup_stm32f407xx.o(.text) referenced from startup_stm32f407xx.o(RESET)
 <LI><a href="#[1b]">DMA1_Stream6_IRQHandler</a> from startup_stm32f407xx.o(.text) referenced from startup_stm32f407xx.o(RESET)
 <LI><a href="#[39]">DMA1_Stream7_IRQHandler</a> from startup_stm32f407xx.o(.text) referenced from startup_stm32f407xx.o(RESET)
 <LI><a href="#[42]">DMA2_Stream0_IRQHandler</a> from stm32f4xx_it.o(.text.DMA2_Stream0_IRQHandler) referenced from startup_stm32f407xx.o(RESET)
 <LI><a href="#[43]">DMA2_Stream1_IRQHandler</a> from stm32f4xx_it.o(.text.DMA2_Stream1_IRQHandler) referenced from startup_stm32f407xx.o(RESET)
 <LI><a href="#[44]">DMA2_Stream2_IRQHandler</a> from startup_stm32f407xx.o(.text) referenced from startup_stm32f407xx.o(RESET)
 <LI><a href="#[45]">DMA2_Stream3_IRQHandler</a> from startup_stm32f407xx.o(.text) referenced from startup_stm32f407xx.o(RESET)
 <LI><a href="#[46]">DMA2_Stream4_IRQHandler</a> from startup_stm32f407xx.o(.text) referenced from startup_stm32f407xx.o(RESET)
 <LI><a href="#[4e]">DMA2_Stream5_IRQHandler</a> from startup_stm32f407xx.o(.text) referenced from startup_stm32f407xx.o(RESET)
 <LI><a href="#[4f]">DMA2_Stream6_IRQHandler</a> from startup_stm32f407xx.o(.text) referenced from startup_stm32f407xx.o(RESET)
 <LI><a href="#[50]">DMA2_Stream7_IRQHandler</a> from startup_stm32f407xx.o(.text) referenced from startup_stm32f407xx.o(RESET)
 <LI><a href="#[7]">DebugMon_Handler</a> from stm32f4xx_it.o(.text.DebugMon_Handler) referenced from startup_stm32f407xx.o(RESET)
 <LI><a href="#[5f]">DelayTask_ms</a> from delay_task.o(.text.DelayTask_ms) referenced 2 times from isp_cfg.o(.text.ISP_Init)
 <LI><a href="#[5f]">DelayTask_ms</a> from delay_task.o(.text.DelayTask_ms) referenced 2 times from main.o(.text.Sys_Init)
 <LI><a href="#[60]">DelayTask_us</a> from delay_task.o(.text.DelayTask_us) referenced 2 times from isp_cfg.o(.text.ISP_Init)
 <LI><a href="#[60]">DelayTask_us</a> from delay_task.o(.text.DelayTask_us) referenced 2 times from main.o(.text.Sys_Init)
 <LI><a href="#[47]">ETH_IRQHandler</a> from startup_stm32f407xx.o(.text) referenced from startup_stm32f407xx.o(RESET)
 <LI><a href="#[48]">ETH_WKUP_IRQHandler</a> from startup_stm32f407xx.o(.text) referenced from startup_stm32f407xx.o(RESET)
 <LI><a href="#[10]">EXTI0_IRQHandler</a> from startup_stm32f407xx.o(.text) referenced from startup_stm32f407xx.o(RESET)
 <LI><a href="#[32]">EXTI15_10_IRQHandler</a> from startup_stm32f407xx.o(.text) referenced from startup_stm32f407xx.o(RESET)
 <LI><a href="#[11]">EXTI1_IRQHandler</a> from startup_stm32f407xx.o(.text) referenced from startup_stm32f407xx.o(RESET)
 <LI><a href="#[12]">EXTI2_IRQHandler</a> from startup_stm32f407xx.o(.text) referenced from startup_stm32f407xx.o(RESET)
 <LI><a href="#[13]">EXTI3_IRQHandler</a> from startup_stm32f407xx.o(.text) referenced from startup_stm32f407xx.o(RESET)
 <LI><a href="#[14]">EXTI4_IRQHandler</a> from startup_stm32f407xx.o(.text) referenced from startup_stm32f407xx.o(RESET)
 <LI><a href="#[21]">EXTI9_5_IRQHandler</a> from startup_stm32f407xx.o(.text) referenced from startup_stm32f407xx.o(RESET)
 <LI><a href="#[e]">FLASH_IRQHandler</a> from startup_stm32f407xx.o(.text) referenced from startup_stm32f407xx.o(RESET)
 <LI><a href="#[3a]">FMC_IRQHandler</a> from startup_stm32f407xx.o(.text) referenced from startup_stm32f407xx.o(RESET)
 <LI><a href="#[5a]">FPU_IRQHandler</a> from startup_stm32f407xx.o(.text) referenced from startup_stm32f407xx.o(RESET)
 <LI><a href="#[63]">HAL_IncTick</a> from stm32f4xx_hal.o(.text.HAL_IncTick) referenced 10 times from systick_cfg.o(.text.SysTick_msInit)
 <LI><a href="#[59]">HASH_RNG_IRQHandler</a> from stm32f4xx_it.o(.text.HASH_RNG_IRQHandler) referenced from startup_stm32f407xx.o(RESET)
 <LI><a href="#[2]">HardFault_Handler</a> from stm32f4xx_it.o(.text.HardFault_Handler) referenced from startup_stm32f407xx.o(RESET)
 <LI><a href="#[2a]">I2C1_ER_IRQHandler</a> from startup_stm32f407xx.o(.text) referenced from startup_stm32f407xx.o(RESET)
 <LI><a href="#[29]">I2C1_EV_IRQHandler</a> from startup_stm32f407xx.o(.text) referenced from startup_stm32f407xx.o(RESET)
 <LI><a href="#[2c]">I2C2_ER_IRQHandler</a> from startup_stm32f407xx.o(.text) referenced from startup_stm32f407xx.o(RESET)
 <LI><a href="#[2b]">I2C2_EV_IRQHandler</a> from startup_stm32f407xx.o(.text) referenced from startup_stm32f407xx.o(RESET)
 <LI><a href="#[53]">I2C3_ER_IRQHandler</a> from startup_stm32f407xx.o(.text) referenced from startup_stm32f407xx.o(RESET)
 <LI><a href="#[52]">I2C3_EV_IRQHandler</a> from startup_stm32f407xx.o(.text) referenced from startup_stm32f407xx.o(RESET)
 <LI><a href="#[5e]">ISP_AddWatchDevice0</a> from isp_cfg.o(.text.ISP_AddWatchDevice0) referenced 2 times from isp_cfg.o(.text.ISP_AddWatchDevice0)
 <LI><a href="#[5e]">ISP_AddWatchDevice0</a> from isp_cfg.o(.text.ISP_AddWatchDevice0) referenced 2 times from isp_cfg.o(.text.ISP_EnterProg)
 <LI><a href="#[5e]">ISP_AddWatchDevice0</a> from isp_cfg.o(.text.ISP_AddWatchDevice0) referenced 2 times from isp_cfg.o(.text.ISP_ExitProg)
 <LI><a href="#[61]">ISP_HW_SendCmd</a> from isp_cfg.o(.text.ISP_HW_SendCmd) referenced 4 times from isp_cfg.o(.text.ISP_SetClock)
 <LI><a href="#[62]">ISP_SW_SendCmd</a> from isp_cfg.o(.text.ISP_SW_SendCmd) referenced 4 times from isp_cfg.o(.text.ISP_SetClock)
 <LI><a href="#[3]">MemManage_Handler</a> from stm32f4xx_it.o(.text.MemManage_Handler) referenced from startup_stm32f407xx.o(RESET)
 <LI><a href="#[67]">MyMemInit</a> from my_malloc.o(.text.MyMemInit) referenced from my_malloc.o(.data.g_MyaMallcoDev)
 <LI><a href="#[68]">MyMemusedRate</a> from my_malloc.o(.text.MyMemusedRate) referenced from my_malloc.o(.data.g_MyaMallcoDev)
 <LI><a href="#[1]">NMI_Handler</a> from stm32f4xx_it.o(.text.NMI_Handler) referenced from startup_stm32f407xx.o(RESET)
 <LI><a href="#[4d]">OTG_FS_IRQHandler</a> from startup_stm32f407xx.o(.text) referenced from startup_stm32f407xx.o(RESET)
 <LI><a href="#[34]">OTG_FS_WKUP_IRQHandler</a> from startup_stm32f407xx.o(.text) referenced from startup_stm32f407xx.o(RESET)
 <LI><a href="#[55]">OTG_HS_EP1_IN_IRQHandler</a> from startup_stm32f407xx.o(.text) referenced from startup_stm32f407xx.o(RESET)
 <LI><a href="#[54]">OTG_HS_EP1_OUT_IRQHandler</a> from startup_stm32f407xx.o(.text) referenced from startup_stm32f407xx.o(RESET)
 <LI><a href="#[57]">OTG_HS_IRQHandler</a> from startup_stm32f407xx.o(.text) referenced from startup_stm32f407xx.o(RESET)
 <LI><a href="#[56]">OTG_HS_WKUP_IRQHandler</a> from startup_stm32f407xx.o(.text) referenced from startup_stm32f407xx.o(RESET)
 <LI><a href="#[b]">PVD_IRQHandler</a> from stm32f4xx_it.o(.text.PVD_IRQHandler) referenced from startup_stm32f407xx.o(RESET)
 <LI><a href="#[8]">PendSV_Handler</a> from stm32f4xx_it.o(.text.PendSV_Handler) referenced from startup_stm32f407xx.o(RESET)
 <LI><a href="#[f]">RCC_IRQHandler</a> from stm32f4xx_it.o(.text.RCC_IRQHandler) referenced from startup_stm32f407xx.o(RESET)
 <LI><a href="#[33]">RTC_Alarm_IRQHandler</a> from startup_stm32f407xx.o(.text) referenced from startup_stm32f407xx.o(RESET)
 <LI><a href="#[d]">RTC_WKUP_IRQHandler</a> from startup_stm32f407xx.o(.text) referenced from startup_stm32f407xx.o(RESET)
 <LI><a href="#[0]">Reset_Handler</a> from startup_stm32f407xx.o(.text) referenced from startup_stm32f407xx.o(RESET)
 <LI><a href="#[3b]">SDIO_IRQHandler</a> from startup_stm32f407xx.o(.text) referenced from startup_stm32f407xx.o(RESET)
 <LI><a href="#[2d]">SPI1_IRQHandler</a> from startup_stm32f407xx.o(.text) referenced from startup_stm32f407xx.o(RESET)
 <LI><a href="#[2e]">SPI2_IRQHandler</a> from startup_stm32f407xx.o(.text) referenced from startup_stm32f407xx.o(RESET)
 <LI><a href="#[3d]">SPI3_IRQHandler</a> from startup_stm32f407xx.o(.text) referenced from startup_stm32f407xx.o(RESET)
 <LI><a href="#[6]">SVC_Handler</a> from stm32f4xx_it.o(.text.SVC_Handler) referenced from startup_stm32f407xx.o(RESET)
 <LI><a href="#[64]">SysTickTask_GetTick</a> from systick_task.o(.text.SysTickTask_GetTick) referenced 2 times from main.o(.text.Sys_Init)
 <LI><a href="#[9]">SysTick_Handler</a> from stm32f4xx_it.o(.text.SysTick_Handler) referenced from startup_stm32f407xx.o(RESET)
 <LI><a href="#[5c]">SystemInit</a> from system_stm32f4xx.o(.text.SystemInit) referenced from startup_stm32f407xx.o(.text)
 <LI><a href="#[c]">TAMP_STAMP_IRQHandler</a> from startup_stm32f407xx.o(.text) referenced from startup_stm32f407xx.o(RESET)
 <LI><a href="#[22]">TIM1_BRK_TIM9_IRQHandler</a> from startup_stm32f407xx.o(.text) referenced from startup_stm32f407xx.o(RESET)
 <LI><a href="#[25]">TIM1_CC_IRQHandler</a> from startup_stm32f407xx.o(.text) referenced from startup_stm32f407xx.o(RESET)
 <LI><a href="#[24]">TIM1_TRG_COM_TIM11_IRQHandler</a> from startup_stm32f407xx.o(.text) referenced from startup_stm32f407xx.o(RESET)
 <LI><a href="#[23]">TIM1_UP_TIM10_IRQHandler</a> from startup_stm32f407xx.o(.text) referenced from startup_stm32f407xx.o(RESET)
 <LI><a href="#[26]">TIM2_IRQHandler</a> from stm32f4xx_it.o(.text.TIM2_IRQHandler) referenced from startup_stm32f407xx.o(RESET)
 <LI><a href="#[27]">TIM3_IRQHandler</a> from startup_stm32f407xx.o(.text) referenced from startup_stm32f407xx.o(RESET)
 <LI><a href="#[28]">TIM4_IRQHandler</a> from startup_stm32f407xx.o(.text) referenced from startup_stm32f407xx.o(RESET)
 <LI><a href="#[3c]">TIM5_IRQHandler</a> from startup_stm32f407xx.o(.text) referenced from startup_stm32f407xx.o(RESET)
 <LI><a href="#[40]">TIM6_DAC_IRQHandler</a> from startup_stm32f407xx.o(.text) referenced from startup_stm32f407xx.o(RESET)
 <LI><a href="#[41]">TIM7_IRQHandler</a> from startup_stm32f407xx.o(.text) referenced from startup_stm32f407xx.o(RESET)
 <LI><a href="#[35]">TIM8_BRK_TIM12_IRQHandler</a> from startup_stm32f407xx.o(.text) referenced from startup_stm32f407xx.o(RESET)
 <LI><a href="#[38]">TIM8_CC_IRQHandler</a> from startup_stm32f407xx.o(.text) referenced from startup_stm32f407xx.o(RESET)
 <LI><a href="#[37]">TIM8_TRG_COM_TIM14_IRQHandler</a> from startup_stm32f407xx.o(.text) referenced from startup_stm32f407xx.o(RESET)
 <LI><a href="#[36]">TIM8_UP_TIM13_IRQHandler</a> from startup_stm32f407xx.o(.text) referenced from startup_stm32f407xx.o(RESET)
 <LI><a href="#[65]">Task_Manage_1</a> from task_manage.o(.text.Task_Manage_1) referenced 2 times from task_manage.o(.text.Task_Manage_Init)
 <LI><a href="#[3e]">UART4_IRQHandler</a> from startup_stm32f407xx.o(.text) referenced from startup_stm32f407xx.o(RESET)
 <LI><a href="#[3f]">UART5_IRQHandler</a> from startup_stm32f407xx.o(.text) referenced from startup_stm32f407xx.o(RESET)
 <LI><a href="#[2f]">USART1_IRQHandler</a> from stm32f4xx_it.o(.text.USART1_IRQHandler) referenced from startup_stm32f407xx.o(RESET)
 <LI><a href="#[30]">USART2_IRQHandler</a> from startup_stm32f407xx.o(.text) referenced from startup_stm32f407xx.o(RESET)
 <LI><a href="#[31]">USART3_IRQHandler</a> from startup_stm32f407xx.o(.text) referenced from startup_stm32f407xx.o(RESET)
 <LI><a href="#[51]">USART6_IRQHandler</a> from startup_stm32f407xx.o(.text) referenced from startup_stm32f407xx.o(RESET)
 <LI><a href="#[5]">UsageFault_Handler</a> from stm32f4xx_it.o(.text.UsageFault_Handler) referenced from startup_stm32f407xx.o(RESET)
 <LI><a href="#[a]">WWDG_IRQHandler</a> from stm32f4xx_it.o(.text.WWDG_IRQHandler) referenced from startup_stm32f407xx.o(RESET)
 <LI><a href="#[5d]">__main</a> from entry.o(.ARM.Collect$$$$00000000) referenced from startup_stm32f407xx.o(.text)
 <LI><a href="#[66]">_snputc</a> from printfa.o(i._snputc) referenced from printfa.o(i.__0vsnprintf)
 <LI><a href="#[5b]">main</a> from main.o(.text.main) referenced from entry9a.o(.ARM.Collect$$$$0000000B)
</UL>
<P>
<H3>
Global Symbols
</H3>
<P><STRONG><a name="[5d]"></a>__main</STRONG> (Thumb, 0 bytes, Stack size unknown bytes, entry.o(.ARM.Collect$$$$00000000))
<BR>[Address Reference Count : 1]<UL><LI> startup_stm32f407xx.o(.text)
</UL>
<P><STRONG><a name="[17b]"></a>_main_stk</STRONG> (Thumb, 0 bytes, Stack size unknown bytes, entry2.o(.ARM.Collect$$$$00000001))

<P><STRONG><a name="[69]"></a>_main_scatterload</STRONG> (Thumb, 0 bytes, Stack size unknown bytes, entry5.o(.ARM.Collect$$$$00000004))
<BR><BR>[Calls]<UL><LI><a href="#[6a]">&gt;&gt;</a>&nbsp;&nbsp;&nbsp;__scatterload
</UL>

<P><STRONG><a name="[7d]"></a>__main_after_scatterload</STRONG> (Thumb, 0 bytes, Stack size unknown bytes, entry5.o(.ARM.Collect$$$$00000004))
<BR><BR>[Called By]<UL><LI><a href="#[6a]">&gt;&gt;</a>&nbsp;&nbsp;&nbsp;__scatterload
</UL>

<P><STRONG><a name="[17c]"></a>_main_clock</STRONG> (Thumb, 0 bytes, Stack size unknown bytes, entry7b.o(.ARM.Collect$$$$00000008))

<P><STRONG><a name="[17d]"></a>_main_cpp_init</STRONG> (Thumb, 0 bytes, Stack size unknown bytes, entry8b.o(.ARM.Collect$$$$0000000A))

<P><STRONG><a name="[17e]"></a>_main_init</STRONG> (Thumb, 0 bytes, Stack size unknown bytes, entry9a.o(.ARM.Collect$$$$0000000B))

<P><STRONG><a name="[17f]"></a>__rt_final_cpp</STRONG> (Thumb, 0 bytes, Stack size unknown bytes, entry10a.o(.ARM.Collect$$$$0000000D))

<P><STRONG><a name="[180]"></a>__rt_final_exit</STRONG> (Thumb, 0 bytes, Stack size unknown bytes, entry11a.o(.ARM.Collect$$$$0000000F))

<P><STRONG><a name="[0]"></a>Reset_Handler</STRONG> (Thumb, 8 bytes, Stack size 0 bytes, startup_stm32f407xx.o(.text))
<BR>[Address Reference Count : 1]<UL><LI> startup_stm32f407xx.o(RESET)
</UL>
<P><STRONG><a name="[1c]"></a>ADC_IRQHandler</STRONG> (Thumb, 0 bytes, Stack size 0 bytes, startup_stm32f407xx.o(.text))
<BR><BR>[Calls]<UL><LI><a href="#[1c]">&gt;&gt;</a>&nbsp;&nbsp;&nbsp;ADC_IRQHandler
</UL>
<BR>[Called By]<UL><LI><a href="#[1c]">&gt;&gt;</a>&nbsp;&nbsp;&nbsp;ADC_IRQHandler
</UL>
<BR>[Address Reference Count : 1]<UL><LI> startup_stm32f407xx.o(RESET)
</UL>
<P><STRONG><a name="[1e]"></a>CAN1_RX0_IRQHandler</STRONG> (Thumb, 0 bytes, Stack size 0 bytes, startup_stm32f407xx.o(.text))
<BR>[Address Reference Count : 1]<UL><LI> startup_stm32f407xx.o(RESET)
</UL>
<P><STRONG><a name="[1f]"></a>CAN1_RX1_IRQHandler</STRONG> (Thumb, 0 bytes, Stack size 0 bytes, startup_stm32f407xx.o(.text))
<BR>[Address Reference Count : 1]<UL><LI> startup_stm32f407xx.o(RESET)
</UL>
<P><STRONG><a name="[20]"></a>CAN1_SCE_IRQHandler</STRONG> (Thumb, 0 bytes, Stack size 0 bytes, startup_stm32f407xx.o(.text))
<BR>[Address Reference Count : 1]<UL><LI> startup_stm32f407xx.o(RESET)
</UL>
<P><STRONG><a name="[1d]"></a>CAN1_TX_IRQHandler</STRONG> (Thumb, 0 bytes, Stack size 0 bytes, startup_stm32f407xx.o(.text))
<BR>[Address Reference Count : 1]<UL><LI> startup_stm32f407xx.o(RESET)
</UL>
<P><STRONG><a name="[4a]"></a>CAN2_RX0_IRQHandler</STRONG> (Thumb, 0 bytes, Stack size 0 bytes, startup_stm32f407xx.o(.text))
<BR>[Address Reference Count : 1]<UL><LI> startup_stm32f407xx.o(RESET)
</UL>
<P><STRONG><a name="[4b]"></a>CAN2_RX1_IRQHandler</STRONG> (Thumb, 0 bytes, Stack size 0 bytes, startup_stm32f407xx.o(.text))
<BR>[Address Reference Count : 1]<UL><LI> startup_stm32f407xx.o(RESET)
</UL>
<P><STRONG><a name="[4c]"></a>CAN2_SCE_IRQHandler</STRONG> (Thumb, 0 bytes, Stack size 0 bytes, startup_stm32f407xx.o(.text))
<BR>[Address Reference Count : 1]<UL><LI> startup_stm32f407xx.o(RESET)
</UL>
<P><STRONG><a name="[49]"></a>CAN2_TX_IRQHandler</STRONG> (Thumb, 0 bytes, Stack size 0 bytes, startup_stm32f407xx.o(.text))
<BR>[Address Reference Count : 1]<UL><LI> startup_stm32f407xx.o(RESET)
</UL>
<P><STRONG><a name="[58]"></a>DCMI_IRQHandler</STRONG> (Thumb, 0 bytes, Stack size 0 bytes, startup_stm32f407xx.o(.text))
<BR>[Address Reference Count : 1]<UL><LI> startup_stm32f407xx.o(RESET)
</UL>
<P><STRONG><a name="[15]"></a>DMA1_Stream0_IRQHandler</STRONG> (Thumb, 0 bytes, Stack size 0 bytes, startup_stm32f407xx.o(.text))
<BR>[Address Reference Count : 1]<UL><LI> startup_stm32f407xx.o(RESET)
</UL>
<P><STRONG><a name="[16]"></a>DMA1_Stream1_IRQHandler</STRONG> (Thumb, 0 bytes, Stack size 0 bytes, startup_stm32f407xx.o(.text))
<BR>[Address Reference Count : 1]<UL><LI> startup_stm32f407xx.o(RESET)
</UL>
<P><STRONG><a name="[17]"></a>DMA1_Stream2_IRQHandler</STRONG> (Thumb, 0 bytes, Stack size 0 bytes, startup_stm32f407xx.o(.text))
<BR>[Address Reference Count : 1]<UL><LI> startup_stm32f407xx.o(RESET)
</UL>
<P><STRONG><a name="[18]"></a>DMA1_Stream3_IRQHandler</STRONG> (Thumb, 0 bytes, Stack size 0 bytes, startup_stm32f407xx.o(.text))
<BR>[Address Reference Count : 1]<UL><LI> startup_stm32f407xx.o(RESET)
</UL>
<P><STRONG><a name="[19]"></a>DMA1_Stream4_IRQHandler</STRONG> (Thumb, 0 bytes, Stack size 0 bytes, startup_stm32f407xx.o(.text))
<BR>[Address Reference Count : 1]<UL><LI> startup_stm32f407xx.o(RESET)
</UL>
<P><STRONG><a name="[1a]"></a>DMA1_Stream5_IRQHandler</STRONG> (Thumb, 0 bytes, Stack size 0 bytes, startup_stm32f407xx.o(.text))
<BR>[Address Reference Count : 1]<UL><LI> startup_stm32f407xx.o(RESET)
</UL>
<P><STRONG><a name="[1b]"></a>DMA1_Stream6_IRQHandler</STRONG> (Thumb, 0 bytes, Stack size 0 bytes, startup_stm32f407xx.o(.text))
<BR>[Address Reference Count : 1]<UL><LI> startup_stm32f407xx.o(RESET)
</UL>
<P><STRONG><a name="[39]"></a>DMA1_Stream7_IRQHandler</STRONG> (Thumb, 0 bytes, Stack size 0 bytes, startup_stm32f407xx.o(.text))
<BR>[Address Reference Count : 1]<UL><LI> startup_stm32f407xx.o(RESET)
</UL>
<P><STRONG><a name="[44]"></a>DMA2_Stream2_IRQHandler</STRONG> (Thumb, 0 bytes, Stack size 0 bytes, startup_stm32f407xx.o(.text))
<BR>[Address Reference Count : 1]<UL><LI> startup_stm32f407xx.o(RESET)
</UL>
<P><STRONG><a name="[45]"></a>DMA2_Stream3_IRQHandler</STRONG> (Thumb, 0 bytes, Stack size 0 bytes, startup_stm32f407xx.o(.text))
<BR>[Address Reference Count : 1]<UL><LI> startup_stm32f407xx.o(RESET)
</UL>
<P><STRONG><a name="[46]"></a>DMA2_Stream4_IRQHandler</STRONG> (Thumb, 0 bytes, Stack size 0 bytes, startup_stm32f407xx.o(.text))
<BR>[Address Reference Count : 1]<UL><LI> startup_stm32f407xx.o(RESET)
</UL>
<P><STRONG><a name="[4e]"></a>DMA2_Stream5_IRQHandler</STRONG> (Thumb, 0 bytes, Stack size 0 bytes, startup_stm32f407xx.o(.text))
<BR>[Address Reference Count : 1]<UL><LI> startup_stm32f407xx.o(RESET)
</UL>
<P><STRONG><a name="[4f]"></a>DMA2_Stream6_IRQHandler</STRONG> (Thumb, 0 bytes, Stack size 0 bytes, startup_stm32f407xx.o(.text))
<BR>[Address Reference Count : 1]<UL><LI> startup_stm32f407xx.o(RESET)
</UL>
<P><STRONG><a name="[50]"></a>DMA2_Stream7_IRQHandler</STRONG> (Thumb, 0 bytes, Stack size 0 bytes, startup_stm32f407xx.o(.text))
<BR>[Address Reference Count : 1]<UL><LI> startup_stm32f407xx.o(RESET)
</UL>
<P><STRONG><a name="[47]"></a>ETH_IRQHandler</STRONG> (Thumb, 0 bytes, Stack size 0 bytes, startup_stm32f407xx.o(.text))
<BR>[Address Reference Count : 1]<UL><LI> startup_stm32f407xx.o(RESET)
</UL>
<P><STRONG><a name="[48]"></a>ETH_WKUP_IRQHandler</STRONG> (Thumb, 0 bytes, Stack size 0 bytes, startup_stm32f407xx.o(.text))
<BR>[Address Reference Count : 1]<UL><LI> startup_stm32f407xx.o(RESET)
</UL>
<P><STRONG><a name="[10]"></a>EXTI0_IRQHandler</STRONG> (Thumb, 0 bytes, Stack size 0 bytes, startup_stm32f407xx.o(.text))
<BR>[Address Reference Count : 1]<UL><LI> startup_stm32f407xx.o(RESET)
</UL>
<P><STRONG><a name="[32]"></a>EXTI15_10_IRQHandler</STRONG> (Thumb, 0 bytes, Stack size 0 bytes, startup_stm32f407xx.o(.text))
<BR>[Address Reference Count : 1]<UL><LI> startup_stm32f407xx.o(RESET)
</UL>
<P><STRONG><a name="[11]"></a>EXTI1_IRQHandler</STRONG> (Thumb, 0 bytes, Stack size 0 bytes, startup_stm32f407xx.o(.text))
<BR>[Address Reference Count : 1]<UL><LI> startup_stm32f407xx.o(RESET)
</UL>
<P><STRONG><a name="[12]"></a>EXTI2_IRQHandler</STRONG> (Thumb, 0 bytes, Stack size 0 bytes, startup_stm32f407xx.o(.text))
<BR>[Address Reference Count : 1]<UL><LI> startup_stm32f407xx.o(RESET)
</UL>
<P><STRONG><a name="[13]"></a>EXTI3_IRQHandler</STRONG> (Thumb, 0 bytes, Stack size 0 bytes, startup_stm32f407xx.o(.text))
<BR>[Address Reference Count : 1]<UL><LI> startup_stm32f407xx.o(RESET)
</UL>
<P><STRONG><a name="[14]"></a>EXTI4_IRQHandler</STRONG> (Thumb, 0 bytes, Stack size 0 bytes, startup_stm32f407xx.o(.text))
<BR>[Address Reference Count : 1]<UL><LI> startup_stm32f407xx.o(RESET)
</UL>
<P><STRONG><a name="[21]"></a>EXTI9_5_IRQHandler</STRONG> (Thumb, 0 bytes, Stack size 0 bytes, startup_stm32f407xx.o(.text))
<BR>[Address Reference Count : 1]<UL><LI> startup_stm32f407xx.o(RESET)
</UL>
<P><STRONG><a name="[e]"></a>FLASH_IRQHandler</STRONG> (Thumb, 0 bytes, Stack size 0 bytes, startup_stm32f407xx.o(.text))
<BR>[Address Reference Count : 1]<UL><LI> startup_stm32f407xx.o(RESET)
</UL>
<P><STRONG><a name="[3a]"></a>FMC_IRQHandler</STRONG> (Thumb, 0 bytes, Stack size 0 bytes, startup_stm32f407xx.o(.text))
<BR>[Address Reference Count : 1]<UL><LI> startup_stm32f407xx.o(RESET)
</UL>
<P><STRONG><a name="[5a]"></a>FPU_IRQHandler</STRONG> (Thumb, 0 bytes, Stack size 0 bytes, startup_stm32f407xx.o(.text))
<BR>[Address Reference Count : 1]<UL><LI> startup_stm32f407xx.o(RESET)
</UL>
<P><STRONG><a name="[2a]"></a>I2C1_ER_IRQHandler</STRONG> (Thumb, 0 bytes, Stack size 0 bytes, startup_stm32f407xx.o(.text))
<BR>[Address Reference Count : 1]<UL><LI> startup_stm32f407xx.o(RESET)
</UL>
<P><STRONG><a name="[29]"></a>I2C1_EV_IRQHandler</STRONG> (Thumb, 0 bytes, Stack size 0 bytes, startup_stm32f407xx.o(.text))
<BR>[Address Reference Count : 1]<UL><LI> startup_stm32f407xx.o(RESET)
</UL>
<P><STRONG><a name="[2c]"></a>I2C2_ER_IRQHandler</STRONG> (Thumb, 0 bytes, Stack size 0 bytes, startup_stm32f407xx.o(.text))
<BR>[Address Reference Count : 1]<UL><LI> startup_stm32f407xx.o(RESET)
</UL>
<P><STRONG><a name="[2b]"></a>I2C2_EV_IRQHandler</STRONG> (Thumb, 0 bytes, Stack size 0 bytes, startup_stm32f407xx.o(.text))
<BR>[Address Reference Count : 1]<UL><LI> startup_stm32f407xx.o(RESET)
</UL>
<P><STRONG><a name="[53]"></a>I2C3_ER_IRQHandler</STRONG> (Thumb, 0 bytes, Stack size 0 bytes, startup_stm32f407xx.o(.text))
<BR>[Address Reference Count : 1]<UL><LI> startup_stm32f407xx.o(RESET)
</UL>
<P><STRONG><a name="[52]"></a>I2C3_EV_IRQHandler</STRONG> (Thumb, 0 bytes, Stack size 0 bytes, startup_stm32f407xx.o(.text))
<BR>[Address Reference Count : 1]<UL><LI> startup_stm32f407xx.o(RESET)
</UL>
<P><STRONG><a name="[4d]"></a>OTG_FS_IRQHandler</STRONG> (Thumb, 0 bytes, Stack size 0 bytes, startup_stm32f407xx.o(.text))
<BR>[Address Reference Count : 1]<UL><LI> startup_stm32f407xx.o(RESET)
</UL>
<P><STRONG><a name="[34]"></a>OTG_FS_WKUP_IRQHandler</STRONG> (Thumb, 0 bytes, Stack size 0 bytes, startup_stm32f407xx.o(.text))
<BR>[Address Reference Count : 1]<UL><LI> startup_stm32f407xx.o(RESET)
</UL>
<P><STRONG><a name="[55]"></a>OTG_HS_EP1_IN_IRQHandler</STRONG> (Thumb, 0 bytes, Stack size 0 bytes, startup_stm32f407xx.o(.text))
<BR>[Address Reference Count : 1]<UL><LI> startup_stm32f407xx.o(RESET)
</UL>
<P><STRONG><a name="[54]"></a>OTG_HS_EP1_OUT_IRQHandler</STRONG> (Thumb, 0 bytes, Stack size 0 bytes, startup_stm32f407xx.o(.text))
<BR>[Address Reference Count : 1]<UL><LI> startup_stm32f407xx.o(RESET)
</UL>
<P><STRONG><a name="[57]"></a>OTG_HS_IRQHandler</STRONG> (Thumb, 0 bytes, Stack size 0 bytes, startup_stm32f407xx.o(.text))
<BR>[Address Reference Count : 1]<UL><LI> startup_stm32f407xx.o(RESET)
</UL>
<P><STRONG><a name="[56]"></a>OTG_HS_WKUP_IRQHandler</STRONG> (Thumb, 0 bytes, Stack size 0 bytes, startup_stm32f407xx.o(.text))
<BR>[Address Reference Count : 1]<UL><LI> startup_stm32f407xx.o(RESET)
</UL>
<P><STRONG><a name="[33]"></a>RTC_Alarm_IRQHandler</STRONG> (Thumb, 0 bytes, Stack size 0 bytes, startup_stm32f407xx.o(.text))
<BR>[Address Reference Count : 1]<UL><LI> startup_stm32f407xx.o(RESET)
</UL>
<P><STRONG><a name="[d]"></a>RTC_WKUP_IRQHandler</STRONG> (Thumb, 0 bytes, Stack size 0 bytes, startup_stm32f407xx.o(.text))
<BR>[Address Reference Count : 1]<UL><LI> startup_stm32f407xx.o(RESET)
</UL>
<P><STRONG><a name="[3b]"></a>SDIO_IRQHandler</STRONG> (Thumb, 0 bytes, Stack size 0 bytes, startup_stm32f407xx.o(.text))
<BR>[Address Reference Count : 1]<UL><LI> startup_stm32f407xx.o(RESET)
</UL>
<P><STRONG><a name="[2d]"></a>SPI1_IRQHandler</STRONG> (Thumb, 0 bytes, Stack size 0 bytes, startup_stm32f407xx.o(.text))
<BR>[Address Reference Count : 1]<UL><LI> startup_stm32f407xx.o(RESET)
</UL>
<P><STRONG><a name="[2e]"></a>SPI2_IRQHandler</STRONG> (Thumb, 0 bytes, Stack size 0 bytes, startup_stm32f407xx.o(.text))
<BR>[Address Reference Count : 1]<UL><LI> startup_stm32f407xx.o(RESET)
</UL>
<P><STRONG><a name="[3d]"></a>SPI3_IRQHandler</STRONG> (Thumb, 0 bytes, Stack size 0 bytes, startup_stm32f407xx.o(.text))
<BR>[Address Reference Count : 1]<UL><LI> startup_stm32f407xx.o(RESET)
</UL>
<P><STRONG><a name="[c]"></a>TAMP_STAMP_IRQHandler</STRONG> (Thumb, 0 bytes, Stack size 0 bytes, startup_stm32f407xx.o(.text))
<BR>[Address Reference Count : 1]<UL><LI> startup_stm32f407xx.o(RESET)
</UL>
<P><STRONG><a name="[22]"></a>TIM1_BRK_TIM9_IRQHandler</STRONG> (Thumb, 0 bytes, Stack size 0 bytes, startup_stm32f407xx.o(.text))
<BR>[Address Reference Count : 1]<UL><LI> startup_stm32f407xx.o(RESET)
</UL>
<P><STRONG><a name="[25]"></a>TIM1_CC_IRQHandler</STRONG> (Thumb, 0 bytes, Stack size 0 bytes, startup_stm32f407xx.o(.text))
<BR>[Address Reference Count : 1]<UL><LI> startup_stm32f407xx.o(RESET)
</UL>
<P><STRONG><a name="[24]"></a>TIM1_TRG_COM_TIM11_IRQHandler</STRONG> (Thumb, 0 bytes, Stack size 0 bytes, startup_stm32f407xx.o(.text))
<BR>[Address Reference Count : 1]<UL><LI> startup_stm32f407xx.o(RESET)
</UL>
<P><STRONG><a name="[23]"></a>TIM1_UP_TIM10_IRQHandler</STRONG> (Thumb, 0 bytes, Stack size 0 bytes, startup_stm32f407xx.o(.text))
<BR>[Address Reference Count : 1]<UL><LI> startup_stm32f407xx.o(RESET)
</UL>
<P><STRONG><a name="[27]"></a>TIM3_IRQHandler</STRONG> (Thumb, 0 bytes, Stack size 0 bytes, startup_stm32f407xx.o(.text))
<BR>[Address Reference Count : 1]<UL><LI> startup_stm32f407xx.o(RESET)
</UL>
<P><STRONG><a name="[28]"></a>TIM4_IRQHandler</STRONG> (Thumb, 0 bytes, Stack size 0 bytes, startup_stm32f407xx.o(.text))
<BR>[Address Reference Count : 1]<UL><LI> startup_stm32f407xx.o(RESET)
</UL>
<P><STRONG><a name="[3c]"></a>TIM5_IRQHandler</STRONG> (Thumb, 0 bytes, Stack size 0 bytes, startup_stm32f407xx.o(.text))
<BR>[Address Reference Count : 1]<UL><LI> startup_stm32f407xx.o(RESET)
</UL>
<P><STRONG><a name="[40]"></a>TIM6_DAC_IRQHandler</STRONG> (Thumb, 0 bytes, Stack size 0 bytes, startup_stm32f407xx.o(.text))
<BR>[Address Reference Count : 1]<UL><LI> startup_stm32f407xx.o(RESET)
</UL>
<P><STRONG><a name="[41]"></a>TIM7_IRQHandler</STRONG> (Thumb, 0 bytes, Stack size 0 bytes, startup_stm32f407xx.o(.text))
<BR>[Address Reference Count : 1]<UL><LI> startup_stm32f407xx.o(RESET)
</UL>
<P><STRONG><a name="[35]"></a>TIM8_BRK_TIM12_IRQHandler</STRONG> (Thumb, 0 bytes, Stack size 0 bytes, startup_stm32f407xx.o(.text))
<BR>[Address Reference Count : 1]<UL><LI> startup_stm32f407xx.o(RESET)
</UL>
<P><STRONG><a name="[38]"></a>TIM8_CC_IRQHandler</STRONG> (Thumb, 0 bytes, Stack size 0 bytes, startup_stm32f407xx.o(.text))
<BR>[Address Reference Count : 1]<UL><LI> startup_stm32f407xx.o(RESET)
</UL>
<P><STRONG><a name="[37]"></a>TIM8_TRG_COM_TIM14_IRQHandler</STRONG> (Thumb, 0 bytes, Stack size 0 bytes, startup_stm32f407xx.o(.text))
<BR>[Address Reference Count : 1]<UL><LI> startup_stm32f407xx.o(RESET)
</UL>
<P><STRONG><a name="[36]"></a>TIM8_UP_TIM13_IRQHandler</STRONG> (Thumb, 0 bytes, Stack size 0 bytes, startup_stm32f407xx.o(.text))
<BR>[Address Reference Count : 1]<UL><LI> startup_stm32f407xx.o(RESET)
</UL>
<P><STRONG><a name="[3e]"></a>UART4_IRQHandler</STRONG> (Thumb, 0 bytes, Stack size 0 bytes, startup_stm32f407xx.o(.text))
<BR>[Address Reference Count : 1]<UL><LI> startup_stm32f407xx.o(RESET)
</UL>
<P><STRONG><a name="[3f]"></a>UART5_IRQHandler</STRONG> (Thumb, 0 bytes, Stack size 0 bytes, startup_stm32f407xx.o(.text))
<BR>[Address Reference Count : 1]<UL><LI> startup_stm32f407xx.o(RESET)
</UL>
<P><STRONG><a name="[30]"></a>USART2_IRQHandler</STRONG> (Thumb, 0 bytes, Stack size 0 bytes, startup_stm32f407xx.o(.text))
<BR>[Address Reference Count : 1]<UL><LI> startup_stm32f407xx.o(RESET)
</UL>
<P><STRONG><a name="[31]"></a>USART3_IRQHandler</STRONG> (Thumb, 0 bytes, Stack size 0 bytes, startup_stm32f407xx.o(.text))
<BR>[Address Reference Count : 1]<UL><LI> startup_stm32f407xx.o(RESET)
</UL>
<P><STRONG><a name="[51]"></a>USART6_IRQHandler</STRONG> (Thumb, 0 bytes, Stack size 0 bytes, startup_stm32f407xx.o(.text))
<BR>[Address Reference Count : 1]<UL><LI> startup_stm32f407xx.o(RESET)
</UL>
<P><STRONG><a name="[6b]"></a>__aeabi_uldivmod</STRONG> (Thumb, 98 bytes, Stack size 40 bytes, uldiv.o(.text))
<BR><BR>[Stack]<UL><LI>Max Depth = 40<LI>Call Chain = __aeabi_uldivmod
</UL>
<BR>[Calls]<UL><LI><a href="#[6c]">&gt;&gt;</a>&nbsp;&nbsp;&nbsp;__aeabi_llsr
<LI><a href="#[6d]">&gt;&gt;</a>&nbsp;&nbsp;&nbsp;__aeabi_llsl
</UL>
<BR>[Called By]<UL><LI><a href="#[10e]">&gt;&gt;</a>&nbsp;&nbsp;&nbsp;LL_USART_Init
<LI><a href="#[175]">&gt;&gt;</a>&nbsp;&nbsp;&nbsp;_printf_core
<LI><a href="#[176]">&gt;&gt;</a>&nbsp;&nbsp;&nbsp;_fp_digits
</UL>

<P><STRONG><a name="[6f]"></a>__aeabi_memset</STRONG> (Thumb, 14 bytes, Stack size 0 bytes, memseta.o(.text))
<BR><BR>[Called By]<UL><LI><a href="#[70]">&gt;&gt;</a>&nbsp;&nbsp;&nbsp;_memset$wrapper
<LI><a href="#[6e]">&gt;&gt;</a>&nbsp;&nbsp;&nbsp;__aeabi_memclr
</UL>

<P><STRONG><a name="[181]"></a>__aeabi_memset4</STRONG> (Thumb, 0 bytes, Stack size 0 bytes, memseta.o(.text), UNUSED)

<P><STRONG><a name="[182]"></a>__aeabi_memset8</STRONG> (Thumb, 0 bytes, Stack size 0 bytes, memseta.o(.text), UNUSED)

<P><STRONG><a name="[6e]"></a>__aeabi_memclr</STRONG> (Thumb, 4 bytes, Stack size 0 bytes, memseta.o(.text))
<BR><BR>[Calls]<UL><LI><a href="#[6f]">&gt;&gt;</a>&nbsp;&nbsp;&nbsp;__aeabi_memset
</UL>
<BR>[Called By]<UL><LI><a href="#[fe]">&gt;&gt;</a>&nbsp;&nbsp;&nbsp;MyFree
<LI><a href="#[67]">&gt;&gt;</a>&nbsp;&nbsp;&nbsp;MyMemInit
</UL>

<P><STRONG><a name="[183]"></a>__aeabi_memclr4</STRONG> (Thumb, 0 bytes, Stack size 0 bytes, memseta.o(.text), UNUSED)

<P><STRONG><a name="[184]"></a>__aeabi_memclr8</STRONG> (Thumb, 0 bytes, Stack size 0 bytes, memseta.o(.text), UNUSED)

<P><STRONG><a name="[70]"></a>_memset$wrapper</STRONG> (Thumb, 18 bytes, Stack size 8 bytes, memseta.o(.text), UNUSED)
<BR><BR>[Calls]<UL><LI><a href="#[6f]">&gt;&gt;</a>&nbsp;&nbsp;&nbsp;__aeabi_memset
</UL>

<P><STRONG><a name="[71]"></a>__aeabi_dadd</STRONG> (Thumb, 322 bytes, Stack size 48 bytes, dadd.o(.text))
<BR><BR>[Stack]<UL><LI>Max Depth = 88<LI>Call Chain = __aeabi_dadd &rArr; _double_epilogue &rArr; _double_round
</UL>
<BR>[Calls]<UL><LI><a href="#[72]">&gt;&gt;</a>&nbsp;&nbsp;&nbsp;__aeabi_lasr
<LI><a href="#[6d]">&gt;&gt;</a>&nbsp;&nbsp;&nbsp;__aeabi_llsl
<LI><a href="#[74]">&gt;&gt;</a>&nbsp;&nbsp;&nbsp;_double_round
<LI><a href="#[73]">&gt;&gt;</a>&nbsp;&nbsp;&nbsp;_double_epilogue
</UL>
<BR>[Called By]<UL><LI><a href="#[97]">&gt;&gt;</a>&nbsp;&nbsp;&nbsp;CalcAvgFun1
<LI><a href="#[75]">&gt;&gt;</a>&nbsp;&nbsp;&nbsp;__aeabi_dsub
<LI><a href="#[176]">&gt;&gt;</a>&nbsp;&nbsp;&nbsp;_fp_digits
<LI><a href="#[76]">&gt;&gt;</a>&nbsp;&nbsp;&nbsp;__aeabi_drsub
</UL>

<P><STRONG><a name="[75]"></a>__aeabi_dsub</STRONG> (Thumb, 6 bytes, Stack size 0 bytes, dadd.o(.text), UNUSED)
<BR><BR>[Calls]<UL><LI><a href="#[71]">&gt;&gt;</a>&nbsp;&nbsp;&nbsp;__aeabi_dadd
</UL>

<P><STRONG><a name="[76]"></a>__aeabi_drsub</STRONG> (Thumb, 6 bytes, Stack size 0 bytes, dadd.o(.text), UNUSED)
<BR><BR>[Calls]<UL><LI><a href="#[71]">&gt;&gt;</a>&nbsp;&nbsp;&nbsp;__aeabi_dadd
</UL>

<P><STRONG><a name="[77]"></a>__aeabi_dmul</STRONG> (Thumb, 228 bytes, Stack size 48 bytes, dmul.o(.text), UNUSED)
<BR><BR>[Calls]<UL><LI><a href="#[73]">&gt;&gt;</a>&nbsp;&nbsp;&nbsp;_double_epilogue
</UL>
<BR>[Called By]<UL><LI><a href="#[176]">&gt;&gt;</a>&nbsp;&nbsp;&nbsp;_fp_digits
</UL>

<P><STRONG><a name="[78]"></a>__aeabi_ddiv</STRONG> (Thumb, 222 bytes, Stack size 32 bytes, ddiv.o(.text))
<BR><BR>[Stack]<UL><LI>Max Depth = 40<LI>Call Chain = __aeabi_ddiv &rArr; _double_round
</UL>
<BR>[Calls]<UL><LI><a href="#[74]">&gt;&gt;</a>&nbsp;&nbsp;&nbsp;_double_round
</UL>
<BR>[Called By]<UL><LI><a href="#[97]">&gt;&gt;</a>&nbsp;&nbsp;&nbsp;CalcAvgFun1
<LI><a href="#[176]">&gt;&gt;</a>&nbsp;&nbsp;&nbsp;_fp_digits
</UL>

<P><STRONG><a name="[79]"></a>__aeabi_i2d</STRONG> (Thumb, 34 bytes, Stack size 16 bytes, dflti.o(.text))
<BR><BR>[Stack]<UL><LI>Max Depth = 56<LI>Call Chain = __aeabi_i2d &rArr; _double_epilogue &rArr; _double_round
</UL>
<BR>[Calls]<UL><LI><a href="#[73]">&gt;&gt;</a>&nbsp;&nbsp;&nbsp;_double_epilogue
</UL>
<BR>[Called By]<UL><LI><a href="#[97]">&gt;&gt;</a>&nbsp;&nbsp;&nbsp;CalcAvgFun1
</UL>

<P><STRONG><a name="[7a]"></a>__aeabi_ui2d</STRONG> (Thumb, 26 bytes, Stack size 16 bytes, dfltui.o(.text))
<BR><BR>[Stack]<UL><LI>Max Depth = 56<LI>Call Chain = __aeabi_ui2d &rArr; _double_epilogue &rArr; _double_round
</UL>
<BR>[Calls]<UL><LI><a href="#[73]">&gt;&gt;</a>&nbsp;&nbsp;&nbsp;_double_epilogue
</UL>
<BR>[Called By]<UL><LI><a href="#[97]">&gt;&gt;</a>&nbsp;&nbsp;&nbsp;CalcAvgFun1
</UL>

<P><STRONG><a name="[7b]"></a>__aeabi_d2iz</STRONG> (Thumb, 62 bytes, Stack size 16 bytes, dfixi.o(.text))
<BR><BR>[Stack]<UL><LI>Max Depth = 16<LI>Call Chain = __aeabi_d2iz
</UL>
<BR>[Calls]<UL><LI><a href="#[6c]">&gt;&gt;</a>&nbsp;&nbsp;&nbsp;__aeabi_llsr
</UL>
<BR>[Called By]<UL><LI><a href="#[97]">&gt;&gt;</a>&nbsp;&nbsp;&nbsp;CalcAvgFun1
</UL>

<P><STRONG><a name="[185]"></a>__aeabi_uidiv</STRONG> (Thumb, 0 bytes, Stack size 12 bytes, uidiv.o(.text), UNUSED)

<P><STRONG><a name="[17a]"></a>__aeabi_uidivmod</STRONG> (Thumb, 44 bytes, Stack size 12 bytes, uidiv.o(.text), UNUSED)
<BR><BR>[Called By]<UL><LI><a href="#[175]">&gt;&gt;</a>&nbsp;&nbsp;&nbsp;_printf_core
</UL>

<P><STRONG><a name="[6d]"></a>__aeabi_llsl</STRONG> (Thumb, 30 bytes, Stack size 0 bytes, llshl.o(.text))
<BR><BR>[Called By]<UL><LI><a href="#[71]">&gt;&gt;</a>&nbsp;&nbsp;&nbsp;__aeabi_dadd
<LI><a href="#[73]">&gt;&gt;</a>&nbsp;&nbsp;&nbsp;_double_epilogue
<LI><a href="#[7c]">&gt;&gt;</a>&nbsp;&nbsp;&nbsp;__aeabi_d2ulz
<LI><a href="#[6b]">&gt;&gt;</a>&nbsp;&nbsp;&nbsp;__aeabi_uldivmod
</UL>

<P><STRONG><a name="[186]"></a>_ll_shift_l</STRONG> (Thumb, 0 bytes, Stack size 0 bytes, llshl.o(.text), UNUSED)

<P><STRONG><a name="[6c]"></a>__aeabi_llsr</STRONG> (Thumb, 32 bytes, Stack size 0 bytes, llushr.o(.text))
<BR><BR>[Called By]<UL><LI><a href="#[7b]">&gt;&gt;</a>&nbsp;&nbsp;&nbsp;__aeabi_d2iz
<LI><a href="#[73]">&gt;&gt;</a>&nbsp;&nbsp;&nbsp;_double_epilogue
<LI><a href="#[7c]">&gt;&gt;</a>&nbsp;&nbsp;&nbsp;__aeabi_d2ulz
<LI><a href="#[6b]">&gt;&gt;</a>&nbsp;&nbsp;&nbsp;__aeabi_uldivmod
</UL>

<P><STRONG><a name="[187]"></a>_ll_ushift_r</STRONG> (Thumb, 0 bytes, Stack size 0 bytes, llushr.o(.text), UNUSED)

<P><STRONG><a name="[72]"></a>__aeabi_lasr</STRONG> (Thumb, 36 bytes, Stack size 0 bytes, llsshr.o(.text))
<BR><BR>[Called By]<UL><LI><a href="#[71]">&gt;&gt;</a>&nbsp;&nbsp;&nbsp;__aeabi_dadd
</UL>

<P><STRONG><a name="[188]"></a>_ll_sshift_r</STRONG> (Thumb, 0 bytes, Stack size 0 bytes, llsshr.o(.text), UNUSED)

<P><STRONG><a name="[189]"></a>__I$use$fp</STRONG> (Thumb, 0 bytes, Stack size 8 bytes, iusefp.o(.text), UNUSED)

<P><STRONG><a name="[74]"></a>_double_round</STRONG> (Thumb, 30 bytes, Stack size 8 bytes, depilogue.o(.text))
<BR><BR>[Stack]<UL><LI>Max Depth = 8<LI>Call Chain = _double_round
</UL>
<BR>[Called By]<UL><LI><a href="#[78]">&gt;&gt;</a>&nbsp;&nbsp;&nbsp;__aeabi_ddiv
<LI><a href="#[71]">&gt;&gt;</a>&nbsp;&nbsp;&nbsp;__aeabi_dadd
<LI><a href="#[73]">&gt;&gt;</a>&nbsp;&nbsp;&nbsp;_double_epilogue
</UL>

<P><STRONG><a name="[73]"></a>_double_epilogue</STRONG> (Thumb, 156 bytes, Stack size 32 bytes, depilogue.o(.text))
<BR><BR>[Stack]<UL><LI>Max Depth = 40<LI>Call Chain = _double_epilogue &rArr; _double_round
</UL>
<BR>[Calls]<UL><LI><a href="#[6c]">&gt;&gt;</a>&nbsp;&nbsp;&nbsp;__aeabi_llsr
<LI><a href="#[6d]">&gt;&gt;</a>&nbsp;&nbsp;&nbsp;__aeabi_llsl
<LI><a href="#[74]">&gt;&gt;</a>&nbsp;&nbsp;&nbsp;_double_round
</UL>
<BR>[Called By]<UL><LI><a href="#[7a]">&gt;&gt;</a>&nbsp;&nbsp;&nbsp;__aeabi_ui2d
<LI><a href="#[79]">&gt;&gt;</a>&nbsp;&nbsp;&nbsp;__aeabi_i2d
<LI><a href="#[71]">&gt;&gt;</a>&nbsp;&nbsp;&nbsp;__aeabi_dadd
<LI><a href="#[77]">&gt;&gt;</a>&nbsp;&nbsp;&nbsp;__aeabi_dmul
</UL>

<P><STRONG><a name="[7c]"></a>__aeabi_d2ulz</STRONG> (Thumb, 48 bytes, Stack size 0 bytes, dfixul.o(.text), UNUSED)
<BR><BR>[Calls]<UL><LI><a href="#[6c]">&gt;&gt;</a>&nbsp;&nbsp;&nbsp;__aeabi_llsr
<LI><a href="#[6d]">&gt;&gt;</a>&nbsp;&nbsp;&nbsp;__aeabi_llsl
</UL>
<BR>[Called By]<UL><LI><a href="#[176]">&gt;&gt;</a>&nbsp;&nbsp;&nbsp;_fp_digits
</UL>

<P><STRONG><a name="[177]"></a>__aeabi_cdrcmple</STRONG> (Thumb, 48 bytes, Stack size 0 bytes, cdrcmple.o(.text), UNUSED)
<BR><BR>[Called By]<UL><LI><a href="#[176]">&gt;&gt;</a>&nbsp;&nbsp;&nbsp;_fp_digits
</UL>

<P><STRONG><a name="[6a]"></a>__scatterload</STRONG> (Thumb, 28 bytes, Stack size 0 bytes, init.o(.text))
<BR><BR>[Calls]<UL><LI><a href="#[7d]">&gt;&gt;</a>&nbsp;&nbsp;&nbsp;__main_after_scatterload
</UL>
<BR>[Called By]<UL><LI><a href="#[69]">&gt;&gt;</a>&nbsp;&nbsp;&nbsp;_main_scatterload
</UL>

<P><STRONG><a name="[18a]"></a>__scatterload_rt2</STRONG> (Thumb, 0 bytes, Stack size 0 bytes, init.o(.text), UNUSED)

<P><STRONG><a name="[7e]"></a>ADCLib_ADCTask_START</STRONG> (Thumb, 4 bytes, Stack size 0 bytes, adc_lib.o(.text.ADCLib_ADCTask_START))
<BR><BR>[Calls]<UL><LI><a href="#[7f]">&gt;&gt;</a>&nbsp;&nbsp;&nbsp;ADC_ADCTask_START
</UL>
<BR>[Called By]<UL><LI><a href="#[88]">&gt;&gt;</a>&nbsp;&nbsp;&nbsp;ADCTask_ADCTask_START
</UL>

<P><STRONG><a name="[80]"></a>ADCLib_ADCTask_STOP</STRONG> (Thumb, 4 bytes, Stack size 0 bytes, adc_lib.o(.text.ADCLib_ADCTask_STOP))
<BR><BR>[Calls]<UL><LI><a href="#[81]">&gt;&gt;</a>&nbsp;&nbsp;&nbsp;ADC_ADCTask_STOP
</UL>
<BR>[Called By]<UL><LI><a href="#[89]">&gt;&gt;</a>&nbsp;&nbsp;&nbsp;ADCTask_ADCTask_STOP
</UL>

<P><STRONG><a name="[82]"></a>ADCLib_ADC_Init</STRONG> (Thumb, 4 bytes, Stack size 0 bytes, adc_lib.o(.text.ADCLib_ADC_Init))
<BR><BR>[Stack]<UL><LI>Max Depth = 176<LI>Call Chain = ADCLib_ADC_Init &rArr; ADC_ADC_Init &rArr; ADC_ADC1Task_Init &rArr; LL_DMA_Init
</UL>
<BR>[Calls]<UL><LI><a href="#[83]">&gt;&gt;</a>&nbsp;&nbsp;&nbsp;ADC_ADC_Init
</UL>
<BR>[Called By]<UL><LI><a href="#[8a]">&gt;&gt;</a>&nbsp;&nbsp;&nbsp;ADCTask_ADC_Init
</UL>

<P><STRONG><a name="[84]"></a>ADCLib_GetChipPower</STRONG> (Thumb, 4 bytes, Stack size 0 bytes, adc_lib.o(.text.ADCLib_GetChipPower))
<BR><BR>[Calls]<UL><LI><a href="#[85]">&gt;&gt;</a>&nbsp;&nbsp;&nbsp;ADC_GetChipPower
</UL>
<BR>[Called By]<UL><LI><a href="#[8b]">&gt;&gt;</a>&nbsp;&nbsp;&nbsp;ADCTask_GetChipPower
</UL>

<P><STRONG><a name="[86]"></a>ADCLib_HandleChannelVal</STRONG> (Thumb, 4 bytes, Stack size 0 bytes, adc_lib.o(.text.ADCLib_HandleChannelVal))
<BR><BR>[Stack]<UL><LI>Max Depth = 184<LI>Call Chain = ADCLib_HandleChannelVal &rArr; ADC_HandleChannelVal &rArr; CalcAvgFun1 &rArr; __aeabi_dadd &rArr; _double_epilogue &rArr; _double_round
</UL>
<BR>[Calls]<UL><LI><a href="#[87]">&gt;&gt;</a>&nbsp;&nbsp;&nbsp;ADC_HandleChannelVal
</UL>
<BR>[Called By]<UL><LI><a href="#[8c]">&gt;&gt;</a>&nbsp;&nbsp;&nbsp;ADCTask_HandleChannelVal
</UL>

<P><STRONG><a name="[88]"></a>ADCTask_ADCTask_START</STRONG> (Thumb, 4 bytes, Stack size 0 bytes, adc_task.o(.text.ADCTask_ADCTask_START))
<BR><BR>[Calls]<UL><LI><a href="#[7e]">&gt;&gt;</a>&nbsp;&nbsp;&nbsp;ADCLib_ADCTask_START
</UL>
<BR>[Called By]<UL><LI><a href="#[42]">&gt;&gt;</a>&nbsp;&nbsp;&nbsp;DMA2_Stream0_IRQHandler
<LI><a href="#[146]">&gt;&gt;</a>&nbsp;&nbsp;&nbsp;Sys_Init
</UL>

<P><STRONG><a name="[89]"></a>ADCTask_ADCTask_STOP</STRONG> (Thumb, 4 bytes, Stack size 0 bytes, adc_task.o(.text.ADCTask_ADCTask_STOP))
<BR><BR>[Calls]<UL><LI><a href="#[80]">&gt;&gt;</a>&nbsp;&nbsp;&nbsp;ADCLib_ADCTask_STOP
</UL>
<BR>[Called By]<UL><LI><a href="#[42]">&gt;&gt;</a>&nbsp;&nbsp;&nbsp;DMA2_Stream0_IRQHandler
</UL>

<P><STRONG><a name="[8a]"></a>ADCTask_ADC_Init</STRONG> (Thumb, 4 bytes, Stack size 0 bytes, adc_task.o(.text.ADCTask_ADC_Init))
<BR><BR>[Stack]<UL><LI>Max Depth = 176<LI>Call Chain = ADCTask_ADC_Init &rArr; ADCLib_ADC_Init &rArr; ADC_ADC_Init &rArr; ADC_ADC1Task_Init &rArr; LL_DMA_Init
</UL>
<BR>[Calls]<UL><LI><a href="#[82]">&gt;&gt;</a>&nbsp;&nbsp;&nbsp;ADCLib_ADC_Init
</UL>
<BR>[Called By]<UL><LI><a href="#[146]">&gt;&gt;</a>&nbsp;&nbsp;&nbsp;Sys_Init
</UL>

<P><STRONG><a name="[8b]"></a>ADCTask_GetChipPower</STRONG> (Thumb, 4 bytes, Stack size 0 bytes, adc_task.o(.text.ADCTask_GetChipPower))
<BR><BR>[Calls]<UL><LI><a href="#[84]">&gt;&gt;</a>&nbsp;&nbsp;&nbsp;ADCLib_GetChipPower
</UL>
<BR>[Called By]<UL><LI><a href="#[ec]">&gt;&gt;</a>&nbsp;&nbsp;&nbsp;ISPTask_USARTCmd_SetProgClok
</UL>

<P><STRONG><a name="[8c]"></a>ADCTask_HandleChannelVal</STRONG> (Thumb, 4 bytes, Stack size 0 bytes, adc_task.o(.text.ADCTask_HandleChannelVal))
<BR><BR>[Stack]<UL><LI>Max Depth = 184<LI>Call Chain = ADCTask_HandleChannelVal &rArr; ADCLib_HandleChannelVal &rArr; ADC_HandleChannelVal &rArr; CalcAvgFun1 &rArr; __aeabi_dadd &rArr; _double_epilogue &rArr; _double_round
</UL>
<BR>[Calls]<UL><LI><a href="#[86]">&gt;&gt;</a>&nbsp;&nbsp;&nbsp;ADCLib_HandleChannelVal
</UL>
<BR>[Called By]<UL><LI><a href="#[42]">&gt;&gt;</a>&nbsp;&nbsp;&nbsp;DMA2_Stream0_IRQHandler
</UL>

<P><STRONG><a name="[8d]"></a>ADC_ADC1Task_Init</STRONG> (Thumb, 354 bytes, Stack size 120 bytes, adc_cfg.o(.text.ADC_ADC1Task_Init))
<BR><BR>[Stack]<UL><LI>Max Depth = 136<LI>Call Chain = ADC_ADC1Task_Init &rArr; LL_DMA_Init
</UL>
<BR>[Calls]<UL><LI><a href="#[92]">&gt;&gt;</a>&nbsp;&nbsp;&nbsp;LL_ADC_REG_Init
<LI><a href="#[91]">&gt;&gt;</a>&nbsp;&nbsp;&nbsp;LL_ADC_Init
<LI><a href="#[90]">&gt;&gt;</a>&nbsp;&nbsp;&nbsp;LL_ADC_DeInit
<LI><a href="#[93]">&gt;&gt;</a>&nbsp;&nbsp;&nbsp;LL_ADC_CommonInit
<LI><a href="#[8f]">&gt;&gt;</a>&nbsp;&nbsp;&nbsp;LL_DMA_Init
<LI><a href="#[8e]">&gt;&gt;</a>&nbsp;&nbsp;&nbsp;LL_DMA_DeInit
</UL>
<BR>[Called By]<UL><LI><a href="#[83]">&gt;&gt;</a>&nbsp;&nbsp;&nbsp;ADC_ADC_Init
</UL>

<P><STRONG><a name="[7f]"></a>ADC_ADCTask_START</STRONG> (Thumb, 182 bytes, Stack size 0 bytes, adc_cfg.o(.text.ADC_ADCTask_START))
<BR><BR>[Called By]<UL><LI><a href="#[7e]">&gt;&gt;</a>&nbsp;&nbsp;&nbsp;ADCLib_ADCTask_START
</UL>

<P><STRONG><a name="[81]"></a>ADC_ADCTask_STOP</STRONG> (Thumb, 168 bytes, Stack size 0 bytes, adc_cfg.o(.text.ADC_ADCTask_STOP))
<BR><BR>[Called By]<UL><LI><a href="#[80]">&gt;&gt;</a>&nbsp;&nbsp;&nbsp;ADCLib_ADCTask_STOP
</UL>

<P><STRONG><a name="[83]"></a>ADC_ADC_Init</STRONG> (Thumb, 58 bytes, Stack size 40 bytes, adc_cfg.o(.text.ADC_ADC_Init))
<BR><BR>[Stack]<UL><LI>Max Depth = 176<LI>Call Chain = ADC_ADC_Init &rArr; ADC_ADC1Task_Init &rArr; LL_DMA_Init
</UL>
<BR>[Calls]<UL><LI><a href="#[95]">&gt;&gt;</a>&nbsp;&nbsp;&nbsp;LL_GPIO_Init
<LI><a href="#[94]">&gt;&gt;</a>&nbsp;&nbsp;&nbsp;GPIOTask_Clock
<LI><a href="#[8d]">&gt;&gt;</a>&nbsp;&nbsp;&nbsp;ADC_ADC1Task_Init
</UL>
<BR>[Called By]<UL><LI><a href="#[82]">&gt;&gt;</a>&nbsp;&nbsp;&nbsp;ADCLib_ADC_Init
</UL>

<P><STRONG><a name="[85]"></a>ADC_GetChipPower</STRONG> (Thumb, 34 bytes, Stack size 0 bytes, adc_cfg.o(.text.ADC_GetChipPower))
<BR><BR>[Called By]<UL><LI><a href="#[84]">&gt;&gt;</a>&nbsp;&nbsp;&nbsp;ADCLib_GetChipPower
</UL>

<P><STRONG><a name="[87]"></a>ADC_HandleChannelVal</STRONG> (Thumb, 96 bytes, Stack size 56 bytes, adc_cfg.o(.text.ADC_HandleChannelVal))
<BR><BR>[Stack]<UL><LI>Max Depth = 184<LI>Call Chain = ADC_HandleChannelVal &rArr; CalcAvgFun1 &rArr; __aeabi_dadd &rArr; _double_epilogue &rArr; _double_round
</UL>
<BR>[Calls]<UL><LI><a href="#[96]">&gt;&gt;</a>&nbsp;&nbsp;&nbsp;DescSortFun2
<LI><a href="#[97]">&gt;&gt;</a>&nbsp;&nbsp;&nbsp;CalcAvgFun1
</UL>
<BR>[Called By]<UL><LI><a href="#[86]">&gt;&gt;</a>&nbsp;&nbsp;&nbsp;ADCLib_HandleChannelVal
</UL>

<P><STRONG><a name="[4]"></a>BusFault_Handler</STRONG> (Thumb, 2 bytes, Stack size 0 bytes, stm32f4xx_it.o(.text.BusFault_Handler))
<BR><BR>[Calls]<UL><LI><a href="#[4]">&gt;&gt;</a>&nbsp;&nbsp;&nbsp;BusFault_Handler
</UL>
<BR>[Called By]<UL><LI><a href="#[4]">&gt;&gt;</a>&nbsp;&nbsp;&nbsp;BusFault_Handler
</UL>
<BR>[Address Reference Count : 1]<UL><LI> startup_stm32f407xx.o(RESET)
</UL>
<P><STRONG><a name="[98]"></a>CRCLib_CRC16</STRONG> (Thumb, 8 bytes, Stack size 8 bytes, crc_lib.o(.text.CRCLib_CRC16))
<BR><BR>[Stack]<UL><LI>Max Depth = 28<LI>Call Chain = CRCLib_CRC16 &rArr; CRC_CRC16_Table
</UL>
<BR>[Calls]<UL><LI><a href="#[99]">&gt;&gt;</a>&nbsp;&nbsp;&nbsp;CRC_CRC16_Table
</UL>
<BR>[Called By]<UL><LI><a href="#[a4]">&gt;&gt;</a>&nbsp;&nbsp;&nbsp;CRCTask_CRC16
</UL>

<P><STRONG><a name="[9a]"></a>CRCLib_CRC32</STRONG> (Thumb, 4 bytes, Stack size 0 bytes, crc_lib.o(.text.CRCLib_CRC32))
<BR><BR>[Stack]<UL><LI>Max Depth = 16<LI>Call Chain = CRCLib_CRC32 &rArr; CRC_CRC32_CRC
</UL>
<BR>[Calls]<UL><LI><a href="#[9b]">&gt;&gt;</a>&nbsp;&nbsp;&nbsp;CRC_CRC32_CRC
</UL>
<BR>[Called By]<UL><LI><a href="#[a5]">&gt;&gt;</a>&nbsp;&nbsp;&nbsp;CRCTask_CRC32
</UL>

<P><STRONG><a name="[9c]"></a>CRCLib_CRC8</STRONG> (Thumb, 8 bytes, Stack size 8 bytes, crc_lib.o(.text.CRCLib_CRC8))
<BR><BR>[Stack]<UL><LI>Max Depth = 32<LI>Call Chain = CRCLib_CRC8 &rArr; CRC_CRC8_Table
</UL>
<BR>[Calls]<UL><LI><a href="#[9d]">&gt;&gt;</a>&nbsp;&nbsp;&nbsp;CRC_CRC8_Table
</UL>
<BR>[Called By]<UL><LI><a href="#[a6]">&gt;&gt;</a>&nbsp;&nbsp;&nbsp;CRCTask_CRC8
</UL>

<P><STRONG><a name="[9e]"></a>CRCLib_CheckSum</STRONG> (Thumb, 8 bytes, Stack size 8 bytes, crc_lib.o(.text.CRCLib_CheckSum))
<BR><BR>[Stack]<UL><LI>Max Depth = 28<LI>Call Chain = CRCLib_CheckSum &rArr; CRC_CheckSum
</UL>
<BR>[Calls]<UL><LI><a href="#[9f]">&gt;&gt;</a>&nbsp;&nbsp;&nbsp;CRC_CheckSum
</UL>
<BR>[Called By]<UL><LI><a href="#[a7]">&gt;&gt;</a>&nbsp;&nbsp;&nbsp;CRCTask_CheckSum
</UL>

<P><STRONG><a name="[a0]"></a>CRCLib_Enable</STRONG> (Thumb, 4 bytes, Stack size 0 bytes, crc_lib.o(.text.CRCLib_Enable))
<BR><BR>[Calls]<UL><LI><a href="#[a1]">&gt;&gt;</a>&nbsp;&nbsp;&nbsp;CRC_Enable
</UL>
<BR>[Called By]<UL><LI><a href="#[a8]">&gt;&gt;</a>&nbsp;&nbsp;&nbsp;CRCTask_Enable
</UL>

<P><STRONG><a name="[a2]"></a>CRCLib_Init</STRONG> (Thumb, 4 bytes, Stack size 0 bytes, crc_lib.o(.text.CRCLib_Init))
<BR><BR>[Stack]<UL><LI>Max Depth = 16<LI>Call Chain = CRCLib_Init &rArr; CRC_Init
</UL>
<BR>[Calls]<UL><LI><a href="#[a3]">&gt;&gt;</a>&nbsp;&nbsp;&nbsp;CRC_Init
</UL>
<BR>[Called By]<UL><LI><a href="#[a9]">&gt;&gt;</a>&nbsp;&nbsp;&nbsp;CRCTask_Init
</UL>

<P><STRONG><a name="[a4]"></a>CRCTask_CRC16</STRONG> (Thumb, 4 bytes, Stack size 0 bytes, crc_task.o(.text.CRCTask_CRC16))
<BR><BR>[Stack]<UL><LI>Max Depth = 28<LI>Call Chain = CRCTask_CRC16 &rArr; CRCLib_CRC16 &rArr; CRC_CRC16_Table
</UL>
<BR>[Calls]<UL><LI><a href="#[98]">&gt;&gt;</a>&nbsp;&nbsp;&nbsp;CRCLib_CRC16
</UL>
<BR>[Called By]<UL><LI><a href="#[16a]">&gt;&gt;</a>&nbsp;&nbsp;&nbsp;USART_CRCTask_Write
<LI><a href="#[153]">&gt;&gt;</a>&nbsp;&nbsp;&nbsp;USART_CRCTask_Read
</UL>

<P><STRONG><a name="[a5]"></a>CRCTask_CRC32</STRONG> (Thumb, 4 bytes, Stack size 0 bytes, crc_task.o(.text.CRCTask_CRC32))
<BR><BR>[Stack]<UL><LI>Max Depth = 16<LI>Call Chain = CRCTask_CRC32 &rArr; CRCLib_CRC32 &rArr; CRC_CRC32_CRC
</UL>
<BR>[Calls]<UL><LI><a href="#[9a]">&gt;&gt;</a>&nbsp;&nbsp;&nbsp;CRCLib_CRC32
</UL>
<BR>[Called By]<UL><LI><a href="#[16a]">&gt;&gt;</a>&nbsp;&nbsp;&nbsp;USART_CRCTask_Write
<LI><a href="#[153]">&gt;&gt;</a>&nbsp;&nbsp;&nbsp;USART_CRCTask_Read
</UL>

<P><STRONG><a name="[a6]"></a>CRCTask_CRC8</STRONG> (Thumb, 4 bytes, Stack size 0 bytes, crc_task.o(.text.CRCTask_CRC8))
<BR><BR>[Stack]<UL><LI>Max Depth = 32<LI>Call Chain = CRCTask_CRC8 &rArr; CRCLib_CRC8 &rArr; CRC_CRC8_Table
</UL>
<BR>[Calls]<UL><LI><a href="#[9c]">&gt;&gt;</a>&nbsp;&nbsp;&nbsp;CRCLib_CRC8
</UL>
<BR>[Called By]<UL><LI><a href="#[16a]">&gt;&gt;</a>&nbsp;&nbsp;&nbsp;USART_CRCTask_Write
<LI><a href="#[153]">&gt;&gt;</a>&nbsp;&nbsp;&nbsp;USART_CRCTask_Read
</UL>

<P><STRONG><a name="[a7]"></a>CRCTask_CheckSum</STRONG> (Thumb, 4 bytes, Stack size 0 bytes, crc_task.o(.text.CRCTask_CheckSum))
<BR><BR>[Stack]<UL><LI>Max Depth = 28<LI>Call Chain = CRCTask_CheckSum &rArr; CRCLib_CheckSum &rArr; CRC_CheckSum
</UL>
<BR>[Calls]<UL><LI><a href="#[9e]">&gt;&gt;</a>&nbsp;&nbsp;&nbsp;CRCLib_CheckSum
</UL>
<BR>[Called By]<UL><LI><a href="#[16a]">&gt;&gt;</a>&nbsp;&nbsp;&nbsp;USART_CRCTask_Write
<LI><a href="#[153]">&gt;&gt;</a>&nbsp;&nbsp;&nbsp;USART_CRCTask_Read
</UL>

<P><STRONG><a name="[a8]"></a>CRCTask_Enable</STRONG> (Thumb, 4 bytes, Stack size 0 bytes, crc_task.o(.text.CRCTask_Enable))
<BR><BR>[Calls]<UL><LI><a href="#[a0]">&gt;&gt;</a>&nbsp;&nbsp;&nbsp;CRCLib_Enable
</UL>
<BR>[Called By]<UL><LI><a href="#[162]">&gt;&gt;</a>&nbsp;&nbsp;&nbsp;USARTLib_Init
<LI><a href="#[16a]">&gt;&gt;</a>&nbsp;&nbsp;&nbsp;USART_CRCTask_Write
<LI><a href="#[153]">&gt;&gt;</a>&nbsp;&nbsp;&nbsp;USART_CRCTask_Read
</UL>

<P><STRONG><a name="[a9]"></a>CRCTask_Init</STRONG> (Thumb, 4 bytes, Stack size 0 bytes, crc_task.o(.text.CRCTask_Init))
<BR><BR>[Stack]<UL><LI>Max Depth = 16<LI>Call Chain = CRCTask_Init &rArr; CRCLib_Init &rArr; CRC_Init
</UL>
<BR>[Calls]<UL><LI><a href="#[a2]">&gt;&gt;</a>&nbsp;&nbsp;&nbsp;CRCLib_Init
</UL>
<BR>[Called By]<UL><LI><a href="#[146]">&gt;&gt;</a>&nbsp;&nbsp;&nbsp;Sys_Init
</UL>

<P><STRONG><a name="[99]"></a>CRC_CRC16_Table</STRONG> (Thumb, 202 bytes, Stack size 20 bytes, crc_cfg.o(.text.CRC_CRC16_Table))
<BR><BR>[Stack]<UL><LI>Max Depth = 20<LI>Call Chain = CRC_CRC16_Table
</UL>
<BR>[Called By]<UL><LI><a href="#[98]">&gt;&gt;</a>&nbsp;&nbsp;&nbsp;CRCLib_CRC16
</UL>

<P><STRONG><a name="[9b]"></a>CRC_CRC32_CRC</STRONG> (Thumb, 118 bytes, Stack size 16 bytes, crc_cfg.o(.text.CRC_CRC32_CRC))
<BR><BR>[Stack]<UL><LI>Max Depth = 16<LI>Call Chain = CRC_CRC32_CRC
</UL>
<BR>[Called By]<UL><LI><a href="#[9a]">&gt;&gt;</a>&nbsp;&nbsp;&nbsp;CRCLib_CRC32
</UL>

<P><STRONG><a name="[9d]"></a>CRC_CRC8_Table</STRONG> (Thumb, 282 bytes, Stack size 24 bytes, crc_cfg.o(.text.CRC_CRC8_Table))
<BR><BR>[Stack]<UL><LI>Max Depth = 24<LI>Call Chain = CRC_CRC8_Table
</UL>
<BR>[Called By]<UL><LI><a href="#[9c]">&gt;&gt;</a>&nbsp;&nbsp;&nbsp;CRCLib_CRC8
</UL>

<P><STRONG><a name="[9f]"></a>CRC_CheckSum</STRONG> (Thumb, 124 bytes, Stack size 20 bytes, crc_cfg.o(.text.CRC_CheckSum))
<BR><BR>[Stack]<UL><LI>Max Depth = 20<LI>Call Chain = CRC_CheckSum
</UL>
<BR>[Called By]<UL><LI><a href="#[9e]">&gt;&gt;</a>&nbsp;&nbsp;&nbsp;CRCLib_CheckSum
</UL>

<P><STRONG><a name="[a1]"></a>CRC_Enable</STRONG> (Thumb, 12 bytes, Stack size 0 bytes, crc_cfg.o(.text.CRC_Enable))
<BR><BR>[Called By]<UL><LI><a href="#[a0]">&gt;&gt;</a>&nbsp;&nbsp;&nbsp;CRCLib_Enable
</UL>

<P><STRONG><a name="[a3]"></a>CRC_Init</STRONG> (Thumb, 58 bytes, Stack size 16 bytes, crc_cfg.o(.text.CRC_Init))
<BR><BR>[Stack]<UL><LI>Max Depth = 16<LI>Call Chain = CRC_Init
</UL>
<BR>[Calls]<UL><LI><a href="#[aa]">&gt;&gt;</a>&nbsp;&nbsp;&nbsp;LL_CRC_DeInit
</UL>
<BR>[Called By]<UL><LI><a href="#[a2]">&gt;&gt;</a>&nbsp;&nbsp;&nbsp;CRCLib_Init
</UL>

<P><STRONG><a name="[97]"></a>CalcAvgFun1</STRONG> (Thumb, 296 bytes, Stack size 40 bytes, complier_lib.o(.text.CalcAvgFun1))
<BR><BR>[Stack]<UL><LI>Max Depth = 128<LI>Call Chain = CalcAvgFun1 &rArr; __aeabi_dadd &rArr; _double_epilogue &rArr; _double_round
</UL>
<BR>[Calls]<UL><LI><a href="#[7a]">&gt;&gt;</a>&nbsp;&nbsp;&nbsp;__aeabi_ui2d
<LI><a href="#[79]">&gt;&gt;</a>&nbsp;&nbsp;&nbsp;__aeabi_i2d
<LI><a href="#[78]">&gt;&gt;</a>&nbsp;&nbsp;&nbsp;__aeabi_ddiv
<LI><a href="#[71]">&gt;&gt;</a>&nbsp;&nbsp;&nbsp;__aeabi_dadd
<LI><a href="#[7b]">&gt;&gt;</a>&nbsp;&nbsp;&nbsp;__aeabi_d2iz
</UL>
<BR>[Called By]<UL><LI><a href="#[87]">&gt;&gt;</a>&nbsp;&nbsp;&nbsp;ADC_HandleChannelVal
</UL>

<P><STRONG><a name="[fd]"></a>CompareFun5</STRONG> (Thumb, 70 bytes, Stack size 16 bytes, complier_lib.o(.text.CompareFun5))
<BR><BR>[Stack]<UL><LI>Max Depth = 16<LI>Call Chain = CompareFun5
</UL>
<BR>[Called By]<UL><LI><a href="#[c8]">&gt;&gt;</a>&nbsp;&nbsp;&nbsp;ISP_CheckChipFlashEmpty
<LI><a href="#[c4]">&gt;&gt;</a>&nbsp;&nbsp;&nbsp;ISP_CheckChipEepromEmpty
</UL>

<P><STRONG><a name="[ab]"></a>DACLib_ChannelMV</STRONG> (Thumb, 4 bytes, Stack size 0 bytes, dac_lib.o(.text.DACLib_ChannelMV))
<BR><BR>[Calls]<UL><LI><a href="#[ac]">&gt;&gt;</a>&nbsp;&nbsp;&nbsp;DAC_ChannelMV
</UL>
<BR>[Called By]<UL><LI><a href="#[af]">&gt;&gt;</a>&nbsp;&nbsp;&nbsp;DACTask_ChannelMV
</UL>

<P><STRONG><a name="[ad]"></a>DACLib_Init</STRONG> (Thumb, 4 bytes, Stack size 0 bytes, dac_lib.o(.text.DACLib_Init))
<BR><BR>[Stack]<UL><LI>Max Depth = 92<LI>Call Chain = DACLib_Init &rArr; DAC_Init &rArr; LL_GPIO_Init
</UL>
<BR>[Calls]<UL><LI><a href="#[ae]">&gt;&gt;</a>&nbsp;&nbsp;&nbsp;DAC_Init
</UL>
<BR>[Called By]<UL><LI><a href="#[b0]">&gt;&gt;</a>&nbsp;&nbsp;&nbsp;DACTask_Init
</UL>

<P><STRONG><a name="[af]"></a>DACTask_ChannelMV</STRONG> (Thumb, 4 bytes, Stack size 0 bytes, dac_task.o(.text.DACTask_ChannelMV))
<BR><BR>[Calls]<UL><LI><a href="#[ab]">&gt;&gt;</a>&nbsp;&nbsp;&nbsp;DACLib_ChannelMV
</UL>
<BR>[Called By]<UL><LI><a href="#[111]">&gt;&gt;</a>&nbsp;&nbsp;&nbsp;LM317_Init
</UL>

<P><STRONG><a name="[b0]"></a>DACTask_Init</STRONG> (Thumb, 4 bytes, Stack size 0 bytes, dac_task.o(.text.DACTask_Init))
<BR><BR>[Stack]<UL><LI>Max Depth = 92<LI>Call Chain = DACTask_Init &rArr; DACLib_Init &rArr; DAC_Init &rArr; LL_GPIO_Init
</UL>
<BR>[Calls]<UL><LI><a href="#[ad]">&gt;&gt;</a>&nbsp;&nbsp;&nbsp;DACLib_Init
</UL>
<BR>[Called By]<UL><LI><a href="#[146]">&gt;&gt;</a>&nbsp;&nbsp;&nbsp;Sys_Init
</UL>

<P><STRONG><a name="[ac]"></a>DAC_ChannelMV</STRONG> (Thumb, 94 bytes, Stack size 0 bytes, dac_cfg.o(.text.DAC_ChannelMV))
<BR><BR>[Called By]<UL><LI><a href="#[ab]">&gt;&gt;</a>&nbsp;&nbsp;&nbsp;DACLib_ChannelMV
</UL>

<P><STRONG><a name="[ae]"></a>DAC_Init</STRONG> (Thumb, 290 bytes, Stack size 56 bytes, dac_cfg.o(.text.DAC_Init))
<BR><BR>[Stack]<UL><LI>Max Depth = 92<LI>Call Chain = DAC_Init &rArr; LL_GPIO_Init
</UL>
<BR>[Calls]<UL><LI><a href="#[95]">&gt;&gt;</a>&nbsp;&nbsp;&nbsp;LL_GPIO_Init
<LI><a href="#[b1]">&gt;&gt;</a>&nbsp;&nbsp;&nbsp;LL_DAC_Init
<LI><a href="#[94]">&gt;&gt;</a>&nbsp;&nbsp;&nbsp;GPIOTask_Clock
</UL>
<BR>[Called By]<UL><LI><a href="#[ad]">&gt;&gt;</a>&nbsp;&nbsp;&nbsp;DACLib_Init
</UL>

<P><STRONG><a name="[42]"></a>DMA2_Stream0_IRQHandler</STRONG> (Thumb, 62 bytes, Stack size 8 bytes, stm32f4xx_it.o(.text.DMA2_Stream0_IRQHandler))
<BR><BR>[Stack]<UL><LI>Max Depth = 192<LI>Call Chain = DMA2_Stream0_IRQHandler &rArr; ADCTask_HandleChannelVal &rArr; ADCLib_HandleChannelVal &rArr; ADC_HandleChannelVal &rArr; CalcAvgFun1 &rArr; __aeabi_dadd &rArr; _double_epilogue &rArr; _double_round
</UL>
<BR>[Calls]<UL><LI><a href="#[8c]">&gt;&gt;</a>&nbsp;&nbsp;&nbsp;ADCTask_HandleChannelVal
<LI><a href="#[89]">&gt;&gt;</a>&nbsp;&nbsp;&nbsp;ADCTask_ADCTask_STOP
<LI><a href="#[88]">&gt;&gt;</a>&nbsp;&nbsp;&nbsp;ADCTask_ADCTask_START
</UL>
<BR>[Address Reference Count : 1]<UL><LI> startup_stm32f407xx.o(RESET)
</UL>
<P><STRONG><a name="[43]"></a>DMA2_Stream1_IRQHandler</STRONG> (Thumb, 2 bytes, Stack size 0 bytes, stm32f4xx_it.o(.text.DMA2_Stream1_IRQHandler))
<BR>[Address Reference Count : 1]<UL><LI> startup_stm32f407xx.o(RESET)
</UL>
<P><STRONG><a name="[7]"></a>DebugMon_Handler</STRONG> (Thumb, 2 bytes, Stack size 0 bytes, stm32f4xx_it.o(.text.DebugMon_Handler))
<BR>[Address Reference Count : 1]<UL><LI> startup_stm32f407xx.o(RESET)
</UL>
<P><STRONG><a name="[b2]"></a>DelayLib_ms</STRONG> (Thumb, 4 bytes, Stack size 0 bytes, delay_lib.o(.text.DelayLib_ms))
<BR><BR>[Stack]<UL><LI>Max Depth = 56<LI>Call Chain = DelayLib_ms &rArr; Delay_ms &rArr; DelayN_us &rArr;  DelayN_us (Cycle)
</UL>
<BR>[Calls]<UL><LI><a href="#[b3]">&gt;&gt;</a>&nbsp;&nbsp;&nbsp;Delay_ms
</UL>
<BR>[Called By]<UL><LI><a href="#[5f]">&gt;&gt;</a>&nbsp;&nbsp;&nbsp;DelayTask_ms
</UL>

<P><STRONG><a name="[b9]"></a>DelayNLib_us</STRONG> (Thumb, 4 bytes, Stack size 0 bytes, delay_lib.o(.text.DelayNLib_us))
<BR><BR>[Called By]<UL><LI><a href="#[60]">&gt;&gt;</a>&nbsp;&nbsp;&nbsp;DelayTask_us
</UL>

<P><STRONG><a name="[b4]"></a>DelayN_us</STRONG> (Thumb, 82 bytes, Stack size 16 bytes, delay_cfg.o(.text.DelayN_us))
<BR><BR>[Stack]<UL><LI>Max Depth = 48 + In Cycle
<LI>Call Chain = DelayN_us &rArr;  DelayN_us (Cycle)
</UL>
<BR>[Calls]<UL><LI><a href="#[b6]">&gt;&gt;</a>&nbsp;&nbsp;&nbsp;IWDGTask_Reset
<LI><a href="#[b8]">&gt;&gt;</a>&nbsp;&nbsp;&nbsp;SysTickTask_WaitusTick
<LI><a href="#[b7]">&gt;&gt;</a>&nbsp;&nbsp;&nbsp;SysTickTask_DecTick
<LI><a href="#[b5]">&gt;&gt;</a>&nbsp;&nbsp;&nbsp;SysTickTask_1msIncTick
<LI><a href="#[b4]">&gt;&gt;</a>&nbsp;&nbsp;&nbsp;DelayN_us
</UL>
<BR>[Called By]<UL><LI><a href="#[b3]">&gt;&gt;</a>&nbsp;&nbsp;&nbsp;Delay_ms
<LI><a href="#[b4]">&gt;&gt;</a>&nbsp;&nbsp;&nbsp;DelayN_us
</UL>

<P><STRONG><a name="[5f]"></a>DelayTask_ms</STRONG> (Thumb, 4 bytes, Stack size 0 bytes, delay_task.o(.text.DelayTask_ms))
<BR><BR>[Stack]<UL><LI>Max Depth = 56<LI>Call Chain = DelayTask_ms &rArr; DelayLib_ms &rArr; Delay_ms &rArr; DelayN_us &rArr;  DelayN_us (Cycle)
</UL>
<BR>[Calls]<UL><LI><a href="#[b2]">&gt;&gt;</a>&nbsp;&nbsp;&nbsp;DelayLib_ms
</UL>
<BR>[Address Reference Count : 2]<UL><LI> main.o(.text.Sys_Init)
<LI> isp_cfg.o(.text.ISP_Init)
</UL>
<P><STRONG><a name="[60]"></a>DelayTask_us</STRONG> (Thumb, 4 bytes, Stack size 0 bytes, delay_task.o(.text.DelayTask_us))
<BR><BR>[Calls]<UL><LI><a href="#[b9]">&gt;&gt;</a>&nbsp;&nbsp;&nbsp;DelayNLib_us
</UL>
<BR>[Address Reference Count : 2]<UL><LI> main.o(.text.Sys_Init)
<LI> isp_cfg.o(.text.ISP_Init)
</UL>
<P><STRONG><a name="[b3]"></a>Delay_ms</STRONG> (Thumb, 46 bytes, Stack size 8 bytes, delay_cfg.o(.text.Delay_ms))
<BR><BR>[Stack]<UL><LI>Max Depth = 56<LI>Call Chain = Delay_ms &rArr; DelayN_us &rArr;  DelayN_us (Cycle)
</UL>
<BR>[Calls]<UL><LI><a href="#[b6]">&gt;&gt;</a>&nbsp;&nbsp;&nbsp;IWDGTask_Reset
<LI><a href="#[b7]">&gt;&gt;</a>&nbsp;&nbsp;&nbsp;SysTickTask_DecTick
<LI><a href="#[b5]">&gt;&gt;</a>&nbsp;&nbsp;&nbsp;SysTickTask_1msIncTick
<LI><a href="#[b4]">&gt;&gt;</a>&nbsp;&nbsp;&nbsp;DelayN_us
</UL>
<BR>[Called By]<UL><LI><a href="#[b2]">&gt;&gt;</a>&nbsp;&nbsp;&nbsp;DelayLib_ms
</UL>

<P><STRONG><a name="[96]"></a>DescSortFun2</STRONG> (Thumb, 396 bytes, Stack size 24 bytes, complier_lib.o(.text.DescSortFun2))
<BR><BR>[Stack]<UL><LI>Max Depth = 24<LI>Call Chain = DescSortFun2
</UL>
<BR>[Called By]<UL><LI><a href="#[87]">&gt;&gt;</a>&nbsp;&nbsp;&nbsp;ADC_HandleChannelVal
</UL>

<P><STRONG><a name="[ba]"></a>GPIOLib_Clock</STRONG> (Thumb, 4 bytes, Stack size 0 bytes, gpio_lib.o(.text.GPIOLib_Clock))
<BR><BR>[Stack]<UL><LI>Max Depth = 4<LI>Call Chain = GPIOLib_Clock &rArr; GPIO_Clock
</UL>
<BR>[Calls]<UL><LI><a href="#[bb]">&gt;&gt;</a>&nbsp;&nbsp;&nbsp;GPIO_Clock
</UL>
<BR>[Called By]<UL><LI><a href="#[94]">&gt;&gt;</a>&nbsp;&nbsp;&nbsp;GPIOTask_Clock
</UL>

<P><STRONG><a name="[bc]"></a>GPIOLib_Init</STRONG> (Thumb, 4 bytes, Stack size 0 bytes, gpio_lib.o(.text.GPIOLib_Init))
<BR><BR>[Stack]<UL><LI>Max Depth = 4<LI>Call Chain = GPIOLib_Init &rArr; GPIO_Init
</UL>
<BR>[Calls]<UL><LI><a href="#[bd]">&gt;&gt;</a>&nbsp;&nbsp;&nbsp;GPIO_Init
</UL>
<BR>[Called By]<UL><LI><a href="#[be]">&gt;&gt;</a>&nbsp;&nbsp;&nbsp;GPIOTask_Init
</UL>

<P><STRONG><a name="[94]"></a>GPIOTask_Clock</STRONG> (Thumb, 4 bytes, Stack size 0 bytes, gpio_task.o(.text.GPIOTask_Clock))
<BR><BR>[Stack]<UL><LI>Max Depth = 4<LI>Call Chain = GPIOTask_Clock &rArr; GPIOLib_Clock &rArr; GPIO_Clock
</UL>
<BR>[Calls]<UL><LI><a href="#[ba]">&gt;&gt;</a>&nbsp;&nbsp;&nbsp;GPIOLib_Clock
</UL>
<BR>[Called By]<UL><LI><a href="#[83]">&gt;&gt;</a>&nbsp;&nbsp;&nbsp;ADC_ADC_Init
<LI><a href="#[ae]">&gt;&gt;</a>&nbsp;&nbsp;&nbsp;DAC_Init
<LI><a href="#[d0]">&gt;&gt;</a>&nbsp;&nbsp;&nbsp;ISP_Init
<LI><a href="#[111]">&gt;&gt;</a>&nbsp;&nbsp;&nbsp;LM317_Init
<LI><a href="#[126]">&gt;&gt;</a>&nbsp;&nbsp;&nbsp;SPI_MSW_GPIO_Init
<LI><a href="#[11e]">&gt;&gt;</a>&nbsp;&nbsp;&nbsp;SPI_MHW_GPIO_Init
<LI><a href="#[14d]">&gt;&gt;</a>&nbsp;&nbsp;&nbsp;USART1_ConfigInit
</UL>

<P><STRONG><a name="[be]"></a>GPIOTask_Init</STRONG> (Thumb, 4 bytes, Stack size 0 bytes, gpio_task.o(.text.GPIOTask_Init))
<BR><BR>[Stack]<UL><LI>Max Depth = 4<LI>Call Chain = GPIOTask_Init &rArr; GPIOLib_Init &rArr; GPIO_Init
</UL>
<BR>[Calls]<UL><LI><a href="#[bc]">&gt;&gt;</a>&nbsp;&nbsp;&nbsp;GPIOLib_Init
</UL>
<BR>[Called By]<UL><LI><a href="#[146]">&gt;&gt;</a>&nbsp;&nbsp;&nbsp;Sys_Init
</UL>

<P><STRONG><a name="[bb]"></a>GPIO_Clock</STRONG> (Thumb, 366 bytes, Stack size 4 bytes, gpio_cfg.o(.text.GPIO_Clock))
<BR><BR>[Stack]<UL><LI>Max Depth = 4<LI>Call Chain = GPIO_Clock
</UL>
<BR>[Called By]<UL><LI><a href="#[ba]">&gt;&gt;</a>&nbsp;&nbsp;&nbsp;GPIOLib_Clock
</UL>

<P><STRONG><a name="[bd]"></a>GPIO_Init</STRONG> (Thumb, 194 bytes, Stack size 4 bytes, gpio_cfg.o(.text.GPIO_Init))
<BR><BR>[Stack]<UL><LI>Max Depth = 4<LI>Call Chain = GPIO_Init
</UL>
<BR>[Called By]<UL><LI><a href="#[bc]">&gt;&gt;</a>&nbsp;&nbsp;&nbsp;GPIOLib_Init
</UL>

<P><STRONG><a name="[63]"></a>HAL_IncTick</STRONG> (Thumb, 26 bytes, Stack size 0 bytes, stm32f4xx_hal.o(.text.HAL_IncTick))
<BR>[Address Reference Count : 1]<UL><LI> systick_cfg.o(.text.SysTick_msInit)
</UL>
<P><STRONG><a name="[59]"></a>HASH_RNG_IRQHandler</STRONG> (Thumb, 4 bytes, Stack size 0 bytes, stm32f4xx_it.o(.text.HASH_RNG_IRQHandler))
<BR><BR>[Calls]<UL><LI><a href="#[bf]">&gt;&gt;</a>&nbsp;&nbsp;&nbsp;RandomTask_IRQTask
</UL>
<BR>[Address Reference Count : 1]<UL><LI> startup_stm32f407xx.o(RESET)
</UL>
<P><STRONG><a name="[2]"></a>HardFault_Handler</STRONG> (Thumb, 6 bytes, Stack size 0 bytes, stm32f4xx_it.o(.text.HardFault_Handler))
<BR><BR>[Calls]<UL><LI><a href="#[c0]">&gt;&gt;</a>&nbsp;&nbsp;&nbsp;HardFault_IRQTask
</UL>
<BR>[Address Reference Count : 1]<UL><LI> startup_stm32f407xx.o(RESET)
</UL>
<P><STRONG><a name="[c0]"></a>HardFault_IRQTask</STRONG> (Thumb, 20 bytes, Stack size 0 bytes, stm32_cfg.o(.text.HardFault_IRQTask))
<BR><BR>[Calls]<UL><LI><a href="#[c1]">&gt;&gt;</a>&nbsp;&nbsp;&nbsp;HardFault_Msg
</UL>
<BR>[Called By]<UL><LI><a href="#[2]">&gt;&gt;</a>&nbsp;&nbsp;&nbsp;HardFault_Handler
</UL>

<P><STRONG><a name="[c1]"></a>HardFault_Msg</STRONG> (Thumb, 62 bytes, Stack size 0 bytes, stm32_cfg.o(.text.HardFault_Msg))
<BR><BR>[Called By]<UL><LI><a href="#[c0]">&gt;&gt;</a>&nbsp;&nbsp;&nbsp;HardFault_IRQTask
</UL>

<P><STRONG><a name="[c2]"></a>ISPLib_CheckChipEepromEmpty</STRONG> (Thumb, 66 bytes, Stack size 16 bytes, isp_lib.o(.text.ISPLib_CheckChipEepromEmpty))
<BR><BR>[Stack]<UL><LI>Max Depth = 324<LI>Call Chain = ISPLib_CheckChipEepromEmpty &rArr; ISP_EnterProg &rArr; ISP_SetClock &rArr; SPITask_MHW_PollMode_Init &rArr; SPILib_MHW_PollMode_Init &rArr; SPI_MHW_PollMode_Init &rArr; LL_SPI_Init
</UL>
<BR>[Calls]<UL><LI><a href="#[c5]">&gt;&gt;</a>&nbsp;&nbsp;&nbsp;ISP_SetIntervalTime
<LI><a href="#[c3]">&gt;&gt;</a>&nbsp;&nbsp;&nbsp;ISP_RefreshWatch
<LI><a href="#[c6]">&gt;&gt;</a>&nbsp;&nbsp;&nbsp;ISP_EnterProg
<LI><a href="#[c4]">&gt;&gt;</a>&nbsp;&nbsp;&nbsp;ISP_CheckChipEepromEmpty
</UL>
<BR>[Called By]<UL><LI><a href="#[eb]">&gt;&gt;</a>&nbsp;&nbsp;&nbsp;ISPTask_USARTCmd_EraseChip
</UL>

<P><STRONG><a name="[c7]"></a>ISPLib_CheckChipFlashEmpty</STRONG> (Thumb, 84 bytes, Stack size 32 bytes, isp_lib.o(.text.ISPLib_CheckChipFlashEmpty))
<BR><BR>[Stack]<UL><LI>Max Depth = 340<LI>Call Chain = ISPLib_CheckChipFlashEmpty &rArr; ISP_EnterProg &rArr; ISP_SetClock &rArr; SPITask_MHW_PollMode_Init &rArr; SPILib_MHW_PollMode_Init &rArr; SPI_MHW_PollMode_Init &rArr; LL_SPI_Init
</UL>
<BR>[Calls]<UL><LI><a href="#[c5]">&gt;&gt;</a>&nbsp;&nbsp;&nbsp;ISP_SetIntervalTime
<LI><a href="#[c3]">&gt;&gt;</a>&nbsp;&nbsp;&nbsp;ISP_RefreshWatch
<LI><a href="#[c6]">&gt;&gt;</a>&nbsp;&nbsp;&nbsp;ISP_EnterProg
<LI><a href="#[c8]">&gt;&gt;</a>&nbsp;&nbsp;&nbsp;ISP_CheckChipFlashEmpty
</UL>
<BR>[Called By]<UL><LI><a href="#[eb]">&gt;&gt;</a>&nbsp;&nbsp;&nbsp;ISPTask_USARTCmd_EraseChip
</UL>

<P><STRONG><a name="[c9]"></a>ISPLib_EnterProgAndConfigInfo</STRONG> (Thumb, 28 bytes, Stack size 16 bytes, isp_lib.o(.text.ISPLib_EnterProgAndConfigInfo))
<BR><BR>[Stack]<UL><LI>Max Depth = 324<LI>Call Chain = ISPLib_EnterProgAndConfigInfo &rArr; ISP_EnterProg &rArr; ISP_SetClock &rArr; SPITask_MHW_PollMode_Init &rArr; SPILib_MHW_PollMode_Init &rArr; SPI_MHW_PollMode_Init &rArr; LL_SPI_Init
</UL>
<BR>[Calls]<UL><LI><a href="#[ca]">&gt;&gt;</a>&nbsp;&nbsp;&nbsp;ISP_SetConfigInfo
<LI><a href="#[c6]">&gt;&gt;</a>&nbsp;&nbsp;&nbsp;ISP_EnterProg
</UL>
<BR>[Called By]<UL><LI><a href="#[e9]">&gt;&gt;</a>&nbsp;&nbsp;&nbsp;ISPTask_USARTCmd_ChildTask
</UL>

<P><STRONG><a name="[cb]"></a>ISPLib_EraseChip</STRONG> (Thumb, 58 bytes, Stack size 16 bytes, isp_lib.o(.text.ISPLib_EraseChip))
<BR><BR>[Stack]<UL><LI>Max Depth = 324<LI>Call Chain = ISPLib_EraseChip &rArr; ISP_EnterProg &rArr; ISP_SetClock &rArr; SPITask_MHW_PollMode_Init &rArr; SPILib_MHW_PollMode_Init &rArr; SPI_MHW_PollMode_Init &rArr; LL_SPI_Init
</UL>
<BR>[Calls]<UL><LI><a href="#[c5]">&gt;&gt;</a>&nbsp;&nbsp;&nbsp;ISP_SetIntervalTime
<LI><a href="#[c3]">&gt;&gt;</a>&nbsp;&nbsp;&nbsp;ISP_RefreshWatch
<LI><a href="#[cc]">&gt;&gt;</a>&nbsp;&nbsp;&nbsp;ISP_EraseChip
<LI><a href="#[c6]">&gt;&gt;</a>&nbsp;&nbsp;&nbsp;ISP_EnterProg
</UL>
<BR>[Called By]<UL><LI><a href="#[eb]">&gt;&gt;</a>&nbsp;&nbsp;&nbsp;ISPTask_USARTCmd_EraseChip
</UL>

<P><STRONG><a name="[cd]"></a>ISPLib_ExitProg</STRONG> (Thumb, 4 bytes, Stack size 0 bytes, isp_lib.o(.text.ISPLib_ExitProg))
<BR><BR>[Stack]<UL><LI>Max Depth = 100<LI>Call Chain = ISPLib_ExitProg &rArr; ISP_ExitProg &rArr; SPITask_DeInit &rArr; SPILib_DeInit &rArr; SPI_DeInit &rArr; SPI_GPIO_DeInit &rArr; LL_GPIO_Init
</UL>
<BR>[Calls]<UL><LI><a href="#[ce]">&gt;&gt;</a>&nbsp;&nbsp;&nbsp;ISP_ExitProg
</UL>
<BR>[Called By]<UL><LI><a href="#[e9]">&gt;&gt;</a>&nbsp;&nbsp;&nbsp;ISPTask_USARTCmd_ChildTask
</UL>

<P><STRONG><a name="[cf]"></a>ISPLib_Init</STRONG> (Thumb, 4 bytes, Stack size 0 bytes, isp_lib.o(.text.ISPLib_Init))
<BR><BR>[Stack]<UL><LI>Max Depth = 92<LI>Call Chain = ISPLib_Init &rArr; ISP_Init &rArr; LL_GPIO_Init
</UL>
<BR>[Calls]<UL><LI><a href="#[d0]">&gt;&gt;</a>&nbsp;&nbsp;&nbsp;ISP_Init
</UL>
<BR>[Called By]<UL><LI><a href="#[e8]">&gt;&gt;</a>&nbsp;&nbsp;&nbsp;ISPTask_Init
</UL>

<P><STRONG><a name="[d1]"></a>ISPLib_ReadChipCalibration</STRONG> (Thumb, 66 bytes, Stack size 16 bytes, isp_lib.o(.text.ISPLib_ReadChipCalibration))
<BR><BR>[Stack]<UL><LI>Max Depth = 324<LI>Call Chain = ISPLib_ReadChipCalibration &rArr; ISP_EnterProg &rArr; ISP_SetClock &rArr; SPITask_MHW_PollMode_Init &rArr; SPILib_MHW_PollMode_Init &rArr; SPI_MHW_PollMode_Init &rArr; LL_SPI_Init
</UL>
<BR>[Calls]<UL><LI><a href="#[c5]">&gt;&gt;</a>&nbsp;&nbsp;&nbsp;ISP_SetIntervalTime
<LI><a href="#[c3]">&gt;&gt;</a>&nbsp;&nbsp;&nbsp;ISP_RefreshWatch
<LI><a href="#[d2]">&gt;&gt;</a>&nbsp;&nbsp;&nbsp;ISP_ReadChipCalibration
<LI><a href="#[c6]">&gt;&gt;</a>&nbsp;&nbsp;&nbsp;ISP_EnterProg
</UL>
<BR>[Called By]<UL><LI><a href="#[e9]">&gt;&gt;</a>&nbsp;&nbsp;&nbsp;ISPTask_USARTCmd_ChildTask
</UL>

<P><STRONG><a name="[d3]"></a>ISPLib_ReadChipEepromAddr</STRONG> (Thumb, 84 bytes, Stack size 32 bytes, isp_lib.o(.text.ISPLib_ReadChipEepromAddr))
<BR><BR>[Stack]<UL><LI>Max Depth = 340<LI>Call Chain = ISPLib_ReadChipEepromAddr &rArr; ISP_EnterProg &rArr; ISP_SetClock &rArr; SPITask_MHW_PollMode_Init &rArr; SPILib_MHW_PollMode_Init &rArr; SPI_MHW_PollMode_Init &rArr; LL_SPI_Init
</UL>
<BR>[Calls]<UL><LI><a href="#[c5]">&gt;&gt;</a>&nbsp;&nbsp;&nbsp;ISP_SetIntervalTime
<LI><a href="#[c3]">&gt;&gt;</a>&nbsp;&nbsp;&nbsp;ISP_RefreshWatch
<LI><a href="#[d4]">&gt;&gt;</a>&nbsp;&nbsp;&nbsp;ISP_ReadChipEepromAddr
<LI><a href="#[c6]">&gt;&gt;</a>&nbsp;&nbsp;&nbsp;ISP_EnterProg
</UL>
<BR>[Called By]<UL><LI><a href="#[e9]">&gt;&gt;</a>&nbsp;&nbsp;&nbsp;ISPTask_USARTCmd_ChildTask
</UL>

<P><STRONG><a name="[d5]"></a>ISPLib_ReadChipFlashAddr</STRONG> (Thumb, 88 bytes, Stack size 40 bytes, isp_lib.o(.text.ISPLib_ReadChipFlashAddr))
<BR><BR>[Stack]<UL><LI>Max Depth = 348<LI>Call Chain = ISPLib_ReadChipFlashAddr &rArr; ISP_EnterProg &rArr; ISP_SetClock &rArr; SPITask_MHW_PollMode_Init &rArr; SPILib_MHW_PollMode_Init &rArr; SPI_MHW_PollMode_Init &rArr; LL_SPI_Init
</UL>
<BR>[Calls]<UL><LI><a href="#[c5]">&gt;&gt;</a>&nbsp;&nbsp;&nbsp;ISP_SetIntervalTime
<LI><a href="#[c3]">&gt;&gt;</a>&nbsp;&nbsp;&nbsp;ISP_RefreshWatch
<LI><a href="#[d6]">&gt;&gt;</a>&nbsp;&nbsp;&nbsp;ISP_ReadChipFlashAddr
<LI><a href="#[c6]">&gt;&gt;</a>&nbsp;&nbsp;&nbsp;ISP_EnterProg
</UL>
<BR>[Called By]<UL><LI><a href="#[e9]">&gt;&gt;</a>&nbsp;&nbsp;&nbsp;ISPTask_USARTCmd_ChildTask
</UL>

<P><STRONG><a name="[d7]"></a>ISPLib_ReadChipFuse</STRONG> (Thumb, 66 bytes, Stack size 16 bytes, isp_lib.o(.text.ISPLib_ReadChipFuse))
<BR><BR>[Stack]<UL><LI>Max Depth = 324<LI>Call Chain = ISPLib_ReadChipFuse &rArr; ISP_EnterProg &rArr; ISP_SetClock &rArr; SPITask_MHW_PollMode_Init &rArr; SPILib_MHW_PollMode_Init &rArr; SPI_MHW_PollMode_Init &rArr; LL_SPI_Init
</UL>
<BR>[Calls]<UL><LI><a href="#[c5]">&gt;&gt;</a>&nbsp;&nbsp;&nbsp;ISP_SetIntervalTime
<LI><a href="#[c3]">&gt;&gt;</a>&nbsp;&nbsp;&nbsp;ISP_RefreshWatch
<LI><a href="#[d8]">&gt;&gt;</a>&nbsp;&nbsp;&nbsp;ISP_ReadChipFuse
<LI><a href="#[c6]">&gt;&gt;</a>&nbsp;&nbsp;&nbsp;ISP_EnterProg
</UL>
<BR>[Called By]<UL><LI><a href="#[e9]">&gt;&gt;</a>&nbsp;&nbsp;&nbsp;ISPTask_USARTCmd_ChildTask
</UL>

<P><STRONG><a name="[d9]"></a>ISPLib_ReadChipID</STRONG> (Thumb, 62 bytes, Stack size 16 bytes, isp_lib.o(.text.ISPLib_ReadChipID))
<BR><BR>[Stack]<UL><LI>Max Depth = 324<LI>Call Chain = ISPLib_ReadChipID &rArr; ISP_EnterProg &rArr; ISP_SetClock &rArr; SPITask_MHW_PollMode_Init &rArr; SPILib_MHW_PollMode_Init &rArr; SPI_MHW_PollMode_Init &rArr; LL_SPI_Init
</UL>
<BR>[Calls]<UL><LI><a href="#[c5]">&gt;&gt;</a>&nbsp;&nbsp;&nbsp;ISP_SetIntervalTime
<LI><a href="#[c3]">&gt;&gt;</a>&nbsp;&nbsp;&nbsp;ISP_RefreshWatch
<LI><a href="#[da]">&gt;&gt;</a>&nbsp;&nbsp;&nbsp;ISP_ReadChipID
<LI><a href="#[c6]">&gt;&gt;</a>&nbsp;&nbsp;&nbsp;ISP_EnterProg
</UL>
<BR>[Called By]<UL><LI><a href="#[e9]">&gt;&gt;</a>&nbsp;&nbsp;&nbsp;ISPTask_USARTCmd_ChildTask
</UL>

<P><STRONG><a name="[db]"></a>ISPLib_ReadChipLock</STRONG> (Thumb, 62 bytes, Stack size 16 bytes, isp_lib.o(.text.ISPLib_ReadChipLock))
<BR><BR>[Stack]<UL><LI>Max Depth = 324<LI>Call Chain = ISPLib_ReadChipLock &rArr; ISP_EnterProg &rArr; ISP_SetClock &rArr; SPITask_MHW_PollMode_Init &rArr; SPILib_MHW_PollMode_Init &rArr; SPI_MHW_PollMode_Init &rArr; LL_SPI_Init
</UL>
<BR>[Calls]<UL><LI><a href="#[c5]">&gt;&gt;</a>&nbsp;&nbsp;&nbsp;ISP_SetIntervalTime
<LI><a href="#[c3]">&gt;&gt;</a>&nbsp;&nbsp;&nbsp;ISP_RefreshWatch
<LI><a href="#[dc]">&gt;&gt;</a>&nbsp;&nbsp;&nbsp;ISP_ReadChipLock
<LI><a href="#[c6]">&gt;&gt;</a>&nbsp;&nbsp;&nbsp;ISP_EnterProg
</UL>
<BR>[Called By]<UL><LI><a href="#[e9]">&gt;&gt;</a>&nbsp;&nbsp;&nbsp;ISPTask_USARTCmd_ChildTask
</UL>

<P><STRONG><a name="[dd]"></a>ISPLib_ReadChipRom</STRONG> (Thumb, 72 bytes, Stack size 24 bytes, isp_lib.o(.text.ISPLib_ReadChipRom))
<BR><BR>[Stack]<UL><LI>Max Depth = 332<LI>Call Chain = ISPLib_ReadChipRom &rArr; ISP_EnterProg &rArr; ISP_SetClock &rArr; SPITask_MHW_PollMode_Init &rArr; SPILib_MHW_PollMode_Init &rArr; SPI_MHW_PollMode_Init &rArr; LL_SPI_Init
</UL>
<BR>[Calls]<UL><LI><a href="#[c5]">&gt;&gt;</a>&nbsp;&nbsp;&nbsp;ISP_SetIntervalTime
<LI><a href="#[c3]">&gt;&gt;</a>&nbsp;&nbsp;&nbsp;ISP_RefreshWatch
<LI><a href="#[de]">&gt;&gt;</a>&nbsp;&nbsp;&nbsp;ISP_ReadChipRom
<LI><a href="#[c6]">&gt;&gt;</a>&nbsp;&nbsp;&nbsp;ISP_EnterProg
</UL>
<BR>[Called By]<UL><LI><a href="#[e9]">&gt;&gt;</a>&nbsp;&nbsp;&nbsp;ISPTask_USARTCmd_ChildTask
</UL>

<P><STRONG><a name="[df]"></a>ISPLib_SetConfigInfo</STRONG> (Thumb, 4 bytes, Stack size 0 bytes, isp_lib.o(.text.ISPLib_SetConfigInfo))
<BR><BR>[Calls]<UL><LI><a href="#[ca]">&gt;&gt;</a>&nbsp;&nbsp;&nbsp;ISP_SetConfigInfo
</UL>
<BR>[Called By]<UL><LI><a href="#[e9]">&gt;&gt;</a>&nbsp;&nbsp;&nbsp;ISPTask_USARTCmd_ChildTask
</UL>

<P><STRONG><a name="[e0]"></a>ISPLib_SetProgClock</STRONG> (Thumb, 4 bytes, Stack size 0 bytes, isp_lib.o(.text.ISPLib_SetProgClock))
<BR><BR>[Calls]<UL><LI><a href="#[e1]">&gt;&gt;</a>&nbsp;&nbsp;&nbsp;ISP_SetProgClock
</UL>
<BR>[Called By]<UL><LI><a href="#[ec]">&gt;&gt;</a>&nbsp;&nbsp;&nbsp;ISPTask_USARTCmd_SetProgClok
</UL>

<P><STRONG><a name="[e2]"></a>ISPLib_WriteChipFlashPage</STRONG> (Thumb, 20 bytes, Stack size 16 bytes, isp_lib.o(.text.ISPLib_WriteChipFlashPage))
<BR><BR>[Stack]<UL><LI>Max Depth = 372<LI>Call Chain = ISPLib_WriteChipFlashPage &rArr; ISP_WriteChipFlashPage &rArr; ISP_EnterProg &rArr; ISP_SetClock &rArr; SPITask_MHW_PollMode_Init &rArr; SPILib_MHW_PollMode_Init &rArr; SPI_MHW_PollMode_Init &rArr; LL_SPI_Init
</UL>
<BR>[Calls]<UL><LI><a href="#[e3]">&gt;&gt;</a>&nbsp;&nbsp;&nbsp;ISP_WriteChipFlashPage
</UL>
<BR>[Called By]<UL><LI><a href="#[e9]">&gt;&gt;</a>&nbsp;&nbsp;&nbsp;ISPTask_USARTCmd_ChildTask
</UL>

<P><STRONG><a name="[e4]"></a>ISPLib_WriteChipFuse</STRONG> (Thumb, 66 bytes, Stack size 16 bytes, isp_lib.o(.text.ISPLib_WriteChipFuse))
<BR><BR>[Stack]<UL><LI>Max Depth = 324<LI>Call Chain = ISPLib_WriteChipFuse &rArr; ISP_EnterProg &rArr; ISP_SetClock &rArr; SPITask_MHW_PollMode_Init &rArr; SPILib_MHW_PollMode_Init &rArr; SPI_MHW_PollMode_Init &rArr; LL_SPI_Init
</UL>
<BR>[Calls]<UL><LI><a href="#[e5]">&gt;&gt;</a>&nbsp;&nbsp;&nbsp;ISP_WriteChipFuse
<LI><a href="#[c5]">&gt;&gt;</a>&nbsp;&nbsp;&nbsp;ISP_SetIntervalTime
<LI><a href="#[c3]">&gt;&gt;</a>&nbsp;&nbsp;&nbsp;ISP_RefreshWatch
<LI><a href="#[c6]">&gt;&gt;</a>&nbsp;&nbsp;&nbsp;ISP_EnterProg
</UL>
<BR>[Called By]<UL><LI><a href="#[e9]">&gt;&gt;</a>&nbsp;&nbsp;&nbsp;ISPTask_USARTCmd_ChildTask
</UL>

<P><STRONG><a name="[e6]"></a>ISPLib_WriteChipLock</STRONG> (Thumb, 62 bytes, Stack size 16 bytes, isp_lib.o(.text.ISPLib_WriteChipLock))
<BR><BR>[Stack]<UL><LI>Max Depth = 324<LI>Call Chain = ISPLib_WriteChipLock &rArr; ISP_EnterProg &rArr; ISP_SetClock &rArr; SPITask_MHW_PollMode_Init &rArr; SPILib_MHW_PollMode_Init &rArr; SPI_MHW_PollMode_Init &rArr; LL_SPI_Init
</UL>
<BR>[Calls]<UL><LI><a href="#[e7]">&gt;&gt;</a>&nbsp;&nbsp;&nbsp;ISP_WriteChipLock
<LI><a href="#[c5]">&gt;&gt;</a>&nbsp;&nbsp;&nbsp;ISP_SetIntervalTime
<LI><a href="#[c3]">&gt;&gt;</a>&nbsp;&nbsp;&nbsp;ISP_RefreshWatch
<LI><a href="#[c6]">&gt;&gt;</a>&nbsp;&nbsp;&nbsp;ISP_EnterProg
</UL>
<BR>[Called By]<UL><LI><a href="#[e9]">&gt;&gt;</a>&nbsp;&nbsp;&nbsp;ISPTask_USARTCmd_ChildTask
</UL>

<P><STRONG><a name="[e8]"></a>ISPTask_Init</STRONG> (Thumb, 4 bytes, Stack size 0 bytes, isp_task.o(.text.ISPTask_Init))
<BR><BR>[Stack]<UL><LI>Max Depth = 92<LI>Call Chain = ISPTask_Init &rArr; ISPLib_Init &rArr; ISP_Init &rArr; LL_GPIO_Init
</UL>
<BR>[Calls]<UL><LI><a href="#[cf]">&gt;&gt;</a>&nbsp;&nbsp;&nbsp;ISPLib_Init
</UL>
<BR>[Called By]<UL><LI><a href="#[146]">&gt;&gt;</a>&nbsp;&nbsp;&nbsp;Sys_Init
</UL>

<P><STRONG><a name="[e9]"></a>ISPTask_USARTCmd_ChildTask</STRONG> (Thumb, 668 bytes, Stack size 32 bytes, isp_task.o(.text.ISPTask_USARTCmd_ChildTask))
<BR><BR>[Stack]<UL><LI>Max Depth = 404<LI>Call Chain = ISPTask_USARTCmd_ChildTask &rArr; ISPLib_WriteChipFlashPage &rArr; ISP_WriteChipFlashPage &rArr; ISP_EnterProg &rArr; ISP_SetClock &rArr; SPITask_MHW_PollMode_Init &rArr; SPILib_MHW_PollMode_Init &rArr; SPI_MHW_PollMode_Init &rArr; LL_SPI_Init
</UL>
<BR>[Calls]<UL><LI><a href="#[e6]">&gt;&gt;</a>&nbsp;&nbsp;&nbsp;ISPLib_WriteChipLock
<LI><a href="#[e4]">&gt;&gt;</a>&nbsp;&nbsp;&nbsp;ISPLib_WriteChipFuse
<LI><a href="#[e2]">&gt;&gt;</a>&nbsp;&nbsp;&nbsp;ISPLib_WriteChipFlashPage
<LI><a href="#[df]">&gt;&gt;</a>&nbsp;&nbsp;&nbsp;ISPLib_SetConfigInfo
<LI><a href="#[dd]">&gt;&gt;</a>&nbsp;&nbsp;&nbsp;ISPLib_ReadChipRom
<LI><a href="#[db]">&gt;&gt;</a>&nbsp;&nbsp;&nbsp;ISPLib_ReadChipLock
<LI><a href="#[d9]">&gt;&gt;</a>&nbsp;&nbsp;&nbsp;ISPLib_ReadChipID
<LI><a href="#[d7]">&gt;&gt;</a>&nbsp;&nbsp;&nbsp;ISPLib_ReadChipFuse
<LI><a href="#[d5]">&gt;&gt;</a>&nbsp;&nbsp;&nbsp;ISPLib_ReadChipFlashAddr
<LI><a href="#[d3]">&gt;&gt;</a>&nbsp;&nbsp;&nbsp;ISPLib_ReadChipEepromAddr
<LI><a href="#[d1]">&gt;&gt;</a>&nbsp;&nbsp;&nbsp;ISPLib_ReadChipCalibration
<LI><a href="#[cd]">&gt;&gt;</a>&nbsp;&nbsp;&nbsp;ISPLib_ExitProg
<LI><a href="#[c9]">&gt;&gt;</a>&nbsp;&nbsp;&nbsp;ISPLib_EnterProgAndConfigInfo
<LI><a href="#[ed]">&gt;&gt;</a>&nbsp;&nbsp;&nbsp;ISP_WriteChipEeprom
[...]
</UL>
<BR>[Calls]<UL><LI><a href="#[167]">&gt;&gt;</a>&nbsp;&nbsp;&nbsp;USART_Read_Init
</UL>
<BR>[Called By]<UL><LI><a href="#[f4]">&gt;&gt;</a>&nbsp;&nbsp;&nbsp;USARTTask_Read_Init
</UL>

<P><STRONG><a name="[168]"></a>USARTLib_TimeOVFTask</STRONG> (Thumb, 4 bytes, Stack size 0 bytes, usart_lib.o(.text.USARTLib_TimeOVFTask))
<BR><BR>[Stack]<UL><LI>Max Depth = 72<LI>Call Chain = USARTLib_TimeOVFTask &rArr; USART_TimeOVFTask &rArr; USART_Printf &rArr; vsnprintf
</UL>
<BR>[Calls]<UL><LI><a href="#[169]">&gt;&gt;</a>&nbsp;&nbsp;&nbsp;USART_TimeOVFTask
</UL>
<BR>[Called By]<UL><LI><a href="#[f5]">&gt;&gt;</a>&nbsp;&nbsp;&nbsp;USARTTask_TimeOVFTask
</UL>

<P><STRONG><a name="[f1]"></a>USARTTask_CRCTask_Read</STRONG> (Thumb, 4 bytes, Stack size 0 bytes, usart_task.o(.text.USARTTask_CRCTask_Read))
<BR><BR>[Stack]<UL><LI>Max Depth = 48<LI>Call Chain = USARTTask_CRCTask_Read &rArr; USARTLib_CRCTask_Read &rArr; USART_CRCTask_Read &rArr; CRCTask_CRC8 &rArr; CRCLib_CRC8 &rArr; CRC_CRC8_Table
</UL>
<BR>[Calls]<UL><LI><a href="#[152]">&gt;&gt;</a>&nbsp;&nbsp;&nbsp;USARTLib_CRCTask_Read
</UL>
<BR>[Called By]<UL><LI><a href="#[ef]">&gt;&gt;</a>&nbsp;&nbsp;&nbsp;ISPTask_USARTCmd_ParentTask
</UL>

<P><STRONG><a name="[f2]"></a>USARTTask_DeviceID</STRONG> (Thumb, 4 bytes, Stack size 0 bytes, usart_task.o(.text.USARTTask_DeviceID))
<BR><BR>[Calls]<UL><LI><a href="#[154]">&gt;&gt;</a>&nbsp;&nbsp;&nbsp;USARTLib_DeviceID
</UL>
<BR>[Called By]<UL><LI><a href="#[ef]">&gt;&gt;</a>&nbsp;&nbsp;&nbsp;ISPTask_USARTCmd_ParentTask
</UL>

<P><STRONG><a name="[ea]"></a>USARTTask_FillMode_AddByte</STRONG> (Thumb, 4 bytes, Stack size 0 bytes, usart_task.o(.text.USARTTask_FillMode_AddByte))
<BR><BR>[Calls]<UL><LI><a href="#[156]">&gt;&gt;</a>&nbsp;&nbsp;&nbsp;USARTLib_FillMode_AddByte
</UL>
<BR>[Called By]<UL><LI><a href="#[ef]">&gt;&gt;</a>&nbsp;&nbsp;&nbsp;ISPTask_USARTCmd_ParentTask
<LI><a href="#[eb]">&gt;&gt;</a>&nbsp;&nbsp;&nbsp;ISPTask_USARTCmd_EraseChip
<LI><a href="#[e9]">&gt;&gt;</a>&nbsp;&nbsp;&nbsp;ISPTask_USARTCmd_ChildTask
</UL>

<P><STRONG><a name="[f6]"></a>USARTTask_FillMode_Init</STRONG> (Thumb, 4 bytes, Stack size 0 bytes, usart_task.o(.text.USARTTask_FillMode_Init))
<BR><BR>[Stack]<UL><LI>Max Depth = 16<LI>Call Chain = USARTTask_FillMode_Init &rArr; USARTLib_FillMode_Init &rArr; USART_FillMode_Init
</UL>
<BR>[Calls]<UL><LI><a href="#[158]">&gt;&gt;</a>&nbsp;&nbsp;&nbsp;USARTLib_FillMode_Init
</UL>
<BR>[Called By]<UL><LI><a href="#[ef]">&gt;&gt;</a>&nbsp;&nbsp;&nbsp;ISPTask_USARTCmd_ParentTask
</UL>

<P><STRONG><a name="[ee]"></a>USARTTask_FillMode_SetResultFlag</STRONG> (Thumb, 4 bytes, Stack size 0 bytes, usart_task.o(.text.USARTTask_FillMode_SetResultFlag))
<BR><BR>[Calls]<UL><LI><a href="#[15a]">&gt;&gt;</a>&nbsp;&nbsp;&nbsp;USARTLib_FillMode_SetResultFlag
</UL>
<BR>[Called By]<UL><LI><a href="#[e9]">&gt;&gt;</a>&nbsp;&nbsp;&nbsp;ISPTask_USARTCmd_ChildTask
</UL>

<P><STRONG><a name="[f7]"></a>USARTTask_FillMode_WriteSTART</STRONG> (Thumb, 4 bytes, Stack size 0 bytes, usart_task.o(.text.USARTTask_FillMode_WriteSTART))
<BR><BR>[Stack]<UL><LI>Max Depth = 56<LI>Call Chain = USARTTask_FillMode_WriteSTART &rArr; USARTLib_FillMode_WriteSTART &rArr; USART_FillMode_WriteSTART &rArr; USART_CRCTask_Write &rArr; CRCTask_CRC8 &rArr; CRCLib_CRC8 &rArr; CRC_CRC8_Table
</UL>
<BR>[Calls]<UL><LI><a href="#[15c]">&gt;&gt;</a>&nbsp;&nbsp;&nbsp;USARTLib_FillMode_WriteSTART
</UL>
<BR>[Called By]<UL><LI><a href="#[ef]">&gt;&gt;</a>&nbsp;&nbsp;&nbsp;ISPTask_USARTCmd_ParentTask
</UL>

<P><STRONG><a name="[f0]"></a>USARTTask_GetReadState</STRONG> (Thumb, 4 bytes, Stack size 0 bytes, usart_task.o(.text.USARTTask_GetReadState))
<BR><BR>[Calls]<UL><LI><a href="#[15e]">&gt;&gt;</a>&nbsp;&nbsp;&nbsp;USARTLib_GetReadState
</UL>
<BR>[Called By]<UL><LI><a href="#[ef]">&gt;&gt;</a>&nbsp;&nbsp;&nbsp;ISPTask_USARTCmd_ParentTask
</UL>

<P><STRONG><a name="[150]"></a>USARTTask_IRQTask</STRONG> (Thumb, 4 bytes, Stack size 0 bytes, usart_task.o(.text.USARTTask_IRQTask))
<BR><BR>[Stack]<UL><LI>Max Depth = 32<LI>Call Chain = USARTTask_IRQTask &rArr; USARTLib_IRQTask &rArr; USART_IRQTask &rArr; USART_ITRead_8BitsTask
</UL>
<BR>[Calls]<UL><LI><a href="#[160]">&gt;&gt;</a>&nbsp;&nbsp;&nbsp;USARTLib_IRQTask
</UL>
<BR>[Called By]<UL><LI><a href="#[2f]">&gt;&gt;</a>&nbsp;&nbsp;&nbsp;USART1_IRQHandler
</UL>

<P><STRONG><a name="[149]"></a>USARTTask_Init</STRONG> (Thumb, 50 bytes, Stack size 32 bytes, usart_task.o(.text.USARTTask_Init))
<BR><BR>[Stack]<UL><LI>Max Depth = 240<LI>Call Chain = USARTTask_Init &rArr; USARTLib_Init &rArr; USART_Init &rArr; USART1_ConfigInit &rArr; LL_USART_Init &rArr; __aeabi_uldivmod
</UL>
<BR>[Calls]<UL><LI><a href="#[164]">&gt;&gt;</a>&nbsp;&nbsp;&nbsp;USARTLib_ParamInit
<LI><a href="#[162]">&gt;&gt;</a>&nbsp;&nbsp;&nbsp;USARTLib_Init
</UL>
<BR>[Called By]<UL><LI><a href="#[146]">&gt;&gt;</a>&nbsp;&nbsp;&nbsp;Sys_Init
</UL>

<P><STRONG><a name="[f4]"></a>USARTTask_Read_Init</STRONG> (Thumb, 4 bytes, Stack size 0 bytes, usart_task.o(.text.USARTTask_Read_Init))
<BR><BR>[Stack]<UL><LI>Max Depth = 8<LI>Call Chain = USARTTask_Read_Init &rArr; USARTLib_Read_Init &rArr; USART_Read_Init
</UL>
<BR>[Calls]<UL><LI><a href="#[166]">&gt;&gt;</a>&nbsp;&nbsp;&nbsp;USARTLib_Read_Init
</UL>
<BR>[Called By]<UL><LI><a href="#[ef]">&gt;&gt;</a>&nbsp;&nbsp;&nbsp;ISPTask_USARTCmd_ParentTask
</UL>

<P><STRONG><a name="[f5]"></a>USARTTask_TimeOVFTask</STRONG> (Thumb, 6 bytes, Stack size 0 bytes, usart_task.o(.text.USARTTask_TimeOVFTask))
<BR><BR>[Stack]<UL><LI>Max Depth = 72<LI>Call Chain = USARTTask_TimeOVFTask &rArr; USARTLib_TimeOVFTask &rArr; USART_TimeOVFTask &rArr; USART_Printf &rArr; vsnprintf
</UL>
<BR>[Calls]<UL><LI><a href="#[168]">&gt;&gt;</a>&nbsp;&nbsp;&nbsp;USARTLib_TimeOVFTask
</UL>
<BR>[Called By]<UL><LI><a href="#[ef]">&gt;&gt;</a>&nbsp;&nbsp;&nbsp;ISPTask_USARTCmd_ParentTask
</UL>

<P><STRONG><a name="[153]"></a>USART_CRCTask_Read</STRONG> (Thumb, 334 bytes, Stack size 16 bytes, usart_cfg.o(.text.USART_CRCTask_Read))
<BR><BR>[Stack]<UL><LI>Max Depth = 48<LI>Call Chain = USART_CRCTask_Read &rArr; CRCTask_CRC8 &rArr; CRCLib_CRC8 &rArr; CRC_CRC8_Table
</UL>
<BR>[Calls]<UL><LI><a href="#[a8]">&gt;&gt;</a>&nbsp;&nbsp;&nbsp;CRCTask_Enable
<LI><a href="#[a7]">&gt;&gt;</a>&nbsp;&nbsp;&nbsp;CRCTask_CheckSum
<LI><a href="#[a6]">&gt;&gt;</a>&nbsp;&nbsp;&nbsp;CRCTask_CRC8
<LI><a href="#[a5]">&gt;&gt;</a>&nbsp;&nbsp;&nbsp;CRCTask_CRC32
<LI><a href="#[a4]">&gt;&gt;</a>&nbsp;&nbsp;&nbsp;CRCTask_CRC16
</UL>
<BR>[Called By]<UL><LI><a href="#[152]">&gt;&gt;</a>&nbsp;&nbsp;&nbsp;USARTLib_CRCTask_Read
</UL>

<P><STRONG><a name="[16a]"></a>USART_CRCTask_Write</STRONG> (Thumb, 246 bytes, Stack size 8 bytes, usart_cfg.o(.text.USART_CRCTask_Write))
<BR><BR>[Stack]<UL><LI>Max Depth = 40<LI>Call Chain = USART_CRCTask_Write &rArr; CRCTask_CRC8 &rArr; CRCLib_CRC8 &rArr; CRC_CRC8_Table
</UL>
<BR>[Calls]<UL><LI><a href="#[a8]">&gt;&gt;</a>&nbsp;&nbsp;&nbsp;CRCTask_Enable
<LI><a href="#[a7]">&gt;&gt;</a>&nbsp;&nbsp;&nbsp;CRCTask_CheckSum
<LI><a href="#[a6]">&gt;&gt;</a>&nbsp;&nbsp;&nbsp;CRCTask_CRC8
<LI><a href="#[a5]">&gt;&gt;</a>&nbsp;&nbsp;&nbsp;CRCTask_CRC32
<LI><a href="#[a4]">&gt;&gt;</a>&nbsp;&nbsp;&nbsp;CRCTask_CRC16
</UL>
<BR>[Called By]<UL><LI><a href="#[15d]">&gt;&gt;</a>&nbsp;&nbsp;&nbsp;USART_FillMode_WriteSTART
</UL>

<P><STRONG><a name="[14f]"></a>USART_Clock</STRONG> (Thumb, 318 bytes, Stack size 4 bytes, usart_cfg.o(.text.USART_Clock))
<BR><BR>[Stack]<UL><LI>Max Depth = 4<LI>Call Chain = USART_Clock
</UL>
<BR>[Called By]<UL><LI><a href="#[14d]">&gt;&gt;</a>&nbsp;&nbsp;&nbsp;USART1_ConfigInit
</UL>

<P><STRONG><a name="[16b]"></a>USART_DMA_IDLETask</STRONG> (Thumb, 182 bytes, Stack size 16 bytes, usart_cfg.o(.text.USART_DMA_IDLETask))
<BR><BR>[Stack]<UL><LI>Max Depth = 16<LI>Call Chain = USART_DMA_IDLETask
</UL>
<BR>[Calls]<UL><LI><a href="#[16c]">&gt;&gt;</a>&nbsp;&nbsp;&nbsp;LL_DMA_ClearFlag
</UL>
<BR>[Called By]<UL><LI><a href="#[161]">&gt;&gt;</a>&nbsp;&nbsp;&nbsp;USART_IRQTask
</UL>

<P><STRONG><a name="[155]"></a>USART_DeviceID</STRONG> (Thumb, 26 bytes, Stack size 0 bytes, usart_cfg.o(.text.USART_DeviceID))
<BR><BR>[Called By]<UL><LI><a href="#[154]">&gt;&gt;</a>&nbsp;&nbsp;&nbsp;USARTLib_DeviceID
</UL>

<P><STRONG><a name="[157]"></a>USART_FillMode_AddByte</STRONG> (Thumb, 28 bytes, Stack size 0 bytes, usart_cfg.o(.text.USART_FillMode_AddByte))
<BR><BR>[Called By]<UL><LI><a href="#[156]">&gt;&gt;</a>&nbsp;&nbsp;&nbsp;USARTLib_FillMode_AddByte
</UL>

<P><STRONG><a name="[159]"></a>USART_FillMode_Init</STRONG> (Thumb, 226 bytes, Stack size 16 bytes, usart_cfg.o(.text.USART_FillMode_Init))
<BR><BR>[Stack]<UL><LI>Max Depth = 16<LI>Call Chain = USART_FillMode_Init
</UL>
<BR>[Calls]<UL><LI><a href="#[b6]">&gt;&gt;</a>&nbsp;&nbsp;&nbsp;IWDGTask_Reset
</UL>
<BR>[Called By]<UL><LI><a href="#[158]">&gt;&gt;</a>&nbsp;&nbsp;&nbsp;USARTLib_FillMode_Init
</UL>

<P><STRONG><a name="[15b]"></a>USART_FillMode_SetResultFlag</STRONG> (Thumb, 10 bytes, Stack size 0 bytes, usart_cfg.o(.text.USART_FillMode_SetResultFlag))
<BR><BR>[Called By]<UL><LI><a href="#[15a]">&gt;&gt;</a>&nbsp;&nbsp;&nbsp;USARTLib_FillMode_SetResultFlag
</UL>

<P><STRONG><a name="[15d]"></a>USART_FillMode_WriteSTART</STRONG> (Thumb, 222 bytes, Stack size 16 bytes, usart_cfg.o(.text.USART_FillMode_WriteSTART))
<BR><BR>[Stack]<UL><LI>Max Depth = 56<LI>Call Chain = USART_FillMode_WriteSTART &rArr; USART_CRCTask_Write &rArr; CRCTask_CRC8 &rArr; CRCLib_CRC8 &rArr; CRC_CRC8_Table
</UL>
<BR>[Calls]<UL><LI><a href="#[b6]">&gt;&gt;</a>&nbsp;&nbsp;&nbsp;IWDGTask_Reset
<LI><a href="#[16a]">&gt;&gt;</a>&nbsp;&nbsp;&nbsp;USART_CRCTask_Write
</UL>
<BR>[Called By]<UL><LI><a href="#[15c]">&gt;&gt;</a>&nbsp;&nbsp;&nbsp;USARTLib_FillMode_WriteSTART
</UL>

<P><STRONG><a name="[15f]"></a>USART_GetReadState</STRONG> (Thumb, 6 bytes, Stack size 0 bytes, usart_cfg.o(.text.USART_GetReadState))
<BR><BR>[Called By]<UL><LI><a href="#[15e]">&gt;&gt;</a>&nbsp;&nbsp;&nbsp;USARTLib_GetReadState
</UL>

<P><STRONG><a name="[161]"></a>USART_IRQTask</STRONG> (Thumb, 310 bytes, Stack size 16 bytes, usart_cfg.o(.text.USART_IRQTask))
<BR><BR>[Stack]<UL><LI>Max Depth = 32<LI>Call Chain = USART_IRQTask &rArr; USART_ITRead_8BitsTask
</UL>
<BR>[Calls]<UL><LI><a href="#[16f]">&gt;&gt;</a>&nbsp;&nbsp;&nbsp;USART_IT_TCTask
<LI><a href="#[16e]">&gt;&gt;</a>&nbsp;&nbsp;&nbsp;USART_ITWrite_TXETask
<LI><a href="#[16d]">&gt;&gt;</a>&nbsp;&nbsp;&nbsp;USART_ITRead_8BitsTask
<LI><a href="#[170]">&gt;&gt;</a>&nbsp;&nbsp;&nbsp;USART_ITRead_16BitsTask
<LI><a href="#[16b]">&gt;&gt;</a>&nbsp;&nbsp;&nbsp;USART_DMA_IDLETask
</UL>
<BR>[Called By]<UL><LI><a href="#[160]">&gt;&gt;</a>&nbsp;&nbsp;&nbsp;USARTLib_IRQTask
</UL>

<P><STRONG><a name="[170]"></a>USART_ITRead_16BitsTask</STRONG> (Thumb, 294 bytes, Stack size 16 bytes, usart_cfg.o(.text.USART_ITRead_16BitsTask))
<BR><BR>[Stack]<UL><LI>Max Depth = 16<LI>Call Chain = USART_ITRead_16BitsTask
</UL>
<BR>[Called By]<UL><LI><a href="#[161]">&gt;&gt;</a>&nbsp;&nbsp;&nbsp;USART_IRQTask
</UL>

<P><STRONG><a name="[16d]"></a>USART_ITRead_8BitsTask</STRONG> (Thumb, 230 bytes, Stack size 16 bytes, usart_cfg.o(.text.USART_ITRead_8BitsTask))
<BR><BR>[Stack]<UL><LI>Max Depth = 16<LI>Call Chain = USART_ITRead_8BitsTask
</UL>
<BR>[Called By]<UL><LI><a href="#[161]">&gt;&gt;</a>&nbsp;&nbsp;&nbsp;USART_IRQTask
</UL>

<P><STRONG><a name="[16e]"></a>USART_ITWrite_TXETask</STRONG> (Thumb, 192 bytes, Stack size 8 bytes, usart_cfg.o(.text.USART_ITWrite_TXETask))
<BR><BR>[Stack]<UL><LI>Max Depth = 8<LI>Call Chain = USART_ITWrite_TXETask
</UL>
<BR>[Called By]<UL><LI><a href="#[161]">&gt;&gt;</a>&nbsp;&nbsp;&nbsp;USART_IRQTask
</UL>

<P><STRONG><a name="[16f]"></a>USART_IT_TCTask</STRONG> (Thumb, 264 bytes, Stack size 0 bytes, usart_cfg.o(.text.USART_IT_TCTask))
<BR><BR>[Called By]<UL><LI><a href="#[161]">&gt;&gt;</a>&nbsp;&nbsp;&nbsp;USART_IRQTask
</UL>

<P><STRONG><a name="[163]"></a>USART_Init</STRONG> (Thumb, 318 bytes, Stack size 24 bytes, usart_cfg.o(.text.USART_Init))
<BR><BR>[Stack]<UL><LI>Max Depth = 176<LI>Call Chain = USART_Init &rArr; USART1_ConfigInit &rArr; LL_USART_Init &rArr; __aeabi_uldivmod
</UL>
<BR>[Calls]<UL><LI><a href="#[f3]">&gt;&gt;</a>&nbsp;&nbsp;&nbsp;USART_Printf
<LI><a href="#[151]">&gt;&gt;</a>&nbsp;&nbsp;&nbsp;USART1_Read_DMA_Init
<LI><a href="#[14d]">&gt;&gt;</a>&nbsp;&nbsp;&nbsp;USART1_ConfigInit
</UL>
<BR>[Called By]<UL><LI><a href="#[162]">&gt;&gt;</a>&nbsp;&nbsp;&nbsp;USARTLib_Init
</UL>

<P><STRONG><a name="[165]"></a>USART_ParamInit</STRONG> (Thumb, 32 bytes, Stack size 8 bytes, usart_cfg.o(.text.USART_ParamInit))
<BR><BR>[Stack]<UL><LI>Max Depth = 8<LI>Call Chain = USART_ParamInit
</UL>
<BR>[Called By]<UL><LI><a href="#[164]">&gt;&gt;</a>&nbsp;&nbsp;&nbsp;USARTLib_ParamInit
</UL>

<P><STRONG><a name="[f3]"></a>USART_Printf</STRONG> (Thumb, 90 bytes, Stack size 32 bytes, usart_cfg.o(.text.USART_Printf))
<BR><BR>[Stack]<UL><LI>Max Depth = 56<LI>Call Chain = USART_Printf &rArr; vsnprintf
</UL>
<BR>[Calls]<UL><LI><a href="#[171]">&gt;&gt;</a>&nbsp;&nbsp;&nbsp;USART_PrintfSuspend
<LI><a href="#[172]">&gt;&gt;</a>&nbsp;&nbsp;&nbsp;vsnprintf
</UL>
<BR>[Called By]<UL><LI><a href="#[ef]">&gt;&gt;</a>&nbsp;&nbsp;&nbsp;ISPTask_USARTCmd_ParentTask
<LI><a href="#[169]">&gt;&gt;</a>&nbsp;&nbsp;&nbsp;USART_TimeOVFTask
<LI><a href="#[163]">&gt;&gt;</a>&nbsp;&nbsp;&nbsp;USART_Init
</UL>

<P><STRONG><a name="[171]"></a>USART_PrintfSuspend</STRONG> (Thumb, 108 bytes, Stack size 8 bytes, usart_cfg.o(.text.USART_PrintfSuspend))
<BR><BR>[Stack]<UL><LI>Max Depth = 8<LI>Call Chain = USART_PrintfSuspend
</UL>
<BR>[Calls]<UL><LI><a href="#[b6]">&gt;&gt;</a>&nbsp;&nbsp;&nbsp;IWDGTask_Reset
</UL>
<BR>[Called By]<UL><LI><a href="#[f3]">&gt;&gt;</a>&nbsp;&nbsp;&nbsp;USART_Printf
</UL>

<P><STRONG><a name="[167]"></a>USART_Read_Init</STRONG> (Thumb, 96 bytes, Stack size 8 bytes, usart_cfg.o(.text.USART_Read_Init))
<BR><BR>[Stack]<UL><LI>Max Depth = 8<LI>Call Chain = USART_Read_Init
</UL>
<BR>[Called By]<UL><LI><a href="#[166]">&gt;&gt;</a>&nbsp;&nbsp;&nbsp;USARTLib_Read_Init
</UL>

<P><STRONG><a name="[169]"></a>USART_TimeOVFTask</STRONG> (Thumb, 436 bytes, Stack size 16 bytes, usart_cfg.o(.text.USART_TimeOVFTask))
<BR><BR>[Stack]<UL><LI>Max Depth = 72<LI>Call Chain = USART_TimeOVFTask &rArr; USART_Printf &rArr; vsnprintf
</UL>
<BR>[Calls]<UL><LI><a href="#[f3]">&gt;&gt;</a>&nbsp;&nbsp;&nbsp;USART_Printf
</UL>
<BR>[Called By]<UL><LI><a href="#[168]">&gt;&gt;</a>&nbsp;&nbsp;&nbsp;USARTLib_TimeOVFTask
</UL>

<P><STRONG><a name="[5]"></a>UsageFault_Handler</STRONG> (Thumb, 2 bytes, Stack size 0 bytes, stm32f4xx_it.o(.text.UsageFault_Handler))
<BR><BR>[Calls]<UL><LI><a href="#[5]">&gt;&gt;</a>&nbsp;&nbsp;&nbsp;UsageFault_Handler
</UL>
<BR>[Called By]<UL><LI><a href="#[5]">&gt;&gt;</a>&nbsp;&nbsp;&nbsp;UsageFault_Handler
</UL>
<BR>[Address Reference Count : 1]<UL><LI> startup_stm32f407xx.o(RESET)
</UL>
<P><STRONG><a name="[a]"></a>WWDG_IRQHandler</STRONG> (Thumb, 16 bytes, Stack size 0 bytes, stm32f4xx_it.o(.text.WWDG_IRQHandler))
<BR>[Address Reference Count : 1]<UL><LI> startup_stm32f407xx.o(RESET)
</UL>
<P><STRONG><a name="[14b]"></a>_Error_Handler</STRONG> (Thumb, 2 bytes, Stack size 0 bytes, stm32_cfg.o(.text._Error_Handler))
<BR><BR>[Calls]<UL><LI><a href="#[14b]">&gt;&gt;</a>&nbsp;&nbsp;&nbsp;_Error_Handler
</UL>
<BR>[Called By]<UL><LI><a href="#[14b]">&gt;&gt;</a>&nbsp;&nbsp;&nbsp;_Error_Handler
<LI><a href="#[147]">&gt;&gt;</a>&nbsp;&nbsp;&nbsp;SystemClock_Config
</UL>

<P><STRONG><a name="[134]"></a>_irq_disable</STRONG> (Thumb, 4 bytes, Stack size 0 bytes, stm32_cfg.o(.text._irq_disable))
<BR><BR>[Called By]<UL><LI><a href="#[131]">&gt;&gt;</a>&nbsp;&nbsp;&nbsp;SysRTC_SoftRTCTask
</UL>

<P><STRONG><a name="[5b]"></a>main</STRONG> (Thumb, 36 bytes, Stack size 0 bytes, main.o(.text.main))
<BR><BR>[Stack]<UL><LI>Max Depth = 272<LI>Call Chain = main &rArr; Sys_Init &rArr; USARTTask_Init &rArr; USARTLib_Init &rArr; USART_Init &rArr; USART1_ConfigInit &rArr; LL_USART_Init &rArr; __aeabi_uldivmod
</UL>
<BR>[Calls]<UL><LI><a href="#[173]">&gt;&gt;</a>&nbsp;&nbsp;&nbsp;Task_Manage
<LI><a href="#[146]">&gt;&gt;</a>&nbsp;&nbsp;&nbsp;Sys_Init
<LI><a href="#[64]">&gt;&gt;</a>&nbsp;&nbsp;&nbsp;SysTickTask_GetTick
<LI><a href="#[132]">&gt;&gt;</a>&nbsp;&nbsp;&nbsp;SysRTCTask_SoftRTCTask
<LI><a href="#[b6]">&gt;&gt;</a>&nbsp;&nbsp;&nbsp;IWDGTask_Reset
</UL>
<BR>[Address Reference Count : 1]<UL><LI> entry9a.o(.ARM.Collect$$$$0000000B)
</UL>
<P><STRONG><a name="[174]"></a>__0vsnprintf</STRONG> (Thumb, 40 bytes, Stack size 24 bytes, printfa.o(i.__0vsnprintf), UNUSED)
<BR><BR>[Calls]<UL><LI><a href="#[175]">&gt;&gt;</a>&nbsp;&nbsp;&nbsp;_printf_core
</UL>

<P><STRONG><a name="[18b]"></a>__1vsnprintf</STRONG> (Thumb, 0 bytes, Stack size 24 bytes, printfa.o(i.__0vsnprintf), UNUSED)

<P><STRONG><a name="[18c]"></a>__2vsnprintf</STRONG> (Thumb, 0 bytes, Stack size 24 bytes, printfa.o(i.__0vsnprintf), UNUSED)

<P><STRONG><a name="[18d]"></a>__c89vsnprintf</STRONG> (Thumb, 0 bytes, Stack size 24 bytes, printfa.o(i.__0vsnprintf), UNUSED)

<P><STRONG><a name="[172]"></a>vsnprintf</STRONG> (Thumb, 0 bytes, Stack size 24 bytes, printfa.o(i.__0vsnprintf))
<BR><BR>[Stack]<UL><LI>Max Depth = 24<LI>Call Chain = vsnprintf
</UL>
<BR>[Called By]<UL><LI><a href="#[f3]">&gt;&gt;</a>&nbsp;&nbsp;&nbsp;USART_Printf
</UL>

<P><STRONG><a name="[18e]"></a>__scatterload_copy</STRONG> (Thumb, 14 bytes, Stack size unknown bytes, handlers.o(i.__scatterload_copy), UNUSED)

<P><STRONG><a name="[18f]"></a>__scatterload_null</STRONG> (Thumb, 2 bytes, Stack size unknown bytes, handlers.o(i.__scatterload_null), UNUSED)

<P><STRONG><a name="[190]"></a>__scatterload_zeroinit</STRONG> (Thumb, 14 bytes, Stack size unknown bytes, handlers.o(i.__scatterload_zeroinit), UNUSED)
<P>
<H3>
Local Symbols
</H3>
<P><STRONG><a name="[135]"></a>__NVIC_SystemReset</STRONG> (Thumb, 36 bytes, Stack size 0 bytes, rtc_cfg.o(.text.__NVIC_SystemReset))
<BR><BR>[Called By]<UL><LI><a href="#[131]">&gt;&gt;</a>&nbsp;&nbsp;&nbsp;SysRTC_SoftRTCTask
</UL>

<P><STRONG><a name="[176]"></a>_fp_digits</STRONG> (Thumb, 366 bytes, Stack size 64 bytes, printfa.o(i._fp_digits), UNUSED)
<BR><BR>[Calls]<UL><LI><a href="#[78]">&gt;&gt;</a>&nbsp;&nbsp;&nbsp;__aeabi_ddiv
<LI><a href="#[71]">&gt;&gt;</a>&nbsp;&nbsp;&nbsp;__aeabi_dadd
<LI><a href="#[77]">&gt;&gt;</a>&nbsp;&nbsp;&nbsp;__aeabi_dmul
<LI><a href="#[7c]">&gt;&gt;</a>&nbsp;&nbsp;&nbsp;__aeabi_d2ulz
<LI><a href="#[177]">&gt;&gt;</a>&nbsp;&nbsp;&nbsp;__aeabi_cdrcmple
<LI><a href="#[6b]">&gt;&gt;</a>&nbsp;&nbsp;&nbsp;__aeabi_uldivmod
</UL>
<BR>[Called By]<UL><LI><a href="#[175]">&gt;&gt;</a>&nbsp;&nbsp;&nbsp;_printf_core
</UL>

<P><STRONG><a name="[175]"></a>_printf_core</STRONG> (Thumb, 1744 bytes, Stack size 136 bytes, printfa.o(i._printf_core), UNUSED)
<BR><BR>[Calls]<UL><LI><a href="#[17a]">&gt;&gt;</a>&nbsp;&nbsp;&nbsp;__aeabi_uidivmod
<LI><a href="#[178]">&gt;&gt;</a>&nbsp;&nbsp;&nbsp;_printf_pre_padding
<LI><a href="#[179]">&gt;&gt;</a>&nbsp;&nbsp;&nbsp;_printf_post_padding
<LI><a href="#[176]">&gt;&gt;</a>&nbsp;&nbsp;&nbsp;_fp_digits
<LI><a href="#[6b]">&gt;&gt;</a>&nbsp;&nbsp;&nbsp;__aeabi_uldivmod
</UL>
<BR>[Called By]<UL><LI><a href="#[174]">&gt;&gt;</a>&nbsp;&nbsp;&nbsp;__0vsnprintf
</UL>

<P><STRONG><a name="[179]"></a>_printf_post_padding</STRONG> (Thumb, 36 bytes, Stack size 24 bytes, printfa.o(i._printf_post_padding), UNUSED)
<BR><BR>[Called By]<UL><LI><a href="#[175]">&gt;&gt;</a>&nbsp;&nbsp;&nbsp;_printf_core
</UL>

<P><STRONG><a name="[178]"></a>_printf_pre_padding</STRONG> (Thumb, 46 bytes, Stack size 24 bytes, printfa.o(i._printf_pre_padding), UNUSED)
<BR><BR>[Called By]<UL><LI><a href="#[175]">&gt;&gt;</a>&nbsp;&nbsp;&nbsp;_printf_core
</UL>

<P><STRONG><a name="[66]"></a>_snputc</STRONG> (Thumb, 22 bytes, Stack size 0 bytes, printfa.o(i._snputc))
<BR>[Address Reference Count : 1]<UL><LI> printfa.o(i.__0vsnprintf)
</UL><P>
<H3>
Undefined Global Symbols
</H3><HR></body></html>
