###############################################################################
#
# IAR ELF Linker V8.40.1.212/W32 for ARM                  14/Dec/2019  00:41:37
# Copyright 2007-2019 IAR Systems AB.
#
#    Output file  =
#        H:\STM32_MCU\STM32F407\STM32F407VET6\STM32F407VET6Project\EWARM\STM32F407VET6Project\Exe\STM32F407VET6Project.out
#    Map file     =
#        H:\STM32_MCU\STM32F407\STM32F407VET6\STM32F407VET6Project\EWARM\STM32F407VET6Project\List\STM32F407VET6Project.map
#    Command line =
#        -f C:\Users\Harry\AppData\Local\Temp\EW158C.tmp
#        (H:\STM32_MCU\STM32F407\STM32F407VET6\STM32F407VET6Project\EWARM\STM32F407VET6Project\Obj\ad5593_cfg.o
#        H:\STM32_MCU\STM32F407\STM32F407VET6\STM32F407VET6Project\EWARM\STM32F407VET6Project\Obj\ad5593_lib.o
#        H:\STM32_MCU\STM32F407\STM32F407VET6\STM32F407VET6Project\EWARM\STM32F407VET6Project\Obj\ad5593_task.o
#        H:\STM32_MCU\STM32F407\STM32F407VET6\STM32F407VET6Project\EWARM\STM32F407VET6Project\Obj\adc_cfg.o
#        H:\STM32_MCU\STM32F407\STM32F407VET6\STM32F407VET6Project\EWARM\STM32F407VET6Project\Obj\adc_lib.o
#        H:\STM32_MCU\STM32F407\STM32F407VET6\STM32F407VET6Project\EWARM\STM32F407VET6Project\Obj\adc_task.o
#        H:\STM32_MCU\STM32F407\STM32F407VET6\STM32F407VET6Project\EWARM\STM32F407VET6Project\Obj\ads1256_cfg.o
#        H:\STM32_MCU\STM32F407\STM32F407VET6\STM32F407VET6Project\EWARM\STM32F407VET6Project\Obj\ads1256_lib.o
#        H:\STM32_MCU\STM32F407\STM32F407VET6\STM32F407VET6Project\EWARM\STM32F407VET6Project\Obj\ads1256_task.o
#        H:\STM32_MCU\STM32F407\STM32F407VET6\STM32F407VET6Project\EWARM\STM32F407VET6Project\Obj\ads868x_cfg.o
#        H:\STM32_MCU\STM32F407\STM32F407VET6\STM32F407VET6Project\EWARM\STM32F407VET6Project\Obj\ads868x_lib.o
#        H:\STM32_MCU\STM32F407\STM32F407VET6\STM32F407VET6Project\EWARM\STM32F407VET6Project\Obj\ads868x_task.o
#        H:\STM32_MCU\STM32F407\STM32F407VET6\STM32F407VET6Project\EWARM\STM32F407VET6Project\Obj\ads869x_cfg.o
#        H:\STM32_MCU\STM32F407\STM32F407VET6\STM32F407VET6Project\EWARM\STM32F407VET6Project\Obj\ads869x_lib.o
#        H:\STM32_MCU\STM32F407\STM32F407VET6\STM32F407VET6Project\EWARM\STM32F407VET6Project\Obj\ads869x_task.o
#        H:\STM32_MCU\STM32F407\STM32F407VET6\STM32F407VET6Project\EWARM\STM32F407VET6Project\Obj\at24cxx_cfg.o
#        H:\STM32_MCU\STM32F407\STM32F407VET6\STM32F407VET6Project\EWARM\STM32F407VET6Project\Obj\at24cxx_lib.o
#        H:\STM32_MCU\STM32F407\STM32F407VET6\STM32F407VET6Project\EWARM\STM32F407VET6Project\Obj\at24cxx_task.o
#        H:\STM32_MCU\STM32F407\STM32F407VET6\STM32F407VET6Project\EWARM\STM32F407VET6Project\Obj\bkp_cfg.o
#        H:\STM32_MCU\STM32F407\STM32F407VET6\STM32F407VET6Project\EWARM\STM32F407VET6Project\Obj\bkp_lib.o
#        H:\STM32_MCU\STM32F407\STM32F407VET6\STM32F407VET6Project\EWARM\STM32F407VET6Project\Obj\bkp_task.o
#        H:\STM32_MCU\STM32F407\STM32F407VET6\STM32F407VET6Project\EWARM\STM32F407VET6Project\Obj\complier_cfg.o
#        H:\STM32_MCU\STM32F407\STM32F407VET6\STM32F407VET6Project\EWARM\STM32F407VET6Project\Obj\complier_lib.o
#        H:\STM32_MCU\STM32F407\STM32F407VET6\STM32F407VET6Project\EWARM\STM32F407VET6Project\Obj\crc_cfg.o
#        H:\STM32_MCU\STM32F407\STM32F407VET6\STM32F407VET6Project\EWARM\STM32F407VET6Project\Obj\crc_lib.o
#        H:\STM32_MCU\STM32F407\STM32F407VET6\STM32F407VET6Project\EWARM\STM32F407VET6Project\Obj\crc_task.o
#        H:\STM32_MCU\STM32F407\STM32F407VET6\STM32F407VET6Project\EWARM\STM32F407VET6Project\Obj\css_cfg.o
#        H:\STM32_MCU\STM32F407\STM32F407VET6\STM32F407VET6Project\EWARM\STM32F407VET6Project\Obj\css_lib.o
#        H:\STM32_MCU\STM32F407\STM32F407VET6\STM32F407VET6Project\EWARM\STM32F407VET6Project\Obj\css_task.o
#        H:\STM32_MCU\STM32F407\STM32F407VET6\STM32F407VET6Project\EWARM\STM32F407VET6Project\Obj\dac_cfg.o
#        H:\STM32_MCU\STM32F407\STM32F407VET6\STM32F407VET6Project\EWARM\STM32F407VET6Project\Obj\dac_lib.o
#        H:\STM32_MCU\STM32F407\STM32F407VET6\STM32F407VET6Project\EWARM\STM32F407VET6Project\Obj\dac_task.o
#        H:\STM32_MCU\STM32F407\STM32F407VET6\STM32F407VET6Project\EWARM\STM32F407VET6Project\Obj\decode_cfg.o
#        H:\STM32_MCU\STM32F407\STM32F407VET6\STM32F407VET6Project\EWARM\STM32F407VET6Project\Obj\decode_lib.o
#        H:\STM32_MCU\STM32F407\STM32F407VET6\STM32F407VET6Project\EWARM\STM32F407VET6Project\Obj\decode_task.o
#        H:\STM32_MCU\STM32F407\STM32F407VET6\STM32F407VET6Project\EWARM\STM32F407VET6Project\Obj\delay_cfg.o
#        H:\STM32_MCU\STM32F407\STM32F407VET6\STM32F407VET6Project\EWARM\STM32F407VET6Project\Obj\delay_lib.o
#        H:\STM32_MCU\STM32F407\STM32F407VET6\STM32F407VET6Project\EWARM\STM32F407VET6Project\Obj\delay_task.o
#        H:\STM32_MCU\STM32F407\STM32F407VET6\STM32F407VET6Project\EWARM\STM32F407VET6Project\Obj\dht11_cfg.o
#        H:\STM32_MCU\STM32F407\STM32F407VET6\STM32F407VET6Project\EWARM\STM32F407VET6Project\Obj\dht11_lib.o
#        H:\STM32_MCU\STM32F407\STM32F407VET6\STM32F407VET6Project\EWARM\STM32F407VET6Project\Obj\dht11_task.o
#        H:\STM32_MCU\STM32F407\STM32F407VET6\STM32F407VET6Project\EWARM\STM32F407VET6Project\Obj\ds1302_cfg.o
#        H:\STM32_MCU\STM32F407\STM32F407VET6\STM32F407VET6Project\EWARM\STM32F407VET6Project\Obj\ds1302_lib.o
#        H:\STM32_MCU\STM32F407\STM32F407VET6\STM32F407VET6Project\EWARM\STM32F407VET6Project\Obj\ds1302_task.o
#        H:\STM32_MCU\STM32F407\STM32F407VET6\STM32F407VET6Project\EWARM\STM32F407VET6Project\Obj\ds18b20_cfg.o
#        H:\STM32_MCU\STM32F407\STM32F407VET6\STM32F407VET6Project\EWARM\STM32F407VET6Project\Obj\ds18b20_lib.o
#        H:\STM32_MCU\STM32F407\STM32F407VET6\STM32F407VET6Project\EWARM\STM32F407VET6Project\Obj\ds18b20_task.o
#        H:\STM32_MCU\STM32F407\STM32F407VET6\STM32F407VET6Project\EWARM\STM32F407VET6Project\Obj\eeprom_cfg.o
#        H:\STM32_MCU\STM32F407\STM32F407VET6\STM32F407VET6Project\EWARM\STM32F407VET6Project\Obj\eeprom_lib.o
#        H:\STM32_MCU\STM32F407\STM32F407VET6\STM32F407VET6Project\EWARM\STM32F407VET6Project\Obj\eeprom_task.o
#        H:\STM32_MCU\STM32F407\STM32F407VET6\STM32F407VET6Project\EWARM\STM32F407VET6Project\Obj\enc28j60_cfg.o
#        H:\STM32_MCU\STM32F407\STM32F407VET6\STM32F407VET6Project\EWARM\STM32F407VET6Project\Obj\enc28j60_lib.o
#        H:\STM32_MCU\STM32F407\STM32F407VET6\STM32F407VET6Project\EWARM\STM32F407VET6Project\Obj\enc28j60_task.o
#        H:\STM32_MCU\STM32F407\STM32F407VET6\STM32F407VET6Project\EWARM\STM32F407VET6Project\Obj\flash_cfg.o
#        H:\STM32_MCU\STM32F407\STM32F407VET6\STM32F407VET6Project\EWARM\STM32F407VET6Project\Obj\flash_lib.o
#        H:\STM32_MCU\STM32F407\STM32F407VET6\STM32F407VET6Project\EWARM\STM32F407VET6Project\Obj\flash_task.o
#        H:\STM32_MCU\STM32F407\STM32F407VET6\STM32F407VET6Project\EWARM\STM32F407VET6Project\Obj\gpio_cfg.o
#        H:\STM32_MCU\STM32F407\STM32F407VET6\STM32F407VET6Project\EWARM\STM32F407VET6Project\Obj\gpio_lib.o
#        H:\STM32_MCU\STM32F407\STM32F407VET6\STM32F407VET6Project\EWARM\STM32F407VET6Project\Obj\gpio_task.o
#        H:\STM32_MCU\STM32F407\STM32F407VET6\STM32F407VET6Project\EWARM\STM32F407VET6Project\Obj\hmc830_cfg.o
#        H:\STM32_MCU\STM32F407\STM32F407VET6\STM32F407VET6Project\EWARM\STM32F407VET6Project\Obj\hmc830_lib.o
#        H:\STM32_MCU\STM32F407\STM32F407VET6\STM32F407VET6Project\EWARM\STM32F407VET6Project\Obj\hmc830_task.o
#        H:\STM32_MCU\STM32F407\STM32F407VET6\STM32F407VET6Project\EWARM\STM32F407VET6Project\Obj\i2c_cfg.o
#        H:\STM32_MCU\STM32F407\STM32F407VET6\STM32F407VET6Project\EWARM\STM32F407VET6Project\Obj\i2c_lib.o
#        H:\STM32_MCU\STM32F407\STM32F407VET6\STM32F407VET6Project\EWARM\STM32F407VET6Project\Obj\i2c_task.o
#        H:\STM32_MCU\STM32F407\STM32F407VET6\STM32F407VET6Project\EWARM\STM32F407VET6Project\Obj\iap_cfg.o
#        H:\STM32_MCU\STM32F407\STM32F407VET6\STM32F407VET6Project\EWARM\STM32F407VET6Project\Obj\iap_lib.o
#        H:\STM32_MCU\STM32F407\STM32F407VET6\STM32F407VET6Project\EWARM\STM32F407VET6Project\Obj\iap_task.o
#        H:\STM32_MCU\STM32F407\STM32F407VET6\STM32F407VET6Project\EWARM\STM32F407VET6Project\Obj\ina226_cfg.o
#        H:\STM32_MCU\STM32F407\STM32F407VET6\STM32F407VET6Project\EWARM\STM32F407VET6Project\Obj\ina226_lib.o
#        H:\STM32_MCU\STM32F407\STM32F407VET6\STM32F407VET6Project\EWARM\STM32F407VET6Project\Obj\ina226_task.o
#        H:\STM32_MCU\STM32F407\STM32F407VET6\STM32F407VET6Project\EWARM\STM32F407VET6Project\Obj\isp_cfg.o
#        H:\STM32_MCU\STM32F407\STM32F407VET6\STM32F407VET6Project\EWARM\STM32F407VET6Project\Obj\isp_lib.o
#        H:\STM32_MCU\STM32F407\STM32F407VET6\STM32F407VET6Project\EWARM\STM32F407VET6Project\Obj\isp_task.o
#        H:\STM32_MCU\STM32F407\STM32F407VET6\STM32F407VET6Project\EWARM\STM32F407VET6Project\Obj\iwdg_cfg.o
#        H:\STM32_MCU\STM32F407\STM32F407VET6\STM32F407VET6Project\EWARM\STM32F407VET6Project\Obj\iwdg_lib.o
#        H:\STM32_MCU\STM32F407\STM32F407VET6\STM32F407VET6Project\EWARM\STM32F407VET6Project\Obj\iwdg_task.o
#        H:\STM32_MCU\STM32F407\STM32F407VET6\STM32F407VET6Project\EWARM\STM32F407VET6Project\Obj\kalman_filter.o
#        H:\STM32_MCU\STM32F407\STM32F407VET6\STM32F407VET6Project\EWARM\STM32F407VET6Project\Obj\key_cfg.o
#        H:\STM32_MCU\STM32F407\STM32F407VET6\STM32F407VET6Project\EWARM\STM32F407VET6Project\Obj\key_lib.o
#        H:\STM32_MCU\STM32F407\STM32F407VET6\STM32F407VET6Project\EWARM\STM32F407VET6Project\Obj\key_task.o
#        H:\STM32_MCU\STM32F407\STM32F407VET6\STM32F407VET6Project\EWARM\STM32F407VET6Project\Obj\lcd1602_cfg.o
#        H:\STM32_MCU\STM32F407\STM32F407VET6\STM32F407VET6Project\EWARM\STM32F407VET6Project\Obj\lcd1602_lib.o
#        H:\STM32_MCU\STM32F407\STM32F407VET6\STM32F407VET6Project\EWARM\STM32F407VET6Project\Obj\lcd1602_task.o
#        H:\STM32_MCU\STM32F407\STM32F407VET6\STM32F407VET6Project\EWARM\STM32F407VET6Project\Obj\led_cfg.o
#        H:\STM32_MCU\STM32F407\STM32F407VET6\STM32F407VET6Project\EWARM\STM32F407VET6Project\Obj\led_lib.o
#        H:\STM32_MCU\STM32F407\STM32F407VET6\STM32F407VET6Project\EWARM\STM32F407VET6Project\Obj\led_task.o
#        H:\STM32_MCU\STM32F407\STM32F407VET6\STM32F407VET6Project\EWARM\STM32F407VET6Project\Obj\lin_cfg.o
#        H:\STM32_MCU\STM32F407\STM32F407VET6\STM32F407VET6Project\EWARM\STM32F407VET6Project\Obj\lin_lib.o
#        H:\STM32_MCU\STM32F407\STM32F407VET6\STM32F407VET6Project\EWARM\STM32F407VET6Project\Obj\lin_task.o
#        H:\STM32_MCU\STM32F407\STM32F407VET6\STM32F407VET6Project\EWARM\STM32F407VET6Project\Obj\main.o
#        H:\STM32_MCU\STM32F407\STM32F407VET6\STM32F407VET6Project\EWARM\STM32F407VET6Project\Obj\max961x_cfg.o
#        H:\STM32_MCU\STM32F407\STM32F407VET6\STM32F407VET6Project\EWARM\STM32F407VET6Project\Obj\max961x_lib.o
#        H:\STM32_MCU\STM32F407\STM32F407VET6\STM32F407VET6Project\EWARM\STM32F407VET6Project\Obj\max961x_task.o
#        H:\STM32_MCU\STM32F407\STM32F407VET6\STM32F407VET6Project\EWARM\STM32F407VET6Project\Obj\mobus_slave_cfg.o
#        H:\STM32_MCU\STM32F407\STM32F407VET6\STM32F407VET6Project\EWARM\STM32F407VET6Project\Obj\mobus_slave_lib.o
#        H:\STM32_MCU\STM32F407\STM32F407VET6\STM32F407VET6Project\EWARM\STM32F407VET6Project\Obj\mobus_slave_task.o
#        H:\STM32_MCU\STM32F407\STM32F407VET6\STM32F407VET6Project\EWARM\STM32F407VET6Project\Obj\modbus_master_cfg.o
#        H:\STM32_MCU\STM32F407\STM32F407VET6\STM32F407VET6Project\EWARM\STM32F407VET6Project\Obj\modbus_master_lib.o
#        H:\STM32_MCU\STM32F407\STM32F407VET6\STM32F407VET6Project\EWARM\STM32F407VET6Project\Obj\modbus_master_task.o
#        H:\STM32_MCU\STM32F407\STM32F407VET6\STM32F407VET6Project\EWARM\STM32F407VET6Project\Obj\my_malloc.o
#        H:\STM32_MCU\STM32F407\STM32F407VET6\STM32F407VET6Project\EWARM\STM32F407VET6Project\Obj\nrf2401_cfg.o
#        H:\STM32_MCU\STM32F407\STM32F407VET6\STM32F407VET6Project\EWARM\STM32F407VET6Project\Obj\nrf2401_lib.o
#        H:\STM32_MCU\STM32F407\STM32F407VET6\STM32F407VET6Project\EWARM\STM32F407VET6Project\Obj\nrf2401_task.o
#        H:\STM32_MCU\STM32F407\STM32F407VET6\STM32F407VET6Project\EWARM\STM32F407VET6Project\Obj\oled_cfg.o
#        H:\STM32_MCU\STM32F407\STM32F407VET6\STM32F407VET6Project\EWARM\STM32F407VET6Project\Obj\oled_lib.o
#        H:\STM32_MCU\STM32F407\STM32F407VET6\STM32F407VET6Project\EWARM\STM32F407VET6Project\Obj\oled_task.o
#        H:\STM32_MCU\STM32F407\STM32F407VET6\STM32F407VET6Project\EWARM\STM32F407VET6Project\Obj\one_wire_cfg.o
#        H:\STM32_MCU\STM32F407\STM32F407VET6\STM32F407VET6Project\EWARM\STM32F407VET6Project\Obj\one_wire_lib.o
#        H:\STM32_MCU\STM32F407\STM32F407VET6\STM32F407VET6Project\EWARM\STM32F407VET6Project\Obj\one_wire_task.o
#        H:\STM32_MCU\STM32F407\STM32F407VET6\STM32F407VET6Project\EWARM\STM32F407VET6Project\Obj\pcf8563_cfg.o
#        H:\STM32_MCU\STM32F407\STM32F407VET6\STM32F407VET6Project\EWARM\STM32F407VET6Project\Obj\pcf8563_lib.o
#        H:\STM32_MCU\STM32F407\STM32F407VET6\STM32F407VET6Project\EWARM\STM32F407VET6Project\Obj\pcf8563_task.o
#        H:\STM32_MCU\STM32F407\STM32F407VET6\STM32F407VET6Project\EWARM\STM32F407VET6Project\Obj\pid_cfg.o
#        H:\STM32_MCU\STM32F407\STM32F407VET6\STM32F407VET6Project\EWARM\STM32F407VET6Project\Obj\pid_lib.o
#        H:\STM32_MCU\STM32F407\STM32F407VET6\STM32F407VET6Project\EWARM\STM32F407VET6Project\Obj\pid_task.o
#        H:\STM32_MCU\STM32F407\STM32F407VET6\STM32F407VET6Project\EWARM\STM32F407VET6Project\Obj\power_cfg.o
#        H:\STM32_MCU\STM32F407\STM32F407VET6\STM32F407VET6Project\EWARM\STM32F407VET6Project\Obj\power_lib.o
#        H:\STM32_MCU\STM32F407\STM32F407VET6\STM32F407VET6Project\EWARM\STM32F407VET6Project\Obj\power_task.o
#        H:\STM32_MCU\STM32F407\STM32F407VET6\STM32F407VET6Project\EWARM\STM32F407VET6Project\Obj\pvd_cfg.o
#        H:\STM32_MCU\STM32F407\STM32F407VET6\STM32F407VET6Project\EWARM\STM32F407VET6Project\Obj\pvd_lib.o
#        H:\STM32_MCU\STM32F407\STM32F407VET6\STM32F407VET6Project\EWARM\STM32F407VET6Project\Obj\pvd_task.o
#        H:\STM32_MCU\STM32F407\STM32F407VET6\STM32F407VET6Project\EWARM\STM32F407VET6Project\Obj\random_cfg.o
#        H:\STM32_MCU\STM32F407\STM32F407VET6\STM32F407VET6Project\EWARM\STM32F407VET6Project\Obj\random_lib.o
#        H:\STM32_MCU\STM32F407\STM32F407VET6\STM32F407VET6Project\EWARM\STM32F407VET6Project\Obj\random_task.o
#        H:\STM32_MCU\STM32F407\STM32F407VET6\STM32F407VET6Project\EWARM\STM32F407VET6Project\Obj\rfask_cfg.o
#        H:\STM32_MCU\STM32F407\STM32F407VET6\STM32F407VET6Project\EWARM\STM32F407VET6Project\Obj\rfask_eeprom.o
#        H:\STM32_MCU\STM32F407\STM32F407VET6\STM32F407VET6Project\EWARM\STM32F407VET6Project\Obj\rfask_lib.o
#        H:\STM32_MCU\STM32F407\STM32F407VET6\STM32F407VET6Project\EWARM\STM32F407VET6Project\Obj\rfask_task.o
#        H:\STM32_MCU\STM32F407\STM32F407VET6\STM32F407VET6Project\EWARM\STM32F407VET6Project\Obj\rfaskhw_cfg.o
#        H:\STM32_MCU\STM32F407\STM32F407VET6\STM32F407VET6Project\EWARM\STM32F407VET6Project\Obj\rtc_cfg.o
#        H:\STM32_MCU\STM32F407\STM32F407VET6\STM32F407VET6Project\EWARM\STM32F407VET6Project\Obj\rtc_lib.o
#        H:\STM32_MCU\STM32F407\STM32F407VET6\STM32F407VET6Project\EWARM\STM32F407VET6Project\Obj\rtc_task.o
#        H:\STM32_MCU\STM32F407\STM32F407VET6\STM32F407VET6Project\EWARM\STM32F407VET6Project\Obj\sdio_cfg.o
#        H:\STM32_MCU\STM32F407\STM32F407VET6\STM32F407VET6Project\EWARM\STM32F407VET6Project\Obj\sdio_lib.o
#        H:\STM32_MCU\STM32F407\STM32F407VET6\STM32F407VET6Project\EWARM\STM32F407VET6Project\Obj\sdio_task.o
#        H:\STM32_MCU\STM32F407\STM32F407VET6\STM32F407VET6Project\EWARM\STM32F407VET6Project\Obj\sht2x_cfg.o
#        H:\STM32_MCU\STM32F407\STM32F407VET6\STM32F407VET6Project\EWARM\STM32F407VET6Project\Obj\sht2x_lib.o
#        H:\STM32_MCU\STM32F407\STM32F407VET6\STM32F407VET6Project\EWARM\STM32F407VET6Project\Obj\sht2x_task.o
#        H:\STM32_MCU\STM32F407\STM32F407VET6\STM32F407VET6Project\EWARM\STM32F407VET6Project\Obj\si5351a_cfg.o
#        H:\STM32_MCU\STM32F407\STM32F407VET6\STM32F407VET6Project\EWARM\STM32F407VET6Project\Obj\si5351a_lib.o
#        H:\STM32_MCU\STM32F407\STM32F407VET6\STM32F407VET6Project\EWARM\STM32F407VET6Project\Obj\si5351a_task.o
#        H:\STM32_MCU\STM32F407\STM32F407VET6\STM32F407VET6Project\EWARM\STM32F407VET6Project\Obj\smbus_cfg.o
#        H:\STM32_MCU\STM32F407\STM32F407VET6\STM32F407VET6Project\EWARM\STM32F407VET6Project\Obj\smbus_lib.o
#        H:\STM32_MCU\STM32F407\STM32F407VET6\STM32F407VET6Project\EWARM\STM32F407VET6Project\Obj\smbus_task.o
#        H:\STM32_MCU\STM32F407\STM32F407VET6\STM32F407VET6Project\EWARM\STM32F407VET6Project\Obj\spi_cfg.o
#        H:\STM32_MCU\STM32F407\STM32F407VET6\STM32F407VET6Project\EWARM\STM32F407VET6Project\Obj\spi_lib.o
#        H:\STM32_MCU\STM32F407\STM32F407VET6\STM32F407VET6Project\EWARM\STM32F407VET6Project\Obj\spi_task.o
#        H:\STM32_MCU\STM32F407\STM32F407VET6\STM32F407VET6Project\EWARM\STM32F407VET6Project\Obj\startup_stm32f407xx.o
#        H:\STM32_MCU\STM32F407\STM32F407VET6\STM32F407VET6Project\EWARM\STM32F407VET6Project\Obj\stm32_cfg.o
#        H:\STM32_MCU\STM32F407\STM32F407VET6\STM32F407VET6Project\EWARM\STM32F407VET6Project\Obj\stm32f4xx_hal.o
#        H:\STM32_MCU\STM32F407\STM32F407VET6\STM32F407VET6Project\EWARM\STM32F407VET6Project\Obj\stm32f4xx_hal_cortex.o
#        H:\STM32_MCU\STM32F407\STM32F407VET6\STM32F407VET6Project\EWARM\STM32F407VET6Project\Obj\stm32f4xx_hal_gpio.o
#        H:\STM32_MCU\STM32F407\STM32F407VET6\STM32F407VET6Project\EWARM\STM32F407VET6Project\Obj\stm32f4xx_hal_rcc.o
#        H:\STM32_MCU\STM32F407\STM32F407VET6\STM32F407VET6Project\EWARM\STM32F407VET6Project\Obj\stm32f4xx_it.o
#        H:\STM32_MCU\STM32F407\STM32F407VET6\STM32F407VET6Project\EWARM\STM32F407VET6Project\Obj\stm32f4xx_ll_adc.o
#        H:\STM32_MCU\STM32F407\STM32F407VET6\STM32F407VET6Project\EWARM\STM32F407VET6Project\Obj\stm32f4xx_ll_crc.o
#        H:\STM32_MCU\STM32F407\STM32F407VET6\STM32F407VET6Project\EWARM\STM32F407VET6Project\Obj\stm32f4xx_ll_dac.o
#        H:\STM32_MCU\STM32F407\STM32F407VET6\STM32F407VET6Project\EWARM\STM32F407VET6Project\Obj\stm32f4xx_ll_dma.o
#        H:\STM32_MCU\STM32F407\STM32F407VET6\STM32F407VET6Project\EWARM\STM32F407VET6Project\Obj\stm32f4xx_ll_dma2d.o
#        H:\STM32_MCU\STM32F407\STM32F407VET6\STM32F407VET6Project\EWARM\STM32F407VET6Project\Obj\stm32f4xx_ll_gpio.o
#        H:\STM32_MCU\STM32F407\STM32F407VET6\STM32F407VET6Project\EWARM\STM32F407VET6Project\Obj\stm32f4xx_ll_i2c.o
#        H:\STM32_MCU\STM32F407\STM32F407VET6\STM32F407VET6Project\EWARM\STM32F407VET6Project\Obj\stm32f4xx_ll_pwr.o
#        H:\STM32_MCU\STM32F407\STM32F407VET6\STM32F407VET6Project\EWARM\STM32F407VET6Project\Obj\stm32f4xx_ll_rcc.o
#        H:\STM32_MCU\STM32F407\STM32F407VET6\STM32F407VET6Project\EWARM\STM32F407VET6Project\Obj\stm32f4xx_ll_rng.o
#        H:\STM32_MCU\STM32F407\STM32F407VET6\STM32F407VET6Project\EWARM\STM32F407VET6Project\Obj\stm32f4xx_ll_rtc.o
#        H:\STM32_MCU\STM32F407\STM32F407VET6\STM32F407VET6Project\EWARM\STM32F407VET6Project\Obj\stm32f4xx_ll_spi.o
#        H:\STM32_MCU\STM32F407\STM32F407VET6\STM32F407VET6Project\EWARM\STM32F407VET6Project\Obj\stm32f4xx_ll_tim.o
#        H:\STM32_MCU\STM32F407\STM32F407VET6\STM32F407VET6Project\EWARM\STM32F407VET6Project\Obj\stm32f4xx_ll_usart.o
#        H:\STM32_MCU\STM32F407\STM32F407VET6\STM32F407VET6Project\EWARM\STM32F407VET6Project\Obj\stm32f4xx_ll_utils.o
#        H:\STM32_MCU\STM32F407\STM32F407VET6\STM32F407VET6Project\EWARM\STM32F407VET6Project\Obj\system_stm32f4xx.o
#        H:\STM32_MCU\STM32F407\STM32F407VET6\STM32F407VET6Project\EWARM\STM32F407VET6Project\Obj\systick_cfg.o
#        H:\STM32_MCU\STM32F407\STM32F407VET6\STM32F407VET6Project\EWARM\STM32F407VET6Project\Obj\systick_lib.o
#        H:\STM32_MCU\STM32F407\STM32F407VET6\STM32F407VET6Project\EWARM\STM32F407VET6Project\Obj\systick_task.o
#        H:\STM32_MCU\STM32F407\STM32F407VET6\STM32F407VET6Project\EWARM\STM32F407VET6Project\Obj\timer_cfg.o
#        H:\STM32_MCU\STM32F407\STM32F407VET6\STM32F407VET6Project\EWARM\STM32F407VET6Project\Obj\timer_lib.o
#        H:\STM32_MCU\STM32F407\STM32F407VET6\STM32F407VET6Project\EWARM\STM32F407VET6Project\Obj\timer_task.o
#        H:\STM32_MCU\STM32F407\STM32F407VET6\STM32F407VET6Project\EWARM\STM32F407VET6Project\Obj\usart_cfg.o
#        H:\STM32_MCU\STM32F407\STM32F407VET6\STM32F407VET6Project\EWARM\STM32F407VET6Project\Obj\usart_lib.o
#        H:\STM32_MCU\STM32F407\STM32F407VET6\STM32F407VET6Project\EWARM\STM32F407VET6Project\Obj\usart_task.o
#        H:\STM32_MCU\STM32F407\STM32F407VET6\STM32F407VET6Project\EWARM\STM32F407VET6Project\Obj\w25qxx_cfg.o
#        H:\STM32_MCU\STM32F407\STM32F407VET6\STM32F407VET6Project\EWARM\STM32F407VET6Project\Obj\w25qxx_lib.o
#        H:\STM32_MCU\STM32F407\STM32F407VET6\STM32F407VET6Project\EWARM\STM32F407VET6Project\Obj\w25qxx_task.o
#        H:\STM32_MCU\STM32F407\STM32F407VET6\STM32F407VET6Project\EWARM\STM32F407VET6Project\Obj\w5500_cfg.o
#        H:\STM32_MCU\STM32F407\STM32F407VET6\STM32F407VET6Project\EWARM\STM32F407VET6Project\Obj\w5500_lib.o
#        H:\STM32_MCU\STM32F407\STM32F407VET6\STM32F407VET6Project\EWARM\STM32F407VET6Project\Obj\w5500_task.o
#        H:\STM32_MCU\STM32F407\STM32F407VET6\STM32F407VET6Project\EWARM\STM32F407VET6Project\Obj\wm8510_cfg.o
#        H:\STM32_MCU\STM32F407\STM32F407VET6\STM32F407VET6Project\EWARM\STM32F407VET6Project\Obj\wm8510_lib.o
#        H:\STM32_MCU\STM32F407\STM32F407VET6\STM32F407VET6Project\EWARM\STM32F407VET6Project\Obj\wm8510_task.o
#        H:\STM32_MCU\STM32F407\STM32F407VET6\STM32F407VET6Project\EWARM\STM32F407VET6Project\Obj\wwdg_cfg.o
#        H:\STM32_MCU\STM32F407\STM32F407VET6\STM32F407VET6Project\EWARM\STM32F407VET6Project\Obj\wwdg_lib.o
#        H:\STM32_MCU\STM32F407\STM32F407VET6\STM32F407VET6Project\EWARM\STM32F407VET6Project\Obj\wwdg_task.o
#        --redirect _Printf=_PrintfFull --redirect _Scanf=_ScanfFull
#        --no_out_extension -o
#        H:\STM32_MCU\STM32F407\STM32F407VET6\STM32F407VET6Project\EWARM\STM32F407VET6Project\Exe\STM32F407VET6Project.out
#        --map
#        H:\STM32_MCU\STM32F407\STM32F407VET6\STM32F407VET6Project\EWARM\STM32F407VET6Project\List\STM32F407VET6Project.map
#        --config "D:\Program Files (x86)\IAR Systems\Embedded Workbench
#        8.3\arm\config\linker\ST\stm32f407xE.icf" --semihosting --entry
#        __iar_program_start --vfe --text_out locale)
#
###############################################################################

*******************************************************************************
*** RUNTIME MODEL ATTRIBUTES
***

CppFlavor       = *
__SystemLibrary = DLib
__dlib_version  = 6


*******************************************************************************
*** HEAP SELECTION
***

The basic heap was selected because no calls to memory allocation
functions were found in the application outside of system library
functions, and there are calls to deallocation functions in the
application.


*******************************************************************************
*** PLACEMENT SUMMARY
***

"A0":  place at address 0x800'0000 { ro section .intvec };
"P1":  place in [from 0x800'0000 to 0x807'ffff] { ro };
define block CSTACK with size = 8K, alignment = 8 { };
define block HEAP with size = 8K, alignment = 8 { };
"P4":  place in [from 0x2000'0000 to 0x2001'bfff] |
                [from 0x2001'c000 to 0x2001'ffff] {
          rw, block CSTACK, block HEAP };
initialize by copy { rw };

No sections matched the following patterns:

  ro section application_specific_ro  in "P2"
  section .backup_sram                in "P5"
  section .ccram                      in "P3"


  Section            Kind         Address    Size  Object
  -------            ----         -------    ----  ------
"A0":                                       0x188
  .intvec            ro code   0x800'0000   0x188  startup_stm32f407xx.o [1]
                             - 0x800'0188   0x188

"P1":                                      0x6b0c
  .text              ro code   0x800'0188  0x10c6  xprintffull.o [2]
  .text              ro code   0x800'124e    0x3a  zero_init3.o [4]
  .text              ro code   0x800'1288    0x7c  xlocale_c.o [2]
  .text              ro code   0x800'1304    0x16  strchr.o [4]
  .text              ro code   0x800'131a    0x2e  copy_init3.o [4]
  .text              ro code   0x800'1348    0x40  xfail_s.o [2]
  .text              ro code   0x800'1388    0x36  strlen.o [4]
  .text              ro code   0x800'13be    0x1e  xencoding_8859_1.o [2]
  .text              ro code   0x800'13dc    0x58  memchr.o [4]
  .text              ro code   0x800'1434    0xa6  ABImemcpy.o [4]
  .text              ro code   0x800'14da    0x1a  xsnprout.o [2]
  .text              ro code   0x800'14f4    0x70  frexp.o [3]
  .text              ro code   0x800'1564    0x2e  DblCmpLe.o [3]
  .rodata            const     0x800'1592     0x2  xlocale_c.o [2]
  .text              ro code   0x800'1594    0x2e  DblCmpGe.o [3]
  .rodata            const     0x800'15c2     0x2  xlocale_c.o [2]
  .text              ro code   0x800'15c4   0x13a  ldexp.o [3]
  .rodata            const     0x800'16fe     0x1  xlocale_c.o [2]
  .text              ro code   0x800'1700    0x3a  DblToS32.o [3]
  .text              ro code   0x800'173c    0x22  S32ToDbl.o [3]
  .text              ro code   0x800'1760    0xe2  DblSub.o [3]
  .text              ro code   0x800'1844   0x246  DblDiv.o [3]
  .text              ro code   0x800'1a8c    0x28  DblToU32.o [3]
  .text              ro code   0x800'1ab4    0x1a  U32ToDbl.o [3]
  .text              ro code   0x800'1ad0   0x1a2  DblMul.o [3]
  .text              ro code   0x800'1c72     0xa  xmbcurmax.o [2]
  .text              ro code   0x800'1c7c   0x230  I64DivMod.o [4]
  .text              ro code   0x800'1eac     0x6  abort.o [2]
  .text              ro code   0x800'1eb4   0x16a  DblAdd.o [3]
  .text              ro code   0x800'2020     0x2  I64DivZer.o [4]
  .text              ro code   0x800'2024    0x14  exit.o [5]
  .text              ro code   0x800'2038  0x1000  usart_cfg.o [1]
  .text              ro code   0x800'3038     0x4  iwdg_task.o [1]
  .text              ro code   0x800'303c    0x18  crc_task.o [1]
  .text              ro code   0x800'3054    0x3c  vsnprint.o [2]
  .text              ro code   0x800'3090     0x8  gpio_task.o [1]
  .text              ro code   0x800'3098    0x3a  ABImemset48.o [4]
  .text              ro code   0x800'30d4   0x15c  stm32f4xx_ll_gpio.o [1]
  .text              ro code   0x800'3230   0x208  stm32f4xx_ll_usart.o [1]
  .text              ro code   0x800'3438     0x4  iwdg_lib.o [1]
  .text              ro code   0x800'343c    0x18  crc_lib.o [1]
  .text              ro code   0x800'3454     0x8  gpio_lib.o [1]
  .text              ro code   0x800'345c   0x124  stm32f4xx_ll_rcc.o [1]
  .text              ro code   0x800'3580    0x18  iwdg_cfg.o [1]
  .text              ro code   0x800'3598   0x10c  crc_cfg.o [1]
  .text              ro code   0x800'36a4   0x15c  gpio_cfg.o [1]
  .text              ro code   0x800'3800    0x40  stm32f4xx_ll_crc.o [1]
  .text              ro code   0x800'3840   0xcf2  isp_cfg.o [1]
  .text              ro code   0x800'4532    0x40  spi_task.o [1]
  .text              ro code   0x800'4574    0x66  ABImemset.o [4]
  .text              ro code   0x800'45da    0x1c  systick_task.o [1]
  .text              ro code   0x800'45f8   0x314  systick_cfg.o [1]
  .text              ro code   0x800'490c   0x130  my_malloc.o [1]
  .text              ro code   0x800'4a3c    0x28  complier_lib.o [1]
  .text              ro code   0x800'4a64    0x40  spi_lib.o [1]
  .text              ro code   0x800'4aa4    0x1c  systick_lib.o [1]
  .text              ro code   0x800'4ac0   0x550  spi_cfg.o [1]
  .text              ro code   0x800'5010   0x10c  stm32f4xx_ll_spi.o [1]
  .text              ro code   0x800'511c   0x48c  isp_task.o [1]
  .text              ro code   0x800'55a8   0x3e4  isp_lib.o [1]
  .text              ro code   0x800'598c    0x60  usart_task.o [1]
  .text              ro code   0x800'59ec    0x78  usart_lib.o [1]
  .text              ro code   0x800'5a64   0x3d8  main.o [1]
  .text              ro code   0x800'5e3c    0x4e  stm32_cfg.o [1]
  .text              ro code   0x800'5e8c     0xc  stm32f4xx_ll_utils.o [1]
  .text              ro code   0x800'5e98    0xce  rtc_cfg.o [1]
  .text              ro code   0x800'5f66     0x8  random_task.o [1]
  .text              ro code   0x800'5f6e     0x8  dac_task.o [1]
  .text              ro code   0x800'5f76     0x4  power_task.o [1]
  .text              ro code   0x800'5f7a     0x8  random_lib.o [1]
  .text              ro code   0x800'5f82     0x8  dac_lib.o [1]
  .text              ro code   0x800'5f8a     0x4  power_lib.o [1]
  .text              ro code   0x800'5f90   0x18c  random_cfg.o [1]
  .text              ro code   0x800'611c   0x1a4  dac_cfg.o [1]
  .text              ro code   0x800'62c0    0xc8  power_cfg.o [1]
  .text              ro code   0x800'6388    0x2e  stm32f4xx_ll_rng.o [1]
  .text              ro code   0x800'63b8    0x70  stm32f4xx_ll_dac.o [1]
  .rodata            const     0x800'6428   0x200  crc_cfg.o [1]
  .rodata            const     0x800'6628   0x200  crc_cfg.o [1]
  .text              ro code   0x800'6828    0x74  stm32f4xx_it.o [1]
  .text              ro code   0x800'689c     0x4  pvd_task.o [1]
  .text              ro code   0x800'68a0     0x4  pvd_lib.o [1]
  .text              ro code   0x800'68a4     0x2  pvd_cfg.o [1]
  .text              ro code   0x800'68a8    0x66  delay_cfg.o [1]
  .text              ro code   0x800'6910    0x60  system_stm32f4xx.o [1]
  .rodata            const     0x800'6970    0x54  main.o [1]
  .text              ro code   0x800'69c4    0x28  data_init.o [4]
  .text              ro code   0x800'69ec    0x22  fpinit_M.o [3]
  .iar.init_table    const     0x800'6a10    0x24  - Linker created -
  .text              ro code   0x800'6a34    0x1e  cmain.o [4]
  .text              ro code   0x800'6a52     0x4  low_level_init.o [2]
  .text              ro code   0x800'6a56     0x4  exit.o [2]
  .text              ro code   0x800'6a5c     0xa  cexit.o [4]
  .text              ro code   0x800'6a68    0x10  startup_stm32f407xx.o [1]
  .text              ro code   0x800'6a78    0x10  stm32f4xx_hal.o [1]
  .text              ro code   0x800'6a88     0xc  cstartup_M.o [4]
  .rodata            const     0x800'6a94     0x8  system_stm32f4xx.o [1]
  .text              ro code   0x800'6a9c     0x8  delay_lib.o [1]
  .text              ro code   0x800'6aa4     0x8  delay_task.o [1]
  .text              ro code   0x800'6aac     0x4  startup_stm32f407xx.o [1]
  .text              ro code   0x800'6ab0     0x4  startup_stm32f407xx.o [1]
  .text              ro code   0x800'6ab4     0x4  startup_stm32f407xx.o [1]
  .text              ro code   0x800'6ab8     0x4  startup_stm32f407xx.o [1]
  .text              ro code   0x800'6abc     0x4  startup_stm32f407xx.o [1]
  .text              ro code   0x800'6ac0     0x4  startup_stm32f407xx.o [1]
  .text              ro code   0x800'6ac4     0x4  startup_stm32f407xx.o [1]
  .text              ro code   0x800'6ac8     0x4  startup_stm32f407xx.o [1]
  .text              ro code   0x800'6acc     0x4  startup_stm32f407xx.o [1]
  .text              ro code   0x800'6ad0     0x4  startup_stm32f407xx.o [1]
  .text              ro code   0x800'6ad4     0x4  startup_stm32f407xx.o [1]
  .text              ro code   0x800'6ad8     0x4  startup_stm32f407xx.o [1]
  .text              ro code   0x800'6adc     0x4  startup_stm32f407xx.o [1]
  .text              ro code   0x800'6ae0     0x4  startup_stm32f407xx.o [1]
  .text              ro code   0x800'6ae4     0x4  startup_stm32f407xx.o [1]
  .text              ro code   0x800'6ae8     0x4  startup_stm32f407xx.o [1]
  .text              ro code   0x800'6aec     0x4  startup_stm32f407xx.o [1]
  .text              ro code   0x800'6af0     0x4  startup_stm32f407xx.o [1]
  .text              ro code   0x800'6af4     0x4  startup_stm32f407xx.o [1]
  .text              ro code   0x800'6af8     0x4  startup_stm32f407xx.o [1]
  .text              ro code   0x800'6afc     0x4  startup_stm32f407xx.o [1]
  .text              ro code   0x800'6b00     0x4  startup_stm32f407xx.o [1]
  .text              ro code   0x800'6b04     0x4  startup_stm32f407xx.o [1]
  .text              ro code   0x800'6b08     0x4  startup_stm32f407xx.o [1]
  .text              ro code   0x800'6b0c     0x4  startup_stm32f407xx.o [1]
  .text              ro code   0x800'6b10     0x4  startup_stm32f407xx.o [1]
  .text              ro code   0x800'6b14     0x4  startup_stm32f407xx.o [1]
  .text              ro code   0x800'6b18     0x4  startup_stm32f407xx.o [1]
  .text              ro code   0x800'6b1c     0x4  startup_stm32f407xx.o [1]
  .text              ro code   0x800'6b20     0x4  startup_stm32f407xx.o [1]
  .text              ro code   0x800'6b24     0x4  startup_stm32f407xx.o [1]
  .text              ro code   0x800'6b28     0x4  startup_stm32f407xx.o [1]
  .text              ro code   0x800'6b2c     0x4  startup_stm32f407xx.o [1]
  .text              ro code   0x800'6b30     0x4  startup_stm32f407xx.o [1]
  .text              ro code   0x800'6b34     0x4  startup_stm32f407xx.o [1]
  .text              ro code   0x800'6b38     0x4  startup_stm32f407xx.o [1]
  .text              ro code   0x800'6b3c     0x4  startup_stm32f407xx.o [1]
  .text              ro code   0x800'6b40     0x4  startup_stm32f407xx.o [1]
  .text              ro code   0x800'6b44     0x4  startup_stm32f407xx.o [1]
  .text              ro code   0x800'6b48     0x4  startup_stm32f407xx.o [1]
  .text              ro code   0x800'6b4c     0x4  startup_stm32f407xx.o [1]
  .text              ro code   0x800'6b50     0x4  startup_stm32f407xx.o [1]
  .text              ro code   0x800'6b54     0x4  startup_stm32f407xx.o [1]
  .text              ro code   0x800'6b58     0x4  startup_stm32f407xx.o [1]
  .text              ro code   0x800'6b5c     0x4  startup_stm32f407xx.o [1]
  .text              ro code   0x800'6b60     0x4  startup_stm32f407xx.o [1]
  .text              ro code   0x800'6b64     0x4  startup_stm32f407xx.o [1]
  .text              ro code   0x800'6b68     0x4  startup_stm32f407xx.o [1]
  .text              ro code   0x800'6b6c     0x4  startup_stm32f407xx.o [1]
  .text              ro code   0x800'6b70     0x4  startup_stm32f407xx.o [1]
  .text              ro code   0x800'6b74     0x4  startup_stm32f407xx.o [1]
  .text              ro code   0x800'6b78     0x4  startup_stm32f407xx.o [1]
  .text              ro code   0x800'6b7c     0x4  startup_stm32f407xx.o [1]
  .text              ro code   0x800'6b80     0x4  startup_stm32f407xx.o [1]
  .text              ro code   0x800'6b84     0x4  startup_stm32f407xx.o [1]
  .text              ro code   0x800'6b88     0x4  startup_stm32f407xx.o [1]
  .text              ro code   0x800'6b8c     0x4  startup_stm32f407xx.o [1]
  .text              ro code   0x800'6b90     0x4  startup_stm32f407xx.o [1]
  .text              ro code   0x800'6b94     0x4  startup_stm32f407xx.o [1]
  .text              ro code   0x800'6b98     0x4  startup_stm32f407xx.o [1]
  .text              ro code   0x800'6b9c     0x4  startup_stm32f407xx.o [1]
  .text              ro code   0x800'6ba0     0x4  startup_stm32f407xx.o [1]
  .text              ro code   0x800'6ba4     0x4  startup_stm32f407xx.o [1]
  .text              ro code   0x800'6ba8     0x4  startup_stm32f407xx.o [1]
  .text              ro code   0x800'6bac     0x4  startup_stm32f407xx.o [1]
  .text              ro code   0x800'6bb0     0x4  startup_stm32f407xx.o [1]
  .text              ro code   0x800'6bb4     0x4  startup_stm32f407xx.o [1]
  .text              ro code   0x800'6bb8     0x4  startup_stm32f407xx.o [1]
  .text              ro code   0x800'6bbc     0x4  startup_stm32f407xx.o [1]
  .text              ro code   0x800'6bc0     0x4  startup_stm32f407xx.o [1]
  .text              ro code   0x800'6bc4     0x4  startup_stm32f407xx.o [1]
  .text              ro code   0x800'6bc8     0x4  startup_stm32f407xx.o [1]
  .text              ro code   0x800'6bcc     0x4  startup_stm32f407xx.o [1]
  .text              ro code   0x800'6bd0     0x4  startup_stm32f407xx.o [1]
  .text              ro code   0x800'6bd4     0x4  startup_stm32f407xx.o [1]
  .text              ro code   0x800'6bd8     0x4  startup_stm32f407xx.o [1]
  .rodata            const     0x800'6bdc     0x0  zero_init3.o [4]
  .rodata            const     0x800'6bdc     0x0  copy_init3.o [4]
  Initializer bytes  const     0x800'6bdc    0xb8  <for P4 s0>
                             - 0x800'6c94  0x6b0c

"P4", part 1 of 3:                           0xb8
  P4 s0                       0x2000'0000    0xb8  <Init block>
    .data            inited   0x2000'0000    0x48  xlocale_c.o [2]
    .data            inited   0x2000'0048    0x38  xlocale_c.o [2]
    .data            inited   0x2000'0080    0x14  my_malloc.o [1]
    .data            inited   0x2000'0094     0xc  stm32f4xx_hal.o [1]
    .data            inited   0x2000'00a0     0x4  isp_cfg.o [1]
    .data            inited   0x2000'00a4     0x4  rtc_cfg.o [1]
    .data            inited   0x2000'00a8     0x4  system_stm32f4xx.o [1]
    .data            inited   0x2000'00ac     0x4  systick_cfg.o [1]
    .data            inited   0x2000'00b0     0x4  usart_cfg.o [1]
    .data            inited   0x2000'00b4     0x1  crc_cfg.o [1]
                            - 0x2000'00b8    0xb8

"P4", part 2 of 3:                         0x2e5c
  .bss               zero     0x2000'00b8  0x2800  my_malloc.o [1]
  .bss               zero     0x2000'28b8   0x280  my_malloc.o [1]
  .bss               zero     0x2000'2b38   0x200  usart_cfg.o [1]
  .bss               zero     0x2000'2d38    0x78  isp_cfg.o [1]
  .bss               zero     0x2000'2db0    0x70  usart_cfg.o [1]
  .bss               zero     0x2000'2e20    0x44  usart_task.o [1]
  .bss               zero     0x2000'2e64    0x44  usart_task.o [1]
  .bss               zero     0x2000'2ea8    0x24  systick_cfg.o [1]
  .bss               zero     0x2000'2ecc    0x20  stm32_cfg.o [1]
  .bss               zero     0x2000'2eec    0x18  rtc_cfg.o [1]
  .bss               zero     0x2000'2f04     0x4  isp_cfg.o [1]
  .bss               zero     0x2000'2f08     0x4  random_cfg.o [1]
  .bss               zero     0x2000'2f0c     0x4  xfail_s.o [2]
  .bss               zero     0x2000'2f10     0x1  usart_cfg.o [1]
  .bss               zero     0x2000'2f11     0x1  usart_cfg.o [1]
                            - 0x2000'2f12  0x2e5a

"P4", part 3 of 3:                         0x2000
  CSTACK                      0x2000'2f18  0x2000  <Block>
    CSTACK           uninit   0x2000'2f18  0x2000  <Block tail>
                            - 0x2000'4f18  0x2000

Unused ranges:

         From           To      Size
         ----           --      ----
   0x800'6c94   0x807'ffff  0x7'936c
  0x2000'2f14  0x2000'2f17       0x4
  0x2000'4f18  0x2001'bfff  0x1'70e8
  0x2001'c000  0x2001'ffff    0x4000


*******************************************************************************
*** INIT TABLE
***

          Address      Size
          -------      ----
Zero (__iar_zero_init3)
    1 destination range, total size 0x2e5a:
          0x2000'00b8  0x2e5a

Copy (__iar_copy_init3)
    1 source range, total size 0xb8 (101% of destination):
           0x800'6bdc    0xb8
    1 destination range, total size 0xb5:
          0x2000'0000    0xb5



*******************************************************************************
*** MODULE SUMMARY
***

    Module                 ro code  ro data  rw data
    ------                 -------  -------  -------
command line/config:
    ------------------------------------------------
    Total:

H:\STM32_MCU\STM32F407\STM32F407VET6\STM32F407VET6Project\EWARM\STM32F407VET6Project\Obj: [1]
    complier_lib.o              40
    crc_cfg.o                  268    1'025        1
    crc_lib.o                   24
    crc_task.o                  24
    dac_cfg.o                  420
    dac_lib.o                    8
    dac_task.o                   8
    delay_cfg.o                102
    delay_lib.o                  8
    delay_task.o                 8
    gpio_cfg.o                 348
    gpio_lib.o                   8
    gpio_task.o                  8
    isp_cfg.o                3'314        4      128
    isp_lib.o                  996
    isp_task.o               1'164
    iwdg_cfg.o                  24
    iwdg_lib.o                   4
    iwdg_task.o                  4
    main.o                     984       84
    my_malloc.o                304       20   10'900
    power_cfg.o                200
    power_lib.o                  4
    power_task.o                 4
    pvd_cfg.o                    2
    pvd_lib.o                    4
    pvd_task.o                   4
    random_cfg.o               396                 4
    random_lib.o                 8
    random_task.o                8
    rtc_cfg.o                  206        4       28
    spi_cfg.o                1'360
    spi_lib.o                   64
    spi_task.o                  64
    startup_stm32f407xx.o      712
    stm32_cfg.o                 78                32
    stm32f4xx_hal.o             16       12       12
    stm32f4xx_it.o             116
    stm32f4xx_ll_crc.o          64
    stm32f4xx_ll_dac.o         112
    stm32f4xx_ll_gpio.o        348
    stm32f4xx_ll_rcc.o         292
    stm32f4xx_ll_rng.o          46
    stm32f4xx_ll_spi.o         268
    stm32f4xx_ll_usart.o       520
    stm32f4xx_ll_utils.o        12
    system_stm32f4xx.o          96       12        4
    systick_cfg.o              788        4       40
    systick_lib.o               28
    systick_task.o              28
    usart_cfg.o              4'096        4      630
    usart_lib.o                120
    usart_task.o                96               136
    ------------------------------------------------
    Total:                  18'228    1'169   11'915

dl7M_tlf.a: [2]
    abort.o                      6
    exit.o                       4
    low_level_init.o             4
    vsnprint.o                  60
    xencoding_8859_1.o          30
    xfail_s.o                   64                 4
    xlocale_c.o                124      133      128
    xmbcurmax.o                 10
    xprintffull.o            4'294
    xsnprout.o                  26
    ------------------------------------------------
    Total:                   4'622      133      132

m7M_tls.a: [3]
    DblAdd.o                   362
    DblCmpGe.o                  46
    DblCmpLe.o                  46
    DblDiv.o                   582
    DblMul.o                   418
    DblSub.o                   226
    DblToS32.o                  58
    DblToU32.o                  40
    S32ToDbl.o                  34
    U32ToDbl.o                  26
    fpinit_M.o                  34
    frexp.o                    112
    ldexp.o                    314
    ------------------------------------------------
    Total:                   2'298

rt7M_tl.a: [4]
    ABImemcpy.o                166
    ABImemset.o                102
    ABImemset48.o               58
    I64DivMod.o                560
    I64DivZer.o                  2
    cexit.o                     10
    cmain.o                     30
    copy_init3.o                46
    cstartup_M.o                12
    data_init.o                 40
    memchr.o                    88
    strchr.o                    22
    strlen.o                    54
    zero_init3.o                58
    ------------------------------------------------
    Total:                   1'248

shb_l.a: [5]
    exit.o                      20
    ------------------------------------------------
    Total:                      20

    Gaps                        37        2
    Linker created                       39    8'192
----------------------------------------------------
    Grand Total:            26'453    1'343   20'239


*******************************************************************************
*** ENTRY LIST
***

Entry                       Address    Size  Type      Object
-----                       -------    ----  ----      ------
.iar.init_table$$Base    0x800'6a10           --   Gb  - Linker created -
.iar.init_table$$Limit   0x800'6a34           --   Gb  - Linker created -
?main                    0x800'6a35          Code  Gb  cmain.o [4]
AHBPrescTable            0x800'6960    0x10  Data  Gb  system_stm32f4xx.o [1]
APBPrescTable            0x800'6a94     0x8  Data  Gb  system_stm32f4xx.o [1]
BusFault_Handler         0x800'6851     0x2  Code  Gb  stm32f4xx_it.o [1]
CRCLib_CRC16             0x800'3449     0x4  Code  Gb  crc_lib.o [1]
CRCLib_CRC32             0x800'3445     0x4  Code  Gb  crc_lib.o [1]
CRCLib_CRC8              0x800'344d     0x4  Code  Gb  crc_lib.o [1]
CRCLib_CheckSum          0x800'3451     0x4  Code  Gb  crc_lib.o [1]
CRCLib_Enable            0x800'3441     0x4  Code  Gb  crc_lib.o [1]
CRCLib_Init              0x800'343d     0x4  Code  Gb  crc_lib.o [1]
CRCTask_CRC16            0x800'3049     0x4  Code  Gb  crc_task.o [1]
CRCTask_CRC32            0x800'3045     0x4  Code  Gb  crc_task.o [1]
CRCTask_CRC8             0x800'304d     0x4  Code  Gb  crc_task.o [1]
CRCTask_CheckSum         0x800'3051     0x4  Code  Gb  crc_task.o [1]
CRCTask_Enable           0x800'3041     0x4  Code  Gb  crc_task.o [1]
CRCTask_Init             0x800'303d     0x4  Code  Gb  crc_task.o [1]
CRC_CRC16_Table          0x800'3615    0x2c  Code  Gb  crc_cfg.o [1]
CRC_CRC32_CRC            0x800'3613     0x2  Code  Gb  crc_cfg.o [1]
CRC_CRC32_HWCRC          0x800'35f1    0x22  Code  Gb  crc_cfg.o [1]
CRC_CRC32_HWReSet        0x800'35ed     0x4  Code  Gb  crc_cfg.o [1]
CRC_CRC8_Table           0x800'3641    0x32  Code  Gb  crc_cfg.o [1]
CRC_CheckSum             0x800'3689    0x1c  Code  Gb  crc_cfg.o [1]
CRC_DeInit               0x800'35d7    0x10  Code  Gb  crc_cfg.o [1]
CRC_Enable               0x800'35e7     0x6  Code  Gb  crc_cfg.o [1]
CRC_Init                 0x800'35c1    0x16  Code  Gb  crc_cfg.o [1]
CSTACK$$Base            0x2000'2f18           --   Gb  - Linker created -
CSTACK$$Limit           0x2000'4f18           --   Gb  - Linker created -
CacheMore                0x800'128d    0x28  Code  Lc  xlocale_c.o [2]
CompareFun5              0x800'4a3d    0x28  Code  Gb  complier_lib.o [1]
DACLib_ChannelMV         0x800'5f87     0x4  Code  Gb  dac_lib.o [1]
DACLib_Init              0x800'5f83     0x4  Code  Gb  dac_lib.o [1]
DACTask_ChannelMV        0x800'5f73     0x4  Code  Gb  dac_task.o [1]
DACTask_Init             0x800'5f6f     0x4  Code  Gb  dac_task.o [1]
DAC_ChannelMV            0x800'629d     0x8  Code  Gb  dac_cfg.o [1]
DAC_ChannelUV            0x800'624d    0x50  Code  Gb  dac_cfg.o [1]
DAC_Channel_Init         0x800'61c9    0x54  Code  Gb  dac_cfg.o [1]
DAC_Clock                0x800'61b1    0x18  Code  Gb  dac_cfg.o [1]
DAC_GPIO_Init            0x800'6167    0x4a  Code  Gb  dac_cfg.o [1]
DAC_Init                 0x800'621d    0x30  Code  Gb  dac_cfg.o [1]
DebugMon_Handler         0x800'6857     0x2  Code  Gb  stm32f4xx_it.o [1]
DelayLib_ms              0x800'6a9d     0x4  Code  Gb  delay_lib.o [1]
DelayNLib_us             0x800'6aa1     0x4  Code  Gb  delay_lib.o [1]
DelayN_ms                0x800'68f1    0x1e  Code  Gb  delay_cfg.o [1]
DelayN_us                0x800'68c9    0x28  Code  Gb  delay_cfg.o [1]
DelayTask_ms             0x800'6aa9     0x4  Code  Gb  delay_task.o [1]
DelayTask_us             0x800'6aa5     0x4  Code  Gb  delay_task.o [1]
Delay_ms                 0x800'68a9    0x20  Code  Gb  delay_cfg.o [1]
GPIOLib_Clock            0x800'3455     0x4  Code  Gb  gpio_lib.o [1]
GPIOLib_Init             0x800'3459     0x4  Code  Gb  gpio_lib.o [1]
GPIOTask_Clock           0x800'3091     0x4  Code  Gb  gpio_task.o [1]
GPIOTask_Init            0x800'3095     0x4  Code  Gb  gpio_task.o [1]
GPIO_Clock               0x800'36dd    0xa4  Code  Gb  gpio_cfg.o [1]
GPIO_Init                0x800'3781    0x54  Code  Gb  gpio_cfg.o [1]
HAL_IncTick              0x800'6a79    0x10  Code  Wk  stm32f4xx_hal.o [1]
HASH_RNG_IRQHandler      0x800'687d     0x4  Code  Gb  stm32f4xx_it.o [1]
HardFault_Handler        0x800'6847     0x8  Code  Gb  stm32f4xx_it.o [1]
HardFault_IRQTask        0x800'5e79    0x12  Code  Gb  stm32_cfg.o [1]
HardFault_Msg            0x800'5e41    0x34  Code  Gb  stm32_cfg.o [1]
ISPLib_CheckChipEepromEmpty
                         0x800'5949    0x44  Code  Gb  isp_lib.o [1]
ISPLib_CheckChipFlashEmpty
                         0x800'58fb    0x4e  Code  Gb  isp_lib.o [1]
ISPLib_EnterProgAndConfigMemery
                         0x800'55b1    0x20  Code  Gb  isp_lib.o [1]
ISPLib_EraseChip         0x800'55d5    0x3a  Code  Gb  isp_lib.o [1]
ISPLib_ExitProg          0x800'55d1     0x4  Code  Gb  isp_lib.o [1]
ISPLib_Init              0x800'55a9     0x4  Code  Gb  isp_lib.o [1]
ISPLib_ReadChipCalibration
                         0x800'564d    0x44  Code  Gb  isp_lib.o [1]
ISPLib_ReadChipEepromAddr
                         0x800'57dd    0x4e  Code  Gb  isp_lib.o [1]
ISPLib_ReadChipFlashAddr
                         0x800'582b    0x54  Code  Gb  isp_lib.o [1]
ISPLib_ReadChipFuse      0x800'5691    0x44  Code  Gb  isp_lib.o [1]
ISPLib_ReadChipID        0x800'560f    0x3e  Code  Gb  isp_lib.o [1]
ISPLib_ReadChipLock      0x800'56d5    0x3e  Code  Gb  isp_lib.o [1]
ISPLib_ReadChipRom       0x800'5713    0x48  Code  Gb  isp_lib.o [1]
ISPLib_SetProgClock      0x800'55ad     0x4  Code  Gb  isp_lib.o [1]
ISPLib_WriteChipFlashPage
                         0x800'587f    0x7c  Code  Gb  isp_lib.o [1]
ISPLib_WriteChipFuse     0x800'575b    0x44  Code  Gb  isp_lib.o [1]
ISPLib_WriteChipLock     0x800'579f    0x3e  Code  Gb  isp_lib.o [1]
ISPTask_CheckChipEepromEmpty
                         0x800'5191     0x4  Code  Gb  isp_task.o [1]
ISPTask_CheckChipFlashEmpty
                         0x800'5183     0xe  Code  Gb  isp_task.o [1]
ISPTask_EnterProgAndConfigMemery
                         0x800'5125     0x4  Code  Gb  isp_task.o [1]
ISPTask_EraseChip        0x800'512d     0x4  Code  Gb  isp_task.o [1]
ISPTask_ExitProg         0x800'5129     0x4  Code  Gb  isp_task.o [1]
ISPTask_Init             0x800'511d     0x4  Code  Gb  isp_task.o [1]
ISPTask_ReadChipCalibration
                         0x800'5135     0x4  Code  Gb  isp_task.o [1]
ISPTask_ReadChipEepromAddr
                         0x800'514d     0xe  Code  Gb  isp_task.o [1]
ISPTask_ReadChipFlashAddr
                         0x800'515b    0x14  Code  Gb  isp_task.o [1]
ISPTask_ReadChipFuse     0x800'5139     0x4  Code  Gb  isp_task.o [1]
ISPTask_ReadChipID       0x800'5131     0x4  Code  Gb  isp_task.o [1]
ISPTask_ReadChipLock     0x800'513d     0x4  Code  Gb  isp_task.o [1]
ISPTask_ReadChipRom      0x800'5141     0x4  Code  Gb  isp_task.o [1]
ISPTask_SetProgClock     0x800'5121     0x4  Code  Gb  isp_task.o [1]
ISPTask_USARTCmd_ChildTask
                         0x800'5415    0xe8  Code  Gb  isp_task.o [1]
ISPTask_USARTCmd_EraseChip
                         0x800'51cd    0x5e  Code  Gb  isp_task.o [1]
ISPTask_USARTCmd_OpenAndClose
                         0x800'5195    0x38  Code  Gb  isp_task.o [1]
ISPTask_USARTCmd_ParentTask
                         0x800'54fd    0x86  Code  Gb  isp_task.o [1]
ISPTask_USARTCmd_ReadChipCalibration
                         0x800'5241    0x2a  Code  Gb  isp_task.o [1]
ISPTask_USARTCmd_ReadChipEeprom
                         0x800'53a9    0x3e  Code  Gb  isp_task.o [1]
ISPTask_USARTCmd_ReadChipFlash
                         0x800'5329    0x42  Code  Gb  isp_task.o [1]
ISPTask_USARTCmd_ReadChipFuseAndLock
                         0x800'526b    0x4e  Code  Gb  isp_task.o [1]
ISPTask_USARTCmd_ReadChipID
                         0x800'522b    0x16  Code  Gb  isp_task.o [1]
ISPTask_USARTCmd_ReadChipRom
                         0x800'52db    0x3a  Code  Gb  isp_task.o [1]
ISPTask_USARTCmd_SetProgClok
                         0x800'5315    0x14  Code  Gb  isp_task.o [1]
ISPTask_USARTCmd_Task    0x800'5583     0x4  Code  Gb  isp_task.o [1]
ISPTask_USARTCmd_WriteChipEeprom
                         0x800'53e7    0x2c  Code  Gb  isp_task.o [1]
ISPTask_USARTCmd_WriteChipFlashPage
                         0x800'536b    0x3e  Code  Gb  isp_task.o [1]
ISPTask_USARTCmd_WriteChipFuse
                         0x800'52b9    0x16  Code  Gb  isp_task.o [1]
ISPTask_USARTCmd_WriteChipLock
                         0x800'52cf     0xc  Code  Gb  isp_task.o [1]
ISPTask_WriteChipFlashPage
                         0x800'516f    0x14  Code  Gb  isp_task.o [1]
ISPTask_WriteChipFuse    0x800'5145     0x4  Code  Gb  isp_task.o [1]
ISPTask_WriteChipLock    0x800'5149     0x4  Code  Gb  isp_task.o [1]
ISP_AddWatch             0x800'3df7    0x2a  Code  Gb  isp_cfg.o [1]
ISP_AddWatchDevice0      0x800'3def     0x8  Code  Gb  isp_cfg.o [1]
ISP_CheckChipEepromEmpty
                         0x800'44c1    0x6a  Code  Gb  isp_cfg.o [1]
ISP_CheckChipFlashEmpty
                         0x800'4449    0x78  Code  Gb  isp_cfg.o [1]
ISP_DeInit               0x800'3a4f    0x1e  Code  Gb  isp_cfg.o [1]
ISP_Device0_Init         0x800'3943    0x82  Code  Gb  isp_cfg.o [1]
ISP_EnterProg            0x800'3d03    0x96  Code  Gb  isp_cfg.o [1]
ISP_EraseChip            0x800'3ed5    0x3c  Code  Gb  isp_cfg.o [1]
ISP_ExitProg             0x800'3d99    0x26  Code  Gb  isp_cfg.o [1]
ISP_HW_Init              0x800'3873    0x8c  Code  Gb  isp_cfg.o [1]
ISP_HW_SendCmd           0x800'3c65    0x46  Code  Gb  isp_cfg.o [1]
ISP_Init                 0x800'39c5    0x8a  Code  Gb  isp_cfg.o [1]
ISP_PreEnterProg         0x800'3cab    0x58  Code  Gb  isp_cfg.o [1]
ISP_ReadChipCalibration
                         0x800'3f4f    0x46  Code  Gb  isp_cfg.o [1]
ISP_ReadChipEepromAddr   0x800'4181    0x58  Code  Gb  isp_cfg.o [1]
ISP_ReadChipEepromLongAddr
                         0x800'41d9    0x10  Code  Gb  isp_cfg.o [1]
ISP_ReadChipFlashAddr    0x800'4287    0xb6  Code  Gb  isp_cfg.o [1]
ISP_ReadChipFlashLongAddr
                         0x800'433d    0x1a  Code  Gb  isp_cfg.o [1]
ISP_ReadChipFuse         0x800'3f95    0x68  Code  Gb  isp_cfg.o [1]
ISP_ReadChipID           0x800'3f11    0x3e  Code  Gb  isp_cfg.o [1]
ISP_ReadChipLock         0x800'3ffd    0x20  Code  Gb  isp_cfg.o [1]
ISP_ReadChipRom          0x800'401d    0x78  Code  Gb  isp_cfg.o [1]
ISP_ReadReady            0x800'3e65    0x70  Code  Gb  isp_cfg.o [1]
ISP_RefreshWatch         0x800'3e41    0x14  Code  Gb  isp_cfg.o [1]
ISP_RemoveWatch          0x800'3e21    0x20  Code  Gb  isp_cfg.o [1]
ISP_SEND_CMD            0x2000'2f04     0x4  Data  Gb  isp_cfg.o [1]
ISP_SW_Init              0x800'38ff    0x44  Code  Gb  isp_cfg.o [1]
ISP_SW_SendCmd           0x800'3c1d    0x46  Code  Gb  isp_cfg.o [1]
ISP_SetClock             0x800'3a6d   0x18a  Code  Gb  isp_cfg.o [1]
ISP_SetIntervalTime      0x800'3e55    0x10  Code  Gb  isp_cfg.o [1]
ISP_SetMemeryInfo        0x800'452b     0x8  Code  Gb  isp_cfg.o [1]
ISP_SetProgClock         0x800'3bf7    0x24  Code  Gb  isp_cfg.o [1]
ISP_UpdateChipFlashAddr
                         0x800'43cf    0x46  Code  Gb  isp_cfg.o [1]
ISP_UpdateChipFlashBuffer
                         0x800'4357    0x78  Code  Gb  isp_cfg.o [1]
ISP_UpdateChipFlashLongAddr
                         0x800'4439    0x10  Code  Gb  isp_cfg.o [1]
ISP_UpdateExternAddr     0x800'4265    0x22  Code  Gb  isp_cfg.o [1]
ISP_WatchTask            0x800'3dbf    0x30  Code  Gb  isp_cfg.o [1]
ISP_WriteChipEepromAddr
                         0x800'41e9    0x7c  Code  Gb  isp_cfg.o [1]
ISP_WriteChipFuse        0x800'4095    0xb0  Code  Gb  isp_cfg.o [1]
ISP_WriteChipLock        0x800'4145    0x3c  Code  Gb  isp_cfg.o [1]
IWDGLib_Reset            0x800'3439     0x4  Code  Gb  iwdg_lib.o [1]
IWDGTask_Reset           0x800'3039     0x4  Code  Gb  iwdg_task.o [1]
IWDG_Reset               0x800'3589     0xc  Code  Gb  iwdg_cfg.o [1]
LL_AHB1_GRP1_DisableClock
                         0x800'36bb     0xc  Code  Lc  gpio_cfg.o [1]
LL_AHB1_GRP1_EnableClock
                         0x800'3599    0x16  Code  Lc  crc_cfg.o [1]
LL_AHB1_GRP1_EnableClock
                         0x800'36a5    0x16  Code  Lc  gpio_cfg.o [1]
LL_AHB1_GRP1_ForceReset
                         0x800'3801     0xa  Code  Lc  stm32f4xx_ll_crc.o [1]
LL_AHB1_GRP1_ReleaseReset
                         0x800'380b     0xc  Code  Lc  stm32f4xx_ll_crc.o [1]
LL_AHB2_GRP1_EnableClock
                         0x800'6001    0x16  Code  Lc  random_cfg.o [1]
LL_AHB2_GRP1_ForceReset
                         0x800'6389     0xa  Code  Lc  stm32f4xx_ll_rng.o [1]
LL_AHB2_GRP1_ReleaseReset
                         0x800'6393     0xc  Code  Lc  stm32f4xx_ll_rng.o [1]
LL_APB1_GRP1_DisableClock
                         0x800'6133     0xc  Code  Lc  dac_cfg.o [1]
LL_APB1_GRP1_DisableClock
                         0x800'4ad9     0xe  Code  Lc  spi_cfg.o [1]
LL_APB1_GRP1_DisableClock
                         0x800'20c9     0xe  Code  Lc  usart_cfg.o [1]
LL_APB1_GRP1_EnableClock
                         0x800'611d    0x16  Code  Lc  dac_cfg.o [1]
LL_APB1_GRP1_EnableClock
                         0x800'5add    0x16  Code  Lc  main.o [1]
LL_APB1_GRP1_EnableClock
                         0x800'4ac1    0x18  Code  Lc  spi_cfg.o [1]
LL_APB1_GRP1_EnableClock
                         0x800'20b1    0x18  Code  Lc  usart_cfg.o [1]
LL_APB1_GRP1_ForceReset
                         0x800'5021     0xa  Code  Lc  stm32f4xx_ll_spi.o [1]
LL_APB1_GRP1_ForceReset
                         0x800'32c1     0xa  Code  Lc  stm32f4xx_ll_usart.o [1]
LL_APB1_GRP1_ReleaseReset
                         0x800'502b     0xc  Code  Lc  stm32f4xx_ll_spi.o [1]
LL_APB1_GRP1_ReleaseReset
                         0x800'32cb     0xc  Code  Lc  stm32f4xx_ll_usart.o [1]
LL_APB2_GRP1_DisableClock
                         0x800'4aff     0xe  Code  Lc  spi_cfg.o [1]
LL_APB2_GRP1_DisableClock
                         0x800'20ef     0xe  Code  Lc  usart_cfg.o [1]
LL_APB2_GRP1_EnableClock
                         0x800'36c7    0x16  Code  Lc  gpio_cfg.o [1]
LL_APB2_GRP1_EnableClock
                         0x800'4ae7    0x18  Code  Lc  spi_cfg.o [1]
LL_APB2_GRP1_EnableClock
                         0x800'20d7    0x18  Code  Lc  usart_cfg.o [1]
LL_APB2_GRP1_ForceReset
                         0x800'5037     0xa  Code  Lc  stm32f4xx_ll_spi.o [1]
LL_APB2_GRP1_ForceReset
                         0x800'32d7     0xa  Code  Lc  stm32f4xx_ll_usart.o [1]
LL_APB2_GRP1_ReleaseReset
                         0x800'5041     0xc  Code  Lc  stm32f4xx_ll_spi.o [1]
LL_APB2_GRP1_ReleaseReset
                         0x800'32e1     0xc  Code  Lc  stm32f4xx_ll_usart.o [1]
LL_CRC_DeInit            0x800'3817    0x22  Code  Gb  stm32f4xx_ll_crc.o [1]
LL_CRC_FeedData32        0x800'35b9     0x4  Code  Lc  crc_cfg.o [1]
LL_CRC_ReadData32        0x800'35bd     0x4  Code  Lc  crc_cfg.o [1]
LL_CRC_ResetCRCCalculationUnit
                         0x800'35af     0xa  Code  Lc  crc_cfg.o [1]
LL_DAC_ConvertData12RightAligned
                         0x800'6151    0x16  Code  Lc  dac_cfg.o [1]
LL_DAC_Enable            0x800'613f    0x12  Code  Lc  dac_cfg.o [1]
LL_DAC_Init              0x800'63d3    0x56  Code  Gb  stm32f4xx_ll_dac.o [1]
LL_DAC_IsEnabled         0x800'63b9    0x1a  Code  Lc  stm32f4xx_ll_dac.o [1]
LL_EXTI_ClearFlag_0_31   0x800'6829     0x6  Code  Lc  stm32f4xx_it.o [1]
LL_FLASH_EnableDataCache
                         0x800'5c0b     0xc  Code  Lc  main.o [1]
LL_FLASH_EnableInstCache
                         0x800'5bff     0xc  Code  Lc  main.o [1]
LL_FLASH_EnablePrefetch
                         0x800'5bf3     0xc  Code  Lc  main.o [1]
LL_FLASH_GetLatency      0x800'5be9     0xa  Code  Lc  main.o [1]
LL_FLASH_SetLatency      0x800'5bdb     0xe  Code  Lc  main.o [1]
LL_GPIO_Init             0x800'31ab    0x86  Code  Gb  stm32f4xx_ll_gpio.o [1]
LL_GPIO_IsInputPinSet    0x800'4b0d    0x10  Code  Lc  spi_cfg.o [1]
LL_GPIO_ResetOutputPin   0x800'386d     0x6  Code  Lc  isp_cfg.o [1]
LL_GPIO_ResetOutputPin   0x800'5b0f     0x6  Code  Lc  main.o [1]
LL_GPIO_ResetOutputPin   0x800'62c5     0x6  Code  Lc  power_cfg.o [1]
LL_GPIO_ResetOutputPin   0x800'4b21     0x6  Code  Lc  spi_cfg.o [1]
LL_GPIO_ResetOutputPin   0x800'2129     0x6  Code  Lc  usart_cfg.o [1]
LL_GPIO_SetAFPin_0_7     0x800'3159    0x28  Code  Lc  stm32f4xx_ll_gpio.o [1]
LL_GPIO_SetAFPin_8_15    0x800'3181    0x2a  Code  Lc  stm32f4xx_ll_gpio.o [1]
LL_GPIO_SetOutputPin     0x800'3869     0x4  Code  Lc  isp_cfg.o [1]
LL_GPIO_SetOutputPin     0x800'5b0b     0x4  Code  Lc  main.o [1]
LL_GPIO_SetOutputPin     0x800'62c1     0x4  Code  Lc  power_cfg.o [1]
LL_GPIO_SetOutputPin     0x800'4b1d     0x4  Code  Lc  spi_cfg.o [1]
LL_GPIO_SetOutputPin     0x800'2125     0x4  Code  Lc  usart_cfg.o [1]
LL_GPIO_SetPinMode       0x800'3841    0x28  Code  Lc  isp_cfg.o [1]
LL_GPIO_SetPinMode       0x800'30d5    0x28  Code  Lc  stm32f4xx_ll_gpio.o [1]
LL_GPIO_SetPinMode       0x800'20fd    0x28  Code  Lc  usart_cfg.o [1]
LL_GPIO_SetPinOutputType
                         0x800'30fd     0xc  Code  Lc  stm32f4xx_ll_gpio.o [1]
LL_GPIO_SetPinPull       0x800'3131    0x28  Code  Lc  stm32f4xx_ll_gpio.o [1]
LL_GPIO_SetPinSpeed      0x800'3109    0x28  Code  Lc  stm32f4xx_ll_gpio.o [1]
LL_IWDG_ReloadCounter    0x800'3581     0x8  Code  Lc  iwdg_cfg.o [1]
LL_InitTick              0x800'4677    0x16  Code  Lc  systick_cfg.o [1]
LL_PWR_EnableBkUpAccess
                         0x800'5b23     0xc  Code  Lc  main.o [1]
LL_PWR_IsActiveFlag_PVDO
                         0x800'682f     0xc  Code  Lc  stm32f4xx_it.o [1]
LL_PWR_SetRegulVoltageScaling
                         0x800'5b15     0xe  Code  Lc  main.o [1]
LL_RCC_GetAHBPrescaler   0x800'3467     0xa  Code  Lc  stm32f4xx_ll_rcc.o [1]
LL_RCC_GetAPB1Prescaler
                         0x800'3471     0xa  Code  Lc  stm32f4xx_ll_rcc.o [1]
LL_RCC_GetAPB2Prescaler
                         0x800'347b     0xa  Code  Lc  stm32f4xx_ll_rcc.o [1]
LL_RCC_GetSysClkSource   0x800'5b6d     0xa  Code  Lc  main.o [1]
LL_RCC_GetSysClkSource   0x800'345d     0xa  Code  Lc  stm32f4xx_ll_rcc.o [1]
LL_RCC_GetSystemClocksFreq
                         0x800'34ad    0x20  Code  Gb  stm32f4xx_ll_rcc.o [1]
LL_RCC_HSE_Enable        0x800'5b2f     0xc  Code  Lc  main.o [1]
LL_RCC_HSE_IsReady       0x800'5b3b     0xc  Code  Lc  main.o [1]
LL_RCC_LSI_Enable        0x800'5b47     0xc  Code  Lc  main.o [1]
LL_RCC_LSI_IsReady       0x800'5b53     0xc  Code  Lc  main.o [1]
LL_RCC_PLL_ConfigDomain_SYS
                         0x800'5bb9    0x22  Code  Lc  main.o [1]
LL_RCC_PLL_Enable        0x800'5ba1     0xc  Code  Lc  main.o [1]
LL_RCC_PLL_GetDivider    0x800'34a3     0xa  Code  Lc  stm32f4xx_ll_rcc.o [1]
LL_RCC_PLL_GetMainSource
                         0x800'3485     0xa  Code  Lc  stm32f4xx_ll_rcc.o [1]
LL_RCC_PLL_GetN          0x800'348f     0xa  Code  Lc  stm32f4xx_ll_rcc.o [1]
LL_RCC_PLL_GetP          0x800'3499     0xa  Code  Lc  stm32f4xx_ll_rcc.o [1]
LL_RCC_PLL_IsReady       0x800'5bad     0xc  Code  Lc  main.o [1]
LL_RCC_SetAHBPrescaler   0x800'5b77     0xe  Code  Lc  main.o [1]
LL_RCC_SetAPB1Prescaler
                         0x800'5b85     0xe  Code  Lc  main.o [1]
LL_RCC_SetAPB2Prescaler
                         0x800'5b93     0xe  Code  Lc  main.o [1]
LL_RCC_SetSysClkSource   0x800'5b5f     0xe  Code  Lc  main.o [1]
LL_RNG_ClearFlag_CEIS    0x800'6047     0x8  Code  Lc  random_cfg.o [1]
LL_RNG_ClearFlag_SEIS    0x800'604f     0x8  Code  Lc  random_cfg.o [1]
LL_RNG_DeInit            0x800'63a5    0x12  Code  Gb  stm32f4xx_ll_rng.o [1]
LL_RNG_Disable           0x800'6021     0xa  Code  Lc  random_cfg.o [1]
LL_RNG_Enable            0x800'6017     0xa  Code  Lc  random_cfg.o [1]
LL_RNG_EnableIT          0x800'6057     0xa  Code  Lc  random_cfg.o [1]
LL_RNG_IsActiveFlag_CEIS
                         0x800'6033     0xa  Code  Lc  random_cfg.o [1]
LL_RNG_IsActiveFlag_DRDY
                         0x800'602b     0x8  Code  Lc  random_cfg.o [1]
LL_RNG_IsActiveFlag_SEIS
                         0x800'603d     0xa  Code  Lc  random_cfg.o [1]
LL_RNG_ReadRandData32    0x800'6061     0x4  Code  Lc  random_cfg.o [1]
LL_SPI_DeInit            0x800'504d    0x50  Code  Gb  stm32f4xx_ll_spi.o [1]
LL_SPI_Enable            0x800'4b27     0xa  Code  Lc  spi_cfg.o [1]
LL_SPI_Init              0x800'509d    0x68  Code  Gb  stm32f4xx_ll_spi.o [1]
LL_SPI_IsActiveFlag_RXNE
                         0x800'4b49     0x8  Code  Lc  spi_cfg.o [1]
LL_SPI_IsActiveFlag_TXE
                         0x800'4b51     0xa  Code  Lc  spi_cfg.o [1]
LL_SPI_IsEnabled         0x800'5011     0xa  Code  Lc  stm32f4xx_ll_spi.o [1]
LL_SPI_ReceiveData8      0x800'4b5b     0x6  Code  Lc  spi_cfg.o [1]
LL_SPI_SetBaudRatePrescaler
                         0x800'4b3d     0xc  Code  Lc  spi_cfg.o [1]
LL_SPI_SetCRCPolynomial
                         0x800'501b     0x6  Code  Lc  stm32f4xx_ll_spi.o [1]
LL_SPI_SetStandard       0x800'4b31     0xc  Code  Lc  spi_cfg.o [1]
LL_SPI_TransmitData8     0x800'4b61     0x4  Code  Lc  spi_cfg.o [1]
LL_SYSTICK_SetClkSource
                         0x800'5af3    0x18  Code  Lc  main.o [1]
LL_SetSystemCoreClock    0x800'5e8d     0x6  Code  Gb  stm32f4xx_ll_utils.o [1]
LL_USART_ClearFlag_FE    0x800'21bf    0x12  Code  Lc  usart_cfg.o [1]
LL_USART_ClearFlag_IDLE
                         0x800'21f5    0x12  Code  Lc  usart_cfg.o [1]
LL_USART_ClearFlag_LBD   0x800'2217     0x8  Code  Lc  usart_cfg.o [1]
LL_USART_ClearFlag_NE    0x800'21d1    0x12  Code  Lc  usart_cfg.o [1]
LL_USART_ClearFlag_ORE   0x800'21e3    0x12  Code  Lc  usart_cfg.o [1]
LL_USART_ClearFlag_PE    0x800'21ad    0x12  Code  Lc  usart_cfg.o [1]
LL_USART_ClearFlag_RXNE
                         0x800'220f     0x8  Code  Lc  usart_cfg.o [1]
LL_USART_ClearFlag_TC    0x800'2207     0x8  Code  Lc  usart_cfg.o [1]
LL_USART_ClearFlag_nCTS
                         0x800'221f     0x8  Code  Lc  usart_cfg.o [1]
LL_USART_ConfigAsyncMode
                         0x800'2139    0x12  Code  Lc  usart_cfg.o [1]
LL_USART_DeInit          0x800'32ed    0x92  Code  Gb  stm32f4xx_ll_usart.o [1]
LL_USART_DisableIT_TC    0x800'2245     0xa  Code  Lc  usart_cfg.o [1]
LL_USART_DisableIT_TXE   0x800'224f     0xa  Code  Lc  usart_cfg.o [1]
LL_USART_Enable          0x800'212f     0xa  Code  Lc  usart_cfg.o [1]
LL_USART_EnableIT_RXNE   0x800'2227     0xa  Code  Lc  usart_cfg.o [1]
LL_USART_EnableIT_TC     0x800'2231     0xa  Code  Lc  usart_cfg.o [1]
LL_USART_EnableIT_TXE    0x800'223b     0xa  Code  Lc  usart_cfg.o [1]
LL_USART_Init            0x800'337f    0x94  Code  Gb  stm32f4xx_ll_usart.o [1]
LL_USART_IsActiveFlag_FE
                         0x800'2153     0xa  Code  Lc  usart_cfg.o [1]
LL_USART_IsActiveFlag_IDLE
                         0x800'2171     0xa  Code  Lc  usart_cfg.o [1]
LL_USART_IsActiveFlag_LBD
                         0x800'2199     0xa  Code  Lc  usart_cfg.o [1]
LL_USART_IsActiveFlag_NE
                         0x800'215d     0xa  Code  Lc  usart_cfg.o [1]
LL_USART_IsActiveFlag_ORE
                         0x800'2167     0xa  Code  Lc  usart_cfg.o [1]
LL_USART_IsActiveFlag_PE
                         0x800'214b     0x8  Code  Lc  usart_cfg.o [1]
LL_USART_IsActiveFlag_RXNE
                         0x800'217b     0xa  Code  Lc  usart_cfg.o [1]
LL_USART_IsActiveFlag_TC
                         0x800'2185     0xa  Code  Lc  usart_cfg.o [1]
LL_USART_IsActiveFlag_TXE
                         0x800'218f     0xa  Code  Lc  usart_cfg.o [1]
LL_USART_IsActiveFlag_nCTS
                         0x800'21a3     0xa  Code  Lc  usart_cfg.o [1]
LL_USART_IsEnabled       0x800'3231     0xa  Code  Lc  stm32f4xx_ll_usart.o [1]
LL_USART_IsEnabledIT_CTS
                         0x800'229d     0xa  Code  Lc  usart_cfg.o [1]
LL_USART_IsEnabledIT_ERROR
                         0x800'2295     0x8  Code  Lc  usart_cfg.o [1]
LL_USART_IsEnabledIT_IDLE
                         0x800'2259     0xa  Code  Lc  usart_cfg.o [1]
LL_USART_IsEnabledIT_LBD
                         0x800'228b     0xa  Code  Lc  usart_cfg.o [1]
LL_USART_IsEnabledIT_PE
                         0x800'2281     0xa  Code  Lc  usart_cfg.o [1]
LL_USART_IsEnabledIT_RXNE
                         0x800'2263     0xa  Code  Lc  usart_cfg.o [1]
LL_USART_IsEnabledIT_TC
                         0x800'226d     0xa  Code  Lc  usart_cfg.o [1]
LL_USART_IsEnabledIT_TXE
                         0x800'2277     0xa  Code  Lc  usart_cfg.o [1]
LL_USART_ReceiveData8    0x800'22a7     0x6  Code  Lc  usart_cfg.o [1]
LL_USART_SetBaudRate     0x800'3253    0x6e  Code  Lc  stm32f4xx_ll_usart.o [1]
LL_USART_SetHWFlowCtrl   0x800'3247     0xc  Code  Lc  stm32f4xx_ll_usart.o [1]
LL_USART_SetStopBitsLength
                         0x800'323b     0xc  Code  Lc  stm32f4xx_ll_usart.o [1]
LL_USART_TransmitData8   0x800'22ad     0x4  Code  Lc  usart_cfg.o [1]
LL_WWDG_ClearFlag_EWKUP
                         0x800'683b     0x8  Code  Lc  stm32f4xx_it.o [1]
LM317Lib_Init            0x800'5f8b     0x4  Code  Gb  power_lib.o [1]
LM317Task_Init           0x800'5f77     0x4  Code  Gb  power_task.o [1]
LM317_Init               0x800'62cb    0x90  Code  Gb  power_cfg.o [1]
LM317_PowerMV            0x800'635b    0x2a  Code  Gb  power_cfg.o [1]
MemManage_Handler        0x800'684f     0x2  Code  Gb  stm32f4xx_it.o [1]
MyFree                   0x800'4a11     0xe  Code  Gb  my_malloc.o [1]
MyMalloc                 0x800'4a1f    0x18  Code  Gb  my_malloc.o [1]
MyMemFree                0x800'49d5    0x3c  Code  Gb  my_malloc.o [1]
MyMemInit                0x800'491d    0x22  Code  Gb  my_malloc.o [1]
MyMemMalloc              0x800'496b    0x6a  Code  Gb  my_malloc.o [1]
MyMemset                 0x800'490d    0x10  Code  Gb  my_malloc.o [1]
MyMemusedRate            0x800'493f    0x2c  Code  Gb  my_malloc.o [1]
NMI_Handler              0x800'6843     0x2  Code  Gb  stm32f4xx_it.o [1]
NVIC_EncodePriority      0x800'5aa7    0x36  Code  Lc  main.o [1]
NVIC_EncodePriority      0x800'5fcb    0x36  Code  Lc  random_cfg.o [1]
NVIC_EncodePriority      0x800'4641    0x36  Code  Lc  systick_cfg.o [1]
NVIC_EncodePriority      0x800'207b    0x36  Code  Lc  usart_cfg.o [1]
NVIC_Init                0x800'5cb3    0x8e  Code  Gb  main.o [1]
PVDLib_IRQTask           0x800'68a1     0x4  Code  Gb  pvd_lib.o [1]
PVDTask_IRQTask          0x800'689d     0x4  Code  Gb  pvd_task.o [1]
PVD_IRQHandler           0x800'6881    0x1c  Code  Gb  stm32f4xx_it.o [1]
PVD_IRQTask              0x800'68a5     0x2  Code  Gb  pvd_cfg.o [1]
PendSV_Handler           0x800'6859     0x2  Code  Gb  stm32f4xx_it.o [1]
RCC_GetHCLKClockFreq     0x800'34ed    0x16  Code  Gb  stm32f4xx_ll_rcc.o [1]
RCC_GetPCLK1ClockFreq    0x800'3503    0x14  Code  Gb  stm32f4xx_ll_rcc.o [1]
RCC_GetPCLK2ClockFreq    0x800'3517    0x14  Code  Gb  stm32f4xx_ll_rcc.o [1]
RCC_GetSystemClockFreq   0x800'34cd    0x20  Code  Gb  stm32f4xx_ll_rcc.o [1]
RCC_IRQHandler           0x800'6845     0x2  Code  Gb  stm32f4xx_it.o [1]
RCC_PLL_GetFreqDomain_SYS
                         0x800'352b    0x3c  Code  Gb  stm32f4xx_ll_rcc.o [1]
RandomLib_IRQTask        0x800'5f7f     0x4  Code  Gb  random_lib.o [1]
RandomLib_Init           0x800'5f7b     0x4  Code  Gb  random_lib.o [1]
RandomTask_IRQTask       0x800'5f6b     0x4  Code  Gb  random_task.o [1]
RandomTask_Init          0x800'5f67     0x4  Code  Gb  random_task.o [1]
Random_IRQTask           0x800'60b9    0x46  Code  Gb  random_cfg.o [1]
Random_Init              0x800'6065    0x54  Code  Gb  random_cfg.o [1]
Region$$Table$$Base      0x800'6a10           --   Gb  - Linker created -
Region$$Table$$Limit     0x800'6a34           --   Gb  - Linker created -
SPILib_DeInit            0x800'4a91     0x4  Code  Gb  spi_lib.o [1]
SPILib_MHW_GPIO_Init     0x800'4a89     0x4  Code  Gb  spi_lib.o [1]
SPILib_MHW_PollMode_Init
                         0x800'4a65    0x24  Code  Gb  spi_lib.o [1]
SPILib_MHW_PollMode_WriteAndReadData
                         0x800'4a95     0x4  Code  Gb  spi_lib.o [1]
SPILib_MHW_SetClock      0x800'4a9d     0x4  Code  Gb  spi_lib.o [1]
SPILib_MSW_GPIO_Init     0x800'4a8d     0x4  Code  Gb  spi_lib.o [1]
SPILib_MSW_SetClock      0x800'4a99     0x4  Code  Gb  spi_lib.o [1]
SPILib_MSW_WriteAndReadDataMSB
                         0x800'4aa1     0x4  Code  Gb  spi_lib.o [1]
SPITask_DeInit           0x800'455f     0x4  Code  Gb  spi_task.o [1]
SPITask_MHW_GPIO_Init    0x800'4557     0x4  Code  Gb  spi_task.o [1]
SPITask_MHW_PollMode_Init
                         0x800'4533    0x24  Code  Gb  spi_task.o [1]
SPITask_MHW_PollMode_WriteAndReadData
                         0x800'4563     0x4  Code  Gb  spi_task.o [1]
SPITask_MHW_SetClock     0x800'456b     0x4  Code  Gb  spi_task.o [1]
SPITask_MSW_GPIO_Init    0x800'455b     0x4  Code  Gb  spi_task.o [1]
SPITask_MSW_SetClock     0x800'4567     0x4  Code  Gb  spi_task.o [1]
SPITask_MSW_WriteAndReadDataMSB
                         0x800'456f     0x4  Code  Gb  spi_task.o [1]
SPI_Clock                0x800'4d71    0x5a  Code  Gb  spi_cfg.o [1]
SPI_DeInit               0x800'4d4f    0x22  Code  Gb  spi_cfg.o [1]
SPI_GPIO_DeInit          0x800'4cd3    0x7c  Code  Gb  spi_cfg.o [1]
SPI_MHW_GPIO_Init        0x800'4b97    0xa2  Code  Gb  spi_cfg.o [1]
SPI_MHW_PollMode_Init    0x800'4b65    0x32  Code  Gb  spi_cfg.o [1]
SPI_MHW_PollMode_WriteAndReadData
                         0x800'4dcb    0xd6  Code  Gb  spi_cfg.o [1]
SPI_MHW_SetClock         0x800'4f5f     0xc  Code  Gb  spi_cfg.o [1]
SPI_MSW_BitMSB           0x800'4ea1    0x36  Code  Gb  spi_cfg.o [1]
SPI_MSW_GPIO_Init        0x800'4c39    0x9a  Code  Gb  spi_cfg.o [1]
SPI_MSW_SetClock         0x800'4f59     0x6  Code  Gb  spi_cfg.o [1]
SPI_MSW_WriteAndReadBitMSB
                         0x800'4ed7    0x82  Code  Gb  spi_cfg.o [1]
SPI_MSW_WriteAndReadByteMSB
                         0x800'4f6b    0x50  Code  Gb  spi_cfg.o [1]
SPI_MSW_WriteAndReadDataMSB
                         0x800'4fbb    0x3e  Code  Gb  spi_cfg.o [1]
SVC_Handler              0x800'6855     0x2  Code  Gb  stm32f4xx_it.o [1]
SysRTC_CalcWeekDay       0x800'5ed9    0x8e  Code  Gb  rtc_cfg.o [1]
SysRTC_SoftCalcRTCInit   0x800'5e99    0x3e  Code  Gb  rtc_cfg.o [1]
SysTickLib_1msIncTick    0x800'4abd     0x4  Code  Gb  systick_lib.o [1]
SysTickLib_CreateTickTask
                         0x800'4aa9     0x4  Code  Gb  systick_lib.o [1]
SysTickLib_DecTick       0x800'4aad     0x4  Code  Gb  systick_lib.o [1]
SysTickLib_GetTick       0x800'4ab1     0x4  Code  Gb  systick_lib.o [1]
SysTickLib_IRQTask       0x800'4ab5     0x4  Code  Gb  systick_lib.o [1]
SysTickLib_Init          0x800'4aa5     0x4  Code  Gb  systick_lib.o [1]
SysTickLib_WaitusTick    0x800'4ab9     0x4  Code  Gb  systick_lib.o [1]
SysTickTask_1msIncTick   0x800'45f3     0x4  Code  Gb  systick_task.o [1]
SysTickTask_CreateTickTask
                         0x800'45df     0x4  Code  Gb  systick_task.o [1]
SysTickTask_DecTick      0x800'45e3     0x4  Code  Gb  systick_task.o [1]
SysTickTask_GetTick      0x800'45e7     0x4  Code  Gb  systick_task.o [1]
SysTickTask_IRQTask      0x800'45eb     0x4  Code  Gb  systick_task.o [1]
SysTickTask_Init         0x800'45db     0x4  Code  Gb  systick_task.o [1]
SysTickTask_WaitusTick   0x800'45ef     0x4  Code  Gb  systick_task.o [1]
SysTick_1msIncTick       0x800'48b1    0x2c  Code  Gb  systick_cfg.o [1]
SysTick_CreateTickTask   0x800'4715    0x5c  Code  Gb  systick_cfg.o [1]
SysTick_DecTick          0x800'47e5    0x50  Code  Gb  systick_cfg.o [1]
SysTick_DeleteTickTask   0x800'4771    0x50  Code  Gb  systick_cfg.o [1]
SysTick_GetTick          0x800'4835     0x8  Code  Gb  systick_cfg.o [1]
SysTick_Handler          0x800'685b     0x4  Code  Gb  stm32f4xx_it.o [1]
SysTick_IRQTask          0x800'483d    0x30  Code  Gb  systick_cfg.o [1]
SysTick_PollTickTask     0x800'47c1    0x24  Code  Gb  systick_cfg.o [1]
SysTick_Resume           0x800'469d    0x10  Code  Gb  systick_cfg.o [1]
SysTick_StructInit       0x800'46ad    0x1e  Code  Gb  systick_cfg.o [1]
SysTick_Suspend          0x800'468d    0x10  Code  Gb  systick_cfg.o [1]
SysTick_WaitusTick       0x800'486d    0x44  Code  Gb  systick_cfg.o [1]
SysTick_msInit           0x800'46cb    0x4a  Code  Gb  systick_cfg.o [1]
Sys_Init                 0x800'5d41    0x82  Code  Gb  main.o [1]
SystemClock_Config       0x800'5c17    0x9c  Code  Gb  main.o [1]
SystemCoreClock         0x2000'00a8     0x4  Data  Gb  system_stm32f4xx.o [1]
SystemInit               0x800'6911    0x3a  Code  Gb  system_stm32f4xx.o [1]
USART1_IRQHandler        0x800'6863     0x8  Code  Gb  stm32f4xx_it.o [1]
USART1_Init              0x800'2dbd   0x10a  Code  Gb  usart_cfg.o [1]
USART1_RX_BUFFER        0x2000'2e20    0x44  Data  Gb  usart_task.o [1]
USART1_TX_BUFFER        0x2000'2e64    0x44  Data  Gb  usart_task.o [1]
USARTLib_CRCTask_Read    0x800'5a59     0x4  Code  Gb  usart_lib.o [1]
USARTLib_DeviceID        0x800'5a49     0x4  Code  Gb  usart_lib.o [1]
USARTLib_FillMode_AddByte
                         0x800'5a51     0x4  Code  Gb  usart_lib.o [1]
USARTLib_FillMode_Init   0x800'5a4d     0x4  Code  Gb  usart_lib.o [1]
USARTLib_FillMode_SetResultFlag
                         0x800'5a55     0x4  Code  Gb  usart_lib.o [1]
USARTLib_FillMode_WriteSTART
                         0x800'5a5d     0x4  Code  Gb  usart_lib.o [1]
USARTLib_GetReadState    0x800'5a41     0x4  Code  Gb  usart_lib.o [1]
USARTLib_IRQTask         0x800'5a61     0x4  Code  Gb  usart_lib.o [1]
USARTLib_Init            0x800'59ed    0x3c  Code  Gb  usart_lib.o [1]
USARTLib_ParamInit       0x800'5a29    0x14  Code  Gb  usart_lib.o [1]
USARTLib_ReadInit        0x800'5a3d     0x4  Code  Gb  usart_lib.o [1]
USARTLib_TimeOVFTask     0x800'5a45     0x4  Code  Gb  usart_lib.o [1]
USARTTask_CRCTask_Read   0x800'59dd     0x4  Code  Gb  usart_task.o [1]
USARTTask_DeviceID       0x800'59e5     0x4  Code  Gb  usart_task.o [1]
USARTTask_FillMode_AddByte
                         0x800'59d5     0x4  Code  Gb  usart_task.o [1]
USARTTask_FillMode_Init
                         0x800'59d1     0x4  Code  Gb  usart_task.o [1]
USARTTask_FillMode_SetResultFlag
                         0x800'59d9     0x4  Code  Gb  usart_task.o [1]
USARTTask_FillMode_WriteSTART
                         0x800'59e1     0x4  Code  Gb  usart_task.o [1]
USARTTask_GetReadState   0x800'59c7     0x4  Code  Gb  usart_task.o [1]
USARTTask_IRQTask        0x800'59e9     0x4  Code  Gb  usart_task.o [1]
USARTTask_Init           0x800'598d    0x36  Code  Gb  usart_task.o [1]
USARTTask_ReadInit       0x800'59c3     0x4  Code  Gb  usart_task.o [1]
USARTTask_TimeOVFTask    0x800'59cb     0x6  Code  Gb  usart_task.o [1]
USART_485GPIOInit        0x800'239b    0x20  Code  Gb  usart_cfg.o [1]
USART_CRCTask_Read       0x800'285d   0x16c  Code  Gb  usart_cfg.o [1]
USART_CRCTask_Write      0x800'29c9    0xe8  Code  Gb  usart_cfg.o [1]
USART_ClearOVF           0x800'2b41    0x16  Code  Gb  usart_cfg.o [1]
USART_Clock              0x800'2d01    0xa4  Code  Gb  usart_cfg.o [1]
USART_DeviceID           0x800'2bbf    0x1a  Code  Gb  usart_cfg.o [1]
USART_FillMode_AddByte   0x800'2837    0x1c  Code  Gb  usart_cfg.o [1]
USART_FillMode_Init      0x800'27b9    0x7e  Code  Gb  usart_cfg.o [1]
USART_FillMode_SetResultFlag
                         0x800'2853     0xa  Code  Gb  usart_cfg.o [1]
USART_FillMode_WriteSTART
                         0x800'2ab1    0x90  Code  Gb  usart_cfg.o [1]
USART_GPIOInit           0x800'2373    0x28  Code  Gb  usart_cfg.o [1]
USART_GetReadState       0x800'2b57     0x6  Code  Gb  usart_cfg.o [1]
USART_IRQTask            0x800'2ed1   0x12e  Code  Gb  usart_cfg.o [1]
USART_ITPrintf_TCTask    0x800'2c99    0x34  Code  Gb  usart_cfg.o [1]
USART_ITRead_16BitsTask
                         0x800'25f1    0xde  Code  Gb  usart_cfg.o [1]
USART_ITRead_16BitsTask::tempVal
                        0x2000'2f11     0x1  Data  Lc  usart_cfg.o [1]
USART_ITRead_8BitsTask   0x800'253d    0xb2  Code  Gb  usart_cfg.o [1]
USART_ITRead_8BitsTask::tempVal
                        0x2000'2f10     0x1  Data  Lc  usart_cfg.o [1]
USART_ITRead_Task        0x800'26e9     0xc  Code  Gb  usart_cfg.o [1]
USART_ITWrite_TCTask     0x800'2765    0x54  Code  Gb  usart_cfg.o [1]
USART_ITWrite_TXETask    0x800'26f5    0x70  Code  Gb  usart_cfg.o [1]
USART_IT_TCTask          0x800'2cd5    0x2c  Code  Gb  usart_cfg.o [1]
USART_Init               0x800'231d    0x56  Code  Gb  usart_cfg.o [1]
USART_ParamInit          0x800'2da5    0x16  Code  Gb  usart_cfg.o [1]
USART_Printf             0x800'2c4b    0x4e  Code  Gb  usart_cfg.o [1]
USART_PrintfResume       0x800'2c35    0x16  Code  Gb  usart_cfg.o [1]
USART_PrintfSuspend      0x800'2bd9    0x5c  Code  Gb  usart_cfg.o [1]
USART_ReadInit           0x800'2b5d    0x2c  Code  Gb  usart_cfg.o [1]
USART_StructInit         0x800'22b1    0x6c  Code  Gb  usart_cfg.o [1]
USART_TimeOVFTask        0x800'2471    0x8c  Code  Gb  usart_cfg.o [1]
USART_TimeTick_Init      0x800'23bb    0x26  Code  Gb  usart_cfg.o [1]
USART_TimeTick_OVF       0x800'23e1    0x8c  Code  Gb  usart_cfg.o [1]
USART_WriteInit          0x800'2b89    0x36  Code  Gb  usart_cfg.o [1]
UsageFault_Handler       0x800'6853     0x2  Code  Gb  stm32f4xx_it.o [1]
WWDG_IRQHandler          0x800'685f     0x4  Code  Gb  stm32f4xx_it.o [1]
_Encoding_8859_1_Mbrlen
                         0x800'13d1     0x2  Code  Gb  xencoding_8859_1.o [2]
_Encoding_8859_1_Wctomb
                         0x800'13bf    0x12  Code  Gb  xencoding_8859_1.o [2]
_Error_Handler           0x800'5e3d     0x2  Code  Gb  stm32_cfg.o [1]
_LitobFull               0x800'109b   0x10a  Code  Lc  xprintffull.o [2]
_Locale_lconv           0x2000'0048    0x38  Data  Lc  xlocale_c.o [2]
_PrintfFull              0x800'0189   0xcc4  Code  Gb  xprintffull.o [2]
_PutcharsFull            0x800'120d    0x2e  Code  Lc  xprintffull.o [2]
_PutstrFull              0x800'0fdb    0xc0  Code  Lc  xprintffull.o [2]
_PuttxtFull              0x800'0ecf   0x10c  Code  Lc  xprintffull.o [2]
_SNProut                 0x800'14db    0x1a  Code  Gb  xsnprout.o [2]
__NVIC_EnableIRQ         0x800'5f9b    0x16  Code  Lc  random_cfg.o [1]
__NVIC_EnableIRQ         0x800'2045    0x18  Code  Lc  usart_cfg.o [1]
__NVIC_GetPriorityGrouping
                         0x800'5a83     0xa  Code  Lc  main.o [1]
__NVIC_GetPriorityGrouping
                         0x800'5f91     0xa  Code  Lc  random_cfg.o [1]
__NVIC_GetPriorityGrouping
                         0x800'4617     0xc  Code  Lc  systick_cfg.o [1]
__NVIC_GetPriorityGrouping
                         0x800'2039     0xc  Code  Lc  usart_cfg.o [1]
__NVIC_SetPriority       0x800'5a8d    0x1a  Code  Lc  main.o [1]
__NVIC_SetPriority       0x800'5fb1    0x1a  Code  Lc  random_cfg.o [1]
__NVIC_SetPriority       0x800'4623    0x1e  Code  Lc  systick_cfg.o [1]
__NVIC_SetPriority       0x800'205d    0x1e  Code  Lc  usart_cfg.o [1]
__NVIC_SetPriorityGrouping
                         0x800'5a65    0x1e  Code  Lc  main.o [1]
__NVIC_SetPriorityGrouping
                         0x800'45f9    0x1e  Code  Lc  systick_cfg.o [1]
__aeabi_cdcmple          0x800'1565          Code  Gb  DblCmpLe.o [3]
__aeabi_cdrcmple         0x800'1595          Code  Gb  DblCmpGe.o [3]
__aeabi_d2iz             0x800'1701          Code  Gb  DblToS32.o [3]
__aeabi_d2uiz            0x800'1a8d          Code  Gb  DblToU32.o [3]
__aeabi_ddiv             0x800'1845          Code  Gb  DblDiv.o [3]
__aeabi_dmul             0x800'1ad1          Code  Gb  DblMul.o [3]
__aeabi_dsub             0x800'1761          Code  Gb  DblSub.o [3]
__aeabi_i2d              0x800'173d          Code  Gb  S32ToDbl.o [3]
__aeabi_ldiv0            0x800'2021          Code  Gb  I64DivZer.o [4]
__aeabi_memcpy           0x800'1435          Code  Gb  ABImemcpy.o [4]
__aeabi_memcpy4          0x800'1455          Code  Gb  ABImemcpy.o [4]
__aeabi_memcpy8          0x800'1455          Code  Gb  ABImemcpy.o [4]
__aeabi_memset           0x800'4575          Code  Gb  ABImemset.o [4]
__aeabi_memset4          0x800'3099          Code  Gb  ABImemset48.o [4]
__aeabi_memset8          0x800'3099          Code  Gb  ABImemset48.o [4]
__aeabi_ui2d             0x800'1ab5          Code  Gb  U32ToDbl.o [3]
__aeabi_uldivmod         0x800'1c7d          Code  Gb  I64DivMod.o [4]
__cmain                  0x800'6a35          Code  Gb  cmain.o [4]
__exit                   0x800'2025    0x14  Code  Gb  exit.o [5]
__iar_Fail_s             0x800'1349    0x1c  Code  Gb  xfail_s.o [2]
__iar_Mbcurmax           0x800'1c73     0xa  Code  Gb  xmbcurmax.o [2]
__iar_Memchr             0x800'13dd          Code  Gb  memchr.o [4]
__iar_Memset             0x800'4575          Code  Gb  ABImemset.o [4]
__iar_Memset4_word       0x800'30a1          Code  Gb  ABImemset48.o [4]
__iar_Memset8_word       0x800'30a1          Code  Gb  ABImemset48.o [4]
__iar_Memset_word        0x800'457d          Code  Gb  ABImemset.o [4]
__iar_Strchr             0x800'1305          Code  Gb  strchr.o [4]
__iar_copy_init3         0x800'131b    0x2e  Code  Gb  copy_init3.o [4]
__iar_dadd               0x800'1771          Code  Gb  DblSub.o [3]
__iar_data_init3         0x800'69c5    0x28  Code  Gb  data_init.o [4]
__iar_dsub               0x800'1eb5          Code  Gb  DblAdd.o [3]
__iar_dsubStart          0x800'1ec7          Code  Gb  DblAdd.o [3]
__iar_frexp              0x800'1501          Code  Gb  frexp.o [3]
__iar_frexpl             0x800'1501          Code  Gb  frexp.o [3]
__iar_globLocale        0x2000'0000    0x48  Data  Lc  xlocale_c.o [2]
__iar_global_Locale      0x800'1289     0x4  Code  Gb  xlocale_c.o [2]
__iar_init_vfp           0x800'69ed          Code  Gb  fpinit_M.o [3]
__iar_ldexp64            0x800'15c5          Code  Gb  ldexp.o [3]
__iar_program_start      0x800'6a89          Code  Gb  cstartup_M.o [4]
__iar_scalbln64          0x800'15c5          Code  Gb  ldexp.o [3]
__iar_scalbn64           0x800'15c5          Code  Gb  ldexp.o [3]
__iar_softfp___iar_frexp64
                         0x800'14f5          Code  Gb  frexp.o [3]
__iar_softfp_frexp       0x800'14f5          Code  Gb  frexp.o [3]
__iar_softfp_frexpl      0x800'14f5          Code  Gb  frexp.o [3]
__iar_zero_init3         0x800'124f    0x3a  Code  Gb  zero_init3.o [4]
__low_level_init         0x800'6a53     0x4  Code  Gb  low_level_init.o [2]
__vector_table           0x800'0000          Data  Gb  startup_stm32f407xx.o [1]
_call_main               0x800'6a41          Code  Gb  cmain.o [4]
_exit                    0x800'6a5d          Code  Gb  cexit.o [4]
_gLocale_mblen           0x800'12f1     0x4  Code  Gb  xlocale_c.o [2]
_gLocale_mblenInt        0x800'12b5    0x2c  Code  Gb  xlocale_c.o [2]
_gLocale_wctomb          0x800'12f5     0x4  Code  Gb  xlocale_c.o [2]
_gLocale_wctombInt       0x800'12ed     0x4  Code  Gb  xlocale_c.o [2]
_main                    0x800'6a4f          Code  Gb  cmain.o [4]
abort                    0x800'1ead     0x6  Code  Gb  abort.o [2]
crc16Table               0x800'6428   0x200  Data  Gb  crc_cfg.o [1]
crc8Table07              0x800'6628   0x100  Data  Gb  crc_cfg.o [1]
crc8Table31              0x800'6728   0x100  Data  Gb  crc_cfg.o [1]
exit                     0x800'6a57     0x4  Code  Gb  exit.o [2]
g_CRCIsEnable           0x2000'00b4     0x1  Data  Gb  crc_cfg.o [1]
g_HASH_RNG_Val          0x2000'2f08     0x4  Data  Gb  random_cfg.o [1]
g_HardFaultErrMsg       0x2000'2ecc    0x20  Data  Gb  stm32_cfg.o [1]
g_ISPDevice0            0x2000'2d38    0x78  Data  Gb  isp_cfg.o [1]
g_MemMap                0x2000'28b8   0x280  Data  Gb  my_malloc.o [1]
g_MemPool               0x2000'00b8  0x2800  Data  Gb  my_malloc.o [1]
g_MyaMallcoDev          0x2000'0080    0x14  Data  Gb  my_malloc.o [1]
g_PrintfBuffer          0x2000'2b38   0x200  Data  Gb  usart_cfg.o [1]
g_SysSoftRTC            0x2000'2eec    0x18  Data  Gb  rtc_cfg.o [1]
g_SysTick               0x2000'2ea8    0x24  Data  Gb  systick_cfg.o [1]
g_USART1                0x2000'2db0    0x70  Data  Gb  usart_cfg.o [1]
ldexp                    0x800'15c5          Code  Gb  ldexp.o [3]
ldexpl                   0x800'15c5          Code  Gb  ldexp.o [3]
localeconv               0x800'12f9     0x4  Code  Gb  xlocale_c.o [2]
main                     0x800'5dc3    0x18  Code  Gb  main.o [1]
memchr                   0x800'13dd          Code  Gb  memchr.o [4]
pISPDevice0             0x2000'00a0     0x4  Data  Gb  isp_cfg.o [1]
pSysSoftRTC             0x2000'00a4     0x4  Data  Gb  rtc_cfg.o [1]
pSysTick                0x2000'00ac     0x4  Data  Gb  systick_cfg.o [1]
pUSART1                 0x2000'00b0     0x4  Data  Gb  usart_cfg.o [1]
scalbln                  0x800'15c5          Code  Gb  ldexp.o [3]
scalblnl                 0x800'15c5          Code  Gb  ldexp.o [3]
scalbn                   0x800'15c5          Code  Gb  ldexp.o [3]
scalbnl                  0x800'15c5          Code  Gb  ldexp.o [3]
scale                    0x800'11a5    0x46  Code  Lc  xprintffull.o [2]
sec_hand                0x2000'2f0c     0x4  Data  Lc  xfail_s.o [2]
strchr                   0x800'1305          Code  Gb  strchr.o [4]
strlen                   0x800'1389          Code  Gb  strlen.o [4]
uwTick                  0x2000'0098     0x4  Data  Gb  stm32f4xx_hal.o [1]
uwTickFreq              0x2000'0094     0x1  Data  Gb  stm32f4xx_hal.o [1]
uwTickPrio              0x2000'009c     0x4  Data  Gb  stm32f4xx_hal.o [1]
vsnprintf                0x800'3055    0x3c  Code  Gb  vsnprint.o [2]


[1] = H:\STM32_MCU\STM32F407\STM32F407VET6\STM32F407VET6Project\EWARM\STM32F407VET6Project\Obj
[2] = dl7M_tlf.a
[3] = m7M_tls.a
[4] = rt7M_tl.a
[5] = shb_l.a

  26'453 bytes of readonly  code memory
   1'343 bytes of readonly  data memory
  20'239 bytes of readwrite data memory

Errors: none
Warnings: none
