###############################################################################
#
# IAR ELF Linker V8.40.1.212/W32 for ARM                  06/Jan/2020  20:49:40
# Copyright 2007-2019 IAR Systems AB.
#
#    Output file  =
#        I:\STM32Project\NewProject\STM32F407\STM32F407VET6\STM32F407VET6Project\EWARM\STM32F407VET6Project\Exe\STM32F407VET6Project.out
#    Map file     =
#        I:\STM32Project\NewProject\STM32F407\STM32F407VET6\STM32F407VET6Project\EWARM\STM32F407VET6Project\List\STM32F407VET6Project.map
#    Command line =
#        -f C:\Users\Admin\AppData\Local\Temp\EWCE3.tmp
#        (I:\STM32Project\NewProject\STM32F407\STM32F407VET6\STM32F407VET6Project\EWARM\STM32F407VET6Project\Obj\ad5593_cfg.o
#        I:\STM32Project\NewProject\STM32F407\STM32F407VET6\STM32F407VET6Project\EWARM\STM32F407VET6Project\Obj\ad5593_lib.o
#        I:\STM32Project\NewProject\STM32F407\STM32F407VET6\STM32F407VET6Project\EWARM\STM32F407VET6Project\Obj\ad5593_task.o
#        I:\STM32Project\NewProject\STM32F407\STM32F407VET6\STM32F407VET6Project\EWARM\STM32F407VET6Project\Obj\adc_cfg.o
#        I:\STM32Project\NewProject\STM32F407\STM32F407VET6\STM32F407VET6Project\EWARM\STM32F407VET6Project\Obj\adc_lib.o
#        I:\STM32Project\NewProject\STM32F407\STM32F407VET6\STM32F407VET6Project\EWARM\STM32F407VET6Project\Obj\adc_task.o
#        I:\STM32Project\NewProject\STM32F407\STM32F407VET6\STM32F407VET6Project\EWARM\STM32F407VET6Project\Obj\ads1256_cfg.o
#        I:\STM32Project\NewProject\STM32F407\STM32F407VET6\STM32F407VET6Project\EWARM\STM32F407VET6Project\Obj\ads1256_lib.o
#        I:\STM32Project\NewProject\STM32F407\STM32F407VET6\STM32F407VET6Project\EWARM\STM32F407VET6Project\Obj\ads1256_task.o
#        I:\STM32Project\NewProject\STM32F407\STM32F407VET6\STM32F407VET6Project\EWARM\STM32F407VET6Project\Obj\ads868x_cfg.o
#        I:\STM32Project\NewProject\STM32F407\STM32F407VET6\STM32F407VET6Project\EWARM\STM32F407VET6Project\Obj\ads868x_lib.o
#        I:\STM32Project\NewProject\STM32F407\STM32F407VET6\STM32F407VET6Project\EWARM\STM32F407VET6Project\Obj\ads868x_task.o
#        I:\STM32Project\NewProject\STM32F407\STM32F407VET6\STM32F407VET6Project\EWARM\STM32F407VET6Project\Obj\ads869x_cfg.o
#        I:\STM32Project\NewProject\STM32F407\STM32F407VET6\STM32F407VET6Project\EWARM\STM32F407VET6Project\Obj\ads869x_lib.o
#        I:\STM32Project\NewProject\STM32F407\STM32F407VET6\STM32F407VET6Project\EWARM\STM32F407VET6Project\Obj\ads869x_task.o
#        I:\STM32Project\NewProject\STM32F407\STM32F407VET6\STM32F407VET6Project\EWARM\STM32F407VET6Project\Obj\aht10_cfg.o
#        I:\STM32Project\NewProject\STM32F407\STM32F407VET6\STM32F407VET6Project\EWARM\STM32F407VET6Project\Obj\aht10_lib.o
#        I:\STM32Project\NewProject\STM32F407\STM32F407VET6\STM32F407VET6Project\EWARM\STM32F407VET6Project\Obj\aht10_task.o
#        I:\STM32Project\NewProject\STM32F407\STM32F407VET6\STM32F407VET6Project\EWARM\STM32F407VET6Project\Obj\at24cxx_cfg.o
#        I:\STM32Project\NewProject\STM32F407\STM32F407VET6\STM32F407VET6Project\EWARM\STM32F407VET6Project\Obj\at24cxx_lib.o
#        I:\STM32Project\NewProject\STM32F407\STM32F407VET6\STM32F407VET6Project\EWARM\STM32F407VET6Project\Obj\at24cxx_task.o
#        I:\STM32Project\NewProject\STM32F407\STM32F407VET6\STM32F407VET6Project\EWARM\STM32F407VET6Project\Obj\bkp_cfg.o
#        I:\STM32Project\NewProject\STM32F407\STM32F407VET6\STM32F407VET6Project\EWARM\STM32F407VET6Project\Obj\bkp_lib.o
#        I:\STM32Project\NewProject\STM32F407\STM32F407VET6\STM32F407VET6Project\EWARM\STM32F407VET6Project\Obj\bkp_task.o
#        I:\STM32Project\NewProject\STM32F407\STM32F407VET6\STM32F407VET6Project\EWARM\STM32F407VET6Project\Obj\complier_cfg.o
#        I:\STM32Project\NewProject\STM32F407\STM32F407VET6\STM32F407VET6Project\EWARM\STM32F407VET6Project\Obj\complier_lib.o
#        I:\STM32Project\NewProject\STM32F407\STM32F407VET6\STM32F407VET6Project\EWARM\STM32F407VET6Project\Obj\crc_cfg.o
#        I:\STM32Project\NewProject\STM32F407\STM32F407VET6\STM32F407VET6Project\EWARM\STM32F407VET6Project\Obj\crc_lib.o
#        I:\STM32Project\NewProject\STM32F407\STM32F407VET6\STM32F407VET6Project\EWARM\STM32F407VET6Project\Obj\crc_task.o
#        I:\STM32Project\NewProject\STM32F407\STM32F407VET6\STM32F407VET6Project\EWARM\STM32F407VET6Project\Obj\css_cfg.o
#        I:\STM32Project\NewProject\STM32F407\STM32F407VET6\STM32F407VET6Project\EWARM\STM32F407VET6Project\Obj\css_lib.o
#        I:\STM32Project\NewProject\STM32F407\STM32F407VET6\STM32F407VET6Project\EWARM\STM32F407VET6Project\Obj\css_task.o
#        I:\STM32Project\NewProject\STM32F407\STM32F407VET6\STM32F407VET6Project\EWARM\STM32F407VET6Project\Obj\dac_cfg.o
#        I:\STM32Project\NewProject\STM32F407\STM32F407VET6\STM32F407VET6Project\EWARM\STM32F407VET6Project\Obj\dac_lib.o
#        I:\STM32Project\NewProject\STM32F407\STM32F407VET6\STM32F407VET6Project\EWARM\STM32F407VET6Project\Obj\dac_task.o
#        I:\STM32Project\NewProject\STM32F407\STM32F407VET6\STM32F407VET6Project\EWARM\STM32F407VET6Project\Obj\data_bus.o
#        I:\STM32Project\NewProject\STM32F407\STM32F407VET6\STM32F407VET6Project\EWARM\STM32F407VET6Project\Obj\decode_cfg.o
#        I:\STM32Project\NewProject\STM32F407\STM32F407VET6\STM32F407VET6Project\EWARM\STM32F407VET6Project\Obj\decode_lib.o
#        I:\STM32Project\NewProject\STM32F407\STM32F407VET6\STM32F407VET6Project\EWARM\STM32F407VET6Project\Obj\decode_task.o
#        I:\STM32Project\NewProject\STM32F407\STM32F407VET6\STM32F407VET6Project\EWARM\STM32F407VET6Project\Obj\delay_cfg.o
#        I:\STM32Project\NewProject\STM32F407\STM32F407VET6\STM32F407VET6Project\EWARM\STM32F407VET6Project\Obj\delay_lib.o
#        I:\STM32Project\NewProject\STM32F407\STM32F407VET6\STM32F407VET6Project\EWARM\STM32F407VET6Project\Obj\delay_task.o
#        I:\STM32Project\NewProject\STM32F407\STM32F407VET6\STM32F407VET6Project\EWARM\STM32F407VET6Project\Obj\dht11_cfg.o
#        I:\STM32Project\NewProject\STM32F407\STM32F407VET6\STM32F407VET6Project\EWARM\STM32F407VET6Project\Obj\dht11_lib.o
#        I:\STM32Project\NewProject\STM32F407\STM32F407VET6\STM32F407VET6Project\EWARM\STM32F407VET6Project\Obj\dht11_task.o
#        I:\STM32Project\NewProject\STM32F407\STM32F407VET6\STM32F407VET6Project\EWARM\STM32F407VET6Project\Obj\ds1302_cfg.o
#        I:\STM32Project\NewProject\STM32F407\STM32F407VET6\STM32F407VET6Project\EWARM\STM32F407VET6Project\Obj\ds1302_lib.o
#        I:\STM32Project\NewProject\STM32F407\STM32F407VET6\STM32F407VET6Project\EWARM\STM32F407VET6Project\Obj\ds1302_task.o
#        I:\STM32Project\NewProject\STM32F407\STM32F407VET6\STM32F407VET6Project\EWARM\STM32F407VET6Project\Obj\ds18b20_cfg.o
#        I:\STM32Project\NewProject\STM32F407\STM32F407VET6\STM32F407VET6Project\EWARM\STM32F407VET6Project\Obj\ds18b20_lib.o
#        I:\STM32Project\NewProject\STM32F407\STM32F407VET6\STM32F407VET6Project\EWARM\STM32F407VET6Project\Obj\ds18b20_task.o
#        I:\STM32Project\NewProject\STM32F407\STM32F407VET6\STM32F407VET6Project\EWARM\STM32F407VET6Project\Obj\eeprom_cfg.o
#        I:\STM32Project\NewProject\STM32F407\STM32F407VET6\STM32F407VET6Project\EWARM\STM32F407VET6Project\Obj\eeprom_lib.o
#        I:\STM32Project\NewProject\STM32F407\STM32F407VET6\STM32F407VET6Project\EWARM\STM32F407VET6Project\Obj\eeprom_task.o
#        I:\STM32Project\NewProject\STM32F407\STM32F407VET6\STM32F407VET6Project\EWARM\STM32F407VET6Project\Obj\enc28j60_cfg.o
#        I:\STM32Project\NewProject\STM32F407\STM32F407VET6\STM32F407VET6Project\EWARM\STM32F407VET6Project\Obj\enc28j60_lib.o
#        I:\STM32Project\NewProject\STM32F407\STM32F407VET6\STM32F407VET6Project\EWARM\STM32F407VET6Project\Obj\enc28j60_task.o
#        I:\STM32Project\NewProject\STM32F407\STM32F407VET6\STM32F407VET6Project\EWARM\STM32F407VET6Project\Obj\flash_cfg.o
#        I:\STM32Project\NewProject\STM32F407\STM32F407VET6\STM32F407VET6Project\EWARM\STM32F407VET6Project\Obj\flash_lib.o
#        I:\STM32Project\NewProject\STM32F407\STM32F407VET6\STM32F407VET6Project\EWARM\STM32F407VET6Project\Obj\flash_task.o
#        I:\STM32Project\NewProject\STM32F407\STM32F407VET6\STM32F407VET6Project\EWARM\STM32F407VET6Project\Obj\gpio_cfg.o
#        I:\STM32Project\NewProject\STM32F407\STM32F407VET6\STM32F407VET6Project\EWARM\STM32F407VET6Project\Obj\gpio_lib.o
#        I:\STM32Project\NewProject\STM32F407\STM32F407VET6\STM32F407VET6Project\EWARM\STM32F407VET6Project\Obj\gpio_task.o
#        I:\STM32Project\NewProject\STM32F407\STM32F407VET6\STM32F407VET6Project\EWARM\STM32F407VET6Project\Obj\hmc830_cfg.o
#        I:\STM32Project\NewProject\STM32F407\STM32F407VET6\STM32F407VET6Project\EWARM\STM32F407VET6Project\Obj\hmc830_lib.o
#        I:\STM32Project\NewProject\STM32F407\STM32F407VET6\STM32F407VET6Project\EWARM\STM32F407VET6Project\Obj\hmc830_task.o
#        I:\STM32Project\NewProject\STM32F407\STM32F407VET6\STM32F407VET6Project\EWARM\STM32F407VET6Project\Obj\hvpp_cfg.o
#        I:\STM32Project\NewProject\STM32F407\STM32F407VET6\STM32F407VET6Project\EWARM\STM32F407VET6Project\Obj\hvpp_lib.o
#        I:\STM32Project\NewProject\STM32F407\STM32F407VET6\STM32F407VET6Project\EWARM\STM32F407VET6Project\Obj\hvpp_task.o
#        I:\STM32Project\NewProject\STM32F407\STM32F407VET6\STM32F407VET6Project\EWARM\STM32F407VET6Project\Obj\hvsp_cfg.o
#        I:\STM32Project\NewProject\STM32F407\STM32F407VET6\STM32F407VET6Project\EWARM\STM32F407VET6Project\Obj\hvsp_lib.o
#        I:\STM32Project\NewProject\STM32F407\STM32F407VET6\STM32F407VET6Project\EWARM\STM32F407VET6Project\Obj\hvsp_task.o
#        I:\STM32Project\NewProject\STM32F407\STM32F407VET6\STM32F407VET6Project\EWARM\STM32F407VET6Project\Obj\hw_cfg.o
#        I:\STM32Project\NewProject\STM32F407\STM32F407VET6\STM32F407VET6Project\EWARM\STM32F407VET6Project\Obj\i2c_cfg.o
#        I:\STM32Project\NewProject\STM32F407\STM32F407VET6\STM32F407VET6Project\EWARM\STM32F407VET6Project\Obj\i2c_lib.o
#        I:\STM32Project\NewProject\STM32F407\STM32F407VET6\STM32F407VET6Project\EWARM\STM32F407VET6Project\Obj\i2c_task.o
#        I:\STM32Project\NewProject\STM32F407\STM32F407VET6\STM32F407VET6Project\EWARM\STM32F407VET6Project\Obj\iap_cfg.o
#        I:\STM32Project\NewProject\STM32F407\STM32F407VET6\STM32F407VET6Project\EWARM\STM32F407VET6Project\Obj\iap_lib.o
#        I:\STM32Project\NewProject\STM32F407\STM32F407VET6\STM32F407VET6Project\EWARM\STM32F407VET6Project\Obj\iap_task.o
#        I:\STM32Project\NewProject\STM32F407\STM32F407VET6\STM32F407VET6Project\EWARM\STM32F407VET6Project\Obj\ina226_cfg.o
#        I:\STM32Project\NewProject\STM32F407\STM32F407VET6\STM32F407VET6Project\EWARM\STM32F407VET6Project\Obj\ina226_lib.o
#        I:\STM32Project\NewProject\STM32F407\STM32F407VET6\STM32F407VET6Project\EWARM\STM32F407VET6Project\Obj\ina226_task.o
#        I:\STM32Project\NewProject\STM32F407\STM32F407VET6\STM32F407VET6Project\EWARM\STM32F407VET6Project\Obj\isp_cfg.o
#        I:\STM32Project\NewProject\STM32F407\STM32F407VET6\STM32F407VET6Project\EWARM\STM32F407VET6Project\Obj\isp_lib.o
#        I:\STM32Project\NewProject\STM32F407\STM32F407VET6\STM32F407VET6Project\EWARM\STM32F407VET6Project\Obj\isp_task.o
#        I:\STM32Project\NewProject\STM32F407\STM32F407VET6\STM32F407VET6Project\EWARM\STM32F407VET6Project\Obj\iwdg_cfg.o
#        I:\STM32Project\NewProject\STM32F407\STM32F407VET6\STM32F407VET6Project\EWARM\STM32F407VET6Project\Obj\iwdg_lib.o
#        I:\STM32Project\NewProject\STM32F407\STM32F407VET6\STM32F407VET6Project\EWARM\STM32F407VET6Project\Obj\iwdg_task.o
#        I:\STM32Project\NewProject\STM32F407\STM32F407VET6\STM32F407VET6Project\EWARM\STM32F407VET6Project\Obj\jtag_cfg.o
#        I:\STM32Project\NewProject\STM32F407\STM32F407VET6\STM32F407VET6Project\EWARM\STM32F407VET6Project\Obj\jtag_lib.o
#        I:\STM32Project\NewProject\STM32F407\STM32F407VET6\STM32F407VET6Project\EWARM\STM32F407VET6Project\Obj\jtag_task.o
#        I:\STM32Project\NewProject\STM32F407\STM32F407VET6\STM32F407VET6Project\EWARM\STM32F407VET6Project\Obj\kalman_filter.o
#        I:\STM32Project\NewProject\STM32F407\STM32F407VET6\STM32F407VET6Project\EWARM\STM32F407VET6Project\Obj\key_cfg.o
#        I:\STM32Project\NewProject\STM32F407\STM32F407VET6\STM32F407VET6Project\EWARM\STM32F407VET6Project\Obj\key_lib.o
#        I:\STM32Project\NewProject\STM32F407\STM32F407VET6\STM32F407VET6Project\EWARM\STM32F407VET6Project\Obj\key_task.o
#        I:\STM32Project\NewProject\STM32F407\STM32F407VET6\STM32F407VET6Project\EWARM\STM32F407VET6Project\Obj\lcd1602_cfg.o
#        I:\STM32Project\NewProject\STM32F407\STM32F407VET6\STM32F407VET6Project\EWARM\STM32F407VET6Project\Obj\lcd1602_lib.o
#        I:\STM32Project\NewProject\STM32F407\STM32F407VET6\STM32F407VET6Project\EWARM\STM32F407VET6Project\Obj\lcd1602_task.o
#        I:\STM32Project\NewProject\STM32F407\STM32F407VET6\STM32F407VET6Project\EWARM\STM32F407VET6Project\Obj\led_cfg.o
#        I:\STM32Project\NewProject\STM32F407\STM32F407VET6\STM32F407VET6Project\EWARM\STM32F407VET6Project\Obj\led_lib.o
#        I:\STM32Project\NewProject\STM32F407\STM32F407VET6\STM32F407VET6Project\EWARM\STM32F407VET6Project\Obj\led_task.o
#        I:\STM32Project\NewProject\STM32F407\STM32F407VET6\STM32F407VET6Project\EWARM\STM32F407VET6Project\Obj\lin_cfg.o
#        I:\STM32Project\NewProject\STM32F407\STM32F407VET6\STM32F407VET6Project\EWARM\STM32F407VET6Project\Obj\lin_lib.o
#        I:\STM32Project\NewProject\STM32F407\STM32F407VET6\STM32F407VET6Project\EWARM\STM32F407VET6Project\Obj\lin_task.o
#        I:\STM32Project\NewProject\STM32F407\STM32F407VET6\STM32F407VET6Project\EWARM\STM32F407VET6Project\Obj\main.o
#        I:\STM32Project\NewProject\STM32F407\STM32F407VET6\STM32F407VET6Project\EWARM\STM32F407VET6Project\Obj\max961x_cfg.o
#        I:\STM32Project\NewProject\STM32F407\STM32F407VET6\STM32F407VET6Project\EWARM\STM32F407VET6Project\Obj\max961x_lib.o
#        I:\STM32Project\NewProject\STM32F407\STM32F407VET6\STM32F407VET6Project\EWARM\STM32F407VET6Project\Obj\max961x_task.o
#        I:\STM32Project\NewProject\STM32F407\STM32F407VET6\STM32F407VET6Project\EWARM\STM32F407VET6Project\Obj\mco_cfg.o
#        I:\STM32Project\NewProject\STM32F407\STM32F407VET6\STM32F407VET6Project\EWARM\STM32F407VET6Project\Obj\mobus_slave_cfg.o
#        I:\STM32Project\NewProject\STM32F407\STM32F407VET6\STM32F407VET6Project\EWARM\STM32F407VET6Project\Obj\mobus_slave_lib.o
#        I:\STM32Project\NewProject\STM32F407\STM32F407VET6\STM32F407VET6Project\EWARM\STM32F407VET6Project\Obj\mobus_slave_task.o
#        I:\STM32Project\NewProject\STM32F407\STM32F407VET6\STM32F407VET6Project\EWARM\STM32F407VET6Project\Obj\modbus_master_cfg.o
#        I:\STM32Project\NewProject\STM32F407\STM32F407VET6\STM32F407VET6Project\EWARM\STM32F407VET6Project\Obj\modbus_master_lib.o
#        I:\STM32Project\NewProject\STM32F407\STM32F407VET6\STM32F407VET6Project\EWARM\STM32F407VET6Project\Obj\modbus_master_task.o
#        I:\STM32Project\NewProject\STM32F407\STM32F407VET6\STM32F407VET6Project\EWARM\STM32F407VET6Project\Obj\my_malloc.o
#        I:\STM32Project\NewProject\STM32F407\STM32F407VET6\STM32F407VET6Project\EWARM\STM32F407VET6Project\Obj\nrf2401_cfg.o
#        I:\STM32Project\NewProject\STM32F407\STM32F407VET6\STM32F407VET6Project\EWARM\STM32F407VET6Project\Obj\nrf2401_lib.o
#        I:\STM32Project\NewProject\STM32F407\STM32F407VET6\STM32F407VET6Project\EWARM\STM32F407VET6Project\Obj\nrf2401_task.o
#        I:\STM32Project\NewProject\STM32F407\STM32F407VET6\STM32F407VET6Project\EWARM\STM32F407VET6Project\Obj\oled_cfg.o
#        I:\STM32Project\NewProject\STM32F407\STM32F407VET6\STM32F407VET6Project\EWARM\STM32F407VET6Project\Obj\oled_lib.o
#        I:\STM32Project\NewProject\STM32F407\STM32F407VET6\STM32F407VET6Project\EWARM\STM32F407VET6Project\Obj\oled_task.o
#        I:\STM32Project\NewProject\STM32F407\STM32F407VET6\STM32F407VET6Project\EWARM\STM32F407VET6Project\Obj\one_wire_cfg.o
#        I:\STM32Project\NewProject\STM32F407\STM32F407VET6\STM32F407VET6Project\EWARM\STM32F407VET6Project\Obj\one_wire_lib.o
#        I:\STM32Project\NewProject\STM32F407\STM32F407VET6\STM32F407VET6Project\EWARM\STM32F407VET6Project\Obj\one_wire_task.o
#        I:\STM32Project\NewProject\STM32F407\STM32F407VET6\STM32F407VET6Project\EWARM\STM32F407VET6Project\Obj\pcf8563_cfg.o
#        I:\STM32Project\NewProject\STM32F407\STM32F407VET6\STM32F407VET6Project\EWARM\STM32F407VET6Project\Obj\pcf8563_lib.o
#        I:\STM32Project\NewProject\STM32F407\STM32F407VET6\STM32F407VET6Project\EWARM\STM32F407VET6Project\Obj\pcf8563_task.o
#        I:\STM32Project\NewProject\STM32F407\STM32F407VET6\STM32F407VET6Project\EWARM\STM32F407VET6Project\Obj\pid_cfg.o
#        I:\STM32Project\NewProject\STM32F407\STM32F407VET6\STM32F407VET6Project\EWARM\STM32F407VET6Project\Obj\pid_lib.o
#        I:\STM32Project\NewProject\STM32F407\STM32F407VET6\STM32F407VET6Project\EWARM\STM32F407VET6Project\Obj\pid_task.o
#        I:\STM32Project\NewProject\STM32F407\STM32F407VET6\STM32F407VET6Project\EWARM\STM32F407VET6Project\Obj\power_cfg.o
#        I:\STM32Project\NewProject\STM32F407\STM32F407VET6\STM32F407VET6Project\EWARM\STM32F407VET6Project\Obj\power_lib.o
#        I:\STM32Project\NewProject\STM32F407\STM32F407VET6\STM32F407VET6Project\EWARM\STM32F407VET6Project\Obj\power_task.o
#        I:\STM32Project\NewProject\STM32F407\STM32F407VET6\STM32F407VET6Project\EWARM\STM32F407VET6Project\Obj\pvd_cfg.o
#        I:\STM32Project\NewProject\STM32F407\STM32F407VET6\STM32F407VET6Project\EWARM\STM32F407VET6Project\Obj\pvd_lib.o
#        I:\STM32Project\NewProject\STM32F407\STM32F407VET6\STM32F407VET6Project\EWARM\STM32F407VET6Project\Obj\pvd_task.o
#        I:\STM32Project\NewProject\STM32F407\STM32F407VET6\STM32F407VET6Project\EWARM\STM32F407VET6Project\Obj\random_cfg.o
#        I:\STM32Project\NewProject\STM32F407\STM32F407VET6\STM32F407VET6Project\EWARM\STM32F407VET6Project\Obj\random_lib.o
#        I:\STM32Project\NewProject\STM32F407\STM32F407VET6\STM32F407VET6Project\EWARM\STM32F407VET6Project\Obj\random_task.o
#        I:\STM32Project\NewProject\STM32F407\STM32F407VET6\STM32F407VET6Project\EWARM\STM32F407VET6Project\Obj\rfask_cfg.o
#        I:\STM32Project\NewProject\STM32F407\STM32F407VET6\STM32F407VET6Project\EWARM\STM32F407VET6Project\Obj\rfask_eeprom.o
#        I:\STM32Project\NewProject\STM32F407\STM32F407VET6\STM32F407VET6Project\EWARM\STM32F407VET6Project\Obj\rfask_lib.o
#        I:\STM32Project\NewProject\STM32F407\STM32F407VET6\STM32F407VET6Project\EWARM\STM32F407VET6Project\Obj\rfask_task.o
#        I:\STM32Project\NewProject\STM32F407\STM32F407VET6\STM32F407VET6Project\EWARM\STM32F407VET6Project\Obj\rfaskhw_cfg.o
#        I:\STM32Project\NewProject\STM32F407\STM32F407VET6\STM32F407VET6Project\EWARM\STM32F407VET6Project\Obj\rtc_cfg.o
#        I:\STM32Project\NewProject\STM32F407\STM32F407VET6\STM32F407VET6Project\EWARM\STM32F407VET6Project\Obj\rtc_lib.o
#        I:\STM32Project\NewProject\STM32F407\STM32F407VET6\STM32F407VET6Project\EWARM\STM32F407VET6Project\Obj\rtc_task.o
#        I:\STM32Project\NewProject\STM32F407\STM32F407VET6\STM32F407VET6Project\EWARM\STM32F407VET6Project\Obj\sdio_cfg.o
#        I:\STM32Project\NewProject\STM32F407\STM32F407VET6\STM32F407VET6Project\EWARM\STM32F407VET6Project\Obj\sdio_lib.o
#        I:\STM32Project\NewProject\STM32F407\STM32F407VET6\STM32F407VET6Project\EWARM\STM32F407VET6Project\Obj\sdio_task.o
#        I:\STM32Project\NewProject\STM32F407\STM32F407VET6\STM32F407VET6Project\EWARM\STM32F407VET6Project\Obj\sht2x_cfg.o
#        I:\STM32Project\NewProject\STM32F407\STM32F407VET6\STM32F407VET6Project\EWARM\STM32F407VET6Project\Obj\sht2x_lib.o
#        I:\STM32Project\NewProject\STM32F407\STM32F407VET6\STM32F407VET6Project\EWARM\STM32F407VET6Project\Obj\sht2x_task.o
#        I:\STM32Project\NewProject\STM32F407\STM32F407VET6\STM32F407VET6Project\EWARM\STM32F407VET6Project\Obj\si5351a_cfg.o
#        I:\STM32Project\NewProject\STM32F407\STM32F407VET6\STM32F407VET6Project\EWARM\STM32F407VET6Project\Obj\si5351a_lib.o
#        I:\STM32Project\NewProject\STM32F407\STM32F407VET6\STM32F407VET6Project\EWARM\STM32F407VET6Project\Obj\si5351a_task.o
#        I:\STM32Project\NewProject\STM32F407\STM32F407VET6\STM32F407VET6Project\EWARM\STM32F407VET6Project\Obj\smbus_cfg.o
#        I:\STM32Project\NewProject\STM32F407\STM32F407VET6\STM32F407VET6Project\EWARM\STM32F407VET6Project\Obj\smbus_lib.o
#        I:\STM32Project\NewProject\STM32F407\STM32F407VET6\STM32F407VET6Project\EWARM\STM32F407VET6Project\Obj\smbus_task.o
#        I:\STM32Project\NewProject\STM32F407\STM32F407VET6\STM32F407VET6Project\EWARM\STM32F407VET6Project\Obj\spi_cfg.o
#        I:\STM32Project\NewProject\STM32F407\STM32F407VET6\STM32F407VET6Project\EWARM\STM32F407VET6Project\Obj\spi_lib.o
#        I:\STM32Project\NewProject\STM32F407\STM32F407VET6\STM32F407VET6Project\EWARM\STM32F407VET6Project\Obj\spi_task.o
#        I:\STM32Project\NewProject\STM32F407\STM32F407VET6\STM32F407VET6Project\EWARM\STM32F407VET6Project\Obj\startup_stm32f407xx.o
#        I:\STM32Project\NewProject\STM32F407\STM32F407VET6\STM32F407VET6Project\EWARM\STM32F407VET6Project\Obj\stm32_cfg.o
#        I:\STM32Project\NewProject\STM32F407\STM32F407VET6\STM32F407VET6Project\EWARM\STM32F407VET6Project\Obj\stm32f4xx_hal.o
#        I:\STM32Project\NewProject\STM32F407\STM32F407VET6\STM32F407VET6Project\EWARM\STM32F407VET6Project\Obj\stm32f4xx_hal_cortex.o
#        I:\STM32Project\NewProject\STM32F407\STM32F407VET6\STM32F407VET6Project\EWARM\STM32F407VET6Project\Obj\stm32f4xx_hal_gpio.o
#        I:\STM32Project\NewProject\STM32F407\STM32F407VET6\STM32F407VET6Project\EWARM\STM32F407VET6Project\Obj\stm32f4xx_hal_rcc.o
#        I:\STM32Project\NewProject\STM32F407\STM32F407VET6\STM32F407VET6Project\EWARM\STM32F407VET6Project\Obj\stm32f4xx_it.o
#        I:\STM32Project\NewProject\STM32F407\STM32F407VET6\STM32F407VET6Project\EWARM\STM32F407VET6Project\Obj\stm32f4xx_ll_adc.o
#        I:\STM32Project\NewProject\STM32F407\STM32F407VET6\STM32F407VET6Project\EWARM\STM32F407VET6Project\Obj\stm32f4xx_ll_crc.o
#        I:\STM32Project\NewProject\STM32F407\STM32F407VET6\STM32F407VET6Project\EWARM\STM32F407VET6Project\Obj\stm32f4xx_ll_dac.o
#        I:\STM32Project\NewProject\STM32F407\STM32F407VET6\STM32F407VET6Project\EWARM\STM32F407VET6Project\Obj\stm32f4xx_ll_dma.o
#        I:\STM32Project\NewProject\STM32F407\STM32F407VET6\STM32F407VET6Project\EWARM\STM32F407VET6Project\Obj\stm32f4xx_ll_dma2d.o
#        I:\STM32Project\NewProject\STM32F407\STM32F407VET6\STM32F407VET6Project\EWARM\STM32F407VET6Project\Obj\stm32f4xx_ll_gpio.o
#        I:\STM32Project\NewProject\STM32F407\STM32F407VET6\STM32F407VET6Project\EWARM\STM32F407VET6Project\Obj\stm32f4xx_ll_i2c.o
#        I:\STM32Project\NewProject\STM32F407\STM32F407VET6\STM32F407VET6Project\EWARM\STM32F407VET6Project\Obj\stm32f4xx_ll_pwr.o
#        I:\STM32Project\NewProject\STM32F407\STM32F407VET6\STM32F407VET6Project\EWARM\STM32F407VET6Project\Obj\stm32f4xx_ll_rcc.o
#        I:\STM32Project\NewProject\STM32F407\STM32F407VET6\STM32F407VET6Project\EWARM\STM32F407VET6Project\Obj\stm32f4xx_ll_rng.o
#        I:\STM32Project\NewProject\STM32F407\STM32F407VET6\STM32F407VET6Project\EWARM\STM32F407VET6Project\Obj\stm32f4xx_ll_rtc.o
#        I:\STM32Project\NewProject\STM32F407\STM32F407VET6\STM32F407VET6Project\EWARM\STM32F407VET6Project\Obj\stm32f4xx_ll_spi.o
#        I:\STM32Project\NewProject\STM32F407\STM32F407VET6\STM32F407VET6Project\EWARM\STM32F407VET6Project\Obj\stm32f4xx_ll_tim.o
#        I:\STM32Project\NewProject\STM32F407\STM32F407VET6\STM32F407VET6Project\EWARM\STM32F407VET6Project\Obj\stm32f4xx_ll_usart.o
#        I:\STM32Project\NewProject\STM32F407\STM32F407VET6\STM32F407VET6Project\EWARM\STM32F407VET6Project\Obj\stm32f4xx_ll_utils.o
#        I:\STM32Project\NewProject\STM32F407\STM32F407VET6\STM32F407VET6Project\EWARM\STM32F407VET6Project\Obj\system_stm32f4xx.o
#        I:\STM32Project\NewProject\STM32F407\STM32F407VET6\STM32F407VET6Project\EWARM\STM32F407VET6Project\Obj\systick_cfg.o
#        I:\STM32Project\NewProject\STM32F407\STM32F407VET6\STM32F407VET6Project\EWARM\STM32F407VET6Project\Obj\systick_lib.o
#        I:\STM32Project\NewProject\STM32F407\STM32F407VET6\STM32F407VET6Project\EWARM\STM32F407VET6Project\Obj\systick_task.o
#        I:\STM32Project\NewProject\STM32F407\STM32F407VET6\STM32F407VET6Project\EWARM\STM32F407VET6Project\Obj\task_manage.o
#        I:\STM32Project\NewProject\STM32F407\STM32F407VET6\STM32F407VET6Project\EWARM\STM32F407VET6Project\Obj\timer_cfg.o
#        I:\STM32Project\NewProject\STM32F407\STM32F407VET6\STM32F407VET6Project\EWARM\STM32F407VET6Project\Obj\timer_lib.o
#        I:\STM32Project\NewProject\STM32F407\STM32F407VET6\STM32F407VET6Project\EWARM\STM32F407VET6Project\Obj\timer_task.o
#        I:\STM32Project\NewProject\STM32F407\STM32F407VET6\STM32F407VET6Project\EWARM\STM32F407VET6Project\Obj\usart_cfg.o
#        I:\STM32Project\NewProject\STM32F407\STM32F407VET6\STM32F407VET6Project\EWARM\STM32F407VET6Project\Obj\usart_lib.o
#        I:\STM32Project\NewProject\STM32F407\STM32F407VET6\STM32F407VET6Project\EWARM\STM32F407VET6Project\Obj\usart_task.o
#        I:\STM32Project\NewProject\STM32F407\STM32F407VET6\STM32F407VET6Project\EWARM\STM32F407VET6Project\Obj\w25qxx_cfg.o
#        I:\STM32Project\NewProject\STM32F407\STM32F407VET6\STM32F407VET6Project\EWARM\STM32F407VET6Project\Obj\w25qxx_lib.o
#        I:\STM32Project\NewProject\STM32F407\STM32F407VET6\STM32F407VET6Project\EWARM\STM32F407VET6Project\Obj\w25qxx_task.o
#        I:\STM32Project\NewProject\STM32F407\STM32F407VET6\STM32F407VET6Project\EWARM\STM32F407VET6Project\Obj\w5500_cfg.o
#        I:\STM32Project\NewProject\STM32F407\STM32F407VET6\STM32F407VET6Project\EWARM\STM32F407VET6Project\Obj\w5500_lib.o
#        I:\STM32Project\NewProject\STM32F407\STM32F407VET6\STM32F407VET6Project\EWARM\STM32F407VET6Project\Obj\w5500_task.o
#        I:\STM32Project\NewProject\STM32F407\STM32F407VET6\STM32F407VET6Project\EWARM\STM32F407VET6Project\Obj\wm8510_cfg.o
#        I:\STM32Project\NewProject\STM32F407\STM32F407VET6\STM32F407VET6Project\EWARM\STM32F407VET6Project\Obj\wm8510_lib.o
#        I:\STM32Project\NewProject\STM32F407\STM32F407VET6\STM32F407VET6Project\EWARM\STM32F407VET6Project\Obj\wm8510_task.o
#        I:\STM32Project\NewProject\STM32F407\STM32F407VET6\STM32F407VET6Project\EWARM\STM32F407VET6Project\Obj\wwdg_cfg.o
#        I:\STM32Project\NewProject\STM32F407\STM32F407VET6\STM32F407VET6Project\EWARM\STM32F407VET6Project\Obj\wwdg_lib.o
#        I:\STM32Project\NewProject\STM32F407\STM32F407VET6\STM32F407VET6Project\EWARM\STM32F407VET6Project\Obj\wwdg_task.o
#        --redirect _Printf=_PrintfFull --redirect _Scanf=_ScanfFull
#        --no_out_extension -o
#        I:\STM32Project\NewProject\STM32F407\STM32F407VET6\STM32F407VET6Project\EWARM\STM32F407VET6Project\Exe\STM32F407VET6Project.out
#        --map
#        I:\STM32Project\NewProject\STM32F407\STM32F407VET6\STM32F407VET6Project\EWARM\STM32F407VET6Project\List\STM32F407VET6Project.map
#        --config "D:\Program Files (x86)\IAR Systems\Embedded Workbench
#        8.3\arm\config\linker\ST\stm32f407xE.icf" --semihosting --entry
#        __iar_program_start --vfe --text_out locale)
#
###############################################################################

*******************************************************************************
*** RUNTIME MODEL ATTRIBUTES
***

CppFlavor       = *
__SystemLibrary = DLib
__dlib_version  = 6


*******************************************************************************
*** HEAP SELECTION
***

The basic heap was selected because no calls to memory allocation
functions were found in the application outside of system library
functions, and there are calls to deallocation functions in the
application.


*******************************************************************************
*** PLACEMENT SUMMARY
***

"A0":  place at address 0x800'0000 { ro section .intvec };
"P1":  place in [from 0x800'0000 to 0x807'ffff] { ro };
define block CSTACK with size = 8K, alignment = 8 { };
define block HEAP with size = 8K, alignment = 8 { };
"P4":  place in [from 0x2000'0000 to 0x2001'bfff] |
                [from 0x2001'c000 to 0x2001'ffff] {
          rw, block CSTACK, block HEAP };
initialize by copy { rw };

No sections matched the following patterns:

  ro section application_specific_ro  in "P2"
  section .backup_sram                in "P5"
  section .ccram                      in "P3"


  Section            Kind         Address    Size  Object
  -------            ----         -------    ----  ------
"A0":                                       0x188
  .intvec            ro code   0x800'0000   0x188  startup_stm32f407xx.o [1]
                             - 0x800'0188   0x188

"P1":                                      0x92ac
  .text              ro code   0x800'0188  0x1774  usart_cfg.o [1]
  .text              ro code   0x800'18fc   0x5be  gpio_cfg.o [1]
  .text              ro code   0x800'1eba     0x8  iwdg_task.o [1]
  .text              ro code   0x800'1ec2    0x56  crc_task.o [1]
  .text              ro code   0x800'1f18    0x3c  vsnprint.o [2]
  .text              ro code   0x800'1f54    0x1a  gpio_task.o [1]
  .text              ro code   0x800'1f6e    0x3a  zero_init3.o [4]
  .text              ro code   0x800'1fa8    0x66  ABImemset.o [4]
  .text              ro code   0x800'200e    0x2e  copy_init3.o [4]
  .text              ro code   0x800'203c   0x1a4  stm32f4xx_ll_gpio.o [1]
  .text              ro code   0x800'21e0   0x44c  stm32f4xx_ll_usart.o [1]
  .text              ro code   0x800'262c   0x360  stm32_cfg.o [1]
  .text              ro code   0x800'298c   0x34c  stm32f4xx_ll_dma.o [1]
  .text              ro code   0x800'2cd8     0x8  iwdg_lib.o [1]
  .text              ro code   0x800'2ce0    0x56  crc_lib.o [1]
  .text              ro code   0x800'2d36    0x1e  xencoding_8859_1.o [2]
  .text              ro code   0x800'2d54  0x10c6  xprintffull.o [2]
  .text              ro code   0x800'3e1a    0x1a  gpio_lib.o [1]
  .text              ro code   0x800'3e34   0x230  I64DivMod.o [4]
  .text              ro code   0x800'4064   0x150  stm32f4xx_ll_rcc.o [1]
  .text              ro code   0x800'41b4    0x1c  iwdg_cfg.o [1]
  .text              ro code   0x800'41d0   0x14e  crc_cfg.o [1]
  .text              ro code   0x800'431e    0x1a  xsnprout.o [2]
  .text              ro code   0x800'4338    0x7c  xlocale_c.o [2]
  .text              ro code   0x800'43b4    0x16  strchr.o [4]
  .rodata            const     0x800'43ca     0x2  xlocale_c.o [2]
  .text              ro code   0x800'43cc    0x40  xfail_s.o [2]
  .text              ro code   0x800'440c    0x36  strlen.o [4]
  .rodata            const     0x800'4442     0x2  xlocale_c.o [2]
  .text              ro code   0x800'4444    0x58  memchr.o [4]
  .text              ro code   0x800'449c    0xa6  ABImemcpy.o [4]
  .rodata            const     0x800'4542     0x1  xlocale_c.o [2]
  .text              ro code   0x800'4544    0x70  frexp.o [3]
  .text              ro code   0x800'45b4    0x2e  DblCmpLe.o [3]
  .text              ro code   0x800'45e4    0x2e  DblCmpGe.o [3]
  .text              ro code   0x800'4614   0x13a  ldexp.o [3]
  .text              ro code   0x800'4750    0x3a  DblToS32.o [3]
  .text              ro code   0x800'478c    0x22  S32ToDbl.o [3]
  .text              ro code   0x800'47b0    0xe2  DblSub.o [3]
  .text              ro code   0x800'4894   0x246  DblDiv.o [3]
  .text              ro code   0x800'4adc    0x28  DblToU32.o [3]
  .text              ro code   0x800'4b04    0x1a  U32ToDbl.o [3]
  .text              ro code   0x800'4b20   0x1a2  DblMul.o [3]
  .text              ro code   0x800'4cc2     0xa  xmbcurmax.o [2]
  .text              ro code   0x800'4ccc     0x2  I64DivZer.o [4]
  .text              ro code   0x800'4cd0    0x44  stm32f4xx_ll_crc.o [1]
  .text              ro code   0x800'4d14     0x6  abort.o [2]
  .text              ro code   0x800'4d1c   0x17a  DblAdd.o [3]
  .text              ro code   0x800'4e98    0x14  exit.o [5]
  .text              ro code   0x800'4eac   0xbd0  timer_cfg.o [1]
  .text              ro code   0x800'5a7c   0x2a4  stm32f4xx_ll_tim.o [1]
  .text              ro code   0x800'5d20    0x50  systick_task.o [1]
  .text              ro code   0x800'5d70    0x48  FltToDbl.o [3]
  .text              ro code   0x800'5db8    0x68  DblToFlt.o [3]
  .text              ro code   0x800'5e20    0x50  systick_lib.o [1]
  .text              ro code   0x800'5e70   0x488  systick_cfg.o [1]
  .text              ro code   0x800'62f8   0x618  adc_cfg.o [1]
  .text              ro code   0x800'6910   0x20c  stm32f4xx_ll_adc.o [1]
  .text              ro code   0x800'6b1c    0xe8  complier_lib.o [1]
  .text              ro code   0x800'6c04   0x508  main.o [1]
  .text              ro code   0x800'710c     0xc  stm32f4xx_ll_utils.o [1]
  .text              ro code   0x800'7118    0x74  my_malloc.o [1]
  .text              ro code   0x800'718c    0x28  rtc_task.o [1]
  .text              ro code   0x800'71b4    0x16  random_task.o [1]
  .text              ro code   0x800'71ca    0x16  timer_task.o [1]
  .text              ro code   0x800'71e0    0x18  isp_task.o [1]
  .text              ro code   0x800'71f8    0x1a  wm8510_task.o [1]
  .text              ro code   0x800'7212     0x8  led_task.o [1]
  .text              ro code   0x800'721a    0x26  dac_task.o [1]
  .text              ro code   0x800'7240   0x134  data_bus.o [1]
  .text              ro code   0x800'7374    0x12  power_task.o [1]
  .text              ro code   0x800'7386    0x18  delay_task.o [1]
  .text              ro code   0x800'73a0    0x2c  adc_task.o [1]
  .text              ro code   0x800'73cc   0x258  usart_task.o [1]
  .text              ro code   0x800'7624    0x28  rtc_lib.o [1]
  .text              ro code   0x800'764c    0x16  random_lib.o [1]
  .text              ro code   0x800'7662    0x16  timer_lib.o [1]
  .text              ro code   0x800'7678    0x18  isp_lib.o [1]
  .text              ro code   0x800'7690    0x1a  wm8510_lib.o [1]
  .text              ro code   0x800'76aa     0x8  led_lib.o [1]
  .text              ro code   0x800'76b2    0x26  dac_lib.o [1]
  .text              ro code   0x800'76d8    0x12  power_lib.o [1]
  .text              ro code   0x800'76ea    0x18  delay_lib.o [1]
  .text              ro code   0x800'7702    0x2c  adc_lib.o [1]
  .text              ro code   0x800'772e   0x124  usart_lib.o [1]
  .text              ro code   0x800'7854   0x404  rtc_cfg.o [1]
  .text              ro code   0x800'7c58   0x1b4  random_cfg.o [1]
  .text              ro code   0x800'7e0c   0x194  isp_cfg.o [1]
  .text              ro code   0x800'7fa0   0x27c  wm8510_cfg.o [1]
  .text              ro code   0x800'821c    0x84  led_cfg.o [1]
  .text              ro code   0x800'82a0   0x218  dac_cfg.o [1]
  .text              ro code   0x800'84b8    0xd4  power_cfg.o [1]
  .text              ro code   0x800'858c    0x86  delay_cfg.o [1]
  .text              ro code   0x800'8614    0x2c  stm32f4xx_ll_rng.o [1]
  .text              ro code   0x800'8640    0x56  i2c_task.o [1]
  .text              ro code   0x800'8698    0x94  stm32f4xx_ll_dac.o [1]
  .text              ro code   0x800'872c    0x76  i2c_lib.o [1]
  .text              ro code   0x800'87a4   0x1e0  i2c_cfg.o [1]
  .rodata            const     0x800'8984   0x200  crc_cfg.o [1]
  .text              ro code   0x800'8b84   0x148  stm32f4xx_it.o [1]
  .text              ro code   0x800'8ccc    0x10  css_task.o [1]
  .text              ro code   0x800'8cdc     0x8  pvd_task.o [1]
  .text              ro code   0x800'8ce4    0x10  css_lib.o [1]
  .text              ro code   0x800'8cf4     0x8  pvd_lib.o [1]
  .text              ro code   0x800'8cfc    0xb4  css_cfg.o [1]
  .text              ro code   0x800'8db0     0x2  pvd_cfg.o [1]
  .rodata            const     0x800'8db4   0x100  crc_cfg.o [1]
  .rodata            const     0x800'8eb4   0x100  crc_cfg.o [1]
  .rodata            const     0x800'8fb4    0x60  main.o [1]
  .text              ro code   0x800'9014    0x60  system_stm32f4xx.o [1]
  .text              ro code   0x800'9074    0x28  data_init.o [4]
  .text              ro code   0x800'909c    0x22  fpinit_M.o [3]
  .iar.init_table    const     0x800'90c0    0x24  - Linker created -
  .rodata            const     0x800'90e4    0x20  usart_cfg.o [1]
  .rodata            const     0x800'9104    0x20  usart_cfg.o [1]
  .rodata            const     0x800'9124    0x20  usart_task.o [1]
  .text              ro code   0x800'9144    0x1e  cmain.o [4]
  .text              ro code   0x800'9162     0x4  low_level_init.o [2]
  .text              ro code   0x800'9166     0x4  exit.o [2]
  .text              ro code   0x800'916c     0xa  cexit.o [4]
  .rodata            const     0x800'9178    0x18  main.o [1]
  .rodata            const     0x800'9190    0x18  usart_cfg.o [1]
  .text              ro code   0x800'91a8    0x18  stm32f4xx_hal.o [1]
  .rodata            const     0x800'91c0    0x10  rtc_cfg.o [1]
  .rodata            const     0x800'91d0    0x10  system_stm32f4xx.o [1]
  .text              ro code   0x800'91e0    0x10  startup_stm32f407xx.o [1]
  .rodata            const     0x800'91f0     0xc  rtc_cfg.o [1]
  .rodata            const     0x800'91fc     0xc  rtc_cfg.o [1]
  .text              ro code   0x800'9208     0xc  cstartup_M.o [4]
  .rodata            const     0x800'9214     0x8  adc_cfg.o [1]
  .rodata            const     0x800'921c     0x8  stm32f4xx_it.o [1]
  .rodata            const     0x800'9224     0x8  stm32f4xx_ll_dma.o [1]
  .rodata            const     0x800'922c     0x8  system_stm32f4xx.o [1]
  .rodata            const     0x800'9234     0x8  timer_cfg.o [1]
  .rodata            const     0x800'923c     0x8  timer_cfg.o [1]
  .rodata            const     0x800'9244     0x8  timer_cfg.o [1]
  .rodata            const     0x800'924c     0x8  usart_cfg.o [1]
  .rodata            const     0x800'9254     0x4  my_malloc.o [1]
  .rodata            const     0x800'9258     0x4  my_malloc.o [1]
  .text              ro code   0x800'925c     0x4  startup_stm32f407xx.o [1]
  .text              ro code   0x800'9260     0x4  startup_stm32f407xx.o [1]
  .text              ro code   0x800'9264     0x4  startup_stm32f407xx.o [1]
  .text              ro code   0x800'9268     0x4  startup_stm32f407xx.o [1]
  .text              ro code   0x800'926c     0x4  startup_stm32f407xx.o [1]
  .text              ro code   0x800'9270     0x4  startup_stm32f407xx.o [1]
  .text              ro code   0x800'9274     0x4  startup_stm32f407xx.o [1]
  .text              ro code   0x800'9278     0x4  startup_stm32f407xx.o [1]
  .text              ro code   0x800'927c     0x4  startup_stm32f407xx.o [1]
  .text              ro code   0x800'9280     0x4  startup_stm32f407xx.o [1]
  .text              ro code   0x800'9284     0x4  startup_stm32f407xx.o [1]
  .text              ro code   0x800'9288     0x4  startup_stm32f407xx.o [1]
  .text              ro code   0x800'928c     0x4  startup_stm32f407xx.o [1]
  .text              ro code   0x800'9290     0x4  startup_stm32f407xx.o [1]
  .text              ro code   0x800'9294     0x4  startup_stm32f407xx.o [1]
  .text              ro code   0x800'9298     0x4  startup_stm32f407xx.o [1]
  .text              ro code   0x800'929c     0x4  startup_stm32f407xx.o [1]
  .text              ro code   0x800'92a0     0x4  startup_stm32f407xx.o [1]
  .text              ro code   0x800'92a4     0x4  startup_stm32f407xx.o [1]
  .text              ro code   0x800'92a8     0x4  startup_stm32f407xx.o [1]
  .text              ro code   0x800'92ac     0x4  startup_stm32f407xx.o [1]
  .text              ro code   0x800'92b0     0x4  startup_stm32f407xx.o [1]
  .text              ro code   0x800'92b4     0x4  startup_stm32f407xx.o [1]
  .text              ro code   0x800'92b8     0x4  startup_stm32f407xx.o [1]
  .text              ro code   0x800'92bc     0x4  startup_stm32f407xx.o [1]
  .text              ro code   0x800'92c0     0x4  startup_stm32f407xx.o [1]
  .text              ro code   0x800'92c4     0x4  startup_stm32f407xx.o [1]
  .text              ro code   0x800'92c8     0x4  startup_stm32f407xx.o [1]
  .text              ro code   0x800'92cc     0x4  startup_stm32f407xx.o [1]
  .text              ro code   0x800'92d0     0x4  startup_stm32f407xx.o [1]
  .text              ro code   0x800'92d4     0x4  startup_stm32f407xx.o [1]
  .text              ro code   0x800'92d8     0x4  startup_stm32f407xx.o [1]
  .text              ro code   0x800'92dc     0x4  startup_stm32f407xx.o [1]
  .text              ro code   0x800'92e0     0x4  startup_stm32f407xx.o [1]
  .text              ro code   0x800'92e4     0x4  startup_stm32f407xx.o [1]
  .text              ro code   0x800'92e8     0x4  startup_stm32f407xx.o [1]
  .text              ro code   0x800'92ec     0x4  startup_stm32f407xx.o [1]
  .text              ro code   0x800'92f0     0x4  startup_stm32f407xx.o [1]
  .text              ro code   0x800'92f4     0x4  startup_stm32f407xx.o [1]
  .text              ro code   0x800'92f8     0x4  startup_stm32f407xx.o [1]
  .text              ro code   0x800'92fc     0x4  startup_stm32f407xx.o [1]
  .text              ro code   0x800'9300     0x4  startup_stm32f407xx.o [1]
  .text              ro code   0x800'9304     0x4  startup_stm32f407xx.o [1]
  .text              ro code   0x800'9308     0x4  startup_stm32f407xx.o [1]
  .text              ro code   0x800'930c     0x4  startup_stm32f407xx.o [1]
  .text              ro code   0x800'9310     0x4  startup_stm32f407xx.o [1]
  .text              ro code   0x800'9314     0x4  startup_stm32f407xx.o [1]
  .text              ro code   0x800'9318     0x4  startup_stm32f407xx.o [1]
  .text              ro code   0x800'931c     0x4  startup_stm32f407xx.o [1]
  .text              ro code   0x800'9320     0x4  startup_stm32f407xx.o [1]
  .text              ro code   0x800'9324     0x4  startup_stm32f407xx.o [1]
  .text              ro code   0x800'9328     0x4  startup_stm32f407xx.o [1]
  .text              ro code   0x800'932c     0x4  startup_stm32f407xx.o [1]
  .text              ro code   0x800'9330     0x4  startup_stm32f407xx.o [1]
  .text              ro code   0x800'9334     0x4  startup_stm32f407xx.o [1]
  .text              ro code   0x800'9338     0x4  startup_stm32f407xx.o [1]
  .text              ro code   0x800'933c     0x4  startup_stm32f407xx.o [1]
  .text              ro code   0x800'9340     0x4  startup_stm32f407xx.o [1]
  .text              ro code   0x800'9344     0x4  startup_stm32f407xx.o [1]
  .text              ro code   0x800'9348     0x4  startup_stm32f407xx.o [1]
  .text              ro code   0x800'934c     0x4  startup_stm32f407xx.o [1]
  .text              ro code   0x800'9350     0x4  startup_stm32f407xx.o [1]
  .text              ro code   0x800'9354     0x4  startup_stm32f407xx.o [1]
  .text              ro code   0x800'9358     0x4  startup_stm32f407xx.o [1]
  .text              ro code   0x800'935c     0x4  startup_stm32f407xx.o [1]
  .text              ro code   0x800'9360     0x4  startup_stm32f407xx.o [1]
  .text              ro code   0x800'9364     0x4  startup_stm32f407xx.o [1]
  .text              ro code   0x800'9368     0x4  startup_stm32f407xx.o [1]
  .text              ro code   0x800'936c     0x4  startup_stm32f407xx.o [1]
  .text              ro code   0x800'9370     0x4  startup_stm32f407xx.o [1]
  .text              ro code   0x800'9374     0x4  startup_stm32f407xx.o [1]
  .rodata            const     0x800'9378     0x0  zero_init3.o [4]
  .rodata            const     0x800'9378     0x0  copy_init3.o [4]
  Initializer bytes  const     0x800'9378    0xbc  <for P4 s0>
                             - 0x800'9434  0x92ac

"P4", part 1 of 3:                           0xbc
  P4 s0                       0x2000'0000    0xbc  <Init block>
    .data            inited   0x2000'0000    0x48  xlocale_c.o [2]
    .data            inited   0x2000'0048    0x38  xlocale_c.o [2]
    .data            inited   0x2000'0080    0x14  my_malloc.o [1]
    .data            inited   0x2000'0094     0x4  adc_cfg.o [1]
    .data            inited   0x2000'0098     0x4  adc_cfg.o [1]
    .data            inited   0x2000'009c     0x4  isp_cfg.o [1]
    .data            inited   0x2000'00a0     0x4  rtc_cfg.o [1]
    .data            inited   0x2000'00a4     0x4  system_stm32f4xx.o [1]
    .data            inited   0x2000'00a8     0x4  systick_cfg.o [1]
    .data            inited   0x2000'00ac     0x4  timer_cfg.o [1]
    .data            inited   0x2000'00b0     0x4  usart_cfg.o [1]
    .data            inited   0x2000'00b4     0x4  wm8510_cfg.o [1]
    .data            inited   0x2000'00b8     0x1  crc_cfg.o [1]
    .data            inited   0x2000'00b9     0x1  stm32f4xx_hal.o [1]
                            - 0x2000'00bc    0xbc

"P4", part 2 of 3:                         0x2f5c
  .bss               zero     0x2000'00bc  0x2800  my_malloc.o [1]
  .bss               zero     0x2000'28bc   0x280  my_malloc.o [1]
  .bss               zero     0x2000'2b3c   0x200  usart_cfg.o [1]
  .bss               zero     0x2000'2d3c    0x80  usart_cfg.o [1]
  .bss               zero     0x2000'2dbc    0x78  isp_cfg.o [1]
  .bss               zero     0x2000'2e34    0x6c  wm8510_cfg.o [1]
  .bss               zero     0x2000'2ea0    0x44  usart_task.o [1]
  .bss               zero     0x2000'2ee4    0x44  usart_task.o [1]
  .bss               zero     0x2000'2f28    0x2c  adc_cfg.o [1]
  .bss               zero     0x2000'2f54    0x2c  adc_cfg.o [1]
  .bss               zero     0x2000'2f80    0x28  systick_cfg.o [1]
  .bss               zero     0x2000'2fa8    0x24  timer_cfg.o [1]
  .bss               zero     0x2000'2fcc    0x20  stm32_cfg.o [1]
  .bss               zero     0x2000'2fec    0x18  rtc_cfg.o [1]
  .bss               zero     0x2000'3004     0x4  led_cfg.o [1]
  .bss               zero     0x2000'3008     0x4  random_cfg.o [1]
  .bss               zero     0x2000'300c     0x4  stm32f4xx_hal.o [1]
  .bss               zero     0x2000'3010     0x4  xfail_s.o [2]
  .bss               zero     0x2000'3014     0x1  timer_cfg.o [1]
  .bss               zero     0x2000'3015     0x1  timer_cfg.o [1]
  .bss               zero     0x2000'3016     0x1  usart_cfg.o [1]
  .bss               zero     0x2000'3017     0x1  usart_cfg.o [1]
                            - 0x2000'3018  0x2f5c

"P4", part 3 of 3:                         0x2000
  CSTACK                      0x2000'3018  0x2000  <Block>
    CSTACK           uninit   0x2000'3018  0x2000  <Block tail>
                            - 0x2000'5018  0x2000

Unused ranges:

         From           To      Size
         ----           --      ----
   0x800'9434   0x807'ffff  0x7'6bcc
  0x2000'5018  0x2001'bfff  0x1'6fe8
  0x2001'c000  0x2001'ffff    0x4000


*******************************************************************************
*** INIT TABLE
***

          Address      Size
          -------      ----
Zero (__iar_zero_init3)
    1 destination range, total size 0x2f5c:
          0x2000'00bc  0x2f5c

Copy (__iar_copy_init3)
    1 source range, total size 0xbc (101% of destination):
           0x800'9378    0xbc
    1 destination range, total size 0xba:
          0x2000'0000    0xba



*******************************************************************************
*** MODULE SUMMARY
***

    Module                 ro code  ro data  rw data
    ------                 -------  -------  -------
command line/config:
    ------------------------------------------------
    Total:

I:\STM32Project\NewProject\STM32F407\STM32F407VET6\STM32F407VET6Project\EWARM\STM32F407VET6Project\Obj: [1]
    adc_cfg.o                1'560       16       96
    adc_lib.o                   44
    adc_task.o                  44
    complier_lib.o             232
    crc_cfg.o                  334    1'025        1
    crc_lib.o                   86
    crc_task.o                  86
    css_cfg.o                  180
    css_lib.o                   16
    css_task.o                  16
    dac_cfg.o                  536
    dac_lib.o                   38
    dac_task.o                  38
    data_bus.o                 308
    delay_cfg.o                134
    delay_lib.o                 24
    delay_task.o                24
    gpio_cfg.o               1'470
    gpio_lib.o                  26
    gpio_task.o                 26
    i2c_cfg.o                  480
    i2c_lib.o                  118
    i2c_task.o                  86
    isp_cfg.o                  404        4      124
    isp_lib.o                   24
    isp_task.o                  24
    iwdg_cfg.o                  28
    iwdg_lib.o                   8
    iwdg_task.o                  8
    led_cfg.o                  132                 4
    led_lib.o                    8
    led_task.o                   8
    main.o                   1'288      120
    my_malloc.o                116       28   10'900
    power_cfg.o                212
    power_lib.o                 18
    power_task.o                18
    pvd_cfg.o                    2
    pvd_lib.o                    8
    pvd_task.o                   8
    random_cfg.o               436                 4
    random_lib.o                22
    random_task.o               22
    rtc_cfg.o                1'028       44       28
    rtc_lib.o                   40
    rtc_task.o                  40
    startup_stm32f407xx.o      692
    stm32_cfg.o                864                32
    stm32f4xx_hal.o             24        1        5
    stm32f4xx_it.o             328        8
    stm32f4xx_ll_adc.o         524
    stm32f4xx_ll_crc.o          68
    stm32f4xx_ll_dac.o         148
    stm32f4xx_ll_dma.o         844        8
    stm32f4xx_ll_gpio.o        420
    stm32f4xx_ll_rcc.o         336
    stm32f4xx_ll_rng.o          44
    stm32f4xx_ll_tim.o         676
    stm32f4xx_ll_usart.o     1'100
    stm32f4xx_ll_utils.o        12
    system_stm32f4xx.o          96       28        4
    systick_cfg.o            1'160        4       44
    systick_lib.o               80
    systick_task.o              80
    timer_cfg.o              3'024       28       42
    timer_lib.o                 22
    timer_task.o                22
    usart_cfg.o              6'004      100      646
    usart_lib.o                292
    usart_task.o               600       32      136
    wm8510_cfg.o               636        4      112
    wm8510_lib.o                26
    wm8510_task.o               26
    ------------------------------------------------
    Total:                  27'956    1'450   12'178

dl7M_tlf.a: [2]
    abort.o                      6
    exit.o                       4
    low_level_init.o             4
    vsnprint.o                  60
    xencoding_8859_1.o          30
    xfail_s.o                   64                 4
    xlocale_c.o                124      133      128
    xmbcurmax.o                 10
    xprintffull.o            4'294
    xsnprout.o                  26
    ------------------------------------------------
    Total:                   4'622      133      132

m7M_tls.a: [3]
    DblAdd.o                   378
    DblCmpGe.o                  46
    DblCmpLe.o                  46
    DblDiv.o                   582
    DblMul.o                   418
    DblSub.o                   226
    DblToFlt.o                 104
    DblToS32.o                  58
    DblToU32.o                  40
    FltToDbl.o                  72
    S32ToDbl.o                  34
    U32ToDbl.o                  26
    fpinit_M.o                  34
    frexp.o                    112
    ldexp.o                    314
    ------------------------------------------------
    Total:                   2'490

rt7M_tl.a: [4]
    ABImemcpy.o                166
    ABImemset.o                102
    I64DivMod.o                560
    I64DivZer.o                  2
    cexit.o                     10
    cmain.o                     30
    copy_init3.o                46
    cstartup_M.o                12
    data_init.o                 40
    memchr.o                    88
    strchr.o                    22
    strlen.o                    54
    zero_init3.o                58
    ------------------------------------------------
    Total:                   1'190

shb_l.a: [5]
    exit.o                      20
    ------------------------------------------------
    Total:                      20

    Gaps                        35        6
    Linker created                       38    8'192
----------------------------------------------------
    Grand Total:            36'313    1'627   20'502


*******************************************************************************
*** ENTRY LIST
***

Entry                       Address    Size  Type      Object
-----                       -------    ----  ----      ------
.iar.init_table$$Base    0x800'90c0           --   Gb  - Linker created -
.iar.init_table$$Limit   0x800'90e4           --   Gb  - Linker created -
?main                    0x800'9145          Code  Gb  cmain.o [4]
ADCLib_ADCTask_START     0x800'770b     0xc  Code  Gb  adc_lib.o [1]
ADCLib_ADCTask_STOP      0x800'7717     0xc  Code  Gb  adc_lib.o [1]
ADCLib_ADC_Init          0x800'7703     0x8  Code  Gb  adc_lib.o [1]
ADCLib_HandleChannelVal
                         0x800'7723     0xc  Code  Gb  adc_lib.o [1]
ADCTask_ADCTask_START    0x800'73a9     0xc  Code  Gb  adc_task.o [1]
ADCTask_ADCTask_STOP     0x800'73b5     0xc  Code  Gb  adc_task.o [1]
ADCTask_ADC_Init         0x800'73a1     0x8  Code  Gb  adc_task.o [1]
ADCTask_HandleChannelVal
                         0x800'73c1     0xc  Code  Gb  adc_task.o [1]
ADC_ADC1Task_Init        0x800'67b5     0xe  Code  Gb  adc_cfg.o [1]
ADC_ADC1_DMA_Init        0x800'6637    0xa6  Code  Gb  adc_cfg.o [1]
ADC_ADC1_DMA_Restart     0x800'66dd    0x30  Code  Gb  adc_cfg.o [1]
ADC_ADC1_DMA_Stop        0x800'670d    0x28  Code  Gb  adc_cfg.o [1]
ADC_ADC1_Init            0x800'658f    0xa8  Code  Gb  adc_cfg.o [1]
ADC_ADC3_DMA_Restart     0x800'6735    0x2c  Code  Gb  adc_cfg.o [1]
ADC_ADC3_DMA_Stop        0x800'6761    0x2a  Code  Gb  adc_cfg.o [1]
ADC_ADCTask_Init         0x800'67c3     0xa  Code  Gb  adc_cfg.o [1]
ADC_ADCTask_START        0x800'67d9    0x5e  Code  Gb  adc_cfg.o [1]
ADC_ADCTask_STOP         0x800'6837    0x42  Code  Gb  adc_cfg.o [1]
ADC_ADC_Init             0x800'67cd     0xc  Code  Gb  adc_cfg.o [1]
ADC_Clock                0x800'6517    0x78  Code  Gb  adc_cfg.o [1]
ADC_GPIO_Init            0x800'64e1    0x36  Code  Gb  adc_cfg.o [1]
ADC_HandleChannelVal     0x800'6879    0x58  Code  Gb  adc_cfg.o [1]
ADC_SoftStart            0x800'678b    0x2a  Code  Gb  adc_cfg.o [1]
AHBPrescTable            0x800'91d0    0x10  Data  Gb  system_stm32f4xx.o [1]
APBPrescTable            0x800'922c     0x8  Data  Gb  system_stm32f4xx.o [1]
BusFault_Handler         0x800'8be7     0x2  Code  Gb  stm32f4xx_it.o [1]
CRCLib_CRC16             0x800'2d01    0x10  Code  Gb  crc_lib.o [1]
CRCLib_CRC32             0x800'2cf1    0x10  Code  Gb  crc_lib.o [1]
CRCLib_CRC8              0x800'2d11    0x16  Code  Gb  crc_lib.o [1]
CRCLib_CheckSum          0x800'2d27    0x10  Code  Gb  crc_lib.o [1]
CRCLib_Enable            0x800'2ce9     0x8  Code  Gb  crc_lib.o [1]
CRCLib_Init              0x800'2ce1     0x8  Code  Gb  crc_lib.o [1]
CRCTask_CRC16            0x800'1ee3    0x10  Code  Gb  crc_task.o [1]
CRCTask_CRC32            0x800'1ed3    0x10  Code  Gb  crc_task.o [1]
CRCTask_CRC8             0x800'1ef3    0x16  Code  Gb  crc_task.o [1]
CRCTask_CheckSum         0x800'1f09    0x10  Code  Gb  crc_task.o [1]
CRCTask_Enable           0x800'1ecb     0x8  Code  Gb  crc_task.o [1]
CRCTask_Init             0x800'1ec3     0x8  Code  Gb  crc_task.o [1]
CRC_CRC16_Table          0x800'4271    0x32  Code  Gb  crc_cfg.o [1]
CRC_CRC32_CRC            0x800'4261    0x10  Code  Gb  crc_cfg.o [1]
CRC_CRC32_HWCRC          0x800'422f    0x32  Code  Gb  crc_cfg.o [1]
CRC_CRC32_HWReSet        0x800'4225     0xa  Code  Gb  crc_cfg.o [1]
CRC_CRC8_Table           0x800'42a3    0x44  Code  Gb  crc_cfg.o [1]
CRC_CheckSum             0x800'4301    0x1e  Code  Gb  crc_cfg.o [1]
CRC_DeInit               0x800'420f    0x10  Code  Gb  crc_cfg.o [1]
CRC_Enable               0x800'421f     0x6  Code  Gb  crc_cfg.o [1]
CRC_Init                 0x800'41f9    0x16  Code  Gb  crc_cfg.o [1]
CSSLib_NMI_IRQ           0x800'8ce5     0x8  Code  Gb  css_lib.o [1]
CSSLib_RCC_IRQ           0x800'8ced     0x8  Code  Gb  css_lib.o [1]
CSSTask_NMI_IRQ          0x800'8ccd     0x8  Code  Gb  css_task.o [1]
CSSTask_RCC_IRQ          0x800'8cd5     0x8  Code  Gb  css_task.o [1]
CSS_NMI_IRQ              0x800'8d7d    0x18  Code  Gb  css_cfg.o [1]
CSS_RCC_IRQ              0x800'8d95    0x1c  Code  Gb  css_cfg.o [1]
CSTACK$$Base            0x2000'3018           --   Gb  - Linker created -
CSTACK$$Limit           0x2000'5018           --   Gb  - Linker created -
CacheMore                0x800'433d    0x28  Code  Lc  xlocale_c.o [2]
CalcAvgWordFromIndex     0x800'6b9d    0x60  Code  Gb  complier_lib.o [1]
DACLib_ChannelMV         0x800'76c7    0x12  Code  Gb  dac_lib.o [1]
DACLib_Init              0x800'76b3    0x14  Code  Gb  dac_lib.o [1]
DACTask_ChannelMV        0x800'722f    0x12  Code  Gb  dac_task.o [1]
DACTask_Init             0x800'721b    0x14  Code  Gb  dac_task.o [1]
DAC_ChannelMV            0x800'8485    0x18  Code  Gb  dac_cfg.o [1]
DAC_ChannelUV            0x800'8413    0x72  Code  Gb  dac_cfg.o [1]
DAC_Channel_Init         0x800'836f    0x62  Code  Gb  dac_cfg.o [1]
DAC_Clock                0x800'834d    0x22  Code  Gb  dac_cfg.o [1]
DAC_GPIO_Init            0x800'82fb    0x52  Code  Gb  dac_cfg.o [1]
DAC_Init                 0x800'83d1    0x42  Code  Gb  dac_cfg.o [1]
DMA2_Stream0_IRQHandler
                         0x800'8c2f    0x32  Code  Gb  stm32f4xx_it.o [1]
DMA2_Stream1_IRQHandler
                         0x800'8c61     0x2  Code  Gb  stm32f4xx_it.o [1]
DMA2_Stream2_IRQHandler
                         0x800'8c65    0x24  Code  Gb  stm32f4xx_it.o [1]
DMA2_Stream7_IRQHandler
                         0x800'8c89    0x24  Code  Gb  stm32f4xx_it.o [1]
DataBus_Init             0x800'7241    0xbc  Code  Gb  data_bus.o [1]
DataBus_Read             0x800'72fd    0x6e  Code  Gb  data_bus.o [1]
DebugMon_Handler         0x800'8bed     0x2  Code  Gb  stm32f4xx_it.o [1]
DelayLib_ms              0x800'76eb     0xc  Code  Gb  delay_lib.o [1]
DelayNLib_us             0x800'76f7     0xc  Code  Gb  delay_lib.o [1]
DelayN_ms                0x800'85d3    0x20  Code  Gb  delay_cfg.o [1]
DelayN_us                0x800'85ad    0x26  Code  Gb  delay_cfg.o [1]
DelayTask_ms             0x800'7393     0xc  Code  Gb  delay_task.o [1]
DelayTask_us             0x800'7387     0xc  Code  Gb  delay_task.o [1]
Delay_ms                 0x800'858d    0x20  Code  Gb  delay_cfg.o [1]
Delay_nop                0x800'85f5    0x1e  Code  Gb  delay_cfg.o [1]
DescSortWord             0x800'6b1d    0x7c  Code  Gb  complier_lib.o [1]
GPIOLib_Clock            0x800'3e1b    0x12  Code  Gb  gpio_lib.o [1]
GPIOLib_Init             0x800'3e2d     0x8  Code  Gb  gpio_lib.o [1]
GPIOTask_Clock           0x800'1f55    0x12  Code  Gb  gpio_task.o [1]
GPIOTask_Init            0x800'1f67     0x8  Code  Gb  gpio_task.o [1]
GPIO_Clock               0x800'1967   0x2d4  Code  Gb  gpio_cfg.o [1]
GPIO_Init                0x800'1c3b    0x54  Code  Gb  gpio_cfg.o [1]
GPIO_ReadInputPort       0x800'1e35    0x86  Code  Gb  gpio_cfg.o [1]
GPIO_ResetOutputPins     0x800'1d3d    0x7c  Code  Gb  gpio_cfg.o [1]
GPIO_SetOutputPin        0x800'1cc1    0x7c  Code  Gb  gpio_cfg.o [1]
GPIO_TogglePin           0x800'1db9    0x7c  Code  Gb  gpio_cfg.o [1]
HAL_IncTick              0x800'91a9    0x18  Code  Wk  stm32f4xx_hal.o [1]
HASH_RNG_IRQHandler      0x800'8c0f     0x8  Code  Gb  stm32f4xx_it.o [1]
HardFault_Handler        0x800'8bdd     0x8  Code  Gb  stm32f4xx_it.o [1]
HardFault_IRQTask        0x800'27b9    0x12  Code  Gb  stm32_cfg.o [1]
HardFault_Msg            0x800'2775    0x3e  Code  Gb  stm32_cfg.o [1]
I2CLib_MSW_Init          0x800'872d    0x14  Code  Gb  i2c_lib.o [1]
I2CLib_MSW_ReadACK       0x800'8785     0xc  Code  Gb  i2c_lib.o [1]
I2CLib_MSW_START         0x800'8741    0x38  Code  Gb  i2c_lib.o [1]
I2CLib_MSW_STOP          0x800'8779     0xc  Code  Gb  i2c_lib.o [1]
I2CLib_MSW_SendByte      0x800'8791    0x12  Code  Gb  i2c_lib.o [1]
I2CTask_MHW_Init         0x800'8641     0x6  Code  Gb  i2c_task.o [1]
I2CTask_MSW_Init         0x800'8647    0x14  Code  Gb  i2c_task.o [1]
I2CTask_MSW_ReadACK      0x800'8679     0xc  Code  Gb  i2c_task.o [1]
I2CTask_MSW_START        0x800'865b    0x12  Code  Gb  i2c_task.o [1]
I2CTask_MSW_STOP         0x800'866d     0xc  Code  Gb  i2c_task.o [1]
I2CTask_MSW_SendByte     0x800'8685    0x12  Code  Gb  i2c_task.o [1]
I2C_MSW_Init             0x800'87a5    0x88  Code  Gb  i2c_cfg.o [1]
I2C_MSW_ReadACK          0x800'88c9    0x42  Code  Gb  i2c_cfg.o [1]
I2C_MSW_START            0x800'882d    0x52  Code  Gb  i2c_cfg.o [1]
I2C_MSW_STOP             0x800'887f    0x4a  Code  Gb  i2c_cfg.o [1]
I2C_MSW_SendBit          0x800'890b    0x42  Code  Gb  i2c_cfg.o [1]
I2C_MSW_SendByte         0x800'894d    0x2e  Code  Gb  i2c_cfg.o [1]
ISPLib_Init              0x800'7679    0x18  Code  Gb  isp_lib.o [1]
ISPTask_Init             0x800'71e1    0x18  Code  Gb  isp_task.o [1]
ISP_Device0_Init         0x800'7e0d    0xa2  Code  Gb  isp_cfg.o [1]
ISP_Device1_Init         0x800'7eaf     0x6  Code  Gb  isp_cfg.o [1]
ISP_Device2_Init         0x800'7eb5     0x6  Code  Gb  isp_cfg.o [1]
ISP_Init                 0x800'7ebb    0xc8  Code  Gb  isp_cfg.o [1]
IWDGLib_Reset            0x800'2cd9     0x8  Code  Gb  iwdg_lib.o [1]
IWDGTask_Reset           0x800'1ebb     0x8  Code  Gb  iwdg_task.o [1]
IWDG_Reset               0x800'41bd     0xc  Code  Gb  iwdg_cfg.o [1]
LEDLib_Init              0x800'76ab     0x8  Code  Gb  led_lib.o [1]
LEDTask_Init             0x800'7213     0x8  Code  Gb  led_task.o [1]
LEDWork_Init             0x800'821d    0x4e  Code  Gb  led_cfg.o [1]
LEDWork_Task             0x800'826d    0x22  Code  Gb  led_cfg.o [1]
LEDWork_Task::ledCount  0x2000'3004     0x4  Data  Lc  led_cfg.o [1]
LED_Init                 0x800'8299     0x8  Code  Gb  led_cfg.o [1]
LL_ADC_ClearFlag_OVR     0x800'642f     0x8  Code  Lc  adc_cfg.o [1]
LL_ADC_CommonInit        0x800'694f    0x60  Code  Gb  stm32f4xx_ll_adc.o [1]
LL_ADC_DeInit            0x800'69af    0xae  Code  Gb  stm32f4xx_ll_adc.o [1]
LL_ADC_Disable           0x800'641b     0xa  Code  Lc  adc_cfg.o [1]
LL_ADC_Disable           0x800'693d     0xa  Code  Lc  stm32f4xx_ll_adc.o [1]
LL_ADC_Enable            0x800'6411     0xa  Code  Lc  adc_cfg.o [1]
LL_ADC_INJ_SetTriggerSource
                         0x800'692d    0x10  Code  Lc  stm32f4xx_ll_adc.o [1]
LL_ADC_Init              0x800'6a5d    0x3a  Code  Gb  stm32f4xx_ll_adc.o [1]
LL_ADC_IsEnabled         0x800'6947     0x8  Code  Lc  stm32f4xx_ll_adc.o [1]
LL_ADC_REG_Init          0x800'6a97    0x5e  Code  Gb  stm32f4xx_ll_adc.o [1]
LL_ADC_REG_SetSequencerLength
                         0x800'6921     0xc  Code  Lc  stm32f4xx_ll_adc.o [1]
LL_ADC_REG_SetSequencerRanks
                         0x800'6395    0x36  Code  Lc  adc_cfg.o [1]
LL_ADC_REG_SetTriggerSource
                         0x800'6911    0x10  Code  Lc  stm32f4xx_ll_adc.o [1]
LL_ADC_REG_StartConversionSWStart
                         0x800'6425     0xa  Code  Lc  adc_cfg.o [1]
LL_ADC_SetChannelSamplingTime
                         0x800'63cb    0x46  Code  Lc  adc_cfg.o [1]
LL_AHB1_GRP1_DisableClock
                         0x800'1915     0xc  Code  Lc  gpio_cfg.o [1]
LL_AHB1_GRP1_EnableClock
                         0x800'6437    0x18  Code  Lc  adc_cfg.o [1]
LL_AHB1_GRP1_EnableClock
                         0x800'41d1    0x16  Code  Lc  crc_cfg.o [1]
LL_AHB1_GRP1_EnableClock
                         0x800'18fd    0x18  Code  Lc  gpio_cfg.o [1]
LL_AHB1_GRP1_EnableClock
                         0x800'0225    0x18  Code  Lc  usart_cfg.o [1]
LL_AHB1_GRP1_ForceReset
                         0x800'1921     0xc  Code  Lc  gpio_cfg.o [1]
LL_AHB1_GRP1_ForceReset
                         0x800'4cd1     0xa  Code  Lc  stm32f4xx_ll_crc.o [1]
LL_AHB1_GRP1_ForceReset
                         0x800'298d     0xa  Code  Lc  stm32f4xx_ll_dma.o [1]
LL_AHB1_GRP1_ReleaseReset
                         0x800'192d     0xc  Code  Lc  gpio_cfg.o [1]
LL_AHB1_GRP1_ReleaseReset
                         0x800'4cdb     0xa  Code  Lc  stm32f4xx_ll_crc.o [1]
LL_AHB1_GRP1_ReleaseReset
                         0x800'2997     0xa  Code  Lc  stm32f4xx_ll_dma.o [1]
LL_AHB2_GRP1_EnableClock
                         0x800'7ced    0x16  Code  Lc  random_cfg.o [1]
LL_AHB2_GRP1_ForceReset
                         0x800'8615     0xa  Code  Lc  stm32f4xx_ll_rng.o [1]
LL_AHB2_GRP1_ReleaseReset
                         0x800'861f     0xa  Code  Lc  stm32f4xx_ll_rng.o [1]
LL_APB1_GRP1_DisableClock
                         0x800'82b7     0xa  Code  Lc  dac_cfg.o [1]
LL_APB1_GRP1_DisableClock
                         0x800'4ec5     0xc  Code  Lc  timer_cfg.o [1]
LL_APB1_GRP1_DisableClock
                         0x800'0255     0xc  Code  Lc  usart_cfg.o [1]
LL_APB1_GRP1_EnableClock
                         0x800'82a1    0x16  Code  Lc  dac_cfg.o [1]
LL_APB1_GRP1_EnableClock
                         0x800'6ca3    0x18  Code  Lc  main.o [1]
LL_APB1_GRP1_EnableClock
                         0x800'4ead    0x18  Code  Lc  timer_cfg.o [1]
LL_APB1_GRP1_EnableClock
                         0x800'023d    0x18  Code  Lc  usart_cfg.o [1]
LL_APB1_GRP1_ForceReset
                         0x800'5a7d     0xc  Code  Lc  stm32f4xx_ll_tim.o [1]
LL_APB1_GRP1_ForceReset
                         0x800'21e1     0xc  Code  Lc  stm32f4xx_ll_usart.o [1]
LL_APB1_GRP1_ForceReset
                         0x800'4ed1     0xc  Code  Lc  timer_cfg.o [1]
LL_APB1_GRP1_ForceReset
                         0x800'0261     0xc  Code  Lc  usart_cfg.o [1]
LL_APB1_GRP1_ReleaseReset
                         0x800'5a89     0xc  Code  Lc  stm32f4xx_ll_tim.o [1]
LL_APB1_GRP1_ReleaseReset
                         0x800'21ed     0xc  Code  Lc  stm32f4xx_ll_usart.o [1]
LL_APB1_GRP1_ReleaseReset
                         0x800'4edd     0xc  Code  Lc  timer_cfg.o [1]
LL_APB1_GRP1_ReleaseReset
                         0x800'026d     0xc  Code  Lc  usart_cfg.o [1]
LL_APB2_GRP1_DisableClock
                         0x800'6467     0xc  Code  Lc  adc_cfg.o [1]
LL_APB2_GRP1_DisableClock
                         0x800'4f01     0xc  Code  Lc  timer_cfg.o [1]
LL_APB2_GRP1_DisableClock
                         0x800'0291     0xc  Code  Lc  usart_cfg.o [1]
LL_APB2_GRP1_EnableClock
                         0x800'644f    0x18  Code  Lc  adc_cfg.o [1]
LL_APB2_GRP1_EnableClock
                         0x800'1939    0x18  Code  Lc  gpio_cfg.o [1]
LL_APB2_GRP1_EnableClock
                         0x800'4ee9    0x18  Code  Lc  timer_cfg.o [1]
LL_APB2_GRP1_EnableClock
                         0x800'0279    0x18  Code  Lc  usart_cfg.o [1]
LL_APB2_GRP1_ForceReset
                         0x800'5a95     0xc  Code  Lc  stm32f4xx_ll_tim.o [1]
LL_APB2_GRP1_ForceReset
                         0x800'21f9     0xc  Code  Lc  stm32f4xx_ll_usart.o [1]
LL_APB2_GRP1_ForceReset
                         0x800'4f0d     0xc  Code  Lc  timer_cfg.o [1]
LL_APB2_GRP1_ForceReset
                         0x800'029d     0xc  Code  Lc  usart_cfg.o [1]
LL_APB2_GRP1_ReleaseReset
                         0x800'5aa1     0xc  Code  Lc  stm32f4xx_ll_tim.o [1]
LL_APB2_GRP1_ReleaseReset
                         0x800'2205     0xc  Code  Lc  stm32f4xx_ll_usart.o [1]
LL_APB2_GRP1_ReleaseReset
                         0x800'4f19     0xc  Code  Lc  timer_cfg.o [1]
LL_APB2_GRP1_ReleaseReset
                         0x800'02a9     0xc  Code  Lc  usart_cfg.o [1]
LL_CRC_DeInit            0x800'4ce5    0x28  Code  Gb  stm32f4xx_ll_crc.o [1]
LL_CRC_FeedData32        0x800'41f1     0x4  Code  Lc  crc_cfg.o [1]
LL_CRC_ReadData32        0x800'41f5     0x4  Code  Lc  crc_cfg.o [1]
LL_CRC_ResetCRCCalculationUnit
                         0x800'41e7     0xa  Code  Lc  crc_cfg.o [1]
LL_DAC_ConvertData12RightAligned
                         0x800'82d5    0x26  Code  Lc  dac_cfg.o [1]
LL_DAC_Enable            0x800'82c1    0x14  Code  Lc  dac_cfg.o [1]
LL_DAC_Init              0x800'86bd    0x70  Code  Gb  stm32f4xx_ll_dac.o [1]
LL_DAC_IsEnabled         0x800'8699    0x24  Code  Lc  stm32f4xx_ll_dac.o [1]
LL_DMA_ClearFlag         0x800'2867   0x126  Code  Gb  stm32_cfg.o [1]
LL_DMA_ClearFlag_DME0    0x800'26e1     0x6  Code  Lc  stm32_cfg.o [1]
LL_DMA_ClearFlag_DME1    0x800'26e7     0x8  Code  Lc  stm32_cfg.o [1]
LL_DMA_ClearFlag_DME2    0x800'26ef     0x8  Code  Lc  stm32_cfg.o [1]
LL_DMA_ClearFlag_DME3    0x800'26f7     0x8  Code  Lc  stm32_cfg.o [1]
LL_DMA_ClearFlag_DME4    0x800'26ff     0x6  Code  Lc  stm32_cfg.o [1]
LL_DMA_ClearFlag_DME5    0x800'2705     0x8  Code  Lc  stm32_cfg.o [1]
LL_DMA_ClearFlag_DME6    0x800'270d     0x8  Code  Lc  stm32_cfg.o [1]
LL_DMA_ClearFlag_DME7    0x800'2715     0x8  Code  Lc  stm32_cfg.o [1]
LL_DMA_ClearFlag_FE0     0x800'271d     0x6  Code  Lc  stm32_cfg.o [1]
LL_DMA_ClearFlag_FE1     0x800'2723     0x6  Code  Lc  stm32_cfg.o [1]
LL_DMA_ClearFlag_FE2     0x800'2729     0x8  Code  Lc  stm32_cfg.o [1]
LL_DMA_ClearFlag_FE3     0x800'2731     0x8  Code  Lc  stm32_cfg.o [1]
LL_DMA_ClearFlag_FE4     0x800'2739     0x6  Code  Lc  stm32_cfg.o [1]
LL_DMA_ClearFlag_FE5     0x800'273f     0x6  Code  Lc  stm32_cfg.o [1]
LL_DMA_ClearFlag_FE6     0x800'2745     0x8  Code  Lc  stm32_cfg.o [1]
LL_DMA_ClearFlag_FE7     0x800'274d     0x8  Code  Lc  stm32_cfg.o [1]
LL_DMA_ClearFlag_HT0     0x800'262d     0x6  Code  Lc  stm32_cfg.o [1]
LL_DMA_ClearFlag_HT1     0x800'64bb     0x8  Code  Lc  adc_cfg.o [1]
LL_DMA_ClearFlag_HT1     0x800'2633     0x8  Code  Lc  stm32_cfg.o [1]
LL_DMA_ClearFlag_HT2     0x800'263b     0x8  Code  Lc  stm32_cfg.o [1]
LL_DMA_ClearFlag_HT3     0x800'2643     0x8  Code  Lc  stm32_cfg.o [1]
LL_DMA_ClearFlag_HT4     0x800'264b     0x6  Code  Lc  stm32_cfg.o [1]
LL_DMA_ClearFlag_HT5     0x800'2651     0x8  Code  Lc  stm32_cfg.o [1]
LL_DMA_ClearFlag_HT6     0x800'2659     0x8  Code  Lc  stm32_cfg.o [1]
LL_DMA_ClearFlag_HT7     0x800'2661     0x8  Code  Lc  stm32_cfg.o [1]
LL_DMA_ClearFlag_TC0     0x800'2669     0x6  Code  Lc  stm32_cfg.o [1]
LL_DMA_ClearFlag_TC1     0x800'64c3     0x8  Code  Lc  adc_cfg.o [1]
LL_DMA_ClearFlag_TC1     0x800'266f     0x8  Code  Lc  stm32_cfg.o [1]
LL_DMA_ClearFlag_TC2     0x800'2677     0x8  Code  Lc  stm32_cfg.o [1]
LL_DMA_ClearFlag_TC3     0x800'267f     0x8  Code  Lc  stm32_cfg.o [1]
LL_DMA_ClearFlag_TC4     0x800'2687     0x6  Code  Lc  stm32_cfg.o [1]
LL_DMA_ClearFlag_TC5     0x800'268d     0x8  Code  Lc  stm32_cfg.o [1]
LL_DMA_ClearFlag_TC6     0x800'2695     0x8  Code  Lc  stm32_cfg.o [1]
LL_DMA_ClearFlag_TC7     0x800'269d     0x8  Code  Lc  stm32_cfg.o [1]
LL_DMA_ClearFlag_TE0     0x800'26a5     0x6  Code  Lc  stm32_cfg.o [1]
LL_DMA_ClearFlag_TE1     0x800'26ab     0x8  Code  Lc  stm32_cfg.o [1]
LL_DMA_ClearFlag_TE2     0x800'26b3     0x8  Code  Lc  stm32_cfg.o [1]
LL_DMA_ClearFlag_TE3     0x800'26bb     0x8  Code  Lc  stm32_cfg.o [1]
LL_DMA_ClearFlag_TE4     0x800'26c3     0x6  Code  Lc  stm32_cfg.o [1]
LL_DMA_ClearFlag_TE5     0x800'26c9     0x8  Code  Lc  stm32_cfg.o [1]
LL_DMA_ClearFlag_TE6     0x800'26d1     0x8  Code  Lc  stm32_cfg.o [1]
LL_DMA_ClearFlag_TE7     0x800'26d9     0x8  Code  Lc  stm32_cfg.o [1]
LL_DMA_ConfigFifo        0x800'2a37    0x1e  Code  Lc  stm32f4xx_ll_dma.o [1]
LL_DMA_ConfigTransfer    0x800'29b5    0x1a  Code  Lc  stm32f4xx_ll_dma.o [1]
LL_DMA_DeInit            0x800'2a69   0x198  Code  Gb  stm32f4xx_ll_dma.o [1]
LL_DMA_DisableStream     0x800'6489    0x16  Code  Lc  adc_cfg.o [1]
LL_DMA_DisableStream     0x800'29a1    0x14  Code  Lc  stm32f4xx_ll_dma.o [1]
LL_DMA_DisableStream     0x800'02cb    0x16  Code  Lc  usart_cfg.o [1]
LL_DMA_EnableIT_TC       0x800'64cb    0x16  Code  Lc  adc_cfg.o [1]
LL_DMA_EnableIT_TC       0x800'030b    0x16  Code  Lc  usart_cfg.o [1]
LL_DMA_EnableStream      0x800'6473    0x16  Code  Lc  adc_cfg.o [1]
LL_DMA_EnableStream      0x800'02b5    0x16  Code  Lc  usart_cfg.o [1]
LL_DMA_GetDataLength     0x800'02fd     0xe  Code  Lc  usart_cfg.o [1]
LL_DMA_Init              0x800'2c59    0x80  Code  Gb  stm32f4xx_ll_dma.o [1]
LL_DMA_IsActiveFlag_TC0
                         0x800'8b85     0xa  Code  Lc  stm32f4xx_it.o [1]
LL_DMA_IsActiveFlag_TC2
                         0x800'8b8f     0xa  Code  Lc  stm32f4xx_it.o [1]
LL_DMA_IsActiveFlag_TC7
                         0x800'8b99     0xa  Code  Lc  stm32f4xx_it.o [1]
LL_DMA_IsEnabledIT_TC    0x800'8ba3    0x10  Code  Lc  stm32f4xx_it.o [1]
LL_DMA_SetChannelSelection
                         0x800'29e9    0x1a  Code  Lc  stm32f4xx_ll_dma.o [1]
LL_DMA_SetDataLength     0x800'649f    0x1c  Code  Lc  adc_cfg.o [1]
LL_DMA_SetDataLength     0x800'29cf    0x1a  Code  Lc  stm32f4xx_ll_dma.o [1]
LL_DMA_SetDataLength     0x800'02e1    0x1c  Code  Lc  usart_cfg.o [1]
LL_DMA_SetMemoryAddress
                         0x800'2a55     0xa  Code  Lc  stm32f4xx_ll_dma.o [1]
LL_DMA_SetMemoryBurstxfer
                         0x800'2a03    0x1a  Code  Lc  stm32f4xx_ll_dma.o [1]
LL_DMA_SetPeriphAddress
                         0x800'2a5f     0xa  Code  Lc  stm32f4xx_ll_dma.o [1]
LL_DMA_SetPeriphBurstxfer
                         0x800'2a1d    0x1a  Code  Lc  stm32f4xx_ll_dma.o [1]
LL_EXTI_ClearFlag_0_31   0x800'8bb3     0x6  Code  Lc  stm32f4xx_it.o [1]
LL_FLASH_EnableDataCache
                         0x800'6de1     0xc  Code  Lc  main.o [1]
LL_FLASH_EnableInstCache
                         0x800'6dd5     0xc  Code  Lc  main.o [1]
LL_FLASH_EnablePrefetch
                         0x800'6dc9     0xc  Code  Lc  main.o [1]
LL_FLASH_GetLatency      0x800'6dbf     0xa  Code  Lc  main.o [1]
LL_FLASH_SetLatency      0x800'6db1     0xe  Code  Lc  main.o [1]
LL_GPIO_Init             0x800'2153    0x8e  Code  Gb  stm32f4xx_ll_gpio.o [1]
LL_GPIO_ReadInputPort    0x800'1951     0x4  Code  Lc  gpio_cfg.o [1]
LL_GPIO_ResetOutputPin   0x800'1959     0x6  Code  Lc  gpio_cfg.o [1]
LL_GPIO_ResetOutputPin   0x800'2759     0x6  Code  Lc  stm32_cfg.o [1]
LL_GPIO_ResetOutputPins
                         0x800'27ff    0x34  Code  Gb  stm32_cfg.o [1]
LL_GPIO_SetAFPin_0_7     0x800'20ef    0x2e  Code  Lc  stm32f4xx_ll_gpio.o [1]
LL_GPIO_SetAFPin_8_15    0x800'211d    0x36  Code  Lc  stm32f4xx_ll_gpio.o [1]
LL_GPIO_SetOutputPin     0x800'1955     0x4  Code  Lc  gpio_cfg.o [1]
LL_GPIO_SetOutputPin     0x800'2755     0x4  Code  Lc  stm32_cfg.o [1]
LL_GPIO_SetOutputPins    0x800'27cb    0x34  Code  Gb  stm32_cfg.o [1]
LL_GPIO_SetPinMode       0x800'203d    0x2e  Code  Lc  stm32f4xx_ll_gpio.o [1]
LL_GPIO_SetPinMode       0x800'0321    0x2e  Code  Lc  usart_cfg.o [1]
LL_GPIO_SetPinOutputType
                         0x800'206b    0x28  Code  Lc  stm32f4xx_ll_gpio.o [1]
LL_GPIO_SetPinPull       0x800'20c1    0x2e  Code  Lc  stm32f4xx_ll_gpio.o [1]
LL_GPIO_SetPinSpeed      0x800'2093    0x2e  Code  Lc  stm32f4xx_ll_gpio.o [1]
LL_GPIO_TogglePin        0x800'195f     0x8  Code  Lc  gpio_cfg.o [1]
LL_GPIO_TogglePin        0x800'275f     0x8  Code  Lc  stm32_cfg.o [1]
LL_GPIO_TogglePins       0x800'2833    0x34  Code  Gb  stm32_cfg.o [1]
LL_IWDG_ReloadCounter    0x800'41b5     0x8  Code  Lc  iwdg_cfg.o [1]
LL_InitTick              0x800'5f0f    0x1e  Code  Lc  systick_cfg.o [1]
LL_PWR_EnableBkUpAccess
                         0x800'6ceb     0xe  Code  Lc  main.o [1]
LL_PWR_IsActiveFlag_PVDO
                         0x800'8bb9     0xc  Code  Lc  stm32f4xx_it.o [1]
LL_PWR_SetRegulVoltageScaling
                         0x800'6cdb    0x10  Code  Lc  main.o [1]
LL_RCC_ClearFlag_HSECSS
                         0x800'8d2f     0xc  Code  Lc  css_cfg.o [1]
LL_RCC_ClearFlag_HSERDY
                         0x800'8d23     0xc  Code  Lc  css_cfg.o [1]
LL_RCC_DisableIT_HSERDY
                         0x800'8d5f     0xc  Code  Lc  css_cfg.o [1]
LL_RCC_EnableIT_HSERDY   0x800'8d53     0xc  Code  Lc  css_cfg.o [1]
LL_RCC_GetAHBPrescaler   0x800'406f     0xa  Code  Lc  stm32f4xx_ll_rcc.o [1]
LL_RCC_GetAPB1Prescaler
                         0x800'4079     0xa  Code  Lc  stm32f4xx_ll_rcc.o [1]
LL_RCC_GetAPB2Prescaler
                         0x800'4083     0xa  Code  Lc  stm32f4xx_ll_rcc.o [1]
LL_RCC_GetSysClkSource   0x800'6d41     0xc  Code  Lc  main.o [1]
LL_RCC_GetSysClkSource   0x800'4065     0xa  Code  Lc  stm32f4xx_ll_rcc.o [1]
LL_RCC_GetSystemClocksFreq
                         0x800'40b5    0x24  Code  Gb  stm32f4xx_ll_rcc.o [1]
LL_RCC_HSE_Enable        0x800'8d17     0xc  Code  Lc  css_cfg.o [1]
LL_RCC_HSE_Enable        0x800'6cf9     0xe  Code  Lc  main.o [1]
LL_RCC_HSE_IsReady       0x800'6d07     0xe  Code  Lc  main.o [1]
LL_RCC_IsActiveFlag_HSECSS
                         0x800'8d47     0xc  Code  Lc  css_cfg.o [1]
LL_RCC_IsActiveFlag_HSERDY
                         0x800'8d3b     0xc  Code  Lc  css_cfg.o [1]
LL_RCC_LSI_Enable        0x800'6d15     0xe  Code  Lc  main.o [1]
LL_RCC_LSI_IsReady       0x800'6d23     0xe  Code  Lc  main.o [1]
LL_RCC_PLL_ConfigDomain_SYS
                         0x800'6d8f    0x22  Code  Lc  main.o [1]
LL_RCC_PLL_Enable        0x800'6d77     0xc  Code  Lc  main.o [1]
LL_RCC_PLL_GetDivider    0x800'40ab     0xa  Code  Lc  stm32f4xx_ll_rcc.o [1]
LL_RCC_PLL_GetMainSource
                         0x800'408d     0xa  Code  Lc  stm32f4xx_ll_rcc.o [1]
LL_RCC_PLL_GetN          0x800'4097     0xa  Code  Lc  stm32f4xx_ll_rcc.o [1]
LL_RCC_PLL_GetP          0x800'40a1     0xa  Code  Lc  stm32f4xx_ll_rcc.o [1]
LL_RCC_PLL_IsReady       0x800'6d83     0xc  Code  Lc  main.o [1]
LL_RCC_SetAHBPrescaler   0x800'6d4d     0xe  Code  Lc  main.o [1]
LL_RCC_SetAPB1Prescaler
                         0x800'6d5b     0xe  Code  Lc  main.o [1]
LL_RCC_SetAPB2Prescaler
                         0x800'6d69     0xe  Code  Lc  main.o [1]
LL_RCC_SetSysClkSource   0x800'6d31    0x10  Code  Lc  main.o [1]
LL_RNG_ClearFlag_CEIS    0x800'7d33     0x8  Code  Lc  random_cfg.o [1]
LL_RNG_ClearFlag_SEIS    0x800'7d3b     0x8  Code  Lc  random_cfg.o [1]
LL_RNG_DeInit            0x800'862d    0x14  Code  Gb  stm32f4xx_ll_rng.o [1]
LL_RNG_Disable           0x800'7d0d     0xa  Code  Lc  random_cfg.o [1]
LL_RNG_Enable            0x800'7d03     0xa  Code  Lc  random_cfg.o [1]
LL_RNG_EnableIT          0x800'7d43     0xa  Code  Lc  random_cfg.o [1]
LL_RNG_IsActiveFlag_CEIS
                         0x800'7d1f     0xa  Code  Lc  random_cfg.o [1]
LL_RNG_IsActiveFlag_DRDY
                         0x800'7d17     0x8  Code  Lc  random_cfg.o [1]
LL_RNG_IsActiveFlag_SEIS
                         0x800'7d29     0xa  Code  Lc  random_cfg.o [1]
LL_RNG_ReadRandData32    0x800'7d4d     0x4  Code  Lc  random_cfg.o [1]
LL_SYSTICK_SetClkSource
                         0x800'6cbb    0x20  Code  Lc  main.o [1]
LL_SetSystemCoreClock    0x800'710d     0x6  Code  Gb  stm32f4xx_ll_utils.o [1]
LL_TIM_CC_DisableChannel
                         0x800'4f4b     0x8  Code  Lc  timer_cfg.o [1]
LL_TIM_ClearFlag_TRIG    0x800'50e3     0x8  Code  Lc  timer_cfg.o [1]
LL_TIM_ClearFlag_UPDATE
                         0x800'50d3     0x8  Code  Lc  timer_cfg.o [1]
LL_TIM_DeInit            0x800'5ac3   0x152  Code  Gb  stm32f4xx_ll_tim.o [1]
LL_TIM_DisableCounter    0x800'4f2f     0xa  Code  Lc  timer_cfg.o [1]
LL_TIM_DisableDMAReq_TRIG
                         0x800'50ff     0xa  Code  Lc  timer_cfg.o [1]
LL_TIM_DisableIT_TRIG    0x800'50f5     0xa  Code  Lc  timer_cfg.o [1]
LL_TIM_DisableMasterSlaveMode
[...]
SysTickLib_1msIncTick    0x800'5e69     0x8  Code  Gb  systick_lib.o [1]
SysTickLib_CreateTickTask
                         0x800'5e29     0xc  Code  Gb  systick_lib.o [1]
SysTickLib_DecTick       0x800'5e41     0xc  Code  Gb  systick_lib.o [1]
SysTickLib_DeleteTickTask
                         0x800'5e35     0xc  Code  Gb  systick_lib.o [1]
SysTickLib_GetTick       0x800'5e4d     0x8  Code  Gb  systick_lib.o [1]
SysTickLib_IRQTask       0x800'5e55     0x8  Code  Gb  systick_lib.o [1]
SysTickLib_Init          0x800'5e21     0x8  Code  Gb  systick_lib.o [1]
SysTickLib_WaitusTick    0x800'5e5d     0xc  Code  Gb  systick_lib.o [1]
SysTickTask_1msIncTick   0x800'5d69     0x8  Code  Gb  systick_task.o [1]
SysTickTask_CreateTickTask
                         0x800'5d29     0xc  Code  Gb  systick_task.o [1]
SysTickTask_DecTick      0x800'5d41     0xc  Code  Gb  systick_task.o [1]
SysTickTask_DeleteTickTask
                         0x800'5d35     0xc  Code  Gb  systick_task.o [1]
SysTickTask_GetTick      0x800'5d4d     0x8  Code  Gb  systick_task.o [1]
SysTickTask_IRQTask      0x800'5d55     0x8  Code  Gb  systick_task.o [1]
SysTickTask_Init         0x800'5d21     0x8  Code  Gb  systick_task.o [1]
SysTickTask_WaitusTick   0x800'5d5d     0xc  Code  Gb  systick_task.o [1]
SysTick_1msIncTick       0x800'6287    0x42  Code  Gb  systick_cfg.o [1]
SysTick_CreateTickTask   0x800'5fdf    0xbe  Code  Gb  systick_cfg.o [1]
SysTick_DecTick          0x800'61ab    0x50  Code  Gb  systick_cfg.o [1]
SysTick_DeleteTickTask   0x800'609d    0x7e  Code  Gb  systick_cfg.o [1]
SysTick_GetTick          0x800'61fb     0x8  Code  Gb  systick_cfg.o [1]
SysTick_Handler          0x800'8bf1     0x8  Code  Gb  stm32f4xx_it.o [1]
SysTick_IRQTask          0x800'6203    0x3a  Code  Gb  systick_cfg.o [1]
SysTick_PollTickTask     0x800'611b    0x90  Code  Gb  systick_cfg.o [1]
SysTick_Resume           0x800'5f3d    0x10  Code  Gb  systick_cfg.o [1]
SysTick_StructInit       0x800'5f4d    0x40  Code  Gb  systick_cfg.o [1]
SysTick_Suspend          0x800'5f2d    0x10  Code  Gb  systick_cfg.o [1]
SysTick_WaitusTick       0x800'623d    0x4a  Code  Gb  systick_cfg.o [1]
SysTick_msInit           0x800'5f8d    0x52  Code  Gb  systick_cfg.o [1]
Sys_Init                 0x800'6f17    0xae  Code  Gb  main.o [1]
SystemClock_Config       0x800'6ded    0x9c  Code  Gb  main.o [1]
SystemCoreClock         0x2000'00a4     0x4  Data  Gb  system_stm32f4xx.o [1]
SystemInit               0x800'9015    0x40  Code  Gb  system_stm32f4xx.o [1]
TIM2_IRQHandler          0x800'8c63     0x2  Code  Gb  stm32f4xx_it.o [1]
TimerLib_CalcFreq_Task   0x800'766b     0xe  Code  Gb  timer_lib.o [1]
TimerLib_Init            0x800'7663     0x8  Code  Gb  timer_lib.o [1]
TimerTask_CalcFreq_Task
                         0x800'71d3     0xe  Code  Gb  timer_task.o [1]
TimerTask_Init           0x800'71cb     0x8  Code  Gb  timer_task.o [1]
Timer_CalcFreqMode_DeInit
                         0x800'51eb     0xc  Code  Gb  timer_cfg.o [1]
Timer_CalcFreqMode_Init
                         0x800'5109    0xe2  Code  Gb  timer_cfg.o [1]
Timer_CalcFreqMode_PreInit
                         0x800'51f7    0xe8  Code  Gb  timer_cfg.o [1]
Timer_CalcFreq_Init      0x800'52df   0x17a  Code  Gb  timer_cfg.o [1]
Timer_CalcFreq_Init::nCount
                        0x2000'3014     0x1  Data  Lc  timer_cfg.o [1]
Timer_CalcFreq_Init::nOverCount
                        0x2000'3015     0x1  Data  Lc  timer_cfg.o [1]
Timer_CalcFreq_Task      0x800'5459   0x12c  Code  Gb  timer_cfg.o [1]
Timer_Clock              0x800'558d   0x47a  Code  Gb  timer_cfg.o [1]
Timer_Init               0x800'5585     0x8  Code  Gb  timer_cfg.o [1]
USART1_ConfigInit        0x800'140b    0xe8  Code  Gb  usart_cfg.o [1]
USART1_IRQHandler        0x800'8c03     0xc  Code  Gb  stm32f4xx_it.o [1]
USART1_Init              0x800'14f3    0x60  Code  Gb  usart_cfg.o [1]
USART1_RX_BUFFER        0x2000'2ea0    0x44  Data  Gb  usart_task.o [1]
USART1_Read_DMA_Init     0x800'169d    0xac  Code  Gb  usart_cfg.o [1]
USART1_TX_BUFFER        0x2000'2ee4    0x44  Data  Gb  usart_task.o [1]
USART1_Write_DMA_Init    0x800'1749    0xa2  Code  Gb  usart_cfg.o [1]
USART2_Init              0x800'1553     0x6  Code  Gb  usart_cfg.o [1]
USART3_Init              0x800'1559     0x6  Code  Gb  usart_cfg.o [1]
USARTLib_CRCTask_Read    0x800'7811     0xc  Code  Gb  usart_lib.o [1]
USARTLib_DeviceID        0x800'77e1     0xc  Code  Gb  usart_lib.o [1]
USARTLib_FillMode_AddByte
                         0x800'77ff    0x12  Code  Gb  usart_lib.o [1]
USARTLib_FillMode_Init   0x800'77ed    0x12  Code  Gb  usart_lib.o [1]
USARTLib_FillMode_WriteSTART
                         0x800'781d    0x12  Code  Gb  usart_lib.o [1]
USARTLib_GetReadState    0x800'77c3     0xc  Code  Gb  usart_lib.o [1]
USARTLib_IRQTask         0x800'782f     0xc  Code  Gb  usart_lib.o [1]
USARTLib_Init            0x800'772f    0x5e  Code  Gb  usart_lib.o [1]
USARTLib_ParamInit       0x800'778d    0x2a  Code  Gb  usart_lib.o [1]
USARTLib_Read_DMA_IRQTask
                         0x800'783b     0xc  Code  Gb  usart_lib.o [1]
USARTLib_Read_Init       0x800'77b7     0xc  Code  Gb  usart_lib.o [1]
USARTLib_TimeOVFTask     0x800'77cf    0x12  Code  Gb  usart_lib.o [1]
USARTLib_Write_DMA_IRQTask
                         0x800'7847     0xc  Code  Gb  usart_lib.o [1]
USARTTask_CRCTask_Read   0x800'746b     0xc  Code  Gb  usart_task.o [1]
USARTTask_DebugFreqTask
                         0x800'74b9   0x156  Code  Gb  usart_task.o [1]
USARTTask_DeviceID       0x800'7489     0xc  Code  Gb  usart_task.o [1]
USARTTask_FillMode_AddByte
                         0x800'7459    0x12  Code  Gb  usart_task.o [1]
USARTTask_FillMode_Init
                         0x800'7447    0x12  Code  Gb  usart_task.o [1]
USARTTask_FillMode_WriteSTART
                         0x800'7477    0x12  Code  Gb  usart_task.o [1]
USARTTask_GetReadState   0x800'742d     0xc  Code  Gb  usart_task.o [1]
USARTTask_IRQTask        0x800'7495     0xc  Code  Gb  usart_task.o [1]
USARTTask_Init           0x800'73cd    0x54  Code  Gb  usart_task.o [1]
USARTTask_Read_DMA_IRQTask
                         0x800'74a1     0xc  Code  Gb  usart_task.o [1]
USARTTask_Read_Init      0x800'7421     0xc  Code  Gb  usart_task.o [1]
USARTTask_TimeOVFTask    0x800'7439     0xe  Code  Gb  usart_task.o [1]
USARTTask_Write_DMA_IRQTask
                         0x800'74ad     0xc  Code  Gb  usart_task.o [1]
USART_485GPIOInit        0x800'0681    0x2a  Code  Gb  usart_cfg.o [1]
USART_CRCTask_Read       0x800'0c41   0x1e8  Code  Gb  usart_cfg.o [1]
USART_CRCTask_Write      0x800'0e29    0xfa  Code  Gb  usart_cfg.o [1]
USART_ClearOVF           0x800'0fd3    0x1c  Code  Gb  usart_cfg.o [1]
USART_Clock              0x800'11e9   0x20a  Code  Gb  usart_cfg.o [1]
USART_DMA_IDLETask       0x800'1871    0x5e  Code  Gb  usart_cfg.o [1]
USART_DeviceID           0x800'107d    0x20  Code  Gb  usart_cfg.o [1]
USART_FillMode_AddByte   0x800'0c21    0x20  Code  Gb  usart_cfg.o [1]
USART_FillMode_Init      0x800'0b8d    0x94  Code  Gb  usart_cfg.o [1]
USART_FillMode_WriteSTART
                         0x800'0f23    0xb0  Code  Gb  usart_cfg.o [1]
USART_GPIOInit           0x800'0653    0x2e  Code  Gb  usart_cfg.o [1]
USART_GetReadState       0x800'0fef     0x6  Code  Gb  usart_cfg.o [1]
USART_IRQTask            0x800'155f   0x13e  Code  Gb  usart_cfg.o [1]
USART_ITPrintf_TCTask    0x800'116b    0x38  Code  Gb  usart_cfg.o [1]
USART_ITRead_16BitsTask
                         0x800'0919   0x13a  Code  Gb  usart_cfg.o [1]
USART_ITRead_16BitsTask::tempVal
                        0x2000'3017     0x1  Data  Lc  usart_cfg.o [1]
USART_ITRead_8BitsTask   0x800'0827    0xf2  Code  Gb  usart_cfg.o [1]
USART_ITRead_8BitsTask::tempVal
                        0x2000'3016     0x1  Data  Lc  usart_cfg.o [1]
USART_ITRead_Task        0x800'0a81    0x26  Code  Gb  usart_cfg.o [1]
USART_ITWrite_TCTask     0x800'0b37    0x56  Code  Gb  usart_cfg.o [1]
USART_ITWrite_TXETask    0x800'0aa7    0x90  Code  Gb  usart_cfg.o [1]
USART_IT_TCTask          0x800'11a9    0x34  Code  Gb  usart_cfg.o [1]
USART_Init               0x800'05db    0x78  Code  Gb  usart_cfg.o [1]
USART_ParamInit          0x800'13f3    0x18  Code  Gb  usart_cfg.o [1]
USART_Printf             0x800'110b    0x60  Code  Gb  usart_cfg.o [1]
USART_PrintfResume       0x800'10f5    0x16  Code  Gb  usart_cfg.o [1]
USART_PrintfSuspend      0x800'109d    0x58  Code  Gb  usart_cfg.o [1]
USART_Read_DMA_IRQTask   0x800'18cf    0x12  Code  Gb  usart_cfg.o [1]
USART_Read_DMA_RESTART   0x800'183b    0x1c  Code  Gb  usart_cfg.o [1]
USART_Read_DMA_STOP      0x800'1815    0x26  Code  Gb  usart_cfg.o [1]
USART_Read_Init          0x800'0ff5    0x4a  Code  Gb  usart_cfg.o [1]
USART_StructInit         0x800'04f3    0xe8  Code  Gb  usart_cfg.o [1]
USART_TimeOVFTask        0x800'077d    0xaa  Code  Gb  usart_cfg.o [1]
USART_TimeTick_Init      0x800'06ab    0x2e  Code  Gb  usart_cfg.o [1]
USART_TimeTick_OVF       0x800'06d9    0xa4  Code  Gb  usart_cfg.o [1]
USART_Write_DMA_IRQTask
                         0x800'18e1    0x1c  Code  Gb  usart_cfg.o [1]
USART_Write_DMA_RESTART
                         0x800'1857    0x1a  Code  Gb  usart_cfg.o [1]
USART_Write_Init         0x800'103f    0x3e  Code  Gb  usart_cfg.o [1]
UsageFault_Handler       0x800'8be9     0x2  Code  Gb  stm32f4xx_it.o [1]
WM8510Lib_I2C_Init       0x800'7691    0x1a  Code  Gb  wm8510_lib.o [1]
WM8510Task_I2C_Init      0x800'71f9    0x1a  Code  Gb  wm8510_task.o [1]
WM8510_HWI2C_WriteReg    0x800'81e3     0x6  Code  Gb  wm8510_cfg.o [1]
WM8510_I2C_Device0_Init
                         0x800'802f    0x78  Code  Gb  wm8510_cfg.o [1]
WM8510_I2C_Device1_Init
                         0x800'80a7     0x6  Code  Gb  wm8510_cfg.o [1]
WM8510_I2C_Device2_Init
                         0x800'80ad     0x6  Code  Gb  wm8510_cfg.o [1]
WM8510_I2C_Init          0x800'80b3    0x8c  Code  Gb  wm8510_cfg.o [1]
WM8510_I2C_ParamsInit    0x800'7fa1    0x8e  Code  Gb  wm8510_cfg.o [1]
WM8510_I2C_START         0x800'813f    0x30  Code  Gb  wm8510_cfg.o [1]
WM8510_I2C_SendCMD       0x800'81e9    0x26  Code  Gb  wm8510_cfg.o [1]
WM8510_SWI2C_WriteReg    0x800'816f    0x74  Code  Gb  wm8510_cfg.o [1]
WWDG_IRQHandler          0x800'8bf9     0xa  Code  Gb  stm32f4xx_it.o [1]
_Encoding_8859_1_Mbrlen
                         0x800'2d49     0x2  Code  Gb  xencoding_8859_1.o [2]
_Encoding_8859_1_Wctomb
                         0x800'2d37    0x12  Code  Gb  xencoding_8859_1.o [2]
_Error_Handler           0x800'2771     0x2  Code  Gb  stm32_cfg.o [1]
_LitobFull               0x800'3c67   0x10a  Code  Lc  xprintffull.o [2]
_Locale_lconv           0x2000'0048    0x38  Data  Lc  xlocale_c.o [2]
_PrintfFull              0x800'2d55   0xcc4  Code  Gb  xprintffull.o [2]
_PutcharsFull            0x800'3dd9    0x2e  Code  Lc  xprintffull.o [2]
_PutstrFull              0x800'3ba7    0xc0  Code  Lc  xprintffull.o [2]
_PuttxtFull              0x800'3a9b   0x10c  Code  Lc  xprintffull.o [2]
_SNProut                 0x800'431f    0x1a  Code  Gb  xsnprout.o [2]
__NVIC_EnableIRQ         0x800'6305    0x20  Code  Lc  adc_cfg.o [1]
__NVIC_EnableIRQ         0x800'7c63    0x1e  Code  Lc  random_cfg.o [1]
__NVIC_EnableIRQ         0x800'0195    0x20  Code  Lc  usart_cfg.o [1]
__NVIC_GetPriorityGrouping
                         0x800'62f9     0xc  Code  Lc  adc_cfg.o [1]
__NVIC_GetPriorityGrouping
                         0x800'6c27     0xc  Code  Lc  main.o [1]
__NVIC_GetPriorityGrouping
                         0x800'7c59     0xa  Code  Lc  random_cfg.o [1]
__NVIC_GetPriorityGrouping
                         0x800'5e93     0xc  Code  Lc  systick_cfg.o [1]
__NVIC_GetPriorityGrouping
                         0x800'0189     0xc  Code  Lc  usart_cfg.o [1]
__NVIC_SetPriority       0x800'6325    0x30  Code  Lc  adc_cfg.o [1]
__NVIC_SetPriority       0x800'6c33    0x30  Code  Lc  main.o [1]
__NVIC_SetPriority       0x800'7c81    0x2c  Code  Lc  random_cfg.o [1]
__NVIC_SetPriority       0x800'5e9f    0x30  Code  Lc  systick_cfg.o [1]
__NVIC_SetPriority       0x800'01b5    0x30  Code  Lc  usart_cfg.o [1]
__NVIC_SetPriorityGrouping
                         0x800'6c05    0x22  Code  Lc  main.o [1]
__NVIC_SetPriorityGrouping
                         0x800'5e71    0x22  Code  Lc  systick_cfg.o [1]
__NVIC_SystemReset       0x800'8cfd    0x1a  Code  Lc  css_cfg.o [1]
__NVIC_SystemReset       0x800'7855    0x1e  Code  Lc  rtc_cfg.o [1]
__aeabi_cdcmple          0x800'45b5          Code  Gb  DblCmpLe.o [3]
__aeabi_cdrcmple         0x800'45e5          Code  Gb  DblCmpGe.o [3]
__aeabi_d2f              0x800'5db9          Code  Gb  DblToFlt.o [3]
__aeabi_d2iz             0x800'4751          Code  Gb  DblToS32.o [3]
__aeabi_d2uiz            0x800'4add          Code  Gb  DblToU32.o [3]
__aeabi_dadd             0x800'4d1d          Code  Gb  DblAdd.o [3]
__aeabi_ddiv             0x800'4895          Code  Gb  DblDiv.o [3]
__aeabi_dmul             0x800'4b21          Code  Gb  DblMul.o [3]
__aeabi_dsub             0x800'47b1          Code  Gb  DblSub.o [3]
__aeabi_f2d              0x800'5d71          Code  Gb  FltToDbl.o [3]
__aeabi_i2d              0x800'478d          Code  Gb  S32ToDbl.o [3]
__aeabi_ldiv0            0x800'4ccd          Code  Gb  I64DivZer.o [4]
__aeabi_memcpy           0x800'449d          Code  Gb  ABImemcpy.o [4]
__aeabi_memcpy4          0x800'44bd          Code  Gb  ABImemcpy.o [4]
__aeabi_memcpy8          0x800'44bd          Code  Gb  ABImemcpy.o [4]
__aeabi_memset           0x800'1fa9          Code  Gb  ABImemset.o [4]
__aeabi_ui2d             0x800'4b05          Code  Gb  U32ToDbl.o [3]
__aeabi_uldivmod         0x800'3e35          Code  Gb  I64DivMod.o [4]
__cmain                  0x800'9145          Code  Gb  cmain.o [4]
__exit                   0x800'4e99    0x14  Code  Gb  exit.o [5]
__iar_Fail_s             0x800'43cd    0x1c  Code  Gb  xfail_s.o [2]
__iar_Mbcurmax           0x800'4cc3     0xa  Code  Gb  xmbcurmax.o [2]
__iar_Memchr             0x800'4445          Code  Gb  memchr.o [4]
__iar_Memset             0x800'1fa9          Code  Gb  ABImemset.o [4]
__iar_Memset_word        0x800'1fb1          Code  Gb  ABImemset.o [4]
__iar_Strchr             0x800'43b5          Code  Gb  strchr.o [4]
__iar_copy_init3         0x800'200f    0x2e  Code  Gb  copy_init3.o [4]
__iar_dadd               0x800'47c1          Code  Gb  DblSub.o [3]
__iar_data_init3         0x800'9075    0x28  Code  Gb  data_init.o [4]
__iar_dsub               0x800'4d2d          Code  Gb  DblAdd.o [3]
__iar_dsubStart          0x800'4d3f          Code  Gb  DblAdd.o [3]
__iar_frexp              0x800'4551          Code  Gb  frexp.o [3]
__iar_frexpl             0x800'4551          Code  Gb  frexp.o [3]
__iar_globLocale        0x2000'0000    0x48  Data  Lc  xlocale_c.o [2]
__iar_global_Locale      0x800'4339     0x4  Code  Gb  xlocale_c.o [2]
__iar_init_vfp           0x800'909d          Code  Gb  fpinit_M.o [3]
__iar_ldexp64            0x800'4615          Code  Gb  ldexp.o [3]
__iar_program_start      0x800'9209          Code  Gb  cstartup_M.o [4]
__iar_scalbln64          0x800'4615          Code  Gb  ldexp.o [3]
__iar_scalbn64           0x800'4615          Code  Gb  ldexp.o [3]
__iar_softfp___iar_frexp64
                         0x800'4545          Code  Gb  frexp.o [3]
__iar_softfp_frexp       0x800'4545          Code  Gb  frexp.o [3]
__iar_softfp_frexpl      0x800'4545          Code  Gb  frexp.o [3]
__iar_zero_init3         0x800'1f6f    0x3a  Code  Gb  zero_init3.o [4]
__low_level_init         0x800'9163     0x4  Code  Gb  low_level_init.o [2]
__vector_table           0x800'0000          Data  Gb  startup_stm32f407xx.o [1]
_call_main               0x800'9151          Code  Gb  cmain.o [4]
_exit                    0x800'916d          Code  Gb  cexit.o [4]
_gLocale_mblen           0x800'43a1     0x4  Code  Gb  xlocale_c.o [2]
_gLocale_mblenInt        0x800'4365    0x2c  Code  Gb  xlocale_c.o [2]
_gLocale_wctomb          0x800'43a5     0x4  Code  Gb  xlocale_c.o [2]
_gLocale_wctombInt       0x800'439d     0x4  Code  Gb  xlocale_c.o [2]
_irq_disable             0x800'2769     0x4  Code  Gb  stm32_cfg.o [1]
_irq_enable              0x800'276d     0x4  Code  Gb  stm32_cfg.o [1]
_main                    0x800'915f          Code  Gb  cmain.o [4]
abort                    0x800'4d15     0x6  Code  Gb  abort.o [2]
crc16Table               0x800'8984   0x200  Data  Gb  crc_cfg.o [1]
crc8Table07              0x800'8db4   0x100  Data  Gb  crc_cfg.o [1]
crc8Table31              0x800'8eb4   0x100  Data  Gb  crc_cfg.o [1]
exit                     0x800'9167     0x4  Code  Gb  exit.o [2]
g_ABChannelADC          0x2000'2f28    0x2c  Data  Gb  adc_cfg.o [1]
g_CDChannelADC          0x2000'2f54    0x2c  Data  Gb  adc_cfg.o [1]
g_CRCIsEnable           0x2000'00b8     0x1  Data  Gb  crc_cfg.o [1]
g_CalcFreq              0x2000'2fa8    0x24  Data  Gb  timer_cfg.o [1]
g_HASH_RNG_Val          0x2000'3008     0x4  Data  Gb  random_cfg.o [1]
g_HardFaultErrMsg       0x2000'2fcc    0x20  Data  Gb  stm32_cfg.o [1]
g_IspDevice0            0x2000'2dbc    0x78  Data  Gb  isp_cfg.o [1]
g_MemMap                0x2000'28bc   0x280  Data  Gb  my_malloc.o [1]
g_MemPool               0x2000'00bc  0x2800  Data  Gb  my_malloc.o [1]
g_MemTableSize           0x800'9254     0x4  Data  Gb  my_malloc.o [1]
g_MemTotalSize           0x800'9258     0x4  Data  Gb  my_malloc.o [1]
g_MonthDaysTab           0x800'91c0    0x10  Data  Gb  rtc_cfg.o [1]
g_MyMallcoDev           0x2000'0080    0x14  Data  Gb  my_malloc.o [1]
g_PrintfBuffer          0x2000'2b3c   0x200  Data  Gb  usart_cfg.o [1]
g_SysSoftRTC            0x2000'2fec    0x18  Data  Gb  rtc_cfg.o [1]
g_SysTick               0x2000'2f80    0x28  Data  Gb  systick_cfg.o [1]
g_Usart1                0x2000'2d3c    0x80  Data  Gb  usart_cfg.o [1]
g_Wm8510Device0         0x2000'2e34    0x6c  Data  Gb  wm8510_cfg.o [1]
ldexp                    0x800'4615          Code  Gb  ldexp.o [3]
ldexpl                   0x800'4615          Code  Gb  ldexp.o [3]
localeconv               0x800'43a9     0x4  Code  Gb  xlocale_c.o [2]
main                     0x800'6fc5    0xd2  Code  Gb  main.o [1]
memchr                   0x800'4445          Code  Gb  memchr.o [4]
pABChannelADC           0x2000'0094     0x4  Data  Gb  adc_cfg.o [1]
pCDChannelADC           0x2000'0098     0x4  Data  Gb  adc_cfg.o [1]
pCalcFreq               0x2000'00ac     0x4  Data  Gb  timer_cfg.o [1]
pIspDevice0             0x2000'009c     0x4  Data  Gb  isp_cfg.o [1]
pSysSoftRTC             0x2000'00a0     0x4  Data  Gb  rtc_cfg.o [1]
pSysTick                0x2000'00a8     0x4  Data  Gb  systick_cfg.o [1]
pUsart1                 0x2000'00b0     0x4  Data  Gb  usart_cfg.o [1]
pWm8510Device0          0x2000'00b4     0x4  Data  Gb  wm8510_cfg.o [1]
scalbln                  0x800'4615          Code  Gb  ldexp.o [3]
scalblnl                 0x800'4615          Code  Gb  ldexp.o [3]
scalbn                   0x800'4615          Code  Gb  ldexp.o [3]
scalbnl                  0x800'4615          Code  Gb  ldexp.o [3]
scale                    0x800'3d71    0x46  Code  Lc  xprintffull.o [2]
sec_hand                0x2000'3010     0x4  Data  Lc  xfail_s.o [2]
strchr                   0x800'43b5          Code  Gb  strchr.o [4]
strlen                   0x800'440d          Code  Gb  strlen.o [4]
uwTick                  0x2000'300c     0x4  Data  Gb  stm32f4xx_hal.o [1]
uwTickFreq              0x2000'00b9     0x1  Data  Gb  stm32f4xx_hal.o [1]
vsnprintf                0x800'1f19    0x3c  Code  Gb  vsnprint.o [2]


[1] = I:\STM32Project\NewProject\STM32F407\STM32F407VET6\STM32F407VET6Project\EWARM\STM32F407VET6Project\Obj
[2] = dl7M_tlf.a
[3] = m7M_tls.a
[4] = rt7M_tl.a
[5] = shb_l.a

  36'313 bytes of readonly  code memory
   1'627 bytes of readonly  data memory
  20'502 bytes of readwrite data memory

Errors: none
Warnings: none
