###############################################################################
#
# IAR ELF Linker V8.40.1.212/W32 for ARM                  11/Nov/2019  23:57:53
# Copyright 2007-2019 IAR Systems AB.
#
#    Output file  =
#        E:\STM32_MCU\STM32F407\STM32F407VET6\STM32F407VET6Project\EWARM\STM32F407VET6Project\Exe\STM32F407VET6Project.out
#    Map file     =
#        E:\STM32_MCU\STM32F407\STM32F407VET6\STM32F407VET6Project\EWARM\STM32F407VET6Project\List\STM32F407VET6Project.map
#    Command line =
#        -f C:\Users\Harry\AppData\Local\Temp\EWFFE3.tmp
#        (E:\STM32_MCU\STM32F407\STM32F407VET6\STM32F407VET6Project\EWARM\STM32F407VET6Project\Obj\ad5593_cfg.o
#        E:\STM32_MCU\STM32F407\STM32F407VET6\STM32F407VET6Project\EWARM\STM32F407VET6Project\Obj\ad5593_lib.o
#        E:\STM32_MCU\STM32F407\STM32F407VET6\STM32F407VET6Project\EWARM\STM32F407VET6Project\Obj\ad5593_task.o
#        E:\STM32_MCU\STM32F407\STM32F407VET6\STM32F407VET6Project\EWARM\STM32F407VET6Project\Obj\adc_cfg.o
#        E:\STM32_MCU\STM32F407\STM32F407VET6\STM32F407VET6Project\EWARM\STM32F407VET6Project\Obj\adc_lib.o
#        E:\STM32_MCU\STM32F407\STM32F407VET6\STM32F407VET6Project\EWARM\STM32F407VET6Project\Obj\adc_task.o
#        E:\STM32_MCU\STM32F407\STM32F407VET6\STM32F407VET6Project\EWARM\STM32F407VET6Project\Obj\ads1256_cfg.o
#        E:\STM32_MCU\STM32F407\STM32F407VET6\STM32F407VET6Project\EWARM\STM32F407VET6Project\Obj\ads1256_lib.o
#        E:\STM32_MCU\STM32F407\STM32F407VET6\STM32F407VET6Project\EWARM\STM32F407VET6Project\Obj\ads1256_task.o
#        E:\STM32_MCU\STM32F407\STM32F407VET6\STM32F407VET6Project\EWARM\STM32F407VET6Project\Obj\ads868x_cfg.o
#        E:\STM32_MCU\STM32F407\STM32F407VET6\STM32F407VET6Project\EWARM\STM32F407VET6Project\Obj\ads868x_lib.o
#        E:\STM32_MCU\STM32F407\STM32F407VET6\STM32F407VET6Project\EWARM\STM32F407VET6Project\Obj\ads868x_task.o
#        E:\STM32_MCU\STM32F407\STM32F407VET6\STM32F407VET6Project\EWARM\STM32F407VET6Project\Obj\ads869x_cfg.o
#        E:\STM32_MCU\STM32F407\STM32F407VET6\STM32F407VET6Project\EWARM\STM32F407VET6Project\Obj\ads869x_lib.o
#        E:\STM32_MCU\STM32F407\STM32F407VET6\STM32F407VET6Project\EWARM\STM32F407VET6Project\Obj\ads869x_task.o
#        E:\STM32_MCU\STM32F407\STM32F407VET6\STM32F407VET6Project\EWARM\STM32F407VET6Project\Obj\at24cxx_cfg.o
#        E:\STM32_MCU\STM32F407\STM32F407VET6\STM32F407VET6Project\EWARM\STM32F407VET6Project\Obj\at24cxx_lib.o
#        E:\STM32_MCU\STM32F407\STM32F407VET6\STM32F407VET6Project\EWARM\STM32F407VET6Project\Obj\at24cxx_task.o
#        E:\STM32_MCU\STM32F407\STM32F407VET6\STM32F407VET6Project\EWARM\STM32F407VET6Project\Obj\bkp_cfg.o
#        E:\STM32_MCU\STM32F407\STM32F407VET6\STM32F407VET6Project\EWARM\STM32F407VET6Project\Obj\bkp_lib.o
#        E:\STM32_MCU\STM32F407\STM32F407VET6\STM32F407VET6Project\EWARM\STM32F407VET6Project\Obj\bkp_task.o
#        E:\STM32_MCU\STM32F407\STM32F407VET6\STM32F407VET6Project\EWARM\STM32F407VET6Project\Obj\complier_cfg.o
#        E:\STM32_MCU\STM32F407\STM32F407VET6\STM32F407VET6Project\EWARM\STM32F407VET6Project\Obj\complier_lib.o
#        E:\STM32_MCU\STM32F407\STM32F407VET6\STM32F407VET6Project\EWARM\STM32F407VET6Project\Obj\crc_cfg.o
#        E:\STM32_MCU\STM32F407\STM32F407VET6\STM32F407VET6Project\EWARM\STM32F407VET6Project\Obj\crc_lib.o
#        E:\STM32_MCU\STM32F407\STM32F407VET6\STM32F407VET6Project\EWARM\STM32F407VET6Project\Obj\crc_task.o
#        E:\STM32_MCU\STM32F407\STM32F407VET6\STM32F407VET6Project\EWARM\STM32F407VET6Project\Obj\css_cfg.o
#        E:\STM32_MCU\STM32F407\STM32F407VET6\STM32F407VET6Project\EWARM\STM32F407VET6Project\Obj\css_lib.o
#        E:\STM32_MCU\STM32F407\STM32F407VET6\STM32F407VET6Project\EWARM\STM32F407VET6Project\Obj\css_task.o
#        E:\STM32_MCU\STM32F407\STM32F407VET6\STM32F407VET6Project\EWARM\STM32F407VET6Project\Obj\dac_cfg.o
#        E:\STM32_MCU\STM32F407\STM32F407VET6\STM32F407VET6Project\EWARM\STM32F407VET6Project\Obj\dac_lib.o
#        E:\STM32_MCU\STM32F407\STM32F407VET6\STM32F407VET6Project\EWARM\STM32F407VET6Project\Obj\dac_task.o
#        E:\STM32_MCU\STM32F407\STM32F407VET6\STM32F407VET6Project\EWARM\STM32F407VET6Project\Obj\decode_cfg.o
#        E:\STM32_MCU\STM32F407\STM32F407VET6\STM32F407VET6Project\EWARM\STM32F407VET6Project\Obj\decode_lib.o
#        E:\STM32_MCU\STM32F407\STM32F407VET6\STM32F407VET6Project\EWARM\STM32F407VET6Project\Obj\decode_task.o
#        E:\STM32_MCU\STM32F407\STM32F407VET6\STM32F407VET6Project\EWARM\STM32F407VET6Project\Obj\delay_cfg.o
#        E:\STM32_MCU\STM32F407\STM32F407VET6\STM32F407VET6Project\EWARM\STM32F407VET6Project\Obj\delay_lib.o
#        E:\STM32_MCU\STM32F407\STM32F407VET6\STM32F407VET6Project\EWARM\STM32F407VET6Project\Obj\delay_task.o
#        E:\STM32_MCU\STM32F407\STM32F407VET6\STM32F407VET6Project\EWARM\STM32F407VET6Project\Obj\dht11_cfg.o
#        E:\STM32_MCU\STM32F407\STM32F407VET6\STM32F407VET6Project\EWARM\STM32F407VET6Project\Obj\dht11_lib.o
#        E:\STM32_MCU\STM32F407\STM32F407VET6\STM32F407VET6Project\EWARM\STM32F407VET6Project\Obj\dht11_task.o
#        E:\STM32_MCU\STM32F407\STM32F407VET6\STM32F407VET6Project\EWARM\STM32F407VET6Project\Obj\ds1302_cfg.o
#        E:\STM32_MCU\STM32F407\STM32F407VET6\STM32F407VET6Project\EWARM\STM32F407VET6Project\Obj\ds1302_lib.o
#        E:\STM32_MCU\STM32F407\STM32F407VET6\STM32F407VET6Project\EWARM\STM32F407VET6Project\Obj\ds1302_task.o
#        E:\STM32_MCU\STM32F407\STM32F407VET6\STM32F407VET6Project\EWARM\STM32F407VET6Project\Obj\ds18b20_cfg.o
#        E:\STM32_MCU\STM32F407\STM32F407VET6\STM32F407VET6Project\EWARM\STM32F407VET6Project\Obj\ds18b20_lib.o
#        E:\STM32_MCU\STM32F407\STM32F407VET6\STM32F407VET6Project\EWARM\STM32F407VET6Project\Obj\ds18b20_task.o
#        E:\STM32_MCU\STM32F407\STM32F407VET6\STM32F407VET6Project\EWARM\STM32F407VET6Project\Obj\eeprom_cfg.o
#        E:\STM32_MCU\STM32F407\STM32F407VET6\STM32F407VET6Project\EWARM\STM32F407VET6Project\Obj\eeprom_lib.o
#        E:\STM32_MCU\STM32F407\STM32F407VET6\STM32F407VET6Project\EWARM\STM32F407VET6Project\Obj\eeprom_task.o
#        E:\STM32_MCU\STM32F407\STM32F407VET6\STM32F407VET6Project\EWARM\STM32F407VET6Project\Obj\enc28j60_cfg.o
#        E:\STM32_MCU\STM32F407\STM32F407VET6\STM32F407VET6Project\EWARM\STM32F407VET6Project\Obj\enc28j60_lib.o
#        E:\STM32_MCU\STM32F407\STM32F407VET6\STM32F407VET6Project\EWARM\STM32F407VET6Project\Obj\enc28j60_task.o
#        E:\STM32_MCU\STM32F407\STM32F407VET6\STM32F407VET6Project\EWARM\STM32F407VET6Project\Obj\flash_cfg.o
#        E:\STM32_MCU\STM32F407\STM32F407VET6\STM32F407VET6Project\EWARM\STM32F407VET6Project\Obj\flash_lib.o
#        E:\STM32_MCU\STM32F407\STM32F407VET6\STM32F407VET6Project\EWARM\STM32F407VET6Project\Obj\flash_task.o
#        E:\STM32_MCU\STM32F407\STM32F407VET6\STM32F407VET6Project\EWARM\STM32F407VET6Project\Obj\gpio_cfg.o
#        E:\STM32_MCU\STM32F407\STM32F407VET6\STM32F407VET6Project\EWARM\STM32F407VET6Project\Obj\gpio_lib.o
#        E:\STM32_MCU\STM32F407\STM32F407VET6\STM32F407VET6Project\EWARM\STM32F407VET6Project\Obj\gpio_task.o
#        E:\STM32_MCU\STM32F407\STM32F407VET6\STM32F407VET6Project\EWARM\STM32F407VET6Project\Obj\hmc830_cfg.o
#        E:\STM32_MCU\STM32F407\STM32F407VET6\STM32F407VET6Project\EWARM\STM32F407VET6Project\Obj\hmc830_lib.o
#        E:\STM32_MCU\STM32F407\STM32F407VET6\STM32F407VET6Project\EWARM\STM32F407VET6Project\Obj\hmc830_task.o
#        E:\STM32_MCU\STM32F407\STM32F407VET6\STM32F407VET6Project\EWARM\STM32F407VET6Project\Obj\i2c_cfg.o
#        E:\STM32_MCU\STM32F407\STM32F407VET6\STM32F407VET6Project\EWARM\STM32F407VET6Project\Obj\i2c_lib.o
#        E:\STM32_MCU\STM32F407\STM32F407VET6\STM32F407VET6Project\EWARM\STM32F407VET6Project\Obj\i2c_task.o
#        E:\STM32_MCU\STM32F407\STM32F407VET6\STM32F407VET6Project\EWARM\STM32F407VET6Project\Obj\iap_cfg.o
#        E:\STM32_MCU\STM32F407\STM32F407VET6\STM32F407VET6Project\EWARM\STM32F407VET6Project\Obj\iap_lib.o
#        E:\STM32_MCU\STM32F407\STM32F407VET6\STM32F407VET6Project\EWARM\STM32F407VET6Project\Obj\iap_task.o
#        E:\STM32_MCU\STM32F407\STM32F407VET6\STM32F407VET6Project\EWARM\STM32F407VET6Project\Obj\ina226_cfg.o
#        E:\STM32_MCU\STM32F407\STM32F407VET6\STM32F407VET6Project\EWARM\STM32F407VET6Project\Obj\ina226_lib.o
#        E:\STM32_MCU\STM32F407\STM32F407VET6\STM32F407VET6Project\EWARM\STM32F407VET6Project\Obj\ina226_task.o
#        E:\STM32_MCU\STM32F407\STM32F407VET6\STM32F407VET6Project\EWARM\STM32F407VET6Project\Obj\isp_cfg.o
#        E:\STM32_MCU\STM32F407\STM32F407VET6\STM32F407VET6Project\EWARM\STM32F407VET6Project\Obj\isp_lib.o
#        E:\STM32_MCU\STM32F407\STM32F407VET6\STM32F407VET6Project\EWARM\STM32F407VET6Project\Obj\isp_task.o
#        E:\STM32_MCU\STM32F407\STM32F407VET6\STM32F407VET6Project\EWARM\STM32F407VET6Project\Obj\iwdg_cfg.o
#        E:\STM32_MCU\STM32F407\STM32F407VET6\STM32F407VET6Project\EWARM\STM32F407VET6Project\Obj\iwdg_lib.o
#        E:\STM32_MCU\STM32F407\STM32F407VET6\STM32F407VET6Project\EWARM\STM32F407VET6Project\Obj\iwdg_task.o
#        E:\STM32_MCU\STM32F407\STM32F407VET6\STM32F407VET6Project\EWARM\STM32F407VET6Project\Obj\kalman_filter.o
#        E:\STM32_MCU\STM32F407\STM32F407VET6\STM32F407VET6Project\EWARM\STM32F407VET6Project\Obj\key_cfg.o
#        E:\STM32_MCU\STM32F407\STM32F407VET6\STM32F407VET6Project\EWARM\STM32F407VET6Project\Obj\key_lib.o
#        E:\STM32_MCU\STM32F407\STM32F407VET6\STM32F407VET6Project\EWARM\STM32F407VET6Project\Obj\key_task.o
#        E:\STM32_MCU\STM32F407\STM32F407VET6\STM32F407VET6Project\EWARM\STM32F407VET6Project\Obj\lcd1602_cfg.o
#        E:\STM32_MCU\STM32F407\STM32F407VET6\STM32F407VET6Project\EWARM\STM32F407VET6Project\Obj\lcd1602_lib.o
#        E:\STM32_MCU\STM32F407\STM32F407VET6\STM32F407VET6Project\EWARM\STM32F407VET6Project\Obj\lcd1602_task.o
#        E:\STM32_MCU\STM32F407\STM32F407VET6\STM32F407VET6Project\EWARM\STM32F407VET6Project\Obj\led_cfg.o
#        E:\STM32_MCU\STM32F407\STM32F407VET6\STM32F407VET6Project\EWARM\STM32F407VET6Project\Obj\led_lib.o
#        E:\STM32_MCU\STM32F407\STM32F407VET6\STM32F407VET6Project\EWARM\STM32F407VET6Project\Obj\led_task.o
#        E:\STM32_MCU\STM32F407\STM32F407VET6\STM32F407VET6Project\EWARM\STM32F407VET6Project\Obj\lin_cfg.o
#        E:\STM32_MCU\STM32F407\STM32F407VET6\STM32F407VET6Project\EWARM\STM32F407VET6Project\Obj\lin_lib.o
#        E:\STM32_MCU\STM32F407\STM32F407VET6\STM32F407VET6Project\EWARM\STM32F407VET6Project\Obj\lin_task.o
#        E:\STM32_MCU\STM32F407\STM32F407VET6\STM32F407VET6Project\EWARM\STM32F407VET6Project\Obj\main.o
#        E:\STM32_MCU\STM32F407\STM32F407VET6\STM32F407VET6Project\EWARM\STM32F407VET6Project\Obj\max961x_cfg.o
#        E:\STM32_MCU\STM32F407\STM32F407VET6\STM32F407VET6Project\EWARM\STM32F407VET6Project\Obj\max961x_lib.o
#        E:\STM32_MCU\STM32F407\STM32F407VET6\STM32F407VET6Project\EWARM\STM32F407VET6Project\Obj\max961x_task.o
#        E:\STM32_MCU\STM32F407\STM32F407VET6\STM32F407VET6Project\EWARM\STM32F407VET6Project\Obj\mobus_slave_cfg.o
#        E:\STM32_MCU\STM32F407\STM32F407VET6\STM32F407VET6Project\EWARM\STM32F407VET6Project\Obj\mobus_slave_lib.o
#        E:\STM32_MCU\STM32F407\STM32F407VET6\STM32F407VET6Project\EWARM\STM32F407VET6Project\Obj\mobus_slave_task.o
#        E:\STM32_MCU\STM32F407\STM32F407VET6\STM32F407VET6Project\EWARM\STM32F407VET6Project\Obj\modbus_master_cfg.o
#        E:\STM32_MCU\STM32F407\STM32F407VET6\STM32F407VET6Project\EWARM\STM32F407VET6Project\Obj\modbus_master_lib.o
#        E:\STM32_MCU\STM32F407\STM32F407VET6\STM32F407VET6Project\EWARM\STM32F407VET6Project\Obj\modbus_master_task.o
#        E:\STM32_MCU\STM32F407\STM32F407VET6\STM32F407VET6Project\EWARM\STM32F407VET6Project\Obj\my_malloc.o
#        E:\STM32_MCU\STM32F407\STM32F407VET6\STM32F407VET6Project\EWARM\STM32F407VET6Project\Obj\nrf2401_cfg.o
#        E:\STM32_MCU\STM32F407\STM32F407VET6\STM32F407VET6Project\EWARM\STM32F407VET6Project\Obj\nrf2401_lib.o
#        E:\STM32_MCU\STM32F407\STM32F407VET6\STM32F407VET6Project\EWARM\STM32F407VET6Project\Obj\nrf2401_task.o
#        E:\STM32_MCU\STM32F407\STM32F407VET6\STM32F407VET6Project\EWARM\STM32F407VET6Project\Obj\oled_cfg.o
#        E:\STM32_MCU\STM32F407\STM32F407VET6\STM32F407VET6Project\EWARM\STM32F407VET6Project\Obj\oled_lib.o
#        E:\STM32_MCU\STM32F407\STM32F407VET6\STM32F407VET6Project\EWARM\STM32F407VET6Project\Obj\oled_task.o
#        E:\STM32_MCU\STM32F407\STM32F407VET6\STM32F407VET6Project\EWARM\STM32F407VET6Project\Obj\one_wire_cfg.o
#        E:\STM32_MCU\STM32F407\STM32F407VET6\STM32F407VET6Project\EWARM\STM32F407VET6Project\Obj\one_wire_lib.o
#        E:\STM32_MCU\STM32F407\STM32F407VET6\STM32F407VET6Project\EWARM\STM32F407VET6Project\Obj\one_wire_task.o
#        E:\STM32_MCU\STM32F407\STM32F407VET6\STM32F407VET6Project\EWARM\STM32F407VET6Project\Obj\pcf8563_cfg.o
#        E:\STM32_MCU\STM32F407\STM32F407VET6\STM32F407VET6Project\EWARM\STM32F407VET6Project\Obj\pcf8563_lib.o
#        E:\STM32_MCU\STM32F407\STM32F407VET6\STM32F407VET6Project\EWARM\STM32F407VET6Project\Obj\pcf8563_task.o
#        E:\STM32_MCU\STM32F407\STM32F407VET6\STM32F407VET6Project\EWARM\STM32F407VET6Project\Obj\pid_cfg.o
#        E:\STM32_MCU\STM32F407\STM32F407VET6\STM32F407VET6Project\EWARM\STM32F407VET6Project\Obj\pid_lib.o
#        E:\STM32_MCU\STM32F407\STM32F407VET6\STM32F407VET6Project\EWARM\STM32F407VET6Project\Obj\pid_task.o
#        E:\STM32_MCU\STM32F407\STM32F407VET6\STM32F407VET6Project\EWARM\STM32F407VET6Project\Obj\power_cfg.o
#        E:\STM32_MCU\STM32F407\STM32F407VET6\STM32F407VET6Project\EWARM\STM32F407VET6Project\Obj\power_lib.o
#        E:\STM32_MCU\STM32F407\STM32F407VET6\STM32F407VET6Project\EWARM\STM32F407VET6Project\Obj\power_task.o
#        E:\STM32_MCU\STM32F407\STM32F407VET6\STM32F407VET6Project\EWARM\STM32F407VET6Project\Obj\pvd_cfg.o
#        E:\STM32_MCU\STM32F407\STM32F407VET6\STM32F407VET6Project\EWARM\STM32F407VET6Project\Obj\pvd_lib.o
#        E:\STM32_MCU\STM32F407\STM32F407VET6\STM32F407VET6Project\EWARM\STM32F407VET6Project\Obj\pvd_task.o
#        E:\STM32_MCU\STM32F407\STM32F407VET6\STM32F407VET6Project\EWARM\STM32F407VET6Project\Obj\random_cfg.o
#        E:\STM32_MCU\STM32F407\STM32F407VET6\STM32F407VET6Project\EWARM\STM32F407VET6Project\Obj\random_lib.o
#        E:\STM32_MCU\STM32F407\STM32F407VET6\STM32F407VET6Project\EWARM\STM32F407VET6Project\Obj\random_task.o
#        E:\STM32_MCU\STM32F407\STM32F407VET6\STM32F407VET6Project\EWARM\STM32F407VET6Project\Obj\rfask_cfg.o
#        E:\STM32_MCU\STM32F407\STM32F407VET6\STM32F407VET6Project\EWARM\STM32F407VET6Project\Obj\rfask_eeprom.o
#        E:\STM32_MCU\STM32F407\STM32F407VET6\STM32F407VET6Project\EWARM\STM32F407VET6Project\Obj\rfask_lib.o
#        E:\STM32_MCU\STM32F407\STM32F407VET6\STM32F407VET6Project\EWARM\STM32F407VET6Project\Obj\rfask_task.o
#        E:\STM32_MCU\STM32F407\STM32F407VET6\STM32F407VET6Project\EWARM\STM32F407VET6Project\Obj\rfaskhw_cfg.o
#        E:\STM32_MCU\STM32F407\STM32F407VET6\STM32F407VET6Project\EWARM\STM32F407VET6Project\Obj\rtc_cfg.o
#        E:\STM32_MCU\STM32F407\STM32F407VET6\STM32F407VET6Project\EWARM\STM32F407VET6Project\Obj\rtc_lib.o
#        E:\STM32_MCU\STM32F407\STM32F407VET6\STM32F407VET6Project\EWARM\STM32F407VET6Project\Obj\rtc_task.o
#        E:\STM32_MCU\STM32F407\STM32F407VET6\STM32F407VET6Project\EWARM\STM32F407VET6Project\Obj\sdio_cfg.o
#        E:\STM32_MCU\STM32F407\STM32F407VET6\STM32F407VET6Project\EWARM\STM32F407VET6Project\Obj\sdio_lib.o
#        E:\STM32_MCU\STM32F407\STM32F407VET6\STM32F407VET6Project\EWARM\STM32F407VET6Project\Obj\sdio_task.o
#        E:\STM32_MCU\STM32F407\STM32F407VET6\STM32F407VET6Project\EWARM\STM32F407VET6Project\Obj\sht2x_cfg.o
#        E:\STM32_MCU\STM32F407\STM32F407VET6\STM32F407VET6Project\EWARM\STM32F407VET6Project\Obj\sht2x_lib.o
#        E:\STM32_MCU\STM32F407\STM32F407VET6\STM32F407VET6Project\EWARM\STM32F407VET6Project\Obj\sht2x_task.o
#        E:\STM32_MCU\STM32F407\STM32F407VET6\STM32F407VET6Project\EWARM\STM32F407VET6Project\Obj\smbus_cfg.o
#        E:\STM32_MCU\STM32F407\STM32F407VET6\STM32F407VET6Project\EWARM\STM32F407VET6Project\Obj\smbus_lib.o
#        E:\STM32_MCU\STM32F407\STM32F407VET6\STM32F407VET6Project\EWARM\STM32F407VET6Project\Obj\smbus_task.o
#        E:\STM32_MCU\STM32F407\STM32F407VET6\STM32F407VET6Project\EWARM\STM32F407VET6Project\Obj\spi_cfg.o
#        E:\STM32_MCU\STM32F407\STM32F407VET6\STM32F407VET6Project\EWARM\STM32F407VET6Project\Obj\spi_lib.o
#        E:\STM32_MCU\STM32F407\STM32F407VET6\STM32F407VET6Project\EWARM\STM32F407VET6Project\Obj\spi_task.o
#        E:\STM32_MCU\STM32F407\STM32F407VET6\STM32F407VET6Project\EWARM\STM32F407VET6Project\Obj\startup_stm32f407xx.o
#        E:\STM32_MCU\STM32F407\STM32F407VET6\STM32F407VET6Project\EWARM\STM32F407VET6Project\Obj\stm32_cfg.o
#        E:\STM32_MCU\STM32F407\STM32F407VET6\STM32F407VET6Project\EWARM\STM32F407VET6Project\Obj\stm32f4xx_hal.o
#        E:\STM32_MCU\STM32F407\STM32F407VET6\STM32F407VET6Project\EWARM\STM32F407VET6Project\Obj\stm32f4xx_hal_cortex.o
#        E:\STM32_MCU\STM32F407\STM32F407VET6\STM32F407VET6Project\EWARM\STM32F407VET6Project\Obj\stm32f4xx_hal_gpio.o
#        E:\STM32_MCU\STM32F407\STM32F407VET6\STM32F407VET6Project\EWARM\STM32F407VET6Project\Obj\stm32f4xx_hal_rcc.o
#        E:\STM32_MCU\STM32F407\STM32F407VET6\STM32F407VET6Project\EWARM\STM32F407VET6Project\Obj\stm32f4xx_it.o
#        E:\STM32_MCU\STM32F407\STM32F407VET6\STM32F407VET6Project\EWARM\STM32F407VET6Project\Obj\stm32f4xx_ll_adc.o
#        E:\STM32_MCU\STM32F407\STM32F407VET6\STM32F407VET6Project\EWARM\STM32F407VET6Project\Obj\stm32f4xx_ll_crc.o
#        E:\STM32_MCU\STM32F407\STM32F407VET6\STM32F407VET6Project\EWARM\STM32F407VET6Project\Obj\stm32f4xx_ll_dac.o
#        E:\STM32_MCU\STM32F407\STM32F407VET6\STM32F407VET6Project\EWARM\STM32F407VET6Project\Obj\stm32f4xx_ll_dma.o
#        E:\STM32_MCU\STM32F407\STM32F407VET6\STM32F407VET6Project\EWARM\STM32F407VET6Project\Obj\stm32f4xx_ll_dma2d.o
#        E:\STM32_MCU\STM32F407\STM32F407VET6\STM32F407VET6Project\EWARM\STM32F407VET6Project\Obj\stm32f4xx_ll_gpio.o
#        E:\STM32_MCU\STM32F407\STM32F407VET6\STM32F407VET6Project\EWARM\STM32F407VET6Project\Obj\stm32f4xx_ll_i2c.o
#        E:\STM32_MCU\STM32F407\STM32F407VET6\STM32F407VET6Project\EWARM\STM32F407VET6Project\Obj\stm32f4xx_ll_pwr.o
#        E:\STM32_MCU\STM32F407\STM32F407VET6\STM32F407VET6Project\EWARM\STM32F407VET6Project\Obj\stm32f4xx_ll_rcc.o
#        E:\STM32_MCU\STM32F407\STM32F407VET6\STM32F407VET6Project\EWARM\STM32F407VET6Project\Obj\stm32f4xx_ll_rng.o
#        E:\STM32_MCU\STM32F407\STM32F407VET6\STM32F407VET6Project\EWARM\STM32F407VET6Project\Obj\stm32f4xx_ll_rtc.o
#        E:\STM32_MCU\STM32F407\STM32F407VET6\STM32F407VET6Project\EWARM\STM32F407VET6Project\Obj\stm32f4xx_ll_spi.o
#        E:\STM32_MCU\STM32F407\STM32F407VET6\STM32F407VET6Project\EWARM\STM32F407VET6Project\Obj\stm32f4xx_ll_tim.o
#        E:\STM32_MCU\STM32F407\STM32F407VET6\STM32F407VET6Project\EWARM\STM32F407VET6Project\Obj\stm32f4xx_ll_usart.o
#        E:\STM32_MCU\STM32F407\STM32F407VET6\STM32F407VET6Project\EWARM\STM32F407VET6Project\Obj\stm32f4xx_ll_utils.o
#        E:\STM32_MCU\STM32F407\STM32F407VET6\STM32F407VET6Project\EWARM\STM32F407VET6Project\Obj\system_stm32f4xx.o
#        E:\STM32_MCU\STM32F407\STM32F407VET6\STM32F407VET6Project\EWARM\STM32F407VET6Project\Obj\systick_cfg.o
#        E:\STM32_MCU\STM32F407\STM32F407VET6\STM32F407VET6Project\EWARM\STM32F407VET6Project\Obj\systick_lib.o
#        E:\STM32_MCU\STM32F407\STM32F407VET6\STM32F407VET6Project\EWARM\STM32F407VET6Project\Obj\systick_task.o
#        E:\STM32_MCU\STM32F407\STM32F407VET6\STM32F407VET6Project\EWARM\STM32F407VET6Project\Obj\timer_cfg.o
#        E:\STM32_MCU\STM32F407\STM32F407VET6\STM32F407VET6Project\EWARM\STM32F407VET6Project\Obj\timer_lib.o
#        E:\STM32_MCU\STM32F407\STM32F407VET6\STM32F407VET6Project\EWARM\STM32F407VET6Project\Obj\timer_task.o
#        E:\STM32_MCU\STM32F407\STM32F407VET6\STM32F407VET6Project\EWARM\STM32F407VET6Project\Obj\usart_cfg.o
#        E:\STM32_MCU\STM32F407\STM32F407VET6\STM32F407VET6Project\EWARM\STM32F407VET6Project\Obj\usart_lib.o
#        E:\STM32_MCU\STM32F407\STM32F407VET6\STM32F407VET6Project\EWARM\STM32F407VET6Project\Obj\usart_task.o
#        E:\STM32_MCU\STM32F407\STM32F407VET6\STM32F407VET6Project\EWARM\STM32F407VET6Project\Obj\w25qxx_cfg.o
#        E:\STM32_MCU\STM32F407\STM32F407VET6\STM32F407VET6Project\EWARM\STM32F407VET6Project\Obj\w25qxx_lib.o
#        E:\STM32_MCU\STM32F407\STM32F407VET6\STM32F407VET6Project\EWARM\STM32F407VET6Project\Obj\w25qxx_task.o
#        E:\STM32_MCU\STM32F407\STM32F407VET6\STM32F407VET6Project\EWARM\STM32F407VET6Project\Obj\w5500_cfg.o
#        E:\STM32_MCU\STM32F407\STM32F407VET6\STM32F407VET6Project\EWARM\STM32F407VET6Project\Obj\w5500_lib.o
#        E:\STM32_MCU\STM32F407\STM32F407VET6\STM32F407VET6Project\EWARM\STM32F407VET6Project\Obj\w5500_task.o
#        E:\STM32_MCU\STM32F407\STM32F407VET6\STM32F407VET6Project\EWARM\STM32F407VET6Project\Obj\wm8510_cfg.o
#        E:\STM32_MCU\STM32F407\STM32F407VET6\STM32F407VET6Project\EWARM\STM32F407VET6Project\Obj\wm8510_lib.o
#        E:\STM32_MCU\STM32F407\STM32F407VET6\STM32F407VET6Project\EWARM\STM32F407VET6Project\Obj\wm8510_task.o
#        E:\STM32_MCU\STM32F407\STM32F407VET6\STM32F407VET6Project\EWARM\STM32F407VET6Project\Obj\wwdg_cfg.o
#        E:\STM32_MCU\STM32F407\STM32F407VET6\STM32F407VET6Project\EWARM\STM32F407VET6Project\Obj\wwdg_lib.o
#        E:\STM32_MCU\STM32F407\STM32F407VET6\STM32F407VET6Project\EWARM\STM32F407VET6Project\Obj\wwdg_task.o
#        --redirect _Printf=_PrintfFull --redirect _Scanf=_ScanfFull
#        --no_out_extension -o
#        E:\STM32_MCU\STM32F407\STM32F407VET6\STM32F407VET6Project\EWARM\STM32F407VET6Project\Exe\STM32F407VET6Project.out
#        --map
#        E:\STM32_MCU\STM32F407\STM32F407VET6\STM32F407VET6Project\EWARM\STM32F407VET6Project\List\STM32F407VET6Project.map
#        --config "D:\Program Files (x86)\IAR Systems\Embedded Workbench
#        8.3\arm\config\linker\ST\stm32f407xE.icf" --semihosting --entry
#        __iar_program_start --vfe --text_out locale)
#
###############################################################################

*******************************************************************************
*** RUNTIME MODEL ATTRIBUTES
***

CppFlavor       = *
__SystemLibrary = DLib
__dlib_version  = 6


*******************************************************************************
*** HEAP SELECTION
***

The basic heap was selected because no calls to memory allocation
functions were found in the application outside of system library
functions, and there are calls to deallocation functions in the
application.


*******************************************************************************
*** PLACEMENT SUMMARY
***

"A0":  place at address 0x800'0000 { ro section .intvec };
"P1":  place in [from 0x800'0000 to 0x807'ffff] { ro };
define block CSTACK with size = 8K, alignment = 8 { };
define block HEAP with size = 8K, alignment = 8 { };
"P4":  place in [from 0x2000'0000 to 0x2001'bfff] |
                [from 0x2001'c000 to 0x2001'ffff] {
          rw, block CSTACK, block HEAP };
initialize by copy { rw };

No sections matched the following patterns:

  ro section application_specific_ro  in "P2"
  section .backup_sram                in "P5"
  section .ccram                      in "P3"


  Section            Kind         Address    Size  Object
  -------            ----         -------    ----  ------
"A0":                                       0x188
  .intvec            ro code   0x800'0000   0x188  startup_stm32f407xx.o [1]
                             - 0x800'0188   0x188

"P1":                                      0x6cfc
  .text              ro code   0x800'0188  0x1220  usart_cfg.o [1]
  .text              ro code   0x800'13a8     0x8  iwdg_task.o [1]
  .text              ro code   0x800'13b0    0x32  crc_task.o [1]
  .text              ro code   0x800'13e2    0x3a  zero_init3.o [4]
  .text              ro code   0x800'141c    0x3c  vsnprint.o [2]
  .text              ro code   0x800'1458    0x12  gpio_task.o [1]
  .text              ro code   0x800'146a    0x2e  copy_init3.o [4]
  .text              ro code   0x800'1498    0x66  ABImemset.o [4]
  .text              ro code   0x800'14fe    0x1e  xencoding_8859_1.o [2]
  .text              ro code   0x800'151c   0x186  stm32f4xx_ll_gpio.o [1]
  .text              ro code   0x800'16a2    0x1a  xsnprout.o [2]
  .text              ro code   0x800'16bc   0x2a8  stm32f4xx_ll_usart.o [1]
  .text              ro code   0x800'1964     0x8  iwdg_lib.o [1]
  .text              ro code   0x800'196c    0x32  crc_lib.o [1]
  .rodata            const     0x800'199e     0x2  xlocale_c.o [2]
  .text              ro code   0x800'19a0  0x10c6  xprintffull.o [2]
  .text              ro code   0x800'2a66    0x12  gpio_lib.o [1]
  .text              ro code   0x800'2a78   0x144  stm32f4xx_ll_rcc.o [1]
  .text              ro code   0x800'2bbc    0x1c  iwdg_cfg.o [1]
  .text              ro code   0x800'2bd8   0x12e  crc_cfg.o [1]
  .rodata            const     0x800'2d06     0x2  xlocale_c.o [2]
  .text              ro code   0x800'2d08    0x7c  xlocale_c.o [2]
  .text              ro code   0x800'2d84    0x16  strchr.o [4]
  .rodata            const     0x800'2d9a     0x1  xlocale_c.o [2]
  .text              ro code   0x800'2d9c    0x40  xfail_s.o [2]
  .text              ro code   0x800'2ddc    0x36  strlen.o [4]
  .text              ro code   0x800'2e14    0x58  memchr.o [4]
  .text              ro code   0x800'2e6c    0xa6  ABImemcpy.o [4]
  .text              ro code   0x800'2f14    0x70  frexp.o [3]
  .text              ro code   0x800'2f84    0x2e  DblCmpLe.o [3]
  .text              ro code   0x800'2fb4    0x2e  DblCmpGe.o [3]
  .text              ro code   0x800'2fe4   0x13a  ldexp.o [3]
  .text              ro code   0x800'3120    0x3a  DblToS32.o [3]
  .text              ro code   0x800'315c    0x22  S32ToDbl.o [3]
  .text              ro code   0x800'3180    0xe2  DblSub.o [3]
  .text              ro code   0x800'3264   0x246  DblDiv.o [3]
  .text              ro code   0x800'34ac    0x28  DblToU32.o [3]
  .text              ro code   0x800'34d4    0x1a  U32ToDbl.o [3]
  .text              ro code   0x800'34f0   0x1a2  DblMul.o [3]
  .text              ro code   0x800'3692     0xa  xmbcurmax.o [2]
  .text              ro code   0x800'369c   0x230  I64DivMod.o [4]
  .text              ro code   0x800'38cc   0x1bc  gpio_cfg.o [1]
  .text              ro code   0x800'3a88    0x44  stm32f4xx_ll_crc.o [1]
  .text              ro code   0x800'3acc     0x6  abort.o [2]
  .text              ro code   0x800'3ad4   0x16a  DblAdd.o [3]
  .text              ro code   0x800'3c40     0x2  I64DivZer.o [4]
  .text              ro code   0x800'3c44    0x14  exit.o [5]
  .text              ro code   0x800'3c58   0xa30  isp_cfg.o [1]
  .text              ro code   0x800'4688    0x62  spi_task.o [1]
  .text              ro code   0x800'46ec   0x3ec  systick_cfg.o [1]
  .text              ro code   0x800'4ad8    0x62  spi_lib.o [1]
  .text              ro code   0x800'4b3c   0x5bc  spi_cfg.o [1]
  .text              ro code   0x800'50f8   0x114  stm32f4xx_ll_spi.o [1]
  .text              ro code   0x800'520c   0x400  main.o [1]
  .text              ro code   0x800'560c    0x52  stm32_cfg.o [1]
  .text              ro code   0x800'5660     0xc  stm32f4xx_ll_utils.o [1]
  .text              ro code   0x800'566c    0x70  my_malloc.o [1]
  .text              ro code   0x800'56dc   0x214  rtc_cfg.o [1]
  .text              ro code   0x800'58f0    0x30  systick_task.o [1]
  .text              ro code   0x800'5920    0x12  random_task.o [1]
  .text              ro code   0x800'5934   0x32a  isp_task.o [1]
  .text              ro code   0x800'5c5e    0x16  dac_task.o [1]
  .text              ro code   0x800'5c74     0xa  power_task.o [1]
  .text              ro code   0x800'5c80    0x8e  usart_task.o [1]
  .text              ro code   0x800'5d0e    0x30  systick_lib.o [1]
  .text              ro code   0x800'5d3e    0x12  random_lib.o [1]
  .text              ro code   0x800'5d50   0x200  isp_lib.o [1]
  .text              ro code   0x800'5f50    0x16  dac_lib.o [1]
  .text              ro code   0x800'5f66     0xa  power_lib.o [1]
  .text              ro code   0x800'5f70    0xb6  usart_lib.o [1]
  .text              ro code   0x800'6028   0x1a4  random_cfg.o [1]
  .text              ro code   0x800'61cc   0x1ec  dac_cfg.o [1]
  .text              ro code   0x800'63b8    0xd0  power_cfg.o [1]
  .text              ro code   0x800'6488    0x2e  stm32f4xx_ll_rng.o [1]
  .text              ro code   0x800'64b8    0x96  stm32f4xx_ll_dac.o [1]
  .rodata            const     0x800'6550   0x200  crc_cfg.o [1]
  .rodata            const     0x800'6750   0x100  crc_cfg.o [1]
  .rodata            const     0x800'6850   0x100  crc_cfg.o [1]
  .text              ro code   0x800'6950    0x80  stm32f4xx_it.o [1]
  .text              ro code   0x800'69d0     0x8  pvd_task.o [1]
  .text              ro code   0x800'69d8     0x8  pvd_lib.o [1]
  .text              ro code   0x800'69e0     0x2  pvd_cfg.o [1]
  .text              ro code   0x800'69e4    0x68  delay_cfg.o [1]
  .text              ro code   0x800'6a4c    0x60  system_stm32f4xx.o [1]
  .rodata            const     0x800'6aac    0x54  main.o [1]
  .text              ro code   0x800'6b00    0x28  data_init.o [4]
  .text              ro code   0x800'6b28    0x22  fpinit_M.o [3]
  .iar.init_table    const     0x800'6b4c    0x24  - Linker created -
  .rodata            const     0x800'6b70    0x20  isp_task.o [1]
  .rodata            const     0x800'6b90    0x20  usart_cfg.o [1]
  .rodata            const     0x800'6bb0    0x20  usart_cfg.o [1]
  .text              ro code   0x800'6bd0    0x1e  cmain.o [4]
  .text              ro code   0x800'6bee     0x4  low_level_init.o [2]
  .text              ro code   0x800'6bf2     0x4  exit.o [2]
  .text              ro code   0x800'6bf8     0xa  cexit.o [4]
  .rodata            const     0x800'6c04    0x18  usart_cfg.o [1]
  .text              ro code   0x800'6c1c    0x18  stm32f4xx_hal.o [1]
  .rodata            const     0x800'6c34    0x10  system_stm32f4xx.o [1]
  .text              ro code   0x800'6c44    0x10  delay_lib.o [1]
  .text              ro code   0x800'6c54    0x10  delay_task.o [1]
  .text              ro code   0x800'6c64    0x10  startup_stm32f407xx.o [1]
  .rodata            const     0x800'6c74     0xc  rtc_cfg.o [1]
  .rodata            const     0x800'6c80     0xc  rtc_cfg.o [1]
  .text              ro code   0x800'6c8c     0xc  cstartup_M.o [4]
  .rodata            const     0x800'6c98     0x8  system_stm32f4xx.o [1]
  .rodata            const     0x800'6ca0     0x4  my_malloc.o [1]
  .rodata            const     0x800'6ca4     0x4  my_malloc.o [1]
  .text              ro code   0x800'6ca8     0x4  startup_stm32f407xx.o [1]
  .text              ro code   0x800'6cac     0x4  startup_stm32f407xx.o [1]
  .text              ro code   0x800'6cb0     0x4  startup_stm32f407xx.o [1]
  .text              ro code   0x800'6cb4     0x4  startup_stm32f407xx.o [1]
  .text              ro code   0x800'6cb8     0x4  startup_stm32f407xx.o [1]
  .text              ro code   0x800'6cbc     0x4  startup_stm32f407xx.o [1]
  .text              ro code   0x800'6cc0     0x4  startup_stm32f407xx.o [1]
  .text              ro code   0x800'6cc4     0x4  startup_stm32f407xx.o [1]
  .text              ro code   0x800'6cc8     0x4  startup_stm32f407xx.o [1]
  .text              ro code   0x800'6ccc     0x4  startup_stm32f407xx.o [1]
  .text              ro code   0x800'6cd0     0x4  startup_stm32f407xx.o [1]
  .text              ro code   0x800'6cd4     0x4  startup_stm32f407xx.o [1]
  .text              ro code   0x800'6cd8     0x4  startup_stm32f407xx.o [1]
  .text              ro code   0x800'6cdc     0x4  startup_stm32f407xx.o [1]
  .text              ro code   0x800'6ce0     0x4  startup_stm32f407xx.o [1]
  .text              ro code   0x800'6ce4     0x4  startup_stm32f407xx.o [1]
  .text              ro code   0x800'6ce8     0x4  startup_stm32f407xx.o [1]
  .text              ro code   0x800'6cec     0x4  startup_stm32f407xx.o [1]
  .text              ro code   0x800'6cf0     0x4  startup_stm32f407xx.o [1]
  .text              ro code   0x800'6cf4     0x4  startup_stm32f407xx.o [1]
  .text              ro code   0x800'6cf8     0x4  startup_stm32f407xx.o [1]
  .text              ro code   0x800'6cfc     0x4  startup_stm32f407xx.o [1]
  .text              ro code   0x800'6d00     0x4  startup_stm32f407xx.o [1]
  .text              ro code   0x800'6d04     0x4  startup_stm32f407xx.o [1]
  .text              ro code   0x800'6d08     0x4  startup_stm32f407xx.o [1]
  .text              ro code   0x800'6d0c     0x4  startup_stm32f407xx.o [1]
  .text              ro code   0x800'6d10     0x4  startup_stm32f407xx.o [1]
  .text              ro code   0x800'6d14     0x4  startup_stm32f407xx.o [1]
  .text              ro code   0x800'6d18     0x4  startup_stm32f407xx.o [1]
  .text              ro code   0x800'6d1c     0x4  startup_stm32f407xx.o [1]
  .text              ro code   0x800'6d20     0x4  startup_stm32f407xx.o [1]
  .text              ro code   0x800'6d24     0x4  startup_stm32f407xx.o [1]
  .text              ro code   0x800'6d28     0x4  startup_stm32f407xx.o [1]
  .text              ro code   0x800'6d2c     0x4  startup_stm32f407xx.o [1]
  .text              ro code   0x800'6d30     0x4  startup_stm32f407xx.o [1]
  .text              ro code   0x800'6d34     0x4  startup_stm32f407xx.o [1]
  .text              ro code   0x800'6d38     0x4  startup_stm32f407xx.o [1]
  .text              ro code   0x800'6d3c     0x4  startup_stm32f407xx.o [1]
  .text              ro code   0x800'6d40     0x4  startup_stm32f407xx.o [1]
  .text              ro code   0x800'6d44     0x4  startup_stm32f407xx.o [1]
  .text              ro code   0x800'6d48     0x4  startup_stm32f407xx.o [1]
  .text              ro code   0x800'6d4c     0x4  startup_stm32f407xx.o [1]
  .text              ro code   0x800'6d50     0x4  startup_stm32f407xx.o [1]
  .text              ro code   0x800'6d54     0x4  startup_stm32f407xx.o [1]
  .text              ro code   0x800'6d58     0x4  startup_stm32f407xx.o [1]
  .text              ro code   0x800'6d5c     0x4  startup_stm32f407xx.o [1]
  .text              ro code   0x800'6d60     0x4  startup_stm32f407xx.o [1]
  .text              ro code   0x800'6d64     0x4  startup_stm32f407xx.o [1]
  .text              ro code   0x800'6d68     0x4  startup_stm32f407xx.o [1]
  .text              ro code   0x800'6d6c     0x4  startup_stm32f407xx.o [1]
  .text              ro code   0x800'6d70     0x4  startup_stm32f407xx.o [1]
  .text              ro code   0x800'6d74     0x4  startup_stm32f407xx.o [1]
  .text              ro code   0x800'6d78     0x4  startup_stm32f407xx.o [1]
  .text              ro code   0x800'6d7c     0x4  startup_stm32f407xx.o [1]
  .text              ro code   0x800'6d80     0x4  startup_stm32f407xx.o [1]
  .text              ro code   0x800'6d84     0x4  startup_stm32f407xx.o [1]
  .text              ro code   0x800'6d88     0x4  startup_stm32f407xx.o [1]
  .text              ro code   0x800'6d8c     0x4  startup_stm32f407xx.o [1]
  .text              ro code   0x800'6d90     0x4  startup_stm32f407xx.o [1]
  .text              ro code   0x800'6d94     0x4  startup_stm32f407xx.o [1]
  .text              ro code   0x800'6d98     0x4  startup_stm32f407xx.o [1]
  .text              ro code   0x800'6d9c     0x4  startup_stm32f407xx.o [1]
  .text              ro code   0x800'6da0     0x4  startup_stm32f407xx.o [1]
  .text              ro code   0x800'6da4     0x4  startup_stm32f407xx.o [1]
  .text              ro code   0x800'6da8     0x4  startup_stm32f407xx.o [1]
  .text              ro code   0x800'6dac     0x4  startup_stm32f407xx.o [1]
  .text              ro code   0x800'6db0     0x4  startup_stm32f407xx.o [1]
  .text              ro code   0x800'6db4     0x4  startup_stm32f407xx.o [1]
  .text              ro code   0x800'6db8     0x4  startup_stm32f407xx.o [1]
  .text              ro code   0x800'6dbc     0x4  startup_stm32f407xx.o [1]
  .text              ro code   0x800'6dc0     0x4  startup_stm32f407xx.o [1]
  .text              ro code   0x800'6dc4     0x4  startup_stm32f407xx.o [1]
  .text              ro code   0x800'6dc8     0x4  startup_stm32f407xx.o [1]
  .text              ro code   0x800'6dcc     0x4  startup_stm32f407xx.o [1]
  .text              ro code   0x800'6dd0     0x4  startup_stm32f407xx.o [1]
  .text              ro code   0x800'6dd4     0x4  startup_stm32f407xx.o [1]
  .rodata            const     0x800'6dd8     0x0  zero_init3.o [4]
  .rodata            const     0x800'6dd8     0x0  copy_init3.o [4]
  Initializer bytes  const     0x800'6dd8    0xac  <for P4 s0>
                             - 0x800'6e84  0x6cfc

"P4", part 1 of 3:                           0xac
  P4 s0                       0x2000'0000    0xac  <Init block>
    .data            inited   0x2000'0000    0x48  xlocale_c.o [2]
    .data            inited   0x2000'0048    0x38  xlocale_c.o [2]
    .data            inited   0x2000'0080    0x14  my_malloc.o [1]
    .data            inited   0x2000'0094     0x4  isp_cfg.o [1]
    .data            inited   0x2000'0098     0x4  rtc_cfg.o [1]
    .data            inited   0x2000'009c     0x4  system_stm32f4xx.o [1]
    .data            inited   0x2000'00a0     0x4  systick_cfg.o [1]
    .data            inited   0x2000'00a4     0x4  usart_cfg.o [1]
    .data            inited   0x2000'00a8     0x1  crc_cfg.o [1]
    .data            inited   0x2000'00a9     0x1  stm32f4xx_hal.o [1]
                            - 0x2000'00ac    0xac

"P4", part 2 of 3:                         0x2e5c
  .bss               zero     0x2000'00ac  0x2800  my_malloc.o [1]
  .bss               zero     0x2000'28ac   0x280  my_malloc.o [1]
  .bss               zero     0x2000'2b2c   0x200  usart_cfg.o [1]
  .bss               zero     0x2000'2d2c    0x70  isp_cfg.o [1]
  .bss               zero     0x2000'2d9c    0x70  usart_cfg.o [1]
  .bss               zero     0x2000'2e0c    0x44  usart_task.o [1]
  .bss               zero     0x2000'2e50    0x44  usart_task.o [1]
  .bss               zero     0x2000'2e94    0x24  systick_cfg.o [1]
  .bss               zero     0x2000'2eb8    0x20  stm32_cfg.o [1]
  .bss               zero     0x2000'2ed8    0x18  rtc_cfg.o [1]
  .bss               zero     0x2000'2ef0     0x4  isp_cfg.o [1]
  .bss               zero     0x2000'2ef4     0x4  main.o [1]
  .bss               zero     0x2000'2ef8     0x4  random_cfg.o [1]
  .bss               zero     0x2000'2efc     0x4  stm32f4xx_hal.o [1]
  .bss               zero     0x2000'2f00     0x4  xfail_s.o [2]
  .bss               zero     0x2000'2f04     0x1  usart_cfg.o [1]
  .bss               zero     0x2000'2f05     0x1  usart_cfg.o [1]
                            - 0x2000'2f06  0x2e5a

"P4", part 3 of 3:                         0x2000
  CSTACK                      0x2000'2f08  0x2000  <Block>
    CSTACK           uninit   0x2000'2f08  0x2000  <Block tail>
                            - 0x2000'4f08  0x2000

Unused ranges:

         From           To      Size
         ----           --      ----
   0x800'6e84   0x807'ffff  0x7'917c
  0x2000'4f08  0x2001'bfff  0x1'70f8
  0x2001'c000  0x2001'ffff    0x4000


*******************************************************************************
*** INIT TABLE
***

          Address      Size
          -------      ----
Zero (__iar_zero_init3)
    1 destination range, total size 0x2e5a:
          0x2000'00ac  0x2e5a

Copy (__iar_copy_init3)
    1 source range, total size 0xac (101% of destination):
           0x800'6dd8    0xac
    1 destination range, total size 0xaa:
          0x2000'0000    0xaa



*******************************************************************************
*** MODULE SUMMARY
***

    Module                 ro code  ro data  rw data
    ------                 -------  -------  -------
command line/config:
    ------------------------------------------------
    Total:

E:\STM32_MCU\STM32F407\STM32F407VET6\STM32F407VET6Project\EWARM\STM32F407VET6Project\Obj: [1]
    crc_cfg.o                  302    1'025        1
    crc_lib.o                   50
    crc_task.o                  50
    dac_cfg.o                  492
    dac_lib.o                   22
    dac_task.o                  22
    delay_cfg.o                104
    delay_lib.o                 16
    delay_task.o                16
    gpio_cfg.o                 444
    gpio_lib.o                  18
    gpio_task.o                 18
    isp_cfg.o                2'608        4      120
    isp_lib.o                  512
    isp_task.o                 810       32
    iwdg_cfg.o                  28
    iwdg_lib.o                   8
    iwdg_task.o                  8
    main.o                   1'024       84        4
    my_malloc.o                112       28   10'900
    power_cfg.o                208
    power_lib.o                 10
    power_task.o                10
    pvd_cfg.o                    2
    pvd_lib.o                    8
    pvd_task.o                   8
    random_cfg.o               420                 4
    random_lib.o                18
    random_task.o               18
    rtc_cfg.o                  532       28       28
    spi_cfg.o                1'468
    spi_lib.o                   98
    spi_task.o                  98
    startup_stm32f407xx.o      712
    stm32_cfg.o                 82                32
    stm32f4xx_hal.o             24        1        5
    stm32f4xx_it.o             128
    stm32f4xx_ll_crc.o          68
    stm32f4xx_ll_dac.o         150
    stm32f4xx_ll_gpio.o        390
    stm32f4xx_ll_rcc.o         324
    stm32f4xx_ll_rng.o          46
    stm32f4xx_ll_spi.o         276
    stm32f4xx_ll_usart.o       680
    stm32f4xx_ll_utils.o        12
    system_stm32f4xx.o          96       28        4
    systick_cfg.o            1'004        4       40
    systick_lib.o               48
    systick_task.o              48
    usart_cfg.o              4'640       92      630
    usart_lib.o                182
    usart_task.o               142               136
    ------------------------------------------------
    Total:                  18'614    1'326   11'904

dl7M_tlf.a: [2]
    abort.o                      6
    exit.o                       4
    low_level_init.o             4
    vsnprint.o                  60
    xencoding_8859_1.o          30
    xfail_s.o                   64                 4
    xlocale_c.o                124      133      128
    xmbcurmax.o                 10
    xprintffull.o            4'294
    xsnprout.o                  26
    ------------------------------------------------
    Total:                   4'622      133      132

m7M_tls.a: [3]
    DblAdd.o                   362
    DblCmpGe.o                  46
    DblCmpLe.o                  46
    DblDiv.o                   582
    DblMul.o                   418
    DblSub.o                   226
    DblToS32.o                  58
    DblToU32.o                  40
    S32ToDbl.o                  34
    U32ToDbl.o                  26
    fpinit_M.o                  34
    frexp.o                    112
    ldexp.o                    314
    ------------------------------------------------
    Total:                   2'298

rt7M_tl.a: [4]
    ABImemcpy.o                166
    ABImemset.o                102
    I64DivMod.o                560
    I64DivZer.o                  2
    cexit.o                     10
    cmain.o                     30
    copy_init3.o                46
    cstartup_M.o                12
    data_init.o                 40
    memchr.o                    88
    strchr.o                    22
    strlen.o                    54
    zero_init3.o                58
    ------------------------------------------------
    Total:                   1'190

shb_l.a: [5]
    exit.o                      20
    ------------------------------------------------
    Total:                      20

    Gaps                        45        6
    Linker created                       38    8'192
----------------------------------------------------
    Grand Total:            26'789    1'503   20'228


*******************************************************************************
*** ENTRY LIST
***

Entry                       Address    Size  Type      Object
-----                       -------    ----  ----      ------
.iar.init_table$$Base    0x800'6b4c           --   Gb  - Linker created -
.iar.init_table$$Limit   0x800'6b70           --   Gb  - Linker created -
?main                    0x800'6bd1          Code  Gb  cmain.o [4]
AHBPrescTable            0x800'6c34    0x10  Data  Gb  system_stm32f4xx.o [1]
APBPrescTable            0x800'6c98     0x8  Data  Gb  system_stm32f4xx.o [1]
BusFault_Handler         0x800'6979     0x2  Code  Gb  stm32f4xx_it.o [1]
CRCLib_CRC16             0x800'1985     0x8  Code  Gb  crc_lib.o [1]
CRCLib_CRC32             0x800'197d     0x8  Code  Gb  crc_lib.o [1]
CRCLib_CRC8              0x800'198d     0xa  Code  Gb  crc_lib.o [1]
CRCLib_CheckSum          0x800'1997     0x8  Code  Gb  crc_lib.o [1]
CRCLib_Enable            0x800'1975     0x8  Code  Gb  crc_lib.o [1]
CRCLib_Init              0x800'196d     0x8  Code  Gb  crc_lib.o [1]
CRCTask_CRC16            0x800'13c9     0x8  Code  Gb  crc_task.o [1]
CRCTask_CRC32            0x800'13c1     0x8  Code  Gb  crc_task.o [1]
CRCTask_CRC8             0x800'13d1     0xa  Code  Gb  crc_task.o [1]
CRCTask_CheckSum         0x800'13db     0x8  Code  Gb  crc_task.o [1]
CRCTask_Enable           0x800'13b9     0x8  Code  Gb  crc_task.o [1]
CRCTask_Init             0x800'13b1     0x8  Code  Gb  crc_task.o [1]
CRC_CRC16_Table          0x800'2c67    0x2e  Code  Gb  crc_cfg.o [1]
CRC_CRC32_CRC            0x800'2c5f     0x8  Code  Gb  crc_cfg.o [1]
CRC_CRC32_HWCRC          0x800'2c37    0x28  Code  Gb  crc_cfg.o [1]
CRC_CRC32_HWReSet        0x800'2c2d     0xa  Code  Gb  crc_cfg.o [1]
CRC_CRC8_Table           0x800'2c95    0x3a  Code  Gb  crc_cfg.o [1]
CRC_CheckSum             0x800'2ce9    0x1e  Code  Gb  crc_cfg.o [1]
CRC_DeInit               0x800'2c17    0x10  Code  Gb  crc_cfg.o [1]
CRC_Enable               0x800'2c27     0x6  Code  Gb  crc_cfg.o [1]
CRC_Init                 0x800'2c01    0x16  Code  Gb  crc_cfg.o [1]
CSTACK$$Base            0x2000'2f08           --   Gb  - Linker created -
CSTACK$$Limit           0x2000'4f08           --   Gb  - Linker created -
CacheMore                0x800'2d0d    0x28  Code  Lc  xlocale_c.o [2]
DACLib_ChannelMV         0x800'5f5d     0xa  Code  Gb  dac_lib.o [1]
DACLib_Init              0x800'5f51     0xc  Code  Gb  dac_lib.o [1]
DACTask_ChannelMV        0x800'5c6b     0xa  Code  Gb  dac_task.o [1]
DACTask_Init             0x800'5c5f     0xc  Code  Gb  dac_task.o [1]
DAC_ChannelMV            0x800'638b    0x10  Code  Gb  dac_cfg.o [1]
DAC_ChannelUV            0x800'632d    0x5e  Code  Gb  dac_cfg.o [1]
DAC_Channel_Init         0x800'628f    0x5c  Code  Gb  dac_cfg.o [1]
DAC_Clock                0x800'6271    0x1e  Code  Gb  dac_cfg.o [1]
DAC_GPIO_Init            0x800'6221    0x50  Code  Gb  dac_cfg.o [1]
DAC_Init                 0x800'62eb    0x42  Code  Gb  dac_cfg.o [1]
DebugMon_Handler         0x800'697f     0x2  Code  Gb  stm32f4xx_it.o [1]
DelayLib_ms              0x800'6c45     0x8  Code  Gb  delay_lib.o [1]
DelayNLib_us             0x800'6c4d     0x8  Code  Gb  delay_lib.o [1]
DelayN_ms                0x800'6a2d    0x20  Code  Gb  delay_cfg.o [1]
DelayN_us                0x800'6a05    0x28  Code  Gb  delay_cfg.o [1]
DelayTask_ms             0x800'6c5d     0x8  Code  Gb  delay_task.o [1]
DelayTask_us             0x800'6c55     0x8  Code  Gb  delay_task.o [1]
Delay_ms                 0x800'69e5    0x20  Code  Gb  delay_cfg.o [1]
GPIOLib_Clock            0x800'2a67     0xa  Code  Gb  gpio_lib.o [1]
GPIOLib_Init             0x800'2a71     0x8  Code  Gb  gpio_lib.o [1]
GPIOTask_Clock           0x800'1459     0xa  Code  Gb  gpio_task.o [1]
GPIOTask_Init            0x800'1463     0x8  Code  Gb  gpio_task.o [1]
GPIO_Clock               0x800'3905   0x104  Code  Gb  gpio_cfg.o [1]
GPIO_Init                0x800'3a09    0x54  Code  Gb  gpio_cfg.o [1]
HAL_IncTick              0x800'6c1d    0x18  Code  Wk  stm32f4xx_hal.o [1]
HASH_RNG_IRQHandler      0x800'69b1     0x8  Code  Gb  stm32f4xx_it.o [1]
HardFault_Handler        0x800'696f     0x8  Code  Gb  stm32f4xx_it.o [1]
HardFault_IRQTask        0x800'564d    0x12  Code  Gb  stm32_cfg.o [1]
HardFault_Msg            0x800'5611    0x36  Code  Gb  stm32_cfg.o [1]
ISPLib_EnterProg         0x800'5d63     0xa  Code  Gb  isp_lib.o [1]
ISPLib_EraseChip         0x800'5d75    0x34  Code  Gb  isp_lib.o [1]
ISPLib_ExitProg          0x800'5d6d     0x8  Code  Gb  isp_lib.o [1]
ISPLib_Init              0x800'5d51     0x8  Code  Gb  isp_lib.o [1]
ISPLib_ReadChipCalibration
                         0x800'5de1    0x3e  Code  Gb  isp_lib.o [1]
ISPLib_ReadChipFuse      0x800'5e1f    0x3e  Code  Gb  isp_lib.o [1]
ISPLib_ReadChipID        0x800'5da9    0x38  Code  Gb  isp_lib.o [1]
ISPLib_ReadChipLock      0x800'5e5d    0x38  Code  Gb  isp_lib.o [1]
ISPLib_ReadChipRom       0x800'5e95    0x46  Code  Gb  isp_lib.o [1]
ISPLib_SetProgClock      0x800'5d59     0xa  Code  Gb  isp_lib.o [1]
ISPLib_WriteChipFuse     0x800'5edb    0x3e  Code  Gb  isp_lib.o [1]
ISPLib_WriteChipLock     0x800'5f19    0x38  Code  Gb  isp_lib.o [1]
ISPTask_EnterProg        0x800'5947     0xa  Code  Gb  isp_task.o [1]
ISPTask_EraseChip        0x800'5959     0x8  Code  Gb  isp_task.o [1]
ISPTask_ExitProg         0x800'5951     0x8  Code  Gb  isp_task.o [1]
ISPTask_Init             0x800'5935     0x8  Code  Gb  isp_task.o [1]
ISPTask_ReadChipCalibration
                         0x800'5969     0xa  Code  Gb  isp_task.o [1]
ISPTask_ReadChipFuse     0x800'5973     0xa  Code  Gb  isp_task.o [1]
ISPTask_ReadChipID       0x800'5961     0x8  Code  Gb  isp_task.o [1]
ISPTask_ReadChipLock     0x800'597d     0x8  Code  Gb  isp_task.o [1]
ISPTask_ReadChipRom      0x800'5985     0xc  Code  Gb  isp_task.o [1]
ISPTask_SetProgClock     0x800'593d     0xa  Code  Gb  isp_task.o [1]
ISPTask_USARTCmd_ChildTask
                         0x800'5af5    0xd2  Code  Gb  isp_task.o [1]
ISPTask_USARTCmd_EraseChip
                         0x800'59cd     0x8  Code  Gb  isp_task.o [1]
ISPTask_USARTCmd_OpenAndClose
                         0x800'59a3    0x2a  Code  Gb  isp_task.o [1]
ISPTask_USARTCmd_ParentTask
                         0x800'5bc7    0x86  Code  Gb  isp_task.o [1]
ISPTask_USARTCmd_ReadChipCalibration
                         0x800'59ef    0x2e  Code  Gb  isp_task.o [1]
ISPTask_USARTCmd_ReadChipFuseAndLock
                         0x800'5a1d    0x58  Code  Gb  isp_task.o [1]
ISPTask_USARTCmd_ReadChipID
                         0x800'59d5    0x1a  Code  Gb  isp_task.o [1]
ISPTask_USARTCmd_ReadChipRom
                         0x800'5aa3    0x3e  Code  Gb  isp_task.o [1]
ISPTask_USARTCmd_ReadProgClok
                         0x800'5ae1    0x14  Code  Gb  isp_task.o [1]
ISPTask_USARTCmd_Task    0x800'5c51     0xe  Code  Gb  isp_task.o [1]
ISPTask_USARTCmd_WriteChipFuse
                         0x800'5a75    0x1c  Code  Gb  isp_task.o [1]
ISPTask_USARTCmd_WriteChipLock
                         0x800'5a91    0x12  Code  Gb  isp_task.o [1]
ISPTask_WriteChipFuse    0x800'5991     0xa  Code  Gb  isp_task.o [1]
ISPTask_WriteChipLock    0x800'599b     0x8  Code  Gb  isp_task.o [1]
ISP_AddWatchDevice0      0x800'4275     0xe  Code  Gb  isp_cfg.o [1]
ISP_AddWatchDevice1      0x800'4283     0xa  Code  Gb  isp_cfg.o [1]
ISP_AddWatchDevice2      0x800'428d     0xa  Code  Gb  isp_cfg.o [1]
ISP_DeInit               0x800'3e9d    0x1e  Code  Gb  isp_cfg.o [1]
ISP_Device0_Init         0x800'3d6b    0x7c  Code  Gb  isp_cfg.o [1]
ISP_Device1_Init         0x800'3de7     0x4  Code  Gb  isp_cfg.o [1]
ISP_Device2_Init         0x800'3deb     0x4  Code  Gb  isp_cfg.o [1]
ISP_EnterProg            0x800'4189    0x8e  Code  Gb  isp_cfg.o [1]
ISP_EraseChip            0x800'4361    0x44  Code  Gb  isp_cfg.o [1]
ISP_ExitProg             0x800'4217    0x26  Code  Gb  isp_cfg.o [1]
ISP_HW_Init              0x800'3c8f    0x94  Code  Gb  isp_cfg.o [1]
ISP_HW_SendCmd           0x800'40e9    0x48  Code  Gb  isp_cfg.o [1]
ISP_Init                 0x800'3def    0xae  Code  Gb  isp_cfg.o [1]
ISP_PreEnterProg         0x800'4131    0x58  Code  Gb  isp_cfg.o [1]
ISP_ReadChipCalibration
                         0x800'43eb    0x4e  Code  Gb  isp_cfg.o [1]
ISP_ReadChipFuse         0x800'4439    0x78  Code  Gb  isp_cfg.o [1]
ISP_ReadChipID           0x800'43a5    0x46  Code  Gb  isp_cfg.o [1]
ISP_ReadChipLock         0x800'44b1    0x22  Code  Gb  isp_cfg.o [1]
ISP_ReadChipRom          0x800'44d3    0x88  Code  Gb  isp_cfg.o [1]
ISP_ReadReady            0x800'42db    0x86  Code  Gb  isp_cfg.o [1]
ISP_RemoveWatch          0x800'4297    0x44  Code  Gb  isp_cfg.o [1]
ISP_SEND_CMD            0x2000'2ef0     0x4  Data  Gb  isp_cfg.o [1]
ISP_SW_Init              0x800'3d23    0x48  Code  Gb  isp_cfg.o [1]
ISP_SW_SendCmd           0x800'40a1    0x48  Code  Gb  isp_cfg.o [1]
ISP_SetClock             0x800'3ebb   0x1b2  Code  Gb  isp_cfg.o [1]
ISP_SetProgClock         0x800'406d    0x32  Code  Gb  isp_cfg.o [1]
ISP_WatchTask            0x800'423d    0x38  Code  Gb  isp_cfg.o [1]
ISP_WriteChipFuse        0x800'455b    0xc0  Code  Gb  isp_cfg.o [1]
ISP_WriteChipLock        0x800'461b    0x42  Code  Gb  isp_cfg.o [1]
IWDGLib_Reset            0x800'1965     0x8  Code  Gb  iwdg_lib.o [1]
IWDGTask_Reset           0x800'13a9     0x8  Code  Gb  iwdg_task.o [1]
IWDG_Reset               0x800'2bc5     0xc  Code  Gb  iwdg_cfg.o [1]
LL_AHB1_GRP1_DisableClock
                         0x800'38e3     0xc  Code  Lc  gpio_cfg.o [1]
LL_AHB1_GRP1_EnableClock
                         0x800'2bd9    0x16  Code  Lc  crc_cfg.o [1]
LL_AHB1_GRP1_EnableClock
                         0x800'38cd    0x16  Code  Lc  gpio_cfg.o [1]
LL_AHB1_GRP1_ForceReset
                         0x800'3a89     0xa  Code  Lc  stm32f4xx_ll_crc.o [1]
LL_AHB1_GRP1_ReleaseReset
                         0x800'3a93     0xc  Code  Lc  stm32f4xx_ll_crc.o [1]
LL_AHB2_GRP1_EnableClock
                         0x800'60af    0x16  Code  Lc  random_cfg.o [1]
LL_AHB2_GRP1_ForceReset
                         0x800'6489     0xa  Code  Lc  stm32f4xx_ll_rng.o [1]
LL_AHB2_GRP1_ReleaseReset
                         0x800'6493     0xc  Code  Lc  stm32f4xx_ll_rng.o [1]
LL_APB1_GRP1_DisableClock
                         0x800'61e3     0xc  Code  Lc  dac_cfg.o [1]
LL_APB1_GRP1_DisableClock
                         0x800'4b55     0xe  Code  Lc  spi_cfg.o [1]
LL_APB1_GRP1_DisableClock
                         0x800'022f     0xe  Code  Lc  usart_cfg.o [1]
LL_APB1_GRP1_EnableClock
                         0x800'61cd    0x16  Code  Lc  dac_cfg.o [1]
LL_APB1_GRP1_EnableClock
                         0x800'529b    0x16  Code  Lc  main.o [1]
LL_APB1_GRP1_EnableClock
                         0x800'4b3d    0x18  Code  Lc  spi_cfg.o [1]
LL_APB1_GRP1_EnableClock
                         0x800'0217    0x18  Code  Lc  usart_cfg.o [1]
LL_APB1_GRP1_ForceReset
                         0x800'5109     0xa  Code  Lc  stm32f4xx_ll_spi.o [1]
LL_APB1_GRP1_ForceReset
                         0x800'17df     0xa  Code  Lc  stm32f4xx_ll_usart.o [1]
LL_APB1_GRP1_ReleaseReset
                         0x800'5113     0xc  Code  Lc  stm32f4xx_ll_spi.o [1]
LL_APB1_GRP1_ReleaseReset
                         0x800'17e9     0xc  Code  Lc  stm32f4xx_ll_usart.o [1]
LL_APB2_GRP1_DisableClock
                         0x800'4b7b     0xe  Code  Lc  spi_cfg.o [1]
LL_APB2_GRP1_DisableClock
                         0x800'0255     0xe  Code  Lc  usart_cfg.o [1]
LL_APB2_GRP1_EnableClock
                         0x800'38ef    0x16  Code  Lc  gpio_cfg.o [1]
LL_APB2_GRP1_EnableClock
                         0x800'4b63    0x18  Code  Lc  spi_cfg.o [1]
LL_APB2_GRP1_EnableClock
                         0x800'023d    0x18  Code  Lc  usart_cfg.o [1]
LL_APB2_GRP1_ForceReset
                         0x800'511f     0xa  Code  Lc  stm32f4xx_ll_spi.o [1]
LL_APB2_GRP1_ForceReset
                         0x800'17f5     0xa  Code  Lc  stm32f4xx_ll_usart.o [1]
LL_APB2_GRP1_ReleaseReset
                         0x800'5129     0xc  Code  Lc  stm32f4xx_ll_spi.o [1]
LL_APB2_GRP1_ReleaseReset
                         0x800'17ff     0xc  Code  Lc  stm32f4xx_ll_usart.o [1]
LL_CRC_DeInit            0x800'3a9f    0x24  Code  Gb  stm32f4xx_ll_crc.o [1]
LL_CRC_FeedData32        0x800'2bf9     0x4  Code  Lc  crc_cfg.o [1]
LL_CRC_ReadData32        0x800'2bfd     0x4  Code  Lc  crc_cfg.o [1]
LL_CRC_ResetCRCCalculationUnit
                         0x800'2bef     0xa  Code  Lc  crc_cfg.o [1]
LL_DAC_ConvertData12RightAligned
                         0x800'6201    0x20  Code  Lc  dac_cfg.o [1]
LL_DAC_Enable            0x800'61ef    0x12  Code  Lc  dac_cfg.o [1]
LL_DAC_Init              0x800'64dd    0x72  Code  Gb  stm32f4xx_ll_dac.o [1]
LL_DAC_IsEnabled         0x800'64b9    0x24  Code  Lc  stm32f4xx_ll_dac.o [1]
LL_EXTI_ClearFlag_0_31   0x800'6951     0x6  Code  Lc  stm32f4xx_it.o [1]
LL_FLASH_EnableDataCache
                         0x800'53cd     0xc  Code  Lc  main.o [1]
LL_FLASH_EnableInstCache
                         0x800'53c1     0xc  Code  Lc  main.o [1]
LL_FLASH_EnablePrefetch
                         0x800'53b5     0xc  Code  Lc  main.o [1]
LL_FLASH_GetLatency      0x800'53ab     0xa  Code  Lc  main.o [1]
LL_FLASH_SetLatency      0x800'539d     0xe  Code  Lc  main.o [1]
LL_GPIO_Init             0x800'160b    0x98  Code  Gb  stm32f4xx_ll_gpio.o [1]
LL_GPIO_IsInputPinSet    0x800'4b89    0x12  Code  Lc  spi_cfg.o [1]
LL_GPIO_ResetOutputPin   0x800'3c89     0x6  Code  Lc  isp_cfg.o [1]
LL_GPIO_ResetOutputPin   0x800'52d1     0x6  Code  Lc  main.o [1]
LL_GPIO_ResetOutputPin   0x800'63bd     0x6  Code  Lc  power_cfg.o [1]
LL_GPIO_ResetOutputPin   0x800'4b9f     0x6  Code  Lc  spi_cfg.o [1]
LL_GPIO_ResetOutputPin   0x800'0293     0x6  Code  Lc  usart_cfg.o [1]
LL_GPIO_SetAFPin_0_7     0x800'15ad    0x2c  Code  Lc  stm32f4xx_ll_gpio.o [1]
LL_GPIO_SetAFPin_8_15    0x800'15d9    0x32  Code  Lc  stm32f4xx_ll_gpio.o [1]
LL_GPIO_SetOutputPin     0x800'3c85     0x4  Code  Lc  isp_cfg.o [1]
LL_GPIO_SetOutputPin     0x800'52cd     0x4  Code  Lc  main.o [1]
LL_GPIO_SetOutputPin     0x800'63b9     0x4  Code  Lc  power_cfg.o [1]
LL_GPIO_SetOutputPin     0x800'4b9b     0x4  Code  Lc  spi_cfg.o [1]
LL_GPIO_SetOutputPin     0x800'028f     0x4  Code  Lc  usart_cfg.o [1]
LL_GPIO_SetPinMode       0x800'3c59    0x2c  Code  Lc  isp_cfg.o [1]
LL_GPIO_SetPinMode       0x800'151d    0x2c  Code  Lc  stm32f4xx_ll_gpio.o [1]
LL_GPIO_SetPinMode       0x800'0263    0x2c  Code  Lc  usart_cfg.o [1]
LL_GPIO_SetPinOutputType
                         0x800'1549     0xc  Code  Lc  stm32f4xx_ll_gpio.o [1]
LL_GPIO_SetPinPull       0x800'1581    0x2c  Code  Lc  stm32f4xx_ll_gpio.o [1]
LL_GPIO_SetPinSpeed      0x800'1555    0x2c  Code  Lc  stm32f4xx_ll_gpio.o [1]
LL_IWDG_ReloadCounter    0x800'2bbd     0x8  Code  Lc  iwdg_cfg.o [1]
LL_InitTick              0x800'477b    0x1e  Code  Lc  systick_cfg.o [1]
LL_PWR_EnableBkUpAccess
                         0x800'52e5     0xc  Code  Lc  main.o [1]
LL_PWR_IsActiveFlag_PVDO
                         0x800'6957     0xc  Code  Lc  stm32f4xx_it.o [1]
LL_PWR_SetRegulVoltageScaling
                         0x800'52d7     0xe  Code  Lc  main.o [1]
LL_RCC_GetAHBPrescaler   0x800'2a83     0xa  Code  Lc  stm32f4xx_ll_rcc.o [1]
LL_RCC_GetAPB1Prescaler
                         0x800'2a8d     0xa  Code  Lc  stm32f4xx_ll_rcc.o [1]
LL_RCC_GetAPB2Prescaler
                         0x800'2a97     0xa  Code  Lc  stm32f4xx_ll_rcc.o [1]
LL_RCC_GetSysClkSource   0x800'532f     0xa  Code  Lc  main.o [1]
LL_RCC_GetSysClkSource   0x800'2a79     0xa  Code  Lc  stm32f4xx_ll_rcc.o [1]
LL_RCC_GetSystemClocksFreq
                         0x800'2ac9    0x24  Code  Gb  stm32f4xx_ll_rcc.o [1]
LL_RCC_HSE_Enable        0x800'52f1     0xc  Code  Lc  main.o [1]
LL_RCC_HSE_IsReady       0x800'52fd     0xc  Code  Lc  main.o [1]
LL_RCC_LSI_Enable        0x800'5309     0xc  Code  Lc  main.o [1]
LL_RCC_LSI_IsReady       0x800'5315     0xc  Code  Lc  main.o [1]
LL_RCC_PLL_ConfigDomain_SYS
                         0x800'537b    0x22  Code  Lc  main.o [1]
LL_RCC_PLL_Enable        0x800'5363     0xc  Code  Lc  main.o [1]
LL_RCC_PLL_GetDivider    0x800'2abf     0xa  Code  Lc  stm32f4xx_ll_rcc.o [1]
LL_RCC_PLL_GetMainSource
                         0x800'2aa1     0xa  Code  Lc  stm32f4xx_ll_rcc.o [1]
LL_RCC_PLL_GetN          0x800'2aab     0xa  Code  Lc  stm32f4xx_ll_rcc.o [1]
LL_RCC_PLL_GetP          0x800'2ab5     0xa  Code  Lc  stm32f4xx_ll_rcc.o [1]
LL_RCC_PLL_IsReady       0x800'536f     0xc  Code  Lc  main.o [1]
LL_RCC_SetAHBPrescaler   0x800'5339     0xe  Code  Lc  main.o [1]
LL_RCC_SetAPB1Prescaler
                         0x800'5347     0xe  Code  Lc  main.o [1]
LL_RCC_SetAPB2Prescaler
                         0x800'5355     0xe  Code  Lc  main.o [1]
LL_RCC_SetSysClkSource   0x800'5321     0xe  Code  Lc  main.o [1]
LL_RNG_ClearFlag_CEIS    0x800'60f5     0x8  Code  Lc  random_cfg.o [1]
LL_RNG_ClearFlag_SEIS    0x800'60fd     0x8  Code  Lc  random_cfg.o [1]
LL_RNG_DeInit            0x800'64a5    0x12  Code  Gb  stm32f4xx_ll_rng.o [1]
LL_RNG_Disable           0x800'60cf     0xa  Code  Lc  random_cfg.o [1]
LL_RNG_Enable            0x800'60c5     0xa  Code  Lc  random_cfg.o [1]
LL_RNG_EnableIT          0x800'6105     0xa  Code  Lc  random_cfg.o [1]
LL_RNG_IsActiveFlag_CEIS
                         0x800'60e1     0xa  Code  Lc  random_cfg.o [1]
LL_RNG_IsActiveFlag_DRDY
                         0x800'60d9     0x8  Code  Lc  random_cfg.o [1]
LL_RNG_IsActiveFlag_SEIS
                         0x800'60eb     0xa  Code  Lc  random_cfg.o [1]
LL_RNG_ReadRandData32    0x800'610f     0x4  Code  Lc  random_cfg.o [1]
LL_SPI_DeInit            0x800'5135    0x52  Code  Gb  stm32f4xx_ll_spi.o [1]
LL_SPI_Enable            0x800'4ba5     0xa  Code  Lc  spi_cfg.o [1]
LL_SPI_Init              0x800'5187    0x6c  Code  Gb  stm32f4xx_ll_spi.o [1]
LL_SPI_IsActiveFlag_RXNE
                         0x800'4bc7     0x8  Code  Lc  spi_cfg.o [1]
LL_SPI_IsActiveFlag_TXE
                         0x800'4bcf     0xa  Code  Lc  spi_cfg.o [1]
LL_SPI_IsEnabled         0x800'50f9     0xa  Code  Lc  stm32f4xx_ll_spi.o [1]
LL_SPI_ReceiveData8      0x800'4bd9     0x6  Code  Lc  spi_cfg.o [1]
LL_SPI_SetBaudRatePrescaler
                         0x800'4bbb     0xc  Code  Lc  spi_cfg.o [1]
LL_SPI_SetCRCPolynomial
                         0x800'5103     0x6  Code  Lc  stm32f4xx_ll_spi.o [1]
LL_SPI_SetStandard       0x800'4baf     0xc  Code  Lc  spi_cfg.o [1]
LL_SPI_TransmitData8     0x800'4bdf     0x4  Code  Lc  spi_cfg.o [1]
LL_SYSTICK_SetClkSource
                         0x800'52b1    0x1c  Code  Lc  main.o [1]
LL_SetSystemCoreClock    0x800'5661     0x6  Code  Gb  stm32f4xx_ll_utils.o [1]
LL_USART_ClearFlag_FE    0x800'0329    0x12  Code  Lc  usart_cfg.o [1]
LL_USART_ClearFlag_IDLE
                         0x800'035f    0x12  Code  Lc  usart_cfg.o [1]
LL_USART_ClearFlag_LBD   0x800'0381     0x8  Code  Lc  usart_cfg.o [1]
LL_USART_ClearFlag_NE    0x800'033b    0x12  Code  Lc  usart_cfg.o [1]
LL_USART_ClearFlag_ORE   0x800'034d    0x12  Code  Lc  usart_cfg.o [1]
LL_USART_ClearFlag_PE    0x800'0317    0x12  Code  Lc  usart_cfg.o [1]
LL_USART_ClearFlag_RXNE
                         0x800'0379     0x8  Code  Lc  usart_cfg.o [1]
LL_USART_ClearFlag_TC    0x800'0371     0x8  Code  Lc  usart_cfg.o [1]
LL_USART_ClearFlag_nCTS
                         0x800'0389     0x8  Code  Lc  usart_cfg.o [1]
LL_USART_ConfigAsyncMode
                         0x800'02a3    0x12  Code  Lc  usart_cfg.o [1]
LL_USART_DeInit          0x800'180b    0x94  Code  Gb  stm32f4xx_ll_usart.o [1]
LL_USART_DisableIT_TC    0x800'03af     0xa  Code  Lc  usart_cfg.o [1]
LL_USART_DisableIT_TXE   0x800'03b9     0xa  Code  Lc  usart_cfg.o [1]
LL_USART_Enable          0x800'0299     0xa  Code  Lc  usart_cfg.o [1]
LL_USART_EnableIT_RXNE   0x800'0391     0xa  Code  Lc  usart_cfg.o [1]
LL_USART_EnableIT_TC     0x800'039b     0xa  Code  Lc  usart_cfg.o [1]
LL_USART_EnableIT_TXE    0x800'03a5     0xa  Code  Lc  usart_cfg.o [1]
LL_USART_Init            0x800'189f    0x9e  Code  Gb  stm32f4xx_ll_usart.o [1]
LL_USART_IsActiveFlag_FE
                         0x800'02bd     0xa  Code  Lc  usart_cfg.o [1]
LL_USART_IsActiveFlag_IDLE
                         0x800'02db     0xa  Code  Lc  usart_cfg.o [1]
LL_USART_IsActiveFlag_LBD
                         0x800'0303     0xa  Code  Lc  usart_cfg.o [1]
LL_USART_IsActiveFlag_NE
                         0x800'02c7     0xa  Code  Lc  usart_cfg.o [1]
LL_USART_IsActiveFlag_ORE
                         0x800'02d1     0xa  Code  Lc  usart_cfg.o [1]
LL_USART_IsActiveFlag_PE
                         0x800'02b5     0x8  Code  Lc  usart_cfg.o [1]
LL_USART_IsActiveFlag_RXNE
                         0x800'02e5     0xa  Code  Lc  usart_cfg.o [1]
LL_USART_IsActiveFlag_TC
                         0x800'02ef     0xa  Code  Lc  usart_cfg.o [1]
LL_USART_IsActiveFlag_TXE
                         0x800'02f9     0xa  Code  Lc  usart_cfg.o [1]
LL_USART_IsActiveFlag_nCTS
                         0x800'030d     0xa  Code  Lc  usart_cfg.o [1]
LL_USART_IsEnabled       0x800'16bd     0xa  Code  Lc  stm32f4xx_ll_usart.o [1]
LL_USART_IsEnabledIT_CTS
                         0x800'0407     0xa  Code  Lc  usart_cfg.o [1]
LL_USART_IsEnabledIT_ERROR
                         0x800'03ff     0x8  Code  Lc  usart_cfg.o [1]
LL_USART_IsEnabledIT_IDLE
                         0x800'03c3     0xa  Code  Lc  usart_cfg.o [1]
LL_USART_IsEnabledIT_LBD
                         0x800'03f5     0xa  Code  Lc  usart_cfg.o [1]
LL_USART_IsEnabledIT_PE
                         0x800'03eb     0xa  Code  Lc  usart_cfg.o [1]
LL_USART_IsEnabledIT_RXNE
                         0x800'03cd     0xa  Code  Lc  usart_cfg.o [1]
LL_USART_IsEnabledIT_TC
                         0x800'03d7     0xa  Code  Lc  usart_cfg.o [1]
LL_USART_IsEnabledIT_TXE
                         0x800'03e1     0xa  Code  Lc  usart_cfg.o [1]
LL_USART_ReceiveData8    0x800'0411     0x6  Code  Lc  usart_cfg.o [1]
LL_USART_SetBaudRate     0x800'16df   0x100  Code  Lc  stm32f4xx_ll_usart.o [1]
LL_USART_SetHWFlowCtrl   0x800'16d3     0xc  Code  Lc  stm32f4xx_ll_usart.o [1]
LL_USART_SetStopBitsLength
                         0x800'16c7     0xc  Code  Lc  stm32f4xx_ll_usart.o [1]
LL_USART_TransmitData8   0x800'0417     0x6  Code  Lc  usart_cfg.o [1]
LL_WWDG_ClearFlag_EWKUP
                         0x800'6963     0x8  Code  Lc  stm32f4xx_it.o [1]
LM317Lib_Init            0x800'5f67     0xa  Code  Gb  power_lib.o [1]
LM317Task_Init           0x800'5c75     0xa  Code  Gb  power_task.o [1]
LM317_Init               0x800'63c3    0x96  Code  Gb  power_cfg.o [1]
LM317_PowerMV            0x800'6459    0x2c  Code  Gb  power_cfg.o [1]
MemManage_Handler        0x800'6977     0x2  Code  Gb  stm32f4xx_it.o [1]
MyMemInit                0x800'567d    0x24  Code  Gb  my_malloc.o [1]
MyMemset                 0x800'566d    0x10  Code  Gb  my_malloc.o [1]
MyMemusedRate            0x800'56a1    0x2e  Code  Gb  my_malloc.o [1]
NMI_Handler              0x800'696b     0x2  Code  Gb  stm32f4xx_it.o [1]
NVIC_EncodePriority      0x800'525f    0x3c  Code  Lc  main.o [1]
NVIC_EncodePriority      0x800'6073    0x3c  Code  Lc  random_cfg.o [1]
NVIC_EncodePriority      0x800'473f    0x3c  Code  Lc  systick_cfg.o [1]
NVIC_EncodePriority      0x800'01db    0x3c  Code  Lc  usart_cfg.o [1]
NVIC_Init                0x800'5475    0x8e  Code  Gb  main.o [1]
PVDLib_IRQTask           0x800'69d9     0x8  Code  Gb  pvd_lib.o [1]
PVDTask_IRQTask          0x800'69d1     0x8  Code  Gb  pvd_task.o [1]
PVD_IRQHandler           0x800'69b9    0x18  Code  Gb  stm32f4xx_it.o [1]
PVD_IRQTask              0x800'69e1     0x2  Code  Gb  pvd_cfg.o [1]
PendSV_Handler           0x800'6981     0x2  Code  Gb  stm32f4xx_it.o [1]
RCC_GetHCLKClockFreq     0x800'2b17    0x16  Code  Gb  stm32f4xx_ll_rcc.o [1]
RCC_GetPCLK1ClockFreq    0x800'2b2d    0x14  Code  Gb  stm32f4xx_ll_rcc.o [1]
RCC_GetPCLK2ClockFreq    0x800'2b41    0x14  Code  Gb  stm32f4xx_ll_rcc.o [1]
RCC_GetSystemClockFreq   0x800'2aed    0x2a  Code  Gb  stm32f4xx_ll_rcc.o [1]
RCC_IRQHandler           0x800'696d     0x2  Code  Gb  stm32f4xx_it.o [1]
RCC_PLL_GetFreqDomain_SYS
                         0x800'2b55    0x4e  Code  Gb  stm32f4xx_ll_rcc.o [1]
RandomLib_IRQTask        0x800'5d49     0x8  Code  Gb  random_lib.o [1]
RandomLib_Init           0x800'5d3f     0xa  Code  Gb  random_lib.o [1]
RandomTask_IRQTask       0x800'592b     0x8  Code  Gb  random_task.o [1]
RandomTask_Init          0x800'5921     0xa  Code  Gb  random_task.o [1]
Random_IRQTask           0x800'6169    0x46  Code  Gb  random_cfg.o [1]
Random_Init              0x800'6113    0x56  Code  Gb  random_cfg.o [1]
Region$$Table$$Base      0x800'6b4c           --   Gb  - Linker created -
Region$$Table$$Limit     0x800'6b70           --   Gb  - Linker created -
SPILib_DeInit            0x800'4b0d     0xa  Code  Gb  spi_lib.o [1]
SPILib_MHW_GPIO_Init     0x800'4afd     0x8  Code  Gb  spi_lib.o [1]
SPILib_MHW_PollMode_Init
                         0x800'4ad9    0x24  Code  Gb  spi_lib.o [1]
SPILib_MHW_PollMode_WriteAndReadData
                         0x800'4b17     0xa  Code  Gb  spi_lib.o [1]
SPILib_MHW_SetClock      0x800'4b29     0x8  Code  Gb  spi_lib.o [1]
SPILib_MSW_GPIO_Init     0x800'4b05     0x8  Code  Gb  spi_lib.o [1]
SPILib_MSW_SetClock      0x800'4b21     0x8  Code  Gb  spi_lib.o [1]
SPILib_MSW_WriteAndReadDataMSB
                         0x800'4b31     0xa  Code  Gb  spi_lib.o [1]
SPITask_DeInit           0x800'46bd     0xa  Code  Gb  spi_task.o [1]
SPITask_MHW_GPIO_Init    0x800'46ad     0x8  Code  Gb  spi_task.o [1]
SPITask_MHW_PollMode_Init
                         0x800'4689    0x24  Code  Gb  spi_task.o [1]
SPITask_MHW_PollMode_WriteAndReadData
                         0x800'46c7     0xa  Code  Gb  spi_task.o [1]
SPITask_MHW_SetClock     0x800'46d9     0x8  Code  Gb  spi_task.o [1]
SPITask_MSW_GPIO_Init    0x800'46b5     0x8  Code  Gb  spi_task.o [1]
SPITask_MSW_SetClock     0x800'46d1     0x8  Code  Gb  spi_task.o [1]
SPITask_MSW_WriteAndReadDataMSB
                         0x800'46e1     0xa  Code  Gb  spi_task.o [1]
SPI_Clock                0x800'4e09    0x70  Code  Gb  spi_cfg.o [1]
SPI_DeInit               0x800'4de3    0x26  Code  Gb  spi_cfg.o [1]
SPI_GPIO_DeInit          0x800'4d5f    0x84  Code  Gb  spi_cfg.o [1]
SPI_MHW_GPIO_Init        0x800'4c15    0xaa  Code  Gb  spi_cfg.o [1]
SPI_MHW_PollMode_Init    0x800'4be3    0x32  Code  Gb  spi_cfg.o [1]
SPI_MHW_PollMode_WriteAndReadData
                         0x800'4e79    0xda  Code  Gb  spi_cfg.o [1]
SPI_MHW_SetClock         0x800'5027     0xc  Code  Gb  spi_cfg.o [1]
SPI_MSW_BitMSB           0x800'4f53    0x38  Code  Gb  spi_cfg.o [1]
SPI_MSW_GPIO_Init        0x800'4cbf    0xa0  Code  Gb  spi_cfg.o [1]
SPI_MSW_SetClock         0x800'5021     0x6  Code  Gb  spi_cfg.o [1]
SPI_MSW_WriteAndReadBitMSB
                         0x800'4f8b    0x96  Code  Gb  spi_cfg.o [1]
SPI_MSW_WriteAndReadByteMSB
                         0x800'5033    0x56  Code  Gb  spi_cfg.o [1]
SPI_MSW_WriteAndReadDataMSB
                         0x800'5089    0x56  Code  Gb  spi_cfg.o [1]
SVC_Handler              0x800'697d     0x2  Code  Gb  stm32f4xx_it.o [1]
SysRTC_CalcWeekDay       0x800'584f    0x98  Code  Gb  rtc_cfg.o [1]
SysRTC_SoftCalcRTCInit   0x800'56dd   0x172  Code  Gb  rtc_cfg.o [1]
SysTickLib_1msIncTick    0x800'5d37     0x8  Code  Gb  systick_lib.o [1]
SysTickLib_DecTick       0x800'5d17     0x8  Code  Gb  systick_lib.o [1]
SysTickLib_GetTick       0x800'5d1f     0x8  Code  Gb  systick_lib.o [1]
SysTickLib_IRQTask       0x800'5d27     0x8  Code  Gb  systick_lib.o [1]
SysTickLib_Init          0x800'5d0f     0x8  Code  Gb  systick_lib.o [1]
SysTickLib_WaitusTick    0x800'5d2f     0x8  Code  Gb  systick_lib.o [1]
SysTickTask_1msIncTick   0x800'5919     0x8  Code  Gb  systick_task.o [1]
SysTickTask_DecTick      0x800'58f9     0x8  Code  Gb  systick_task.o [1]
SysTickTask_GetTick      0x800'5901     0x8  Code  Gb  systick_task.o [1]
SysTickTask_IRQTask      0x800'5909     0x8  Code  Gb  systick_task.o [1]
SysTickTask_Init         0x800'58f1     0x8  Code  Gb  systick_task.o [1]
SysTickTask_WaitusTick   0x800'5911     0x8  Code  Gb  systick_task.o [1]
SysTick_1msIncTick       0x800'4a67    0x42  Code  Gb  systick_cfg.o [1]
SysTick_CreateTickTask   0x800'483f    0x92  Code  Gb  systick_cfg.o [1]
SysTick_DecTick          0x800'498b    0x50  Code  Gb  systick_cfg.o [1]
SysTick_DeleteTickTask   0x800'48d1    0x7a  Code  Gb  systick_cfg.o [1]
SysTick_GetTick          0x800'49db     0x8  Code  Gb  systick_cfg.o [1]
SysTick_Handler          0x800'6983     0x8  Code  Gb  stm32f4xx_it.o [1]
SysTick_IRQTask          0x800'49e3    0x3a  Code  Gb  systick_cfg.o [1]
SysTick_PollTickTask     0x800'494b    0x40  Code  Gb  systick_cfg.o [1]
SysTick_Resume           0x800'47a9    0x10  Code  Gb  systick_cfg.o [1]
SysTick_StructInit       0x800'47b9    0x34  Code  Gb  systick_cfg.o [1]
SysTick_Suspend          0x800'4799    0x10  Code  Gb  systick_cfg.o [1]
SysTick_WaitusTick       0x800'4a1d    0x4a  Code  Gb  systick_cfg.o [1]
SysTick_msInit           0x800'47ed    0x52  Code  Gb  systick_cfg.o [1]
Sys_Init                 0x800'5503    0x8e  Code  Gb  main.o [1]
SystemClock_Config       0x800'53d9    0x9c  Code  Gb  main.o [1]
SystemCoreClock         0x2000'009c     0x4  Data  Gb  system_stm32f4xx.o [1]
SystemInit               0x800'6a4d    0x40  Code  Gb  system_stm32f4xx.o [1]
USART1_IRQHandler        0x800'6995     0xc  Code  Gb  stm32f4xx_it.o [1]
USART1_Init              0x800'1137   0x112  Code  Gb  usart_cfg.o [1]
USART1_RX_BUFFER        0x2000'2e0c    0x44  Data  Gb  usart_task.o [1]
USART1_TX_BUFFER        0x2000'2e50    0x44  Data  Gb  usart_task.o [1]
USART2_Init              0x800'1249     0x4  Code  Gb  usart_cfg.o [1]
USART3_Init              0x800'124d     0x4  Code  Gb  usart_cfg.o [1]
USARTLib_CRCTask_Read    0x800'600d     0x8  Code  Gb  usart_lib.o [1]
USARTLib_DeviceID        0x800'5ff1     0x8  Code  Gb  usart_lib.o [1]
USARTLib_FillMode_AddByte
                         0x800'6003     0xa  Code  Gb  usart_lib.o [1]
USARTLib_FillMode_Init   0x800'5ff9     0xa  Code  Gb  usart_lib.o [1]
USARTLib_FillMode_WriteSTART
                         0x800'6015     0xa  Code  Gb  usart_lib.o [1]
USARTLib_GetReadState    0x800'5fdf     0x8  Code  Gb  usart_lib.o [1]
USARTLib_IRQTask         0x800'601f     0x8  Code  Gb  usart_lib.o [1]
USARTLib_Init            0x800'5f71    0x4c  Code  Gb  usart_lib.o [1]
USARTLib_ParamInit       0x800'5fbd    0x1a  Code  Gb  usart_lib.o [1]
USARTLib_ReadInit        0x800'5fd7     0x8  Code  Gb  usart_lib.o [1]
USARTLib_TimeOVFTask     0x800'5fe7     0xa  Code  Gb  usart_lib.o [1]
USARTTask_CRCTask_Read   0x800'5ced     0x8  Code  Gb  usart_task.o [1]
USARTTask_DeviceID       0x800'5cff     0x8  Code  Gb  usart_task.o [1]
USARTTask_FillMode_AddByte
                         0x800'5ce3     0xa  Code  Gb  usart_task.o [1]
USARTTask_FillMode_Init
                         0x800'5cd9     0xa  Code  Gb  usart_task.o [1]
USARTTask_FillMode_WriteSTART
                         0x800'5cf5     0xa  Code  Gb  usart_task.o [1]
USARTTask_GetReadState   0x800'5cc7     0x8  Code  Gb  usart_task.o [1]
USARTTask_IRQTask        0x800'5d07     0x8  Code  Gb  usart_task.o [1]
USARTTask_Init           0x800'5c81    0x3e  Code  Gb  usart_task.o [1]
USARTTask_ReadInit       0x800'5cbf     0x8  Code  Gb  usart_task.o [1]
USARTTask_TimeOVFTask    0x800'5ccf     0xa  Code  Gb  usart_task.o [1]
USART_485GPIOInit        0x800'0595    0x24  Code  Gb  usart_cfg.o [1]
USART_CRCTask_Read       0x800'0b05   0x1d0  Code  Gb  usart_cfg.o [1]
USART_CRCTask_Write      0x800'0cd5    0xf2  Code  Gb  usart_cfg.o [1]
USART_ClearOVF           0x800'0e65    0x18  Code  Gb  usart_cfg.o [1]
USART_Clock              0x800'104d    0xce  Code  Gb  usart_cfg.o [1]
USART_DeviceID           0x800'0efd    0x1e  Code  Gb  usart_cfg.o [1]
USART_FillMode_AddByte   0x800'0ae7    0x1e  Code  Gb  usart_cfg.o [1]
USART_FillMode_Init      0x800'0a55    0x92  Code  Gb  usart_cfg.o [1]
USART_FillMode_WriteSTART
                         0x800'0dc7    0x9e  Code  Gb  usart_cfg.o [1]
USART_GPIOInit           0x800'056d    0x28  Code  Gb  usart_cfg.o [1]
USART_GetReadState       0x800'0e7d     0x6  Code  Gb  usart_cfg.o [1]
USART_IRQTask            0x800'1251   0x130  Code  Gb  usart_cfg.o [1]
USART_ITPrintf_TCTask    0x800'0fdb    0x38  Code  Gb  usart_cfg.o [1]
USART_ITRead_16BitsTask
                         0x800'0813   0x138  Code  Gb  usart_cfg.o [1]
USART_ITRead_16BitsTask::tempVal
                        0x2000'2f05     0x1  Data  Lc  usart_cfg.o [1]
USART_ITRead_8BitsTask   0x800'0723    0xf0  Code  Gb  usart_cfg.o [1]
USART_ITRead_8BitsTask::tempVal
                        0x2000'2f04     0x1  Data  Lc  usart_cfg.o [1]
USART_ITRead_Task        0x800'0969    0x1a  Code  Gb  usart_cfg.o [1]
USART_ITWrite_TCTask     0x800'09ff    0x56  Code  Gb  usart_cfg.o [1]
USART_ITWrite_TXETask    0x800'0983    0x7c  Code  Gb  usart_cfg.o [1]
USART_IT_TCTask          0x800'1013    0x2e  Code  Gb  usart_cfg.o [1]
USART_Init               0x800'04f7    0x76  Code  Gb  usart_cfg.o [1]
USART_ParamInit          0x800'1121    0x16  Code  Gb  usart_cfg.o [1]
USART_Printf             0x800'0f89    0x52  Code  Gb  usart_cfg.o [1]
USART_PrintfResume       0x800'0f73    0x16  Code  Gb  usart_cfg.o [1]
USART_PrintfSuspend      0x800'0f1b    0x58  Code  Gb  usart_cfg.o [1]
USART_ReadInit           0x800'0e83    0x3c  Code  Gb  usart_cfg.o [1]
USART_StructInit         0x800'041d    0xda  Code  Gb  usart_cfg.o [1]
USART_TimeOVFTask        0x800'0685    0x9e  Code  Gb  usart_cfg.o [1]
USART_TimeTick_Init      0x800'05b9    0x2a  Code  Gb  usart_cfg.o [1]
USART_TimeTick_OVF       0x800'05e3    0xa2  Code  Gb  usart_cfg.o [1]
USART_WriteInit          0x800'0ebf    0x3e  Code  Gb  usart_cfg.o [1]
UsageFault_Handler       0x800'697b     0x2  Code  Gb  stm32f4xx_it.o [1]
WWDG_IRQHandler          0x800'698b     0xa  Code  Gb  stm32f4xx_it.o [1]
_Encoding_8859_1_Mbrlen
                         0x800'1511     0x2  Code  Gb  xencoding_8859_1.o [2]
_Encoding_8859_1_Wctomb
                         0x800'14ff    0x12  Code  Gb  xencoding_8859_1.o [2]
_Error_Handler           0x800'560d     0x2  Code  Gb  stm32_cfg.o [1]
_LitobFull               0x800'28b3   0x10a  Code  Lc  xprintffull.o [2]
_Locale_lconv           0x2000'0048    0x38  Data  Lc  xlocale_c.o [2]
_PrintfFull              0x800'19a1   0xcc4  Code  Gb  xprintffull.o [2]
_PutcharsFull            0x800'2a25    0x2e  Code  Lc  xprintffull.o [2]
_PutstrFull              0x800'27f3    0xc0  Code  Lc  xprintffull.o [2]
_PuttxtFull              0x800'26e7   0x10c  Code  Lc  xprintffull.o [2]
_SNProut                 0x800'16a3    0x1a  Code  Gb  xsnprout.o [2]
__NVIC_EnableIRQ         0x800'6033    0x1c  Code  Lc  random_cfg.o [1]
__NVIC_EnableIRQ         0x800'0195    0x1e  Code  Lc  usart_cfg.o [1]
__NVIC_GetPriorityGrouping
                         0x800'522b     0xc  Code  Lc  main.o [1]
__NVIC_GetPriorityGrouping
                         0x800'6029     0xa  Code  Lc  random_cfg.o [1]
__NVIC_GetPriorityGrouping
                         0x800'470b     0xc  Code  Lc  systick_cfg.o [1]
__NVIC_GetPriorityGrouping
                         0x800'0189     0xc  Code  Lc  usart_cfg.o [1]
__NVIC_SetPriority       0x800'5237    0x28  Code  Lc  main.o [1]
__NVIC_SetPriority       0x800'604f    0x24  Code  Lc  random_cfg.o [1]
__NVIC_SetPriority       0x800'4717    0x28  Code  Lc  systick_cfg.o [1]
__NVIC_SetPriority       0x800'01b3    0x28  Code  Lc  usart_cfg.o [1]
__NVIC_SetPriorityGrouping
                         0x800'520d    0x1e  Code  Lc  main.o [1]
__NVIC_SetPriorityGrouping
                         0x800'46ed    0x1e  Code  Lc  systick_cfg.o [1]
__aeabi_cdcmple          0x800'2f85          Code  Gb  DblCmpLe.o [3]
__aeabi_cdrcmple         0x800'2fb5          Code  Gb  DblCmpGe.o [3]
__aeabi_d2iz             0x800'3121          Code  Gb  DblToS32.o [3]
__aeabi_d2uiz            0x800'34ad          Code  Gb  DblToU32.o [3]
__aeabi_ddiv             0x800'3265          Code  Gb  DblDiv.o [3]
__aeabi_dmul             0x800'34f1          Code  Gb  DblMul.o [3]
__aeabi_dsub             0x800'3181          Code  Gb  DblSub.o [3]
__aeabi_i2d              0x800'315d          Code  Gb  S32ToDbl.o [3]
__aeabi_ldiv0            0x800'3c41          Code  Gb  I64DivZer.o [4]
__aeabi_memcpy           0x800'2e6d          Code  Gb  ABImemcpy.o [4]
__aeabi_memcpy4          0x800'2e8d          Code  Gb  ABImemcpy.o [4]
__aeabi_memcpy8          0x800'2e8d          Code  Gb  ABImemcpy.o [4]
__aeabi_memset           0x800'1499          Code  Gb  ABImemset.o [4]
__aeabi_ui2d             0x800'34d5          Code  Gb  U32ToDbl.o [3]
__aeabi_uldivmod         0x800'369d          Code  Gb  I64DivMod.o [4]
__cmain                  0x800'6bd1          Code  Gb  cmain.o [4]
__exit                   0x800'3c45    0x14  Code  Gb  exit.o [5]
__iar_Fail_s             0x800'2d9d    0x1c  Code  Gb  xfail_s.o [2]
__iar_Mbcurmax           0x800'3693     0xa  Code  Gb  xmbcurmax.o [2]
__iar_Memchr             0x800'2e15          Code  Gb  memchr.o [4]
__iar_Memset             0x800'1499          Code  Gb  ABImemset.o [4]
__iar_Memset_word        0x800'14a1          Code  Gb  ABImemset.o [4]
__iar_Strchr             0x800'2d85          Code  Gb  strchr.o [4]
__iar_copy_init3         0x800'146b    0x2e  Code  Gb  copy_init3.o [4]
__iar_dadd               0x800'3191          Code  Gb  DblSub.o [3]
__iar_data_init3         0x800'6b01    0x28  Code  Gb  data_init.o [4]
__iar_dsub               0x800'3ad5          Code  Gb  DblAdd.o [3]
__iar_dsubStart          0x800'3ae7          Code  Gb  DblAdd.o [3]
__iar_frexp              0x800'2f21          Code  Gb  frexp.o [3]
__iar_frexpl             0x800'2f21          Code  Gb  frexp.o [3]
__iar_globLocale        0x2000'0000    0x48  Data  Lc  xlocale_c.o [2]
__iar_global_Locale      0x800'2d09     0x4  Code  Gb  xlocale_c.o [2]
__iar_init_vfp           0x800'6b29          Code  Gb  fpinit_M.o [3]
__iar_ldexp64            0x800'2fe5          Code  Gb  ldexp.o [3]
__iar_program_start      0x800'6c8d          Code  Gb  cstartup_M.o [4]
__iar_scalbln64          0x800'2fe5          Code  Gb  ldexp.o [3]
__iar_scalbn64           0x800'2fe5          Code  Gb  ldexp.o [3]
__iar_softfp___iar_frexp64
                         0x800'2f15          Code  Gb  frexp.o [3]
__iar_softfp_frexp       0x800'2f15          Code  Gb  frexp.o [3]
__iar_softfp_frexpl      0x800'2f15          Code  Gb  frexp.o [3]
__iar_zero_init3         0x800'13e3    0x3a  Code  Gb  zero_init3.o [4]
__low_level_init         0x800'6bef     0x4  Code  Gb  low_level_init.o [2]
__vector_table           0x800'0000          Data  Gb  startup_stm32f407xx.o [1]
_call_main               0x800'6bdd          Code  Gb  cmain.o [4]
_exit                    0x800'6bf9          Code  Gb  cexit.o [4]
_gLocale_mblen           0x800'2d71     0x4  Code  Gb  xlocale_c.o [2]
_gLocale_mblenInt        0x800'2d35    0x2c  Code  Gb  xlocale_c.o [2]
_gLocale_wctomb          0x800'2d75     0x4  Code  Gb  xlocale_c.o [2]
_gLocale_wctombInt       0x800'2d6d     0x4  Code  Gb  xlocale_c.o [2]
_main                    0x800'6beb          Code  Gb  cmain.o [4]
abort                    0x800'3acd     0x6  Code  Gb  abort.o [2]
crc16Table               0x800'6550   0x200  Data  Gb  crc_cfg.o [1]
crc8Table07              0x800'6750   0x100  Data  Gb  crc_cfg.o [1]
crc8Table31              0x800'6850   0x100  Data  Gb  crc_cfg.o [1]
exit                     0x800'6bf3     0x4  Code  Gb  exit.o [2]
g_CRCIsEnable           0x2000'00a8     0x1  Data  Gb  crc_cfg.o [1]
g_HASH_RNG_Val          0x2000'2ef8     0x4  Data  Gb  random_cfg.o [1]
g_HardFaultErrMsg       0x2000'2eb8    0x20  Data  Gb  stm32_cfg.o [1]
g_ISPDevice0            0x2000'2d2c    0x70  Data  Gb  isp_cfg.o [1]
g_MemMap                0x2000'28ac   0x280  Data  Gb  my_malloc.o [1]
g_MemPool               0x2000'00ac  0x2800  Data  Gb  my_malloc.o [1]
g_MemTableSize           0x800'6ca0     0x4  Data  Gb  my_malloc.o [1]
g_MemTotalSize           0x800'6ca4     0x4  Data  Gb  my_malloc.o [1]
g_MyaMallcoDev          0x2000'0080    0x14  Data  Gb  my_malloc.o [1]
g_PrintfBuffer          0x2000'2b2c   0x200  Data  Gb  usart_cfg.o [1]
g_SysSoftRTC            0x2000'2ed8    0x18  Data  Gb  rtc_cfg.o [1]
g_SysTick               0x2000'2e94    0x24  Data  Gb  systick_cfg.o [1]
g_USART1                0x2000'2d9c    0x70  Data  Gb  usart_cfg.o [1]
ldexp                    0x800'2fe5          Code  Gb  ldexp.o [3]
ldexpl                   0x800'2fe5          Code  Gb  ldexp.o [3]
localeconv               0x800'2d79     0x4  Code  Gb  xlocale_c.o [2]
main                     0x800'5591    0x18  Code  Gb  main.o [1]
memchr                   0x800'2e15          Code  Gb  memchr.o [4]
pISPDevice0             0x2000'0094     0x4  Data  Gb  isp_cfg.o [1]
pSysSoftRTC             0x2000'0098     0x4  Data  Gb  rtc_cfg.o [1]
pSysTick                0x2000'00a0     0x4  Data  Gb  systick_cfg.o [1]
pUSART1                 0x2000'00a4     0x4  Data  Gb  usart_cfg.o [1]
scalbln                  0x800'2fe5          Code  Gb  ldexp.o [3]
scalblnl                 0x800'2fe5          Code  Gb  ldexp.o [3]
scalbn                   0x800'2fe5          Code  Gb  ldexp.o [3]
scalbnl                  0x800'2fe5          Code  Gb  ldexp.o [3]
scale                    0x800'29bd    0x46  Code  Lc  xprintffull.o [2]
sec_hand                0x2000'2f00     0x4  Data  Lc  xfail_s.o [2]
strchr                   0x800'2d85          Code  Gb  strchr.o [4]
strlen                   0x800'2ddd          Code  Gb  strlen.o [4]
tempID                  0x2000'2ef4     0x4  Data  Gb  main.o [1]
uwTick                  0x2000'2efc     0x4  Data  Gb  stm32f4xx_hal.o [1]
uwTickFreq              0x2000'00a9     0x1  Data  Gb  stm32f4xx_hal.o [1]
vsnprintf                0x800'141d    0x3c  Code  Gb  vsnprint.o [2]


[1] = E:\STM32_MCU\STM32F407\STM32F407VET6\STM32F407VET6Project\EWARM\STM32F407VET6Project\Obj
[2] = dl7M_tlf.a
[3] = m7M_tls.a
[4] = rt7M_tl.a
[5] = shb_l.a

  26'789 bytes of readonly  code memory
   1'503 bytes of readonly  data memory
  20'228 bytes of readwrite data memory

Errors: none
Warnings: none
