###############################################################################
#
# IAR ELF Linker V8.40.1.212/W32 for ARM                  12/Feb/2020  12:55:17
# Copyright 2007-2019 IAR Systems AB.
#
#    Output file  =
#        E:\STM32Project\NewProject\STM32F407\STM32F407VET6\STM32F407VET6Project\EWARM\STM32F407VET6Project\Exe\STM32F407VET6Project.out
#    Map file     =
#        E:\STM32Project\NewProject\STM32F407\STM32F407VET6\STM32F407VET6Project\EWARM\STM32F407VET6Project\List\STM32F407VET6Project.map
#    Command line =
#        -f C:\Users\Harry\AppData\Local\Temp\EW3F2E.tmp
#        (E:\STM32Project\NewProject\STM32F407\STM32F407VET6\STM32F407VET6Project\EWARM\STM32F407VET6Project\Obj\ad5593_cfg.o
#        E:\STM32Project\NewProject\STM32F407\STM32F407VET6\STM32F407VET6Project\EWARM\STM32F407VET6Project\Obj\ad5593_lib.o
#        E:\STM32Project\NewProject\STM32F407\STM32F407VET6\STM32F407VET6Project\EWARM\STM32F407VET6Project\Obj\ad5593_task.o
#        E:\STM32Project\NewProject\STM32F407\STM32F407VET6\STM32F407VET6Project\EWARM\STM32F407VET6Project\Obj\adc_cfg.o
#        E:\STM32Project\NewProject\STM32F407\STM32F407VET6\STM32F407VET6Project\EWARM\STM32F407VET6Project\Obj\adc_lib.o
#        E:\STM32Project\NewProject\STM32F407\STM32F407VET6\STM32F407VET6Project\EWARM\STM32F407VET6Project\Obj\adc_task.o
#        E:\STM32Project\NewProject\STM32F407\STM32F407VET6\STM32F407VET6Project\EWARM\STM32F407VET6Project\Obj\ads1256_cfg.o
#        E:\STM32Project\NewProject\STM32F407\STM32F407VET6\STM32F407VET6Project\EWARM\STM32F407VET6Project\Obj\ads1256_lib.o
#        E:\STM32Project\NewProject\STM32F407\STM32F407VET6\STM32F407VET6Project\EWARM\STM32F407VET6Project\Obj\ads1256_task.o
#        E:\STM32Project\NewProject\STM32F407\STM32F407VET6\STM32F407VET6Project\EWARM\STM32F407VET6Project\Obj\ads868x_cfg.o
#        E:\STM32Project\NewProject\STM32F407\STM32F407VET6\STM32F407VET6Project\EWARM\STM32F407VET6Project\Obj\ads868x_lib.o
#        E:\STM32Project\NewProject\STM32F407\STM32F407VET6\STM32F407VET6Project\EWARM\STM32F407VET6Project\Obj\ads868x_task.o
#        E:\STM32Project\NewProject\STM32F407\STM32F407VET6\STM32F407VET6Project\EWARM\STM32F407VET6Project\Obj\ads869x_cfg.o
#        E:\STM32Project\NewProject\STM32F407\STM32F407VET6\STM32F407VET6Project\EWARM\STM32F407VET6Project\Obj\ads869x_lib.o
#        E:\STM32Project\NewProject\STM32F407\STM32F407VET6\STM32F407VET6Project\EWARM\STM32F407VET6Project\Obj\ads869x_task.o
#        E:\STM32Project\NewProject\STM32F407\STM32F407VET6\STM32F407VET6Project\EWARM\STM32F407VET6Project\Obj\aht10_cfg.o
#        E:\STM32Project\NewProject\STM32F407\STM32F407VET6\STM32F407VET6Project\EWARM\STM32F407VET6Project\Obj\aht10_lib.o
#        E:\STM32Project\NewProject\STM32F407\STM32F407VET6\STM32F407VET6Project\EWARM\STM32F407VET6Project\Obj\aht10_task.o
#        E:\STM32Project\NewProject\STM32F407\STM32F407VET6\STM32F407VET6Project\EWARM\STM32F407VET6Project\Obj\at24cxx_cfg.o
#        E:\STM32Project\NewProject\STM32F407\STM32F407VET6\STM32F407VET6Project\EWARM\STM32F407VET6Project\Obj\at24cxx_lib.o
#        E:\STM32Project\NewProject\STM32F407\STM32F407VET6\STM32F407VET6Project\EWARM\STM32F407VET6Project\Obj\at24cxx_task.o
#        E:\STM32Project\NewProject\STM32F407\STM32F407VET6\STM32F407VET6Project\EWARM\STM32F407VET6Project\Obj\bkp_cfg.o
#        E:\STM32Project\NewProject\STM32F407\STM32F407VET6\STM32F407VET6Project\EWARM\STM32F407VET6Project\Obj\bkp_lib.o
#        E:\STM32Project\NewProject\STM32F407\STM32F407VET6\STM32F407VET6Project\EWARM\STM32F407VET6Project\Obj\bkp_task.o
#        E:\STM32Project\NewProject\STM32F407\STM32F407VET6\STM32F407VET6Project\EWARM\STM32F407VET6Project\Obj\bmp180_cfg.o
#        E:\STM32Project\NewProject\STM32F407\STM32F407VET6\STM32F407VET6Project\EWARM\STM32F407VET6Project\Obj\bmp180_lib.o
#        E:\STM32Project\NewProject\STM32F407\STM32F407VET6\STM32F407VET6Project\EWARM\STM32F407VET6Project\Obj\bmp180_task.o
#        E:\STM32Project\NewProject\STM32F407\STM32F407VET6\STM32F407VET6Project\EWARM\STM32F407VET6Project\Obj\can_cfg.o
#        E:\STM32Project\NewProject\STM32F407\STM32F407VET6\STM32F407VET6Project\EWARM\STM32F407VET6Project\Obj\complier_cfg.o
#        E:\STM32Project\NewProject\STM32F407\STM32F407VET6\STM32F407VET6Project\EWARM\STM32F407VET6Project\Obj\complier_lib.o
#        E:\STM32Project\NewProject\STM32F407\STM32F407VET6\STM32F407VET6Project\EWARM\STM32F407VET6Project\Obj\crc_cfg.o
#        E:\STM32Project\NewProject\STM32F407\STM32F407VET6\STM32F407VET6Project\EWARM\STM32F407VET6Project\Obj\crc_lib.o
#        E:\STM32Project\NewProject\STM32F407\STM32F407VET6\STM32F407VET6Project\EWARM\STM32F407VET6Project\Obj\crc_task.o
#        E:\STM32Project\NewProject\STM32F407\STM32F407VET6\STM32F407VET6Project\EWARM\STM32F407VET6Project\Obj\css_cfg.o
#        E:\STM32Project\NewProject\STM32F407\STM32F407VET6\STM32F407VET6Project\EWARM\STM32F407VET6Project\Obj\css_lib.o
#        E:\STM32Project\NewProject\STM32F407\STM32F407VET6\STM32F407VET6Project\EWARM\STM32F407VET6Project\Obj\css_task.o
#        E:\STM32Project\NewProject\STM32F407\STM32F407VET6\STM32F407VET6Project\EWARM\STM32F407VET6Project\Obj\dac_cfg.o
#        E:\STM32Project\NewProject\STM32F407\STM32F407VET6\STM32F407VET6Project\EWARM\STM32F407VET6Project\Obj\dac_lib.o
#        E:\STM32Project\NewProject\STM32F407\STM32F407VET6\STM32F407VET6Project\EWARM\STM32F407VET6Project\Obj\dac_task.o
#        E:\STM32Project\NewProject\STM32F407\STM32F407VET6\STM32F407VET6Project\EWARM\STM32F407VET6Project\Obj\data_bus.o
#        E:\STM32Project\NewProject\STM32F407\STM32F407VET6\STM32F407VET6Project\EWARM\STM32F407VET6Project\Obj\decode_cfg.o
#        E:\STM32Project\NewProject\STM32F407\STM32F407VET6\STM32F407VET6Project\EWARM\STM32F407VET6Project\Obj\decode_lib.o
#        E:\STM32Project\NewProject\STM32F407\STM32F407VET6\STM32F407VET6Project\EWARM\STM32F407VET6Project\Obj\decode_task.o
#        E:\STM32Project\NewProject\STM32F407\STM32F407VET6\STM32F407VET6Project\EWARM\STM32F407VET6Project\Obj\delay_cfg.o
#        E:\STM32Project\NewProject\STM32F407\STM32F407VET6\STM32F407VET6Project\EWARM\STM32F407VET6Project\Obj\delay_lib.o
#        E:\STM32Project\NewProject\STM32F407\STM32F407VET6\STM32F407VET6Project\EWARM\STM32F407VET6Project\Obj\delay_task.o
#        E:\STM32Project\NewProject\STM32F407\STM32F407VET6\STM32F407VET6Project\EWARM\STM32F407VET6Project\Obj\dht11_cfg.o
#        E:\STM32Project\NewProject\STM32F407\STM32F407VET6\STM32F407VET6Project\EWARM\STM32F407VET6Project\Obj\dht11_lib.o
#        E:\STM32Project\NewProject\STM32F407\STM32F407VET6\STM32F407VET6Project\EWARM\STM32F407VET6Project\Obj\dht11_task.o
#        E:\STM32Project\NewProject\STM32F407\STM32F407VET6\STM32F407VET6Project\EWARM\STM32F407VET6Project\Obj\ds1302_cfg.o
#        E:\STM32Project\NewProject\STM32F407\STM32F407VET6\STM32F407VET6Project\EWARM\STM32F407VET6Project\Obj\ds1302_lib.o
#        E:\STM32Project\NewProject\STM32F407\STM32F407VET6\STM32F407VET6Project\EWARM\STM32F407VET6Project\Obj\ds1302_task.o
#        E:\STM32Project\NewProject\STM32F407\STM32F407VET6\STM32F407VET6Project\EWARM\STM32F407VET6Project\Obj\ds18b20_cfg.o
#        E:\STM32Project\NewProject\STM32F407\STM32F407VET6\STM32F407VET6Project\EWARM\STM32F407VET6Project\Obj\ds18b20_lib.o
#        E:\STM32Project\NewProject\STM32F407\STM32F407VET6\STM32F407VET6Project\EWARM\STM32F407VET6Project\Obj\ds18b20_task.o
#        E:\STM32Project\NewProject\STM32F407\STM32F407VET6\STM32F407VET6Project\EWARM\STM32F407VET6Project\Obj\eeprom_cfg.o
#        E:\STM32Project\NewProject\STM32F407\STM32F407VET6\STM32F407VET6Project\EWARM\STM32F407VET6Project\Obj\eeprom_lib.o
#        E:\STM32Project\NewProject\STM32F407\STM32F407VET6\STM32F407VET6Project\EWARM\STM32F407VET6Project\Obj\eeprom_task.o
#        E:\STM32Project\NewProject\STM32F407\STM32F407VET6\STM32F407VET6Project\EWARM\STM32F407VET6Project\Obj\enc28j60_cfg.o
#        E:\STM32Project\NewProject\STM32F407\STM32F407VET6\STM32F407VET6Project\EWARM\STM32F407VET6Project\Obj\enc28j60_lib.o
#        E:\STM32Project\NewProject\STM32F407\STM32F407VET6\STM32F407VET6Project\EWARM\STM32F407VET6Project\Obj\enc28j60_task.o
#        E:\STM32Project\NewProject\STM32F407\STM32F407VET6\STM32F407VET6Project\EWARM\STM32F407VET6Project\Obj\flash_cfg.o
#        E:\STM32Project\NewProject\STM32F407\STM32F407VET6\STM32F407VET6Project\EWARM\STM32F407VET6Project\Obj\flash_lib.o
#        E:\STM32Project\NewProject\STM32F407\STM32F407VET6\STM32F407VET6Project\EWARM\STM32F407VET6Project\Obj\flash_task.o
#        E:\STM32Project\NewProject\STM32F407\STM32F407VET6\STM32F407VET6Project\EWARM\STM32F407VET6Project\Obj\gpio_cfg.o
#        E:\STM32Project\NewProject\STM32F407\STM32F407VET6\STM32F407VET6Project\EWARM\STM32F407VET6Project\Obj\gpio_lib.o
#        E:\STM32Project\NewProject\STM32F407\STM32F407VET6\STM32F407VET6Project\EWARM\STM32F407VET6Project\Obj\gpio_task.o
#        E:\STM32Project\NewProject\STM32F407\STM32F407VET6\STM32F407VET6Project\EWARM\STM32F407VET6Project\Obj\hmc5883_cfg.o
#        E:\STM32Project\NewProject\STM32F407\STM32F407VET6\STM32F407VET6Project\EWARM\STM32F407VET6Project\Obj\hmc5883_lib.o
#        E:\STM32Project\NewProject\STM32F407\STM32F407VET6\STM32F407VET6Project\EWARM\STM32F407VET6Project\Obj\hmc5883_task.o
#        E:\STM32Project\NewProject\STM32F407\STM32F407VET6\STM32F407VET6Project\EWARM\STM32F407VET6Project\Obj\hmc830_cfg.o
#        E:\STM32Project\NewProject\STM32F407\STM32F407VET6\STM32F407VET6Project\EWARM\STM32F407VET6Project\Obj\hmc830_lib.o
#        E:\STM32Project\NewProject\STM32F407\STM32F407VET6\STM32F407VET6Project\EWARM\STM32F407VET6Project\Obj\hmc830_task.o
#        E:\STM32Project\NewProject\STM32F407\STM32F407VET6\STM32F407VET6Project\EWARM\STM32F407VET6Project\Obj\hvpp_cfg.o
#        E:\STM32Project\NewProject\STM32F407\STM32F407VET6\STM32F407VET6Project\EWARM\STM32F407VET6Project\Obj\hvpp_lib.o
#        E:\STM32Project\NewProject\STM32F407\STM32F407VET6\STM32F407VET6Project\EWARM\STM32F407VET6Project\Obj\hvpp_task.o
#        E:\STM32Project\NewProject\STM32F407\STM32F407VET6\STM32F407VET6Project\EWARM\STM32F407VET6Project\Obj\hvsp_cfg.o
#        E:\STM32Project\NewProject\STM32F407\STM32F407VET6\STM32F407VET6Project\EWARM\STM32F407VET6Project\Obj\hvsp_lib.o
#        E:\STM32Project\NewProject\STM32F407\STM32F407VET6\STM32F407VET6Project\EWARM\STM32F407VET6Project\Obj\hvsp_task.o
#        E:\STM32Project\NewProject\STM32F407\STM32F407VET6\STM32F407VET6Project\EWARM\STM32F407VET6Project\Obj\hw_cfg.o
#        E:\STM32Project\NewProject\STM32F407\STM32F407VET6\STM32F407VET6Project\EWARM\STM32F407VET6Project\Obj\i2c_cfg.o
#        E:\STM32Project\NewProject\STM32F407\STM32F407VET6\STM32F407VET6Project\EWARM\STM32F407VET6Project\Obj\i2c_lib.o
#        E:\STM32Project\NewProject\STM32F407\STM32F407VET6\STM32F407VET6Project\EWARM\STM32F407VET6Project\Obj\i2c_task.o
#        E:\STM32Project\NewProject\STM32F407\STM32F407VET6\STM32F407VET6Project\EWARM\STM32F407VET6Project\Obj\iap_cfg.o
#        E:\STM32Project\NewProject\STM32F407\STM32F407VET6\STM32F407VET6Project\EWARM\STM32F407VET6Project\Obj\iap_lib.o
#        E:\STM32Project\NewProject\STM32F407\STM32F407VET6\STM32F407VET6Project\EWARM\STM32F407VET6Project\Obj\iap_task.o
#        E:\STM32Project\NewProject\STM32F407\STM32F407VET6\STM32F407VET6Project\EWARM\STM32F407VET6Project\Obj\ina226_cfg.o
#        E:\STM32Project\NewProject\STM32F407\STM32F407VET6\STM32F407VET6Project\EWARM\STM32F407VET6Project\Obj\ina226_lib.o
#        E:\STM32Project\NewProject\STM32F407\STM32F407VET6\STM32F407VET6Project\EWARM\STM32F407VET6Project\Obj\ina226_task.o
#        E:\STM32Project\NewProject\STM32F407\STM32F407VET6\STM32F407VET6Project\EWARM\STM32F407VET6Project\Obj\isp_cfg.o
#        E:\STM32Project\NewProject\STM32F407\STM32F407VET6\STM32F407VET6Project\EWARM\STM32F407VET6Project\Obj\isp_lib.o
#        E:\STM32Project\NewProject\STM32F407\STM32F407VET6\STM32F407VET6Project\EWARM\STM32F407VET6Project\Obj\isp_task.o
#        E:\STM32Project\NewProject\STM32F407\STM32F407VET6\STM32F407VET6Project\EWARM\STM32F407VET6Project\Obj\iwdg_cfg.o
#        E:\STM32Project\NewProject\STM32F407\STM32F407VET6\STM32F407VET6Project\EWARM\STM32F407VET6Project\Obj\iwdg_lib.o
#        E:\STM32Project\NewProject\STM32F407\STM32F407VET6\STM32F407VET6Project\EWARM\STM32F407VET6Project\Obj\iwdg_task.o
#        E:\STM32Project\NewProject\STM32F407\STM32F407VET6\STM32F407VET6Project\EWARM\STM32F407VET6Project\Obj\jtag_cfg.o
#        E:\STM32Project\NewProject\STM32F407\STM32F407VET6\STM32F407VET6Project\EWARM\STM32F407VET6Project\Obj\jtag_lib.o
#        E:\STM32Project\NewProject\STM32F407\STM32F407VET6\STM32F407VET6Project\EWARM\STM32F407VET6Project\Obj\jtag_task.o
#        E:\STM32Project\NewProject\STM32F407\STM32F407VET6\STM32F407VET6Project\EWARM\STM32F407VET6Project\Obj\kalman_filter.o
#        E:\STM32Project\NewProject\STM32F407\STM32F407VET6\STM32F407VET6Project\EWARM\STM32F407VET6Project\Obj\key_cfg.o
#        E:\STM32Project\NewProject\STM32F407\STM32F407VET6\STM32F407VET6Project\EWARM\STM32F407VET6Project\Obj\key_lib.o
#        E:\STM32Project\NewProject\STM32F407\STM32F407VET6\STM32F407VET6Project\EWARM\STM32F407VET6Project\Obj\key_task.o
#        E:\STM32Project\NewProject\STM32F407\STM32F407VET6\STM32F407VET6Project\EWARM\STM32F407VET6Project\Obj\lcd1602_cfg.o
#        E:\STM32Project\NewProject\STM32F407\STM32F407VET6\STM32F407VET6Project\EWARM\STM32F407VET6Project\Obj\lcd1602_lib.o
#        E:\STM32Project\NewProject\STM32F407\STM32F407VET6\STM32F407VET6Project\EWARM\STM32F407VET6Project\Obj\lcd1602_task.o
#        E:\STM32Project\NewProject\STM32F407\STM32F407VET6\STM32F407VET6Project\EWARM\STM32F407VET6Project\Obj\led_cfg.o
#        E:\STM32Project\NewProject\STM32F407\STM32F407VET6\STM32F407VET6Project\EWARM\STM32F407VET6Project\Obj\led_lib.o
#        E:\STM32Project\NewProject\STM32F407\STM32F407VET6\STM32F407VET6Project\EWARM\STM32F407VET6Project\Obj\led_task.o
#        E:\STM32Project\NewProject\STM32F407\STM32F407VET6\STM32F407VET6Project\EWARM\STM32F407VET6Project\Obj\lin_cfg.o
#        E:\STM32Project\NewProject\STM32F407\STM32F407VET6\STM32F407VET6Project\EWARM\STM32F407VET6Project\Obj\lin_lib.o
#        E:\STM32Project\NewProject\STM32F407\STM32F407VET6\STM32F407VET6Project\EWARM\STM32F407VET6Project\Obj\lin_task.o
#        E:\STM32Project\NewProject\STM32F407\STM32F407VET6\STM32F407VET6Project\EWARM\STM32F407VET6Project\Obj\main.o
#        E:\STM32Project\NewProject\STM32F407\STM32F407VET6\STM32F407VET6Project\EWARM\STM32F407VET6Project\Obj\max961x_cfg.o
#        E:\STM32Project\NewProject\STM32F407\STM32F407VET6\STM32F407VET6Project\EWARM\STM32F407VET6Project\Obj\max961x_lib.o
#        E:\STM32Project\NewProject\STM32F407\STM32F407VET6\STM32F407VET6Project\EWARM\STM32F407VET6Project\Obj\max961x_task.o
#        E:\STM32Project\NewProject\STM32F407\STM32F407VET6\STM32F407VET6Project\EWARM\STM32F407VET6Project\Obj\mco_cfg.o
#        E:\STM32Project\NewProject\STM32F407\STM32F407VET6\STM32F407VET6Project\EWARM\STM32F407VET6Project\Obj\mobus_slave_cfg.o
#        E:\STM32Project\NewProject\STM32F407\STM32F407VET6\STM32F407VET6Project\EWARM\STM32F407VET6Project\Obj\mobus_slave_lib.o
#        E:\STM32Project\NewProject\STM32F407\STM32F407VET6\STM32F407VET6Project\EWARM\STM32F407VET6Project\Obj\mobus_slave_task.o
#        E:\STM32Project\NewProject\STM32F407\STM32F407VET6\STM32F407VET6Project\EWARM\STM32F407VET6Project\Obj\modbus_master_cfg.o
#        E:\STM32Project\NewProject\STM32F407\STM32F407VET6\STM32F407VET6Project\EWARM\STM32F407VET6Project\Obj\modbus_master_lib.o
#        E:\STM32Project\NewProject\STM32F407\STM32F407VET6\STM32F407VET6Project\EWARM\STM32F407VET6Project\Obj\modbus_master_task.o
#        E:\STM32Project\NewProject\STM32F407\STM32F407VET6\STM32F407VET6Project\EWARM\STM32F407VET6Project\Obj\mpu6050_cfg.o
#        E:\STM32Project\NewProject\STM32F407\STM32F407VET6\STM32F407VET6Project\EWARM\STM32F407VET6Project\Obj\mpu6050_lib.o
#        E:\STM32Project\NewProject\STM32F407\STM32F407VET6\STM32F407VET6Project\EWARM\STM32F407VET6Project\Obj\mpu6050_task.o
#        E:\STM32Project\NewProject\STM32F407\STM32F407VET6\STM32F407VET6Project\EWARM\STM32F407VET6Project\Obj\my_malloc.o
#        E:\STM32Project\NewProject\STM32F407\STM32F407VET6\STM32F407VET6Project\EWARM\STM32F407VET6Project\Obj\nrf2401_cfg.o
#        E:\STM32Project\NewProject\STM32F407\STM32F407VET6\STM32F407VET6Project\EWARM\STM32F407VET6Project\Obj\nrf2401_lib.o
#        E:\STM32Project\NewProject\STM32F407\STM32F407VET6\STM32F407VET6Project\EWARM\STM32F407VET6Project\Obj\nrf2401_task.o
#        E:\STM32Project\NewProject\STM32F407\STM32F407VET6\STM32F407VET6Project\EWARM\STM32F407VET6Project\Obj\oled_cfg.o
#        E:\STM32Project\NewProject\STM32F407\STM32F407VET6\STM32F407VET6Project\EWARM\STM32F407VET6Project\Obj\oled_lib.o
#        E:\STM32Project\NewProject\STM32F407\STM32F407VET6\STM32F407VET6Project\EWARM\STM32F407VET6Project\Obj\oled_task.o
#        E:\STM32Project\NewProject\STM32F407\STM32F407VET6\STM32F407VET6Project\EWARM\STM32F407VET6Project\Obj\one_wire_cfg.o
#        E:\STM32Project\NewProject\STM32F407\STM32F407VET6\STM32F407VET6Project\EWARM\STM32F407VET6Project\Obj\one_wire_lib.o
#        E:\STM32Project\NewProject\STM32F407\STM32F407VET6\STM32F407VET6Project\EWARM\STM32F407VET6Project\Obj\one_wire_task.o
#        E:\STM32Project\NewProject\STM32F407\STM32F407VET6\STM32F407VET6Project\EWARM\STM32F407VET6Project\Obj\pcf8563_cfg.o
#        E:\STM32Project\NewProject\STM32F407\STM32F407VET6\STM32F407VET6Project\EWARM\STM32F407VET6Project\Obj\pcf8563_lib.o
#        E:\STM32Project\NewProject\STM32F407\STM32F407VET6\STM32F407VET6Project\EWARM\STM32F407VET6Project\Obj\pcf8563_task.o
#        E:\STM32Project\NewProject\STM32F407\STM32F407VET6\STM32F407VET6Project\EWARM\STM32F407VET6Project\Obj\pid_cfg.o
#        E:\STM32Project\NewProject\STM32F407\STM32F407VET6\STM32F407VET6Project\EWARM\STM32F407VET6Project\Obj\pid_lib.o
#        E:\STM32Project\NewProject\STM32F407\STM32F407VET6\STM32F407VET6Project\EWARM\STM32F407VET6Project\Obj\pid_task.o
#        E:\STM32Project\NewProject\STM32F407\STM32F407VET6\STM32F407VET6Project\EWARM\STM32F407VET6Project\Obj\power_cfg.o
#        E:\STM32Project\NewProject\STM32F407\STM32F407VET6\STM32F407VET6Project\EWARM\STM32F407VET6Project\Obj\power_lib.o
#        E:\STM32Project\NewProject\STM32F407\STM32F407VET6\STM32F407VET6Project\EWARM\STM32F407VET6Project\Obj\power_task.o
#        E:\STM32Project\NewProject\STM32F407\STM32F407VET6\STM32F407VET6Project\EWARM\STM32F407VET6Project\Obj\pvd_cfg.o
#        E:\STM32Project\NewProject\STM32F407\STM32F407VET6\STM32F407VET6Project\EWARM\STM32F407VET6Project\Obj\pvd_lib.o
#        E:\STM32Project\NewProject\STM32F407\STM32F407VET6\STM32F407VET6Project\EWARM\STM32F407VET6Project\Obj\pvd_task.o
#        E:\STM32Project\NewProject\STM32F407\STM32F407VET6\STM32F407VET6Project\EWARM\STM32F407VET6Project\Obj\random_cfg.o
#        E:\STM32Project\NewProject\STM32F407\STM32F407VET6\STM32F407VET6Project\EWARM\STM32F407VET6Project\Obj\random_lib.o
#        E:\STM32Project\NewProject\STM32F407\STM32F407VET6\STM32F407VET6Project\EWARM\STM32F407VET6Project\Obj\random_task.o
#        E:\STM32Project\NewProject\STM32F407\STM32F407VET6\STM32F407VET6Project\EWARM\STM32F407VET6Project\Obj\rfask_cfg.o
#        E:\STM32Project\NewProject\STM32F407\STM32F407VET6\STM32F407VET6Project\EWARM\STM32F407VET6Project\Obj\rfask_eeprom.o
#        E:\STM32Project\NewProject\STM32F407\STM32F407VET6\STM32F407VET6Project\EWARM\STM32F407VET6Project\Obj\rfask_lib.o
#        E:\STM32Project\NewProject\STM32F407\STM32F407VET6\STM32F407VET6Project\EWARM\STM32F407VET6Project\Obj\rfask_task.o
#        E:\STM32Project\NewProject\STM32F407\STM32F407VET6\STM32F407VET6Project\EWARM\STM32F407VET6Project\Obj\rfaskhw_cfg.o
#        E:\STM32Project\NewProject\STM32F407\STM32F407VET6\STM32F407VET6Project\EWARM\STM32F407VET6Project\Obj\rtc_cfg.o
#        E:\STM32Project\NewProject\STM32F407\STM32F407VET6\STM32F407VET6Project\EWARM\STM32F407VET6Project\Obj\rtc_lib.o
#        E:\STM32Project\NewProject\STM32F407\STM32F407VET6\STM32F407VET6Project\EWARM\STM32F407VET6Project\Obj\rtc_task.o
#        E:\STM32Project\NewProject\STM32F407\STM32F407VET6\STM32F407VET6Project\EWARM\STM32F407VET6Project\Obj\sdio_cfg.o
#        E:\STM32Project\NewProject\STM32F407\STM32F407VET6\STM32F407VET6Project\EWARM\STM32F407VET6Project\Obj\sdio_lib.o
#        E:\STM32Project\NewProject\STM32F407\STM32F407VET6\STM32F407VET6Project\EWARM\STM32F407VET6Project\Obj\sdio_task.o
#        E:\STM32Project\NewProject\STM32F407\STM32F407VET6\STM32F407VET6Project\EWARM\STM32F407VET6Project\Obj\sht2x_cfg.o
#        E:\STM32Project\NewProject\STM32F407\STM32F407VET6\STM32F407VET6Project\EWARM\STM32F407VET6Project\Obj\sht2x_lib.o
#        E:\STM32Project\NewProject\STM32F407\STM32F407VET6\STM32F407VET6Project\EWARM\STM32F407VET6Project\Obj\sht2x_task.o
#        E:\STM32Project\NewProject\STM32F407\STM32F407VET6\STM32F407VET6Project\EWARM\STM32F407VET6Project\Obj\si5351a_cfg.o
#        E:\STM32Project\NewProject\STM32F407\STM32F407VET6\STM32F407VET6Project\EWARM\STM32F407VET6Project\Obj\si5351a_lib.o
#        E:\STM32Project\NewProject\STM32F407\STM32F407VET6\STM32F407VET6Project\EWARM\STM32F407VET6Project\Obj\si5351a_task.o
#        E:\STM32Project\NewProject\STM32F407\STM32F407VET6\STM32F407VET6Project\EWARM\STM32F407VET6Project\Obj\smbus_cfg.o
#        E:\STM32Project\NewProject\STM32F407\STM32F407VET6\STM32F407VET6Project\EWARM\STM32F407VET6Project\Obj\smbus_lib.o
#        E:\STM32Project\NewProject\STM32F407\STM32F407VET6\STM32F407VET6Project\EWARM\STM32F407VET6Project\Obj\smbus_task.o
#        E:\STM32Project\NewProject\STM32F407\STM32F407VET6\STM32F407VET6Project\EWARM\STM32F407VET6Project\Obj\spi_cfg.o
#        E:\STM32Project\NewProject\STM32F407\STM32F407VET6\STM32F407VET6Project\EWARM\STM32F407VET6Project\Obj\spi_lib.o
#        E:\STM32Project\NewProject\STM32F407\STM32F407VET6\STM32F407VET6Project\EWARM\STM32F407VET6Project\Obj\spi_task.o
#        E:\STM32Project\NewProject\STM32F407\STM32F407VET6\STM32F407VET6Project\EWARM\STM32F407VET6Project\Obj\startup_stm32f407xx.o
#        E:\STM32Project\NewProject\STM32F407\STM32F407VET6\STM32F407VET6Project\EWARM\STM32F407VET6Project\Obj\stm32_cfg.o
#        E:\STM32Project\NewProject\STM32F407\STM32F407VET6\STM32F407VET6Project\EWARM\STM32F407VET6Project\Obj\stm32f4xx_hal.o
#        E:\STM32Project\NewProject\STM32F407\STM32F407VET6\STM32F407VET6Project\EWARM\STM32F407VET6Project\Obj\stm32f4xx_hal_cortex.o
#        E:\STM32Project\NewProject\STM32F407\STM32F407VET6\STM32F407VET6Project\EWARM\STM32F407VET6Project\Obj\stm32f4xx_hal_gpio.o
#        E:\STM32Project\NewProject\STM32F407\STM32F407VET6\STM32F407VET6Project\EWARM\STM32F407VET6Project\Obj\stm32f4xx_hal_rcc.o
#        E:\STM32Project\NewProject\STM32F407\STM32F407VET6\STM32F407VET6Project\EWARM\STM32F407VET6Project\Obj\stm32f4xx_it.o
#        E:\STM32Project\NewProject\STM32F407\STM32F407VET6\STM32F407VET6Project\EWARM\STM32F407VET6Project\Obj\stm32f4xx_ll_adc.o
#        E:\STM32Project\NewProject\STM32F407\STM32F407VET6\STM32F407VET6Project\EWARM\STM32F407VET6Project\Obj\stm32f4xx_ll_crc.o
#        E:\STM32Project\NewProject\STM32F407\STM32F407VET6\STM32F407VET6Project\EWARM\STM32F407VET6Project\Obj\stm32f4xx_ll_dac.o
#        E:\STM32Project\NewProject\STM32F407\STM32F407VET6\STM32F407VET6Project\EWARM\STM32F407VET6Project\Obj\stm32f4xx_ll_dma.o
#        E:\STM32Project\NewProject\STM32F407\STM32F407VET6\STM32F407VET6Project\EWARM\STM32F407VET6Project\Obj\stm32f4xx_ll_dma2d.o
#        E:\STM32Project\NewProject\STM32F407\STM32F407VET6\STM32F407VET6Project\EWARM\STM32F407VET6Project\Obj\stm32f4xx_ll_gpio.o
#        E:\STM32Project\NewProject\STM32F407\STM32F407VET6\STM32F407VET6Project\EWARM\STM32F407VET6Project\Obj\stm32f4xx_ll_i2c.o
#        E:\STM32Project\NewProject\STM32F407\STM32F407VET6\STM32F407VET6Project\EWARM\STM32F407VET6Project\Obj\stm32f4xx_ll_pwr.o
#        E:\STM32Project\NewProject\STM32F407\STM32F407VET6\STM32F407VET6Project\EWARM\STM32F407VET6Project\Obj\stm32f4xx_ll_rcc.o
#        E:\STM32Project\NewProject\STM32F407\STM32F407VET6\STM32F407VET6Project\EWARM\STM32F407VET6Project\Obj\stm32f4xx_ll_rng.o
#        E:\STM32Project\NewProject\STM32F407\STM32F407VET6\STM32F407VET6Project\EWARM\STM32F407VET6Project\Obj\stm32f4xx_ll_rtc.o
#        E:\STM32Project\NewProject\STM32F407\STM32F407VET6\STM32F407VET6Project\EWARM\STM32F407VET6Project\Obj\stm32f4xx_ll_spi.o
#        E:\STM32Project\NewProject\STM32F407\STM32F407VET6\STM32F407VET6Project\EWARM\STM32F407VET6Project\Obj\stm32f4xx_ll_tim.o
#        E:\STM32Project\NewProject\STM32F407\STM32F407VET6\STM32F407VET6Project\EWARM\STM32F407VET6Project\Obj\stm32f4xx_ll_usart.o
#        E:\STM32Project\NewProject\STM32F407\STM32F407VET6\STM32F407VET6Project\EWARM\STM32F407VET6Project\Obj\stm32f4xx_ll_utils.o
#        E:\STM32Project\NewProject\STM32F407\STM32F407VET6\STM32F407VET6Project\EWARM\STM32F407VET6Project\Obj\system_stm32f4xx.o
#        E:\STM32Project\NewProject\STM32F407\STM32F407VET6\STM32F407VET6Project\EWARM\STM32F407VET6Project\Obj\systick_cfg.o
#        E:\STM32Project\NewProject\STM32F407\STM32F407VET6\STM32F407VET6Project\EWARM\STM32F407VET6Project\Obj\systick_lib.o
#        E:\STM32Project\NewProject\STM32F407\STM32F407VET6\STM32F407VET6Project\EWARM\STM32F407VET6Project\Obj\systick_task.o
#        E:\STM32Project\NewProject\STM32F407\STM32F407VET6\STM32F407VET6Project\EWARM\STM32F407VET6Project\Obj\task_manage.o
#        E:\STM32Project\NewProject\STM32F407\STM32F407VET6\STM32F407VET6Project\EWARM\STM32F407VET6Project\Obj\timer_cfg.o
#        E:\STM32Project\NewProject\STM32F407\STM32F407VET6\STM32F407VET6Project\EWARM\STM32F407VET6Project\Obj\timer_lib.o
#        E:\STM32Project\NewProject\STM32F407\STM32F407VET6\STM32F407VET6Project\EWARM\STM32F407VET6Project\Obj\timer_task.o
#        E:\STM32Project\NewProject\STM32F407\STM32F407VET6\STM32F407VET6Project\EWARM\STM32F407VET6Project\Obj\usart_cfg.o
#        E:\STM32Project\NewProject\STM32F407\STM32F407VET6\STM32F407VET6Project\EWARM\STM32F407VET6Project\Obj\usart_lib.o
#        E:\STM32Project\NewProject\STM32F407\STM32F407VET6\STM32F407VET6Project\EWARM\STM32F407VET6Project\Obj\usart_task.o
#        E:\STM32Project\NewProject\STM32F407\STM32F407VET6\STM32F407VET6Project\EWARM\STM32F407VET6Project\Obj\w25qxx_cfg.o
#        E:\STM32Project\NewProject\STM32F407\STM32F407VET6\STM32F407VET6Project\EWARM\STM32F407VET6Project\Obj\w25qxx_lib.o
#        E:\STM32Project\NewProject\STM32F407\STM32F407VET6\STM32F407VET6Project\EWARM\STM32F407VET6Project\Obj\w25qxx_task.o
#        E:\STM32Project\NewProject\STM32F407\STM32F407VET6\STM32F407VET6Project\EWARM\STM32F407VET6Project\Obj\w5500_cfg.o
#        E:\STM32Project\NewProject\STM32F407\STM32F407VET6\STM32F407VET6Project\EWARM\STM32F407VET6Project\Obj\w5500_lib.o
#        E:\STM32Project\NewProject\STM32F407\STM32F407VET6\STM32F407VET6Project\EWARM\STM32F407VET6Project\Obj\w5500_task.o
#        E:\STM32Project\NewProject\STM32F407\STM32F407VET6\STM32F407VET6Project\EWARM\STM32F407VET6Project\Obj\wm8510_cfg.o
#        E:\STM32Project\NewProject\STM32F407\STM32F407VET6\STM32F407VET6Project\EWARM\STM32F407VET6Project\Obj\wm8510_lib.o
#        E:\STM32Project\NewProject\STM32F407\STM32F407VET6\STM32F407VET6Project\EWARM\STM32F407VET6Project\Obj\wm8510_task.o
#        E:\STM32Project\NewProject\STM32F407\STM32F407VET6\STM32F407VET6Project\EWARM\STM32F407VET6Project\Obj\wwdg_cfg.o
#        E:\STM32Project\NewProject\STM32F407\STM32F407VET6\STM32F407VET6Project\EWARM\STM32F407VET6Project\Obj\wwdg_lib.o
#        E:\STM32Project\NewProject\STM32F407\STM32F407VET6\STM32F407VET6Project\EWARM\STM32F407VET6Project\Obj\wwdg_task.o
#        --redirect _Printf=_PrintfFull --redirect _Scanf=_ScanfFull
#        --no_out_extension -o
#        E:\STM32Project\NewProject\STM32F407\STM32F407VET6\STM32F407VET6Project\EWARM\STM32F407VET6Project\Exe\STM32F407VET6Project.out
#        --map
#        E:\STM32Project\NewProject\STM32F407\STM32F407VET6\STM32F407VET6Project\EWARM\STM32F407VET6Project\List\STM32F407VET6Project.map
#        --config "D:\Program Files (x86)\IAR Systems\Embedded Workbench
#        8.3\arm\config\linker\ST\stm32f407xE.icf" --semihosting --entry
#        __iar_program_start --vfe --text_out locale)
#
###############################################################################

*******************************************************************************
*** RUNTIME MODEL ATTRIBUTES
***

CppFlavor       = *
__SystemLibrary = DLib
__dlib_version  = 6


*******************************************************************************
*** HEAP SELECTION
***

The basic heap was selected because no calls to memory allocation
functions were found in the application outside of system library
functions, and there are calls to deallocation functions in the
application.


*******************************************************************************
*** PLACEMENT SUMMARY
***

"A0":  place at address 0x800'0000 { ro section .intvec };
"P1":  place in [from 0x800'0000 to 0x807'ffff] { ro };
define block CSTACK with size = 8K, alignment = 8 { };
define block HEAP with size = 8K, alignment = 8 { };
"P4":  place in [from 0x2000'0000 to 0x2001'bfff] |
                [from 0x2001'c000 to 0x2001'ffff] {
          rw, block CSTACK, block HEAP };
initialize by copy { rw };

No sections matched the following patterns:

  ro section application_specific_ro  in "P2"
  section .backup_sram                in "P5"
  section .ccram                      in "P3"


  Section            Kind         Address    Size  Object
  -------            ----         -------    ----  ------
"A0":                                       0x188
  .intvec            ro code   0x800'0000   0x188  startup_stm32f407xx.o [1]
                             - 0x800'0188   0x188

"P1":                                      0x7fd8
  .text              ro code   0x800'0188  0x1192  usart_cfg.o [1]
  .text              ro code   0x800'131a    0x3a  zero_init3.o [4]
  .text              ro code   0x800'1354   0x4ee  gpio_cfg.o [1]
  .text              ro code   0x800'1842     0x8  iwdg_task.o [1]
  .text              ro code   0x800'184a    0x2e  copy_init3.o [4]
  .text              ro code   0x800'1878    0x3c  vsnprint.o [2]
  .text              ro code   0x800'18b4    0x12  gpio_task.o [1]
  .text              ro code   0x800'18c6    0x1e  xencoding_8859_1.o [2]
  .text              ro code   0x800'18e4    0x66  ABImemset.o [4]
  .text              ro code   0x800'194a    0x1a  xsnprout.o [2]
  .text              ro code   0x800'1964   0x194  stm32f4xx_ll_gpio.o [1]
  .text              ro code   0x800'1af8   0x440  stm32f4xx_ll_usart.o [1]
  .text              ro code   0x800'1f38   0x30e  stm32_cfg.o [1]
  .rodata            const     0x800'2246     0x2  xlocale_c.o [2]
  .text              ro code   0x800'2248   0x340  stm32f4xx_ll_dma.o [1]
  .text              ro code   0x800'2588     0x8  iwdg_lib.o [1]
  .text              ro code   0x800'2590  0x10c6  xprintffull.o [2]
  .text              ro code   0x800'3656    0x12  gpio_lib.o [1]
  .text              ro code   0x800'3668   0x230  I64DivMod.o [4]
  .text              ro code   0x800'3898   0x144  stm32f4xx_ll_rcc.o [1]
  .text              ro code   0x800'39dc    0x1c  iwdg_cfg.o [1]
  .text              ro code   0x800'39f8    0x7c  xlocale_c.o [2]
  .text              ro code   0x800'3a74    0x16  strchr.o [4]
  .rodata            const     0x800'3a8a     0x2  xlocale_c.o [2]
  .text              ro code   0x800'3a8c    0x40  xfail_s.o [2]
  .text              ro code   0x800'3acc    0x36  strlen.o [4]
  .rodata            const     0x800'3b02     0x1  xlocale_c.o [2]
  .text              ro code   0x800'3b04    0x58  memchr.o [4]
  .text              ro code   0x800'3b5c    0xa6  ABImemcpy.o [4]
  .text              ro code   0x800'3c04    0x70  frexp.o [3]
  .text              ro code   0x800'3c74    0x2e  DblCmpLe.o [3]
  .text              ro code   0x800'3ca4    0x2e  DblCmpGe.o [3]
  .text              ro code   0x800'3cd4   0x13a  ldexp.o [3]
  .text              ro code   0x800'3e10    0x3a  DblToS32.o [3]
  .text              ro code   0x800'3e4c    0x22  S32ToDbl.o [3]
  .text              ro code   0x800'3e70    0xe2  DblSub.o [3]
  .text              ro code   0x800'3f54   0x246  DblDiv.o [3]
  .text              ro code   0x800'419c    0x28  DblToU32.o [3]
  .text              ro code   0x800'41c4    0x1a  U32ToDbl.o [3]
  .text              ro code   0x800'41e0   0x1a2  DblMul.o [3]
  .text              ro code   0x800'4382     0xa  xmbcurmax.o [2]
  .text              ro code   0x800'438c     0x2  I64DivZer.o [4]
  .text              ro code   0x800'438e     0x6  abort.o [2]
  .text              ro code   0x800'4394   0x17a  DblAdd.o [3]
  .text              ro code   0x800'4510    0x14  exit.o [5]
  .text              ro code   0x800'4524   0x7cc  i2c_cfg.o [1]
  .text              ro code   0x800'4cf0   0x1b2  stm32f4xx_ll_i2c.o [1]
  .text              ro code   0x800'4ea4   0x6da  mpu6050_cfg.o [1]
  .text              ro code   0x800'557e    0x7e  i2c_task.o [1]
  .text              ro code   0x800'55fc    0x48  FltToDbl.o [3]
  .text              ro code   0x800'5644    0x68  DblToFlt.o [3]
  .text              ro code   0x800'56ac    0xd8  i2c_lib.o [1]
  .text              ro code   0x800'5784   0x6da  rtc_cfg.o [1]
  .text              ro code   0x800'5e60   0x3e2  stm32f4xx_ll_rtc.o [1]
  .text              ro code   0x800'6244   0x118  complier_lib.o [1]
  .text              ro code   0x800'635c   0x600  timer_cfg.o [1]
  .text              ro code   0x800'695c   0x1c0  stm32f4xx_ll_tim.o [1]
  .text              ro code   0x800'6b1c   0x43c  main.o [1]
  .text              ro code   0x800'6f58     0xc  stm32f4xx_ll_utils.o [1]
  .text              ro code   0x800'6f64    0x64  my_malloc.o [1]
  .text              ro code   0x800'6fc8    0x16  rtc_task.o [1]
  .text              ro code   0x800'6fde    0x30  systick_task.o [1]
  .text              ro code   0x800'700e    0x12  random_task.o [1]
  .text              ro code   0x800'7020    0x10  crc_task.o [1]
  .text              ro code   0x800'7030    0x3e  usart_task.o [1]
  .text              ro code   0x800'706e     0x8  timer_task.o [1]
  .text              ro code   0x800'7076    0x16  mpu6050_task.o [1]
  .text              ro code   0x800'708c    0x10  delay_task.o [1]
  .text              ro code   0x800'709c    0x16  rtc_lib.o [1]
  .text              ro code   0x800'70b2    0x30  systick_lib.o [1]
  .text              ro code   0x800'70e2    0x12  random_lib.o [1]
  .text              ro code   0x800'70f4    0x10  crc_lib.o [1]
  .text              ro code   0x800'7104    0x64  usart_lib.o [1]
  .text              ro code   0x800'7168     0x8  timer_lib.o [1]
  .text              ro code   0x800'7170    0x16  mpu6050_lib.o [1]
  .text              ro code   0x800'7186    0x10  delay_lib.o [1]
  .text              ro code   0x800'7198   0x3f8  systick_cfg.o [1]
  .text              ro code   0x800'7590   0x1a4  random_cfg.o [1]
  .text              ro code   0x800'7734    0x50  crc_cfg.o [1]
  .text              ro code   0x800'7784    0x68  delay_cfg.o [1]
  .text              ro code   0x800'77ec    0x2e  stm32f4xx_ll_rng.o [1]
  .text              ro code   0x800'781c    0x44  stm32f4xx_ll_crc.o [1]
  .text              ro code   0x800'7860   0x25c  adc_cfg.o [1]
  .text              ro code   0x800'7abc   0x148  stm32f4xx_it.o [1]
  .text              ro code   0x800'7c04    0x10  css_task.o [1]
  .text              ro code   0x800'7c14     0x8  pvd_task.o [1]
  .text              ro code   0x800'7c1c    0x18  adc_task.o [1]
  .text              ro code   0x800'7c34    0x10  css_lib.o [1]
  .text              ro code   0x800'7c44     0x8  pvd_lib.o [1]
  .text              ro code   0x800'7c4c    0x18  adc_lib.o [1]
  .text              ro code   0x800'7c64    0xb4  css_cfg.o [1]
  .text              ro code   0x800'7d18     0x2  pvd_cfg.o [1]
  .rodata            const     0x800'7d1c    0x60  main.o [1]
  .text              ro code   0x800'7d7c    0x60  system_stm32f4xx.o [1]
  .rodata            const     0x800'7ddc    0x28  main.o [1]
  .text              ro code   0x800'7e04    0x28  data_init.o [4]
  .rodata            const     0x800'7e2c    0x24  main.o [1]
  .text              ro code   0x800'7e50    0x22  fpinit_M.o [3]
  .iar.init_table    const     0x800'7e74    0x24  - Linker created -
  .text              ro code   0x800'7e98    0x1e  cmain.o [4]
  .text              ro code   0x800'7eb6     0x4  low_level_init.o [2]
  .text              ro code   0x800'7eba     0x4  exit.o [2]
  .text              ro code   0x800'7ec0     0xa  cexit.o [4]
  .text              ro code   0x800'7ecc    0x18  stm32f4xx_hal.o [1]
  .rodata            const     0x800'7ee4    0x14  usart_cfg.o [1]
  .rodata            const     0x800'7ef8    0x10  main.o [1]
  .rodata            const     0x800'7f08    0x10  rtc_cfg.o [1]
  .rodata            const     0x800'7f18    0x10  system_stm32f4xx.o [1]
  .text              ro code   0x800'7f28    0x10  startup_stm32f407xx.o [1]
  .rodata            const     0x800'7f38     0xc  rtc_cfg.o [1]
  .rodata            const     0x800'7f44     0xc  rtc_cfg.o [1]
  .text              ro code   0x800'7f50     0xc  cstartup_M.o [4]
  .rodata            const     0x800'7f5c     0x8  adc_cfg.o [1]
  .rodata            const     0x800'7f64     0x8  main.o [1]
  .rodata            const     0x800'7f6c     0x8  stm32f4xx_it.o [1]
  .rodata            const     0x800'7f74     0x8  stm32f4xx_ll_dma.o [1]
  .rodata            const     0x800'7f7c     0x8  system_stm32f4xx.o [1]
  .rodata            const     0x800'7f84     0x8  usart_cfg.o [1]
  .text              ro code   0x800'7f8c     0x4  startup_stm32f407xx.o [1]
  .text              ro code   0x800'7f90     0x4  startup_stm32f407xx.o [1]
  .text              ro code   0x800'7f94     0x4  startup_stm32f407xx.o [1]
  .text              ro code   0x800'7f98     0x4  startup_stm32f407xx.o [1]
  .text              ro code   0x800'7f9c     0x4  startup_stm32f407xx.o [1]
  .text              ro code   0x800'7fa0     0x4  startup_stm32f407xx.o [1]
  .text              ro code   0x800'7fa4     0x4  startup_stm32f407xx.o [1]
  .text              ro code   0x800'7fa8     0x4  startup_stm32f407xx.o [1]
  .text              ro code   0x800'7fac     0x4  startup_stm32f407xx.o [1]
  .text              ro code   0x800'7fb0     0x4  startup_stm32f407xx.o [1]
  .text              ro code   0x800'7fb4     0x4  startup_stm32f407xx.o [1]
  .text              ro code   0x800'7fb8     0x4  startup_stm32f407xx.o [1]
  .text              ro code   0x800'7fbc     0x4  startup_stm32f407xx.o [1]
  .text              ro code   0x800'7fc0     0x4  startup_stm32f407xx.o [1]
  .text              ro code   0x800'7fc4     0x4  startup_stm32f407xx.o [1]
  .text              ro code   0x800'7fc8     0x4  startup_stm32f407xx.o [1]
  .text              ro code   0x800'7fcc     0x4  startup_stm32f407xx.o [1]
  .text              ro code   0x800'7fd0     0x4  startup_stm32f407xx.o [1]
  .text              ro code   0x800'7fd4     0x4  startup_stm32f407xx.o [1]
  .text              ro code   0x800'7fd8     0x4  startup_stm32f407xx.o [1]
  .text              ro code   0x800'7fdc     0x4  startup_stm32f407xx.o [1]
  .text              ro code   0x800'7fe0     0x4  startup_stm32f407xx.o [1]
  .text              ro code   0x800'7fe4     0x4  startup_stm32f407xx.o [1]
  .text              ro code   0x800'7fe8     0x4  startup_stm32f407xx.o [1]
  .text              ro code   0x800'7fec     0x4  startup_stm32f407xx.o [1]
  .text              ro code   0x800'7ff0     0x4  startup_stm32f407xx.o [1]
  .text              ro code   0x800'7ff4     0x4  startup_stm32f407xx.o [1]
  .text              ro code   0x800'7ff8     0x4  startup_stm32f407xx.o [1]
  .text              ro code   0x800'7ffc     0x4  startup_stm32f407xx.o [1]
  .text              ro code   0x800'8000     0x4  startup_stm32f407xx.o [1]
  .text              ro code   0x800'8004     0x4  startup_stm32f407xx.o [1]
  .text              ro code   0x800'8008     0x4  startup_stm32f407xx.o [1]
  .text              ro code   0x800'800c     0x4  startup_stm32f407xx.o [1]
  .text              ro code   0x800'8010     0x4  startup_stm32f407xx.o [1]
  .text              ro code   0x800'8014     0x4  startup_stm32f407xx.o [1]
  .text              ro code   0x800'8018     0x4  startup_stm32f407xx.o [1]
  .text              ro code   0x800'801c     0x4  startup_stm32f407xx.o [1]
  .text              ro code   0x800'8020     0x4  startup_stm32f407xx.o [1]
  .text              ro code   0x800'8024     0x4  startup_stm32f407xx.o [1]
  .text              ro code   0x800'8028     0x4  startup_stm32f407xx.o [1]
  .text              ro code   0x800'802c     0x4  startup_stm32f407xx.o [1]
  .text              ro code   0x800'8030     0x4  startup_stm32f407xx.o [1]
  .text              ro code   0x800'8034     0x4  startup_stm32f407xx.o [1]
  .text              ro code   0x800'8038     0x4  startup_stm32f407xx.o [1]
  .text              ro code   0x800'803c     0x4  startup_stm32f407xx.o [1]
  .text              ro code   0x800'8040     0x4  startup_stm32f407xx.o [1]
  .text              ro code   0x800'8044     0x4  startup_stm32f407xx.o [1]
  .text              ro code   0x800'8048     0x4  startup_stm32f407xx.o [1]
  .text              ro code   0x800'804c     0x4  startup_stm32f407xx.o [1]
  .text              ro code   0x800'8050     0x4  startup_stm32f407xx.o [1]
  .text              ro code   0x800'8054     0x4  startup_stm32f407xx.o [1]
  .text              ro code   0x800'8058     0x4  startup_stm32f407xx.o [1]
  .text              ro code   0x800'805c     0x4  startup_stm32f407xx.o [1]
  .text              ro code   0x800'8060     0x4  startup_stm32f407xx.o [1]
  .text              ro code   0x800'8064     0x4  startup_stm32f407xx.o [1]
  .text              ro code   0x800'8068     0x4  startup_stm32f407xx.o [1]
  .text              ro code   0x800'806c     0x4  startup_stm32f407xx.o [1]
  .text              ro code   0x800'8070     0x4  startup_stm32f407xx.o [1]
  .text              ro code   0x800'8074     0x4  startup_stm32f407xx.o [1]
  .text              ro code   0x800'8078     0x4  startup_stm32f407xx.o [1]
  .text              ro code   0x800'807c     0x4  startup_stm32f407xx.o [1]
  .text              ro code   0x800'8080     0x4  startup_stm32f407xx.o [1]
  .text              ro code   0x800'8084     0x4  startup_stm32f407xx.o [1]
  .text              ro code   0x800'8088     0x4  startup_stm32f407xx.o [1]
  .text              ro code   0x800'808c     0x4  startup_stm32f407xx.o [1]
  .text              ro code   0x800'8090     0x4  startup_stm32f407xx.o [1]
  .text              ro code   0x800'8094     0x4  startup_stm32f407xx.o [1]
  .text              ro code   0x800'8098     0x4  startup_stm32f407xx.o [1]
  .text              ro code   0x800'809c     0x4  startup_stm32f407xx.o [1]
  .text              ro code   0x800'80a0     0x4  startup_stm32f407xx.o [1]
  .text              ro code   0x800'80a4     0x4  startup_stm32f407xx.o [1]
  .rodata            const     0x800'80a8     0x0  zero_init3.o [4]
  .rodata            const     0x800'80a8     0x0  copy_init3.o [4]
  Initializer bytes  const     0x800'80a8    0xb8  <for P4 s0>
                             - 0x800'8160  0x7fd8

"P4", part 1 of 3:                           0xb8
  P4 s0                       0x2000'0000    0xb8  <Init block>
    .data            inited   0x2000'0000    0x48  xlocale_c.o [2]
    .data            inited   0x2000'0048    0x38  xlocale_c.o [2]
    .data            inited   0x2000'0080    0x14  my_malloc.o [1]
    .data            inited   0x2000'0094     0x4  adc_cfg.o [1]
    .data            inited   0x2000'0098     0x4  adc_cfg.o [1]
    .data            inited   0x2000'009c     0x4  mpu6050_cfg.o [1]
    .data            inited   0x2000'00a0     0x4  rtc_cfg.o [1]
    .data            inited   0x2000'00a4     0x4  system_stm32f4xx.o [1]
    .data            inited   0x2000'00a8     0x4  systick_cfg.o [1]
    .data            inited   0x2000'00ac     0x4  timer_cfg.o [1]
    .data            inited   0x2000'00b0     0x4  usart_cfg.o [1]
    .data            inited   0x2000'00b4     0x1  crc_cfg.o [1]
    .data            inited   0x2000'00b5     0x1  stm32f4xx_hal.o [1]
                            - 0x2000'00b8    0xb8

"P4", part 2 of 3:                         0x2ec8
  .bss               zero     0x2000'00b8  0x2800  my_malloc.o [1]
  .bss               zero     0x2000'28b8   0x280  my_malloc.o [1]
  .bss               zero     0x2000'2b38   0x200  usart_cfg.o [1]
  .bss               zero     0x2000'2d38    0x84  usart_cfg.o [1]
  .bss               zero     0x2000'2dbc    0x50  mpu6050_cfg.o [1]
  .bss               zero     0x2000'2e0c    0x44  usart_task.o [1]
  .bss               zero     0x2000'2e50    0x44  usart_task.o [1]
  .bss               zero     0x2000'2e94    0x2c  adc_cfg.o [1]
  .bss               zero     0x2000'2ec0    0x2c  adc_cfg.o [1]
  .bss               zero     0x2000'2eec    0x28  systick_cfg.o [1]
  .bss               zero     0x2000'2f14    0x24  timer_cfg.o [1]
  .bss               zero     0x2000'2f38    0x20  stm32_cfg.o [1]
  .bss               zero     0x2000'2f58    0x18  rtc_cfg.o [1]
  .bss               zero     0x2000'2f70     0x4  random_cfg.o [1]
  .bss               zero     0x2000'2f74     0x4  stm32f4xx_hal.o [1]
  .bss               zero     0x2000'2f78     0x4  xfail_s.o [2]
  .bss               zero     0x2000'2f7c     0x1  usart_cfg.o [1]
  .bss               zero     0x2000'2f7d     0x1  usart_cfg.o [1]
                            - 0x2000'2f7e  0x2ec6

"P4", part 3 of 3:                         0x2000
  CSTACK                      0x2000'2f80  0x2000  <Block>
    CSTACK           uninit   0x2000'2f80  0x2000  <Block tail>
                            - 0x2000'4f80  0x2000

Unused ranges:

         From           To      Size
         ----           --      ----
   0x800'8160   0x807'ffff  0x7'7ea0
  0x2000'4f80  0x2001'bfff  0x1'7080
  0x2001'c000  0x2001'ffff    0x4000


*******************************************************************************
*** INIT TABLE
***

          Address      Size
          -------      ----
Zero (__iar_zero_init3)
    1 destination range, total size 0x2ec6:
          0x2000'00b8  0x2ec6

Copy (__iar_copy_init3)
    1 source range, total size 0xb8 (101% of destination):
           0x800'80a8    0xb8
    1 destination range, total size 0xb6:
          0x2000'0000    0xb6



*******************************************************************************
*** MODULE SUMMARY
***

    Module                 ro code  ro data  rw data
    ------                 -------  -------  -------
command line/config:
    ------------------------------------------------
    Total:

E:\STM32Project\NewProject\STM32F407\STM32F407VET6\STM32F407VET6Project\EWARM\STM32F407VET6Project\Obj: [1]
    adc_cfg.o                  604       16       96
    adc_lib.o                   24
    adc_task.o                  24
    complier_lib.o             280
    crc_cfg.o                   80        1        1
    crc_lib.o                   16
    crc_task.o                  16
    css_cfg.o                  180
    css_lib.o                   16
    css_task.o                  16
    delay_cfg.o                104
    delay_lib.o                 16
    delay_task.o                16
    gpio_cfg.o               1'262
    gpio_lib.o                  18
    gpio_task.o                 18
    i2c_cfg.o                1'996
    i2c_lib.o                  216
    i2c_task.o                 126
    iwdg_cfg.o                  28
    iwdg_lib.o                   8
    iwdg_task.o                  8
    main.o                   1'084      196
    mpu6050_cfg.o            1'754        4       84
    mpu6050_lib.o               22
    mpu6050_task.o              22
    my_malloc.o                100       20   10'900
    pvd_cfg.o                    2
    pvd_lib.o                    8
    pvd_task.o                   8
    random_cfg.o               420                 4
    random_lib.o                18
    random_task.o               18
    rtc_cfg.o                1'754       44       28
    rtc_lib.o                   22
    rtc_task.o                  22
    startup_stm32f407xx.o      692
    stm32_cfg.o                782                32
    stm32f4xx_hal.o             24        1        5
    stm32f4xx_it.o             328        8
    stm32f4xx_ll_crc.o          68
    stm32f4xx_ll_dma.o         832        8
    stm32f4xx_ll_gpio.o        404
    stm32f4xx_ll_i2c.o         434
    stm32f4xx_ll_rcc.o         324
    stm32f4xx_ll_rng.o          46
    stm32f4xx_ll_rtc.o         994
    stm32f4xx_ll_tim.o         448
    stm32f4xx_ll_usart.o     1'088
    stm32f4xx_ll_utils.o        12
    system_stm32f4xx.o          96       28        4
    systick_cfg.o            1'016        4       44
    systick_lib.o               48
    systick_task.o              48
    timer_cfg.o              1'536        4       40
    timer_lib.o                  8
    timer_task.o                 8
    usart_cfg.o              4'498       32      650
    usart_lib.o                100
    usart_task.o                62               136
    ------------------------------------------------
    Total:                  24'222      366   12'024

dl7M_tlf.a: [2]
    abort.o                      6
    exit.o                       4
    low_level_init.o             4
    vsnprint.o                  60
    xencoding_8859_1.o          30
    xfail_s.o                   64                 4
    xlocale_c.o                124      133      128
    xmbcurmax.o                 10
    xprintffull.o            4'294
    xsnprout.o                  26
    ------------------------------------------------
    Total:                   4'622      133      132

m7M_tls.a: [3]
    DblAdd.o                   378
    DblCmpGe.o                  46
    DblCmpLe.o                  46
    DblDiv.o                   582
    DblMul.o                   418
    DblSub.o                   226
    DblToFlt.o                 104
    DblToS32.o                  58
    DblToU32.o                  40
    FltToDbl.o                  72
    S32ToDbl.o                  34
    U32ToDbl.o                  26
    fpinit_M.o                  34
    frexp.o                    112
    ldexp.o                    314
    ------------------------------------------------
    Total:                   2'490

rt7M_tl.a: [4]
    ABImemcpy.o                166
    ABImemset.o                102
    I64DivMod.o                560
    I64DivZer.o                  2
    cexit.o                     10
    cmain.o                     30
    copy_init3.o                46
    cstartup_M.o                12
    data_init.o                 40
    memchr.o                    88
    strchr.o                    22
    strlen.o                    54
    zero_init3.o                58
    ------------------------------------------------
    Total:                   1'190

shb_l.a: [5]
    exit.o                      20
    ------------------------------------------------
    Total:                      20

    Gaps                        35        4
    Linker created                       38    8'192
----------------------------------------------------
    Grand Total:            32'579      541   20'348


*******************************************************************************
*** ENTRY LIST
***

Entry                       Address    Size  Type      Object
-----                       -------    ----  ----      ------
.iar.init_table$$Base    0x800'7e74           --   Gb  - Linker created -
.iar.init_table$$Limit   0x800'7e98           --   Gb  - Linker created -
?main                    0x800'7e99          Code  Gb  cmain.o [4]
ADCLib_ADCTask_START     0x800'7c4d     0x8  Code  Gb  adc_lib.o [1]
ADCLib_ADCTask_STOP      0x800'7c55     0x8  Code  Gb  adc_lib.o [1]
ADCLib_HandleChannelVal
                         0x800'7c5d     0x8  Code  Gb  adc_lib.o [1]
ADCTask_ADCTask_START    0x800'7c1d     0x8  Code  Gb  adc_task.o [1]
ADCTask_ADCTask_STOP     0x800'7c25     0x8  Code  Gb  adc_task.o [1]
ADCTask_HandleChannelVal
                         0x800'7c2d     0x8  Code  Gb  adc_task.o [1]
ADC_ADC1_DMA_Restart     0x800'78df    0x30  Code  Gb  adc_cfg.o [1]
ADC_ADC1_DMA_Stop        0x800'790f    0x28  Code  Gb  adc_cfg.o [1]
ADC_ADC3_DMA_Restart     0x800'7937    0x2c  Code  Gb  adc_cfg.o [1]
ADC_ADC3_DMA_Stop        0x800'7963    0x2a  Code  Gb  adc_cfg.o [1]
ADC_ADCTask_START        0x800'79b3    0x54  Code  Gb  adc_cfg.o [1]
ADC_ADCTask_STOP         0x800'7a07    0x40  Code  Gb  adc_cfg.o [1]
ADC_HandleChannelVal     0x800'7a47    0x58  Code  Gb  adc_cfg.o [1]
ADC_SoftStart            0x800'798d    0x26  Code  Gb  adc_cfg.o [1]
AHBPrescTable            0x800'7f18    0x10  Data  Gb  system_stm32f4xx.o [1]
APBPrescTable            0x800'7f7c     0x8  Data  Gb  system_stm32f4xx.o [1]
BcdToDec                 0x800'6245    0x18  Code  Gb  complier_lib.o [1]
BusFault_Handler         0x800'7b1f     0x2  Code  Gb  stm32f4xx_it.o [1]
CRCLib_Enable            0x800'70fd     0x8  Code  Gb  crc_lib.o [1]
CRCLib_Init              0x800'70f5     0x8  Code  Gb  crc_lib.o [1]
CRCTask_Enable           0x800'7029     0x8  Code  Gb  crc_task.o [1]
CRCTask_Init             0x800'7021     0x8  Code  Gb  crc_task.o [1]
CRC_DeInit               0x800'7761    0x10  Code  Gb  crc_cfg.o [1]
CRC_Enable               0x800'7771     0x6  Code  Gb  crc_cfg.o [1]
CRC_Init                 0x800'774b    0x16  Code  Gb  crc_cfg.o [1]
CSSLib_NMI_IRQ           0x800'7c35     0x8  Code  Gb  css_lib.o [1]
CSSLib_RCC_IRQ           0x800'7c3d     0x8  Code  Gb  css_lib.o [1]
CSSTask_NMI_IRQ          0x800'7c05     0x8  Code  Gb  css_task.o [1]
CSSTask_RCC_IRQ          0x800'7c0d     0x8  Code  Gb  css_task.o [1]
CSS_NMI_IRQ              0x800'7ce5    0x18  Code  Gb  css_cfg.o [1]
CSS_RCC_IRQ              0x800'7cfd    0x1c  Code  Gb  css_cfg.o [1]
CSTACK$$Base            0x2000'2f80           --   Gb  - Linker created -
CSTACK$$Limit           0x2000'4f80           --   Gb  - Linker created -
CacheMore                0x800'39fd    0x28  Code  Lc  xlocale_c.o [2]
CalcAvgWordFromIndex     0x800'62f5    0x60  Code  Gb  complier_lib.o [1]
DMA2_Stream0_IRQHandler
                         0x800'7b67    0x32  Code  Gb  stm32f4xx_it.o [1]
DMA2_Stream1_IRQHandler
                         0x800'7b99     0x2  Code  Gb  stm32f4xx_it.o [1]
DMA2_Stream2_IRQHandler
                         0x800'7b9d    0x24  Code  Gb  stm32f4xx_it.o [1]
DMA2_Stream7_IRQHandler
                         0x800'7bc1    0x24  Code  Gb  stm32f4xx_it.o [1]
DebugMon_Handler         0x800'7b25     0x2  Code  Gb  stm32f4xx_it.o [1]
DecToBcd                 0x800'625d    0x24  Code  Gb  complier_lib.o [1]
DelayLib_ms              0x800'7187     0x8  Code  Gb  delay_lib.o [1]
DelayNLib_us             0x800'718f     0x8  Code  Gb  delay_lib.o [1]
DelayN_ms                0x800'77cd    0x20  Code  Gb  delay_cfg.o [1]
DelayN_us                0x800'77a5    0x28  Code  Gb  delay_cfg.o [1]
DelayTask_ms             0x800'7095     0x8  Code  Gb  delay_task.o [1]
DelayTask_us             0x800'708d     0x8  Code  Gb  delay_task.o [1]
Delay_ms                 0x800'7785    0x20  Code  Gb  delay_cfg.o [1]
DescSortWord             0x800'6281    0x72  Code  Gb  complier_lib.o [1]
GPIOLib_Clock            0x800'3657     0xa  Code  Gb  gpio_lib.o [1]
GPIOLib_Init             0x800'3661     0x8  Code  Gb  gpio_lib.o [1]
GPIOTask_Clock           0x800'18b5     0xa  Code  Gb  gpio_task.o [1]
GPIOTask_Init            0x800'18bf     0x8  Code  Gb  gpio_task.o [1]
GPIO_Clock               0x800'13bb   0x2aa  Code  Gb  gpio_cfg.o [1]
GPIO_Init                0x800'1665    0x54  Code  Gb  gpio_cfg.o [1]
GPIO_ReadInputPort       0x800'17c5    0x7e  Code  Gb  gpio_cfg.o [1]
GPIO_ResetOutputPins     0x800'1757    0x6e  Code  Gb  gpio_cfg.o [1]
GPIO_SetOutputPin        0x800'16e9    0x6e  Code  Gb  gpio_cfg.o [1]
HAL_IncTick              0x800'7ecd    0x18  Code  Wk  stm32f4xx_hal.o [1]
HASH_RNG_IRQHandler      0x800'7b47     0x8  Code  Gb  stm32f4xx_it.o [1]
HardFault_Handler        0x800'7b15     0x8  Code  Gb  stm32f4xx_it.o [1]
HardFault_IRQTask        0x800'20b1    0x12  Code  Gb  stm32_cfg.o [1]
HardFault_Msg            0x800'2075    0x36  Code  Gb  stm32_cfg.o [1]
I2CLib_MHW_CheckClock    0x800'575f     0x8  Code  Gb  i2c_lib.o [1]
I2CLib_MHW_Init          0x800'5717     0x8  Code  Gb  i2c_lib.o [1]
I2CLib_MHW_PollMode_ReadByte
                         0x800'577d     0x8  Code  Gb  i2c_lib.o [1]
I2CLib_MHW_PollMode_START
                         0x800'571f    0x38  Code  Gb  i2c_lib.o [1]
I2CLib_MHW_PollMode_STOP
                         0x800'5757     0x8  Code  Gb  i2c_lib.o [1]
I2CLib_MHW_PollMode_SendByte
                         0x800'5771     0xc  Code  Gb  i2c_lib.o [1]
I2CLib_MHW_SendACK       0x800'5767     0xa  Code  Gb  i2c_lib.o [1]
I2CLib_MSW_Init          0x800'56ad     0x8  Code  Gb  i2c_lib.o [1]
I2CLib_MSW_ReadACK       0x800'56f3     0x8  Code  Gb  i2c_lib.o [1]
I2CLib_MSW_ReadByte      0x800'570f     0x8  Code  Gb  i2c_lib.o [1]
I2CLib_MSW_START         0x800'56b5    0x36  Code  Gb  i2c_lib.o [1]
I2CLib_MSW_STOP          0x800'56eb     0x8  Code  Gb  i2c_lib.o [1]
I2CLib_MSW_SendACK       0x800'56fb     0xa  Code  Gb  i2c_lib.o [1]
I2CLib_MSW_SendByte      0x800'5705     0xa  Code  Gb  i2c_lib.o [1]
I2CTask_MHW_CheckClock   0x800'55d7     0x8  Code  Gb  i2c_task.o [1]
I2CTask_MHW_Init         0x800'55bd     0x8  Code  Gb  i2c_task.o [1]
I2CTask_MHW_PollMode_ReadByte
                         0x800'55f5     0x8  Code  Gb  i2c_task.o [1]
I2CTask_MHW_PollMode_START
                         0x800'55c5     0xa  Code  Gb  i2c_task.o [1]
I2CTask_MHW_PollMode_STOP
                         0x800'55cf     0x8  Code  Gb  i2c_task.o [1]
I2CTask_MHW_PollMode_SendByte
                         0x800'55e9     0xc  Code  Gb  i2c_task.o [1]
I2CTask_MHW_SendACK      0x800'55df     0xa  Code  Gb  i2c_task.o [1]
I2CTask_MSW_Init         0x800'557f     0x8  Code  Gb  i2c_task.o [1]
I2CTask_MSW_ReadACK      0x800'5599     0x8  Code  Gb  i2c_task.o [1]
I2CTask_MSW_ReadByte     0x800'55b5     0x8  Code  Gb  i2c_task.o [1]
I2CTask_MSW_START        0x800'5587     0xa  Code  Gb  i2c_task.o [1]
I2CTask_MSW_STOP         0x800'5591     0x8  Code  Gb  i2c_task.o [1]
I2CTask_MSW_SendACK      0x800'55a1     0xa  Code  Gb  i2c_task.o [1]
I2CTask_MSW_SendByte     0x800'55ab     0xa  Code  Gb  i2c_task.o [1]
I2C_Clock                0x800'48b5   0x108  Code  Gb  i2c_cfg.o [1]
I2C_MHW_CheckBusy        0x800'4bbd    0x8c  Code  Gb  i2c_cfg.o [1]
I2C_MHW_CheckClock       0x800'4b81    0x1c  Code  Gb  i2c_cfg.o [1]
I2C_MHW_Init             0x800'49bd    0xd4  Code  Gb  i2c_cfg.o [1]
I2C_MHW_PollMode_ADDR    0x800'4b47    0x3a  Code  Gb  i2c_cfg.o [1]
I2C_MHW_PollMode_ReadByte
                         0x800'4c95    0x20  Code  Gb  i2c_cfg.o [1]
I2C_MHW_PollMode_START   0x800'4b11    0x2a  Code  Gb  i2c_cfg.o [1]
I2C_MHW_PollMode_STOP    0x800'4b3b     0xc  Code  Gb  i2c_cfg.o [1]
I2C_MHW_PollMode_SendByte
                         0x800'4c49    0x4c  Code  Gb  i2c_cfg.o [1]
I2C_MHW_PollMode_WaitFlag
                         0x800'4a91    0x80  Code  Gb  i2c_cfg.o [1]
I2C_MHW_SendACK          0x800'4b9d    0x20  Code  Gb  i2c_cfg.o [1]
I2C_MSW_ACK              0x800'472f    0x2c  Code  Gb  i2c_cfg.o [1]
I2C_MSW_Init             0x800'460f    0x84  Code  Gb  i2c_cfg.o [1]
I2C_MSW_NACK             0x800'475b    0x2c  Code  Gb  i2c_cfg.o [1]
I2C_MSW_ReadACK          0x800'4787    0x42  Code  Gb  i2c_cfg.o [1]
I2C_MSW_ReadBit          0x800'4845    0x3a  Code  Gb  i2c_cfg.o [1]
I2C_MSW_ReadByte         0x800'487f    0x36  Code  Gb  i2c_cfg.o [1]
I2C_MSW_START            0x800'4693    0x52  Code  Gb  i2c_cfg.o [1]
I2C_MSW_STOP             0x800'46e5    0x4a  Code  Gb  i2c_cfg.o [1]
I2C_MSW_SendACK          0x800'47c9    0x14  Code  Gb  i2c_cfg.o [1]
I2C_MSW_SendBit          0x800'47dd    0x3a  Code  Gb  i2c_cfg.o [1]
I2C_MSW_SendByte         0x800'4817    0x2e  Code  Gb  i2c_cfg.o [1]
IWDGLib_Reset            0x800'2589     0x8  Code  Gb  iwdg_lib.o [1]
IWDGTask_Reset           0x800'1843     0x8  Code  Gb  iwdg_task.o [1]
IWDG_Reset               0x800'39e5     0xc  Code  Gb  iwdg_cfg.o [1]
LL_ADC_ClearFlag_OVR     0x800'787f     0x8  Code  Lc  adc_cfg.o [1]
LL_ADC_Disable           0x800'786b     0xa  Code  Lc  adc_cfg.o [1]
LL_ADC_Enable            0x800'7861     0xa  Code  Lc  adc_cfg.o [1]
LL_ADC_REG_StartConversionSWStart
                         0x800'7875     0xa  Code  Lc  adc_cfg.o [1]
LL_AHB1_GRP1_DisableClock
                         0x800'136d     0xe  Code  Lc  gpio_cfg.o [1]
LL_AHB1_GRP1_EnableClock
                         0x800'7735    0x16  Code  Lc  crc_cfg.o [1]
LL_AHB1_GRP1_EnableClock
                         0x800'1355    0x18  Code  Lc  gpio_cfg.o [1]
LL_AHB1_GRP1_EnableClock
                         0x800'0217    0x18  Code  Lc  usart_cfg.o [1]
LL_AHB1_GRP1_ForceReset
                         0x800'137b     0xc  Code  Lc  gpio_cfg.o [1]
LL_AHB1_GRP1_ForceReset
                         0x800'781d     0xa  Code  Lc  stm32f4xx_ll_crc.o [1]
LL_AHB1_GRP1_ForceReset
                         0x800'2249     0xa  Code  Lc  stm32f4xx_ll_dma.o [1]
LL_AHB1_GRP1_ReleaseReset
                         0x800'1387     0xe  Code  Lc  gpio_cfg.o [1]
LL_AHB1_GRP1_ReleaseReset
                         0x800'7827     0xc  Code  Lc  stm32f4xx_ll_crc.o [1]
LL_AHB1_GRP1_ReleaseReset
                         0x800'2253     0xc  Code  Lc  stm32f4xx_ll_dma.o [1]
LL_AHB2_GRP1_EnableClock
                         0x800'7617    0x16  Code  Lc  random_cfg.o [1]
LL_AHB2_GRP1_ForceReset
                         0x800'77ed     0xa  Code  Lc  stm32f4xx_ll_rng.o [1]
LL_AHB2_GRP1_ReleaseReset
                         0x800'77f7     0xc  Code  Lc  stm32f4xx_ll_rng.o [1]
LL_APB1_GRP1_DisableClock
                         0x800'453d     0xe  Code  Lc  i2c_cfg.o [1]
LL_APB1_GRP1_DisableClock
                         0x800'6375     0xe  Code  Lc  timer_cfg.o [1]
LL_APB1_GRP1_DisableClock
                         0x800'0247     0xe  Code  Lc  usart_cfg.o [1]
LL_APB1_GRP1_EnableClock
                         0x800'4525    0x18  Code  Lc  i2c_cfg.o [1]
LL_APB1_GRP1_EnableClock
                         0x800'6bab    0x16  Code  Lc  main.o [1]
LL_APB1_GRP1_EnableClock
                         0x800'635d    0x18  Code  Lc  timer_cfg.o [1]
LL_APB1_GRP1_EnableClock
                         0x800'022f    0x18  Code  Lc  usart_cfg.o [1]
LL_APB1_GRP1_ForceReset
                         0x800'454b     0xc  Code  Lc  i2c_cfg.o [1]
LL_APB1_GRP1_ForceReset
                         0x800'4cf1     0xa  Code  Lc  stm32f4xx_ll_i2c.o [1]
LL_APB1_GRP1_ForceReset
                         0x800'695d     0xc  Code  Lc  stm32f4xx_ll_tim.o [1]
LL_APB1_GRP1_ForceReset
                         0x800'1af9     0xc  Code  Lc  stm32f4xx_ll_usart.o [1]
LL_APB1_GRP1_ForceReset
                         0x800'6383     0xc  Code  Lc  timer_cfg.o [1]
LL_APB1_GRP1_ForceReset
                         0x800'0255     0xc  Code  Lc  usart_cfg.o [1]
LL_APB1_GRP1_ReleaseReset
                         0x800'4557     0xe  Code  Lc  i2c_cfg.o [1]
LL_APB1_GRP1_ReleaseReset
                         0x800'4cfb     0xc  Code  Lc  stm32f4xx_ll_i2c.o [1]
LL_APB1_GRP1_ReleaseReset
                         0x800'6969     0xe  Code  Lc  stm32f4xx_ll_tim.o [1]
LL_APB1_GRP1_ReleaseReset
                         0x800'1b05     0xe  Code  Lc  stm32f4xx_ll_usart.o [1]
LL_APB1_GRP1_ReleaseReset
                         0x800'638f     0xe  Code  Lc  timer_cfg.o [1]
LL_APB1_GRP1_ReleaseReset
                         0x800'0261     0xe  Code  Lc  usart_cfg.o [1]
LL_APB2_GRP1_DisableClock
                         0x800'63b5     0xe  Code  Lc  timer_cfg.o [1]
LL_APB2_GRP1_DisableClock
                         0x800'0287     0xe  Code  Lc  usart_cfg.o [1]
LL_APB2_GRP1_EnableClock
                         0x800'1395    0x18  Code  Lc  gpio_cfg.o [1]
LL_APB2_GRP1_EnableClock
                         0x800'639d    0x18  Code  Lc  timer_cfg.o [1]
LL_APB2_GRP1_EnableClock
                         0x800'026f    0x18  Code  Lc  usart_cfg.o [1]
LL_APB2_GRP1_ForceReset
                         0x800'6977     0xc  Code  Lc  stm32f4xx_ll_tim.o [1]
LL_APB2_GRP1_ForceReset
                         0x800'1b13     0xc  Code  Lc  stm32f4xx_ll_usart.o [1]
LL_APB2_GRP1_ForceReset
                         0x800'63c3     0xc  Code  Lc  timer_cfg.o [1]
LL_APB2_GRP1_ForceReset
                         0x800'0295     0xc  Code  Lc  usart_cfg.o [1]
LL_APB2_GRP1_ReleaseReset
                         0x800'6983     0xe  Code  Lc  stm32f4xx_ll_tim.o [1]
LL_APB2_GRP1_ReleaseReset
                         0x800'1b1f     0xe  Code  Lc  stm32f4xx_ll_usart.o [1]
LL_APB2_GRP1_ReleaseReset
                         0x800'63cf     0xe  Code  Lc  timer_cfg.o [1]
LL_APB2_GRP1_ReleaseReset
                         0x800'02a1     0xe  Code  Lc  usart_cfg.o [1]
LL_CRC_DeInit            0x800'7833    0x24  Code  Gb  stm32f4xx_ll_crc.o [1]
LL_DMA_ClearFlag         0x800'2123   0x124  Code  Gb  stm32_cfg.o [1]
LL_DMA_ClearFlag_DME0    0x800'1fed     0x6  Code  Lc  stm32_cfg.o [1]
LL_DMA_ClearFlag_DME1    0x800'1ff3     0x8  Code  Lc  stm32_cfg.o [1]
LL_DMA_ClearFlag_DME2    0x800'1ffb     0x8  Code  Lc  stm32_cfg.o [1]
LL_DMA_ClearFlag_DME3    0x800'2003     0x8  Code  Lc  stm32_cfg.o [1]
LL_DMA_ClearFlag_DME4    0x800'200b     0x6  Code  Lc  stm32_cfg.o [1]
LL_DMA_ClearFlag_DME5    0x800'2011     0x8  Code  Lc  stm32_cfg.o [1]
LL_DMA_ClearFlag_DME6    0x800'2019     0x8  Code  Lc  stm32_cfg.o [1]
LL_DMA_ClearFlag_DME7    0x800'2021     0x8  Code  Lc  stm32_cfg.o [1]
LL_DMA_ClearFlag_FE0     0x800'2029     0x6  Code  Lc  stm32_cfg.o [1]
LL_DMA_ClearFlag_FE1     0x800'202f     0x6  Code  Lc  stm32_cfg.o [1]
LL_DMA_ClearFlag_FE2     0x800'2035     0x8  Code  Lc  stm32_cfg.o [1]
LL_DMA_ClearFlag_FE3     0x800'203d     0x8  Code  Lc  stm32_cfg.o [1]
LL_DMA_ClearFlag_FE4     0x800'2045     0x6  Code  Lc  stm32_cfg.o [1]
LL_DMA_ClearFlag_FE5     0x800'204b     0x6  Code  Lc  stm32_cfg.o [1]
LL_DMA_ClearFlag_FE6     0x800'2051     0x8  Code  Lc  stm32_cfg.o [1]
LL_DMA_ClearFlag_FE7     0x800'2059     0x8  Code  Lc  stm32_cfg.o [1]
LL_DMA_ClearFlag_HT0     0x800'1f39     0x6  Code  Lc  stm32_cfg.o [1]
LL_DMA_ClearFlag_HT1     0x800'78cf     0x8  Code  Lc  adc_cfg.o [1]
LL_DMA_ClearFlag_HT1     0x800'1f3f     0x8  Code  Lc  stm32_cfg.o [1]
LL_DMA_ClearFlag_HT2     0x800'1f47     0x8  Code  Lc  stm32_cfg.o [1]
LL_DMA_ClearFlag_HT3     0x800'1f4f     0x8  Code  Lc  stm32_cfg.o [1]
LL_DMA_ClearFlag_HT4     0x800'1f57     0x6  Code  Lc  stm32_cfg.o [1]
LL_DMA_ClearFlag_HT5     0x800'1f5d     0x8  Code  Lc  stm32_cfg.o [1]
LL_DMA_ClearFlag_HT6     0x800'1f65     0x8  Code  Lc  stm32_cfg.o [1]
LL_DMA_ClearFlag_HT7     0x800'1f6d     0x8  Code  Lc  stm32_cfg.o [1]
LL_DMA_ClearFlag_TC0     0x800'1f75     0x6  Code  Lc  stm32_cfg.o [1]
LL_DMA_ClearFlag_TC1     0x800'78d7     0x8  Code  Lc  adc_cfg.o [1]
LL_DMA_ClearFlag_TC1     0x800'1f7b     0x8  Code  Lc  stm32_cfg.o [1]
LL_DMA_ClearFlag_TC2     0x800'1f83     0x8  Code  Lc  stm32_cfg.o [1]
LL_DMA_ClearFlag_TC3     0x800'1f8b     0x8  Code  Lc  stm32_cfg.o [1]
LL_DMA_ClearFlag_TC4     0x800'1f93     0x6  Code  Lc  stm32_cfg.o [1]
LL_DMA_ClearFlag_TC5     0x800'1f99     0x8  Code  Lc  stm32_cfg.o [1]
LL_DMA_ClearFlag_TC6     0x800'1fa1     0x8  Code  Lc  stm32_cfg.o [1]
LL_DMA_ClearFlag_TC7     0x800'1fa9     0x8  Code  Lc  stm32_cfg.o [1]
LL_DMA_ClearFlag_TE0     0x800'1fb1     0x6  Code  Lc  stm32_cfg.o [1]
LL_DMA_ClearFlag_TE1     0x800'1fb7     0x8  Code  Lc  stm32_cfg.o [1]
LL_DMA_ClearFlag_TE2     0x800'1fbf     0x8  Code  Lc  stm32_cfg.o [1]
LL_DMA_ClearFlag_TE3     0x800'1fc7     0x8  Code  Lc  stm32_cfg.o [1]
LL_DMA_ClearFlag_TE4     0x800'1fcf     0x6  Code  Lc  stm32_cfg.o [1]
LL_DMA_ClearFlag_TE5     0x800'1fd5     0x8  Code  Lc  stm32_cfg.o [1]
LL_DMA_ClearFlag_TE6     0x800'1fdd     0x8  Code  Lc  stm32_cfg.o [1]
LL_DMA_ClearFlag_TE7     0x800'1fe5     0x8  Code  Lc  stm32_cfg.o [1]
LL_DMA_ConfigFifo        0x800'22f5    0x1c  Code  Lc  stm32f4xx_ll_dma.o [1]
LL_DMA_ConfigTransfer    0x800'2273    0x1a  Code  Lc  stm32f4xx_ll_dma.o [1]
LL_DMA_DeInit            0x800'2325   0x18a  Code  Gb  stm32f4xx_ll_dma.o [1]
LL_DMA_DisableStream     0x800'789d    0x16  Code  Lc  adc_cfg.o [1]
LL_DMA_DisableStream     0x800'225f    0x14  Code  Lc  stm32f4xx_ll_dma.o [1]
LL_DMA_DisableStream     0x800'02c5    0x16  Code  Lc  usart_cfg.o [1]
LL_DMA_EnableIT_TC       0x800'0311    0x16  Code  Lc  usart_cfg.o [1]
LL_DMA_EnableStream      0x800'7887    0x16  Code  Lc  adc_cfg.o [1]
LL_DMA_EnableStream      0x800'02af    0x16  Code  Lc  usart_cfg.o [1]
LL_DMA_GetDataLength     0x800'02f7     0xe  Code  Lc  usart_cfg.o [1]
LL_DMA_Init              0x800'2509    0x80  Code  Gb  stm32f4xx_ll_dma.o [1]
LL_DMA_IsActiveFlag_TC0
                         0x800'7abd     0xa  Code  Lc  stm32f4xx_it.o [1]
LL_DMA_IsActiveFlag_TC2
                         0x800'7ac7     0xa  Code  Lc  stm32f4xx_it.o [1]
LL_DMA_IsActiveFlag_TC7
                         0x800'7ad1     0xa  Code  Lc  stm32f4xx_it.o [1]
LL_DMA_IsEnabledIT_TC    0x800'7adb    0x10  Code  Lc  stm32f4xx_it.o [1]
LL_DMA_SetChannelSelection
                         0x800'22a7    0x1a  Code  Lc  stm32f4xx_ll_dma.o [1]
LL_DMA_SetDataLength     0x800'78b3    0x1c  Code  Lc  adc_cfg.o [1]
LL_DMA_SetDataLength     0x800'228d    0x1a  Code  Lc  stm32f4xx_ll_dma.o [1]
LL_DMA_SetDataLength     0x800'02db    0x1c  Code  Lc  usart_cfg.o [1]
LL_DMA_SetMemoryAddress
                         0x800'2311     0xa  Code  Lc  stm32f4xx_ll_dma.o [1]
LL_DMA_SetMemoryAddress
                         0x800'0305     0xc  Code  Lc  usart_cfg.o [1]
LL_DMA_SetMemoryBurstxfer
                         0x800'22c1    0x1a  Code  Lc  stm32f4xx_ll_dma.o [1]
LL_DMA_SetPeriphAddress
                         0x800'231b     0xa  Code  Lc  stm32f4xx_ll_dma.o [1]
LL_DMA_SetPeriphBurstxfer
                         0x800'22db    0x1a  Code  Lc  stm32f4xx_ll_dma.o [1]
LL_EXTI_ClearFlag_0_31   0x800'7aeb     0x6  Code  Lc  stm32f4xx_it.o [1]
LL_FLASH_EnableDataCache
                         0x800'6cd3     0xc  Code  Lc  main.o [1]
LL_FLASH_EnableInstCache
                         0x800'6cc7     0xc  Code  Lc  main.o [1]
LL_FLASH_EnablePrefetch
                         0x800'6cbb     0xc  Code  Lc  main.o [1]
LL_FLASH_GetLatency      0x800'6cb1     0xa  Code  Lc  main.o [1]
LL_FLASH_SetLatency      0x800'6ca3     0xe  Code  Lc  main.o [1]
LL_GPIO_Init             0x800'1a6d    0x8c  Code  Gb  stm32f4xx_ll_gpio.o [1]
LL_GPIO_ReadInputPort    0x800'13ad     0x4  Code  Lc  gpio_cfg.o [1]
LL_GPIO_ResetOutputPin   0x800'13b5     0x6  Code  Lc  gpio_cfg.o [1]
LL_GPIO_ResetOutputPin   0x800'2065     0x6  Code  Lc  stm32_cfg.o [1]
LL_GPIO_ResetOutputPins
                         0x800'20f3    0x30  Code  Gb  stm32_cfg.o [1]
LL_GPIO_SetAFPin_0_7     0x800'1a0f    0x2c  Code  Lc  stm32f4xx_ll_gpio.o [1]
LL_GPIO_SetAFPin_8_15    0x800'1a3b    0x32  Code  Lc  stm32f4xx_ll_gpio.o [1]
LL_GPIO_SetOutputPin     0x800'13b1     0x4  Code  Lc  gpio_cfg.o [1]
LL_GPIO_SetOutputPin     0x800'2061     0x4  Code  Lc  stm32_cfg.o [1]
LL_GPIO_SetOutputPins    0x800'20c3    0x30  Code  Gb  stm32_cfg.o [1]
LL_GPIO_SetPinMode       0x800'1965    0x2c  Code  Lc  stm32f4xx_ll_gpio.o [1]
LL_GPIO_SetPinMode       0x800'0327    0x2c  Code  Lc  usart_cfg.o [1]
LL_GPIO_SetPinOutputType
                         0x800'1991    0x26  Code  Lc  stm32f4xx_ll_gpio.o [1]
LL_GPIO_SetPinPull       0x800'19e3    0x2c  Code  Lc  stm32f4xx_ll_gpio.o [1]
LL_GPIO_SetPinSpeed      0x800'19b7    0x2c  Code  Lc  stm32f4xx_ll_gpio.o [1]
LL_I2C_AcknowledgeNextData
                         0x800'45db     0xc  Code  Lc  i2c_cfg.o [1]
LL_I2C_AcknowledgeNextData
                         0x800'4ddd     0xc  Code  Lc  stm32f4xx_ll_i2c.o [1]
LL_I2C_ClearFlag_ADDR    0x800'45c9    0x12  Code  Lc  i2c_cfg.o [1]
LL_I2C_ConfigSpeed       0x800'4d2d    0xa4  Code  Lc  stm32f4xx_ll_i2c.o [1]
LL_I2C_DeInit            0x800'4de9    0x54  Code  Gb  stm32f4xx_ll_i2c.o [1]
LL_I2C_Disable           0x800'4d11     0xa  Code  Lc  stm32f4xx_ll_i2c.o [1]
LL_I2C_Enable            0x800'4565     0xa  Code  Lc  i2c_cfg.o [1]
LL_I2C_Enable            0x800'4d07     0xa  Code  Lc  stm32f4xx_ll_i2c.o [1]
LL_I2C_GenerateStartCondition
                         0x800'45e7     0xa  Code  Lc  i2c_cfg.o [1]
LL_I2C_GenerateStopCondition
                         0x800'45f1     0xa  Code  Lc  i2c_cfg.o [1]
LL_I2C_GetClockPeriod    0x800'4587     0x8  Code  Lc  i2c_cfg.o [1]
LL_I2C_Init              0x800'4e5d    0x46  Code  Gb  stm32f4xx_ll_i2c.o [1]
LL_I2C_IsActiveFlag_ADDR
                         0x800'45b5     0xa  Code  Lc  i2c_cfg.o [1]
LL_I2C_IsActiveFlag_BTF
                         0x800'4599     0xa  Code  Lc  i2c_cfg.o [1]
LL_I2C_IsActiveFlag_BUSY
                         0x800'45bf     0xa  Code  Lc  i2c_cfg.o [1]
LL_I2C_IsActiveFlag_RXNE
                         0x800'45a3     0xa  Code  Lc  i2c_cfg.o [1]
LL_I2C_IsActiveFlag_SB   0x800'45ad     0x8  Code  Lc  i2c_cfg.o [1]
LL_I2C_IsActiveFlag_TXE
                         0x800'458f     0xa  Code  Lc  i2c_cfg.o [1]
LL_I2C_ReceiveData8      0x800'45fb     0x6  Code  Lc  i2c_cfg.o [1]
LL_I2C_SetClockPeriod    0x800'457b     0xc  Code  Lc  i2c_cfg.o [1]
LL_I2C_SetMode           0x800'4dd1     0xc  Code  Lc  stm32f4xx_ll_i2c.o [1]
LL_I2C_SetOwnAddress1    0x800'4d1b    0x12  Code  Lc  stm32f4xx_ll_i2c.o [1]
LL_I2C_SetOwnAddress2    0x800'456f     0xc  Code  Lc  i2c_cfg.o [1]
LL_I2C_TransmitData8     0x800'4601     0xe  Code  Lc  i2c_cfg.o [1]
LL_IWDG_ReloadCounter    0x800'39dd     0x8  Code  Lc  iwdg_cfg.o [1]
LL_InitTick              0x800'7227    0x1e  Code  Lc  systick_cfg.o [1]
LL_PWR_EnableBkUpAccess
                         0x800'6beb     0xc  Code  Lc  main.o [1]
LL_PWR_IsActiveFlag_PVDO
                         0x800'7af1     0xc  Code  Lc  stm32f4xx_it.o [1]
LL_PWR_SetRegulVoltageScaling
                         0x800'6bdd     0xe  Code  Lc  main.o [1]
LL_RCC_ClearFlag_HSECSS
                         0x800'7c97     0xc  Code  Lc  css_cfg.o [1]
LL_RCC_ClearFlag_HSERDY
                         0x800'7c8b     0xc  Code  Lc  css_cfg.o [1]
LL_RCC_DisableIT_HSERDY
                         0x800'7cc7     0xc  Code  Lc  css_cfg.o [1]
LL_RCC_EnableIT_HSERDY   0x800'7cbb     0xc  Code  Lc  css_cfg.o [1]
LL_RCC_EnableRTC         0x800'57cf     0xe  Code  Lc  rtc_cfg.o [1]
LL_RCC_ForceBackupDomainReset
                         0x800'57dd     0xe  Code  Lc  rtc_cfg.o [1]
LL_RCC_GetAHBPrescaler   0x800'38a3     0xa  Code  Lc  stm32f4xx_ll_rcc.o [1]
LL_RCC_GetAPB1Prescaler
                         0x800'38ad     0xa  Code  Lc  stm32f4xx_ll_rcc.o [1]
LL_RCC_GetAPB2Prescaler
                         0x800'38b7     0xa  Code  Lc  stm32f4xx_ll_rcc.o [1]
LL_RCC_GetSysClkSource   0x800'6c35     0xa  Code  Lc  main.o [1]
LL_RCC_GetSysClkSource   0x800'3899     0xa  Code  Lc  stm32f4xx_ll_rcc.o [1]
LL_RCC_GetSystemClocksFreq
                         0x800'38e9    0x24  Code  Gb  stm32f4xx_ll_rcc.o [1]
LL_RCC_HSE_Enable        0x800'7c7f     0xc  Code  Lc  css_cfg.o [1]
LL_RCC_HSE_Enable        0x800'6bf7     0xc  Code  Lc  main.o [1]
LL_RCC_HSE_IsReady       0x800'6c03     0xc  Code  Lc  main.o [1]
LL_RCC_IsActiveFlag_HSECSS
                         0x800'7caf     0xc  Code  Lc  css_cfg.o [1]
LL_RCC_IsActiveFlag_HSERDY
                         0x800'7ca3     0xc  Code  Lc  css_cfg.o [1]
LL_RCC_LSE_Enable        0x800'57a3     0xe  Code  Lc  rtc_cfg.o [1]
LL_RCC_LSE_IsReady       0x800'57b1     0xe  Code  Lc  rtc_cfg.o [1]
LL_RCC_LSI_Enable        0x800'6c0f     0xc  Code  Lc  main.o [1]
LL_RCC_LSI_IsReady       0x800'6c1b     0xc  Code  Lc  main.o [1]
LL_RCC_PLL_ConfigDomain_SYS
                         0x800'6c81    0x22  Code  Lc  main.o [1]
LL_RCC_PLL_Enable        0x800'6c69     0xc  Code  Lc  main.o [1]
LL_RCC_PLL_GetDivider    0x800'38df     0xa  Code  Lc  stm32f4xx_ll_rcc.o [1]
LL_RCC_PLL_GetMainSource
                         0x800'38c1     0xa  Code  Lc  stm32f4xx_ll_rcc.o [1]
LL_RCC_PLL_GetN          0x800'38cb     0xa  Code  Lc  stm32f4xx_ll_rcc.o [1]
LL_RCC_PLL_GetP          0x800'38d5     0xa  Code  Lc  stm32f4xx_ll_rcc.o [1]
LL_RCC_PLL_IsReady       0x800'6c75     0xc  Code  Lc  main.o [1]
LL_RCC_ReleaseBackupDomainReset
                         0x800'57eb     0xe  Code  Lc  rtc_cfg.o [1]
LL_RCC_SetAHBPrescaler   0x800'6c3f     0xe  Code  Lc  main.o [1]
LL_RCC_SetAPB1Prescaler
                         0x800'6c4d     0xe  Code  Lc  main.o [1]
LL_RCC_SetAPB2Prescaler
                         0x800'6c5b     0xe  Code  Lc  main.o [1]
LL_RCC_SetRTCClockSource
                         0x800'57bf    0x10  Code  Lc  rtc_cfg.o [1]
LL_RCC_SetSysClkSource   0x800'6c27     0xe  Code  Lc  main.o [1]
LL_RNG_ClearFlag_CEIS    0x800'765d     0x8  Code  Lc  random_cfg.o [1]
LL_RNG_ClearFlag_SEIS    0x800'7665     0x8  Code  Lc  random_cfg.o [1]
LL_RNG_DeInit            0x800'7809    0x12  Code  Gb  stm32f4xx_ll_rng.o [1]
LL_RNG_Disable           0x800'7637     0xa  Code  Lc  random_cfg.o [1]
LL_RNG_Enable            0x800'762d     0xa  Code  Lc  random_cfg.o [1]
LL_RNG_EnableIT          0x800'766d     0xa  Code  Lc  random_cfg.o [1]
LL_RNG_IsActiveFlag_CEIS
                         0x800'7649     0xa  Code  Lc  random_cfg.o [1]
LL_RNG_IsActiveFlag_DRDY
                         0x800'7641     0x8  Code  Lc  random_cfg.o [1]
LL_RNG_IsActiveFlag_SEIS
                         0x800'7653     0xa  Code  Lc  random_cfg.o [1]
LL_RNG_ReadRandData32    0x800'7677     0x4  Code  Lc  random_cfg.o [1]
LL_RTC_BAK_GetRegister   0x800'583d     0xc  Code  Lc  rtc_cfg.o [1]
LL_RTC_BAK_SetRegister   0x800'5831     0xc  Code  Lc  rtc_cfg.o [1]
LL_RTC_ClearFlag_RS      0x800'5f61     0xe  Code  Lc  stm32f4xx_ll_rtc.o [1]
LL_RTC_DATE_Config       0x800'5f09    0x44  Code  Lc  stm32f4xx_ll_rtc.o [1]
LL_RTC_DATE_GetDay       0x800'5829     0x8  Code  Lc  rtc_cfg.o [1]
LL_RTC_DATE_GetMonth     0x800'5821     0x8  Code  Lc  rtc_cfg.o [1]
LL_RTC_DATE_GetWeekDay   0x800'5819     0x8  Code  Lc  rtc_cfg.o [1]
LL_RTC_DATE_GetYear      0x800'5811     0x8  Code  Lc  rtc_cfg.o [1]
LL_RTC_DATE_Init         0x800'6089    0xcc  Code  Gb  stm32f4xx_ll_rtc.o [1]
LL_RTC_DisableInitMode   0x800'5e8b     0x8  Code  Lc  stm32f4xx_ll_rtc.o [1]
LL_RTC_DisableWriteProtection
                         0x800'5ebd     0xa  Code  Lc  stm32f4xx_ll_rtc.o [1]
LL_RTC_EnableInitMode    0x800'5e83     0x8  Code  Lc  stm32f4xx_ll_rtc.o [1]
LL_RTC_EnableWriteProtection
                         0x800'5eb7     0x6  Code  Lc  stm32f4xx_ll_rtc.o [1]
LL_RTC_EnterInitMode     0x800'6169    0x56  Code  Gb  stm32f4xx_ll_rtc.o [1]
LL_RTC_GetHourFormat     0x800'5e7b     0x8  Code  Lc  stm32f4xx_ll_rtc.o [1]
LL_RTC_Init              0x800'5f6f    0x44  Code  Gb  stm32f4xx_ll_rtc.o [1]
LL_RTC_IsActiveFlag_INIT
                         0x800'5f4d     0xa  Code  Lc  stm32f4xx_ll_rtc.o [1]
LL_RTC_IsActiveFlag_RS   0x800'5f57     0xa  Code  Lc  stm32f4xx_ll_rtc.o [1]
LL_RTC_IsShadowRegBypassEnabled
                         0x800'5e93     0xa  Code  Lc  stm32f4xx_ll_rtc.o [1]
LL_RTC_SetAsynchPrescaler
[...]
MPU6050_I2C_Init         0x800'4ee7    0x84  Code  Gb  mpu6050_cfg.o [1]
MPU6050_I2C_ReadAccelTempGyro
                         0x800'52f5   0x128  Code  Gb  mpu6050_cfg.o [1]
MPU6050_I2C_ReadBulk     0x800'52ab    0x3e  Code  Gb  mpu6050_cfg.o [1]
MPU6050_I2C_ReadChipID   0x800'52e9     0xc  Code  Gb  mpu6050_cfg.o [1]
MPU6050_I2C_ReadSingle   0x800'5139    0x34  Code  Gb  mpu6050_cfg.o [1]
MPU6050_I2C_WriteAccelRange
                         0x800'54d3    0x42  Code  Gb  mpu6050_cfg.o [1]
MPU6050_I2C_WriteGyroRange
                         0x800'5491    0x42  Code  Gb  mpu6050_cfg.o [1]
MPU6050_I2C_WriteLPF     0x800'544f    0x42  Code  Gb  mpu6050_cfg.o [1]
MPU6050_I2C_WriteSMPRTDIV
                         0x800'5441     0xe  Code  Gb  mpu6050_cfg.o [1]
MPU6050_I2C_WriteSingle
                         0x800'501f    0x38  Code  Gb  mpu6050_cfg.o [1]
MPU6050_SWI2C_ReadBulk   0x800'516d    0xa2  Code  Gb  mpu6050_cfg.o [1]
MPU6050_SWI2C_ReadSingle
                         0x800'5057    0x74  Code  Gb  mpu6050_cfg.o [1]
MPU6050_SWI2C_WriteSingle
                         0x800'4f6b    0x60  Code  Gb  mpu6050_cfg.o [1]
MemManage_Handler        0x800'7b1d     0x2  Code  Gb  stm32f4xx_it.o [1]
MyMemInit                0x800'6f75    0x22  Code  Gb  my_malloc.o [1]
MyMemset                 0x800'6f65    0x10  Code  Gb  my_malloc.o [1]
MyMemusedRate            0x800'6f97    0x2e  Code  Gb  my_malloc.o [1]
NMI_Handler              0x800'7b05     0x8  Code  Gb  stm32f4xx_it.o [1]
NVIC_EncodePriority      0x800'6b6f    0x3c  Code  Lc  main.o [1]
NVIC_EncodePriority      0x800'75db    0x3c  Code  Lc  random_cfg.o [1]
NVIC_EncodePriority      0x800'71eb    0x3c  Code  Lc  systick_cfg.o [1]
NVIC_EncodePriority      0x800'01db    0x3c  Code  Lc  usart_cfg.o [1]
NVIC_Init                0x800'6d7b    0x8e  Code  Gb  main.o [1]
PVDLib_IRQTask           0x800'7c45     0x8  Code  Gb  pvd_lib.o [1]
PVDTask_IRQTask          0x800'7c15     0x8  Code  Gb  pvd_task.o [1]
PVD_IRQHandler           0x800'7b4f    0x18  Code  Gb  stm32f4xx_it.o [1]
PVD_IRQTask              0x800'7d19     0x2  Code  Gb  pvd_cfg.o [1]
PendSV_Handler           0x800'7b27     0x2  Code  Gb  stm32f4xx_it.o [1]
RCC_GetHCLKClockFreq     0x800'3937    0x16  Code  Gb  stm32f4xx_ll_rcc.o [1]
RCC_GetPCLK1ClockFreq    0x800'394d    0x14  Code  Gb  stm32f4xx_ll_rcc.o [1]
RCC_GetPCLK2ClockFreq    0x800'3961    0x14  Code  Gb  stm32f4xx_ll_rcc.o [1]
RCC_GetSystemClockFreq   0x800'390d    0x2a  Code  Gb  stm32f4xx_ll_rcc.o [1]
RCC_IRQHandler           0x800'7b0d     0x8  Code  Gb  stm32f4xx_it.o [1]
RCC_PLL_GetFreqDomain_SYS
                         0x800'3975    0x4e  Code  Gb  stm32f4xx_ll_rcc.o [1]
RandomLib_IRQTask        0x800'70ed     0x8  Code  Gb  random_lib.o [1]
RandomLib_Init           0x800'70e3     0xa  Code  Gb  random_lib.o [1]
RandomTask_IRQTask       0x800'7019     0x8  Code  Gb  random_task.o [1]
RandomTask_Init          0x800'700f     0xa  Code  Gb  random_task.o [1]
Random_IRQTask           0x800'76d1    0x46  Code  Gb  random_cfg.o [1]
Random_Init              0x800'767b    0x56  Code  Gb  random_cfg.o [1]
Region$$Table$$Base      0x800'7e74           --   Gb  - Linker created -
Region$$Table$$Limit     0x800'7e98           --   Gb  - Linker created -
STREAM_OFFSET_TAB        0x800'7f5c     0x8  Data  Lc  adc_cfg.o [1]
STREAM_OFFSET_TAB        0x800'7f6c     0x8  Data  Lc  stm32f4xx_it.o [1]
STREAM_OFFSET_TAB        0x800'7f74     0x8  Data  Lc  stm32f4xx_ll_dma.o [1]
STREAM_OFFSET_TAB        0x800'7f84     0x8  Data  Lc  usart_cfg.o [1]
SVC_Handler              0x800'7b23     0x2  Code  Gb  stm32f4xx_it.o [1]
SysRTCLib_RTCInit        0x800'70a5     0xe  Code  Gb  rtc_lib.o [1]
SysRTCLib_RTCTask        0x800'709d     0x8  Code  Gb  rtc_lib.o [1]
SysRTCTask_RTCInit       0x800'6fd1     0xe  Code  Gb  rtc_task.o [1]
SysRTCTask_RTCTask       0x800'6fc9     0x8  Code  Gb  rtc_task.o [1]
SysRTC_CalcWeekDay       0x800'5ad1    0x98  Code  Gb  rtc_cfg.o [1]
SysRTC_HardRTCGetDate    0x800'5d57    0x42  Code  Gb  rtc_cfg.o [1]
SysRTC_HardRTCGetRTC     0x800'5db5    0x14  Code  Gb  rtc_cfg.o [1]
SysRTC_HardRTCGetTime    0x800'5d23    0x34  Code  Gb  rtc_cfg.o [1]
SysRTC_HardRTCInit       0x800'5be3   0x140  Code  Gb  rtc_cfg.o [1]
SysRTC_RTCInit           0x800'5dfd    0x62  Code  Gb  rtc_cfg.o [1]
SysRTC_RTCTask           0x800'5dc9    0x34  Code  Gb  rtc_cfg.o [1]
SysRTC_RealTimeWatch     0x800'5b69    0x52  Code  Gb  rtc_cfg.o [1]
SysRTC_RefreshWatch      0x800'5bbb     0xc  Code  Gb  rtc_cfg.o [1]
SysRTC_SoftCalcRTCTask   0x800'59bf   0x112  Code  Gb  rtc_cfg.o [1]
SysRTC_SoftRTCInit       0x800'5849   0x176  Code  Gb  rtc_cfg.o [1]
SysRTC_WatchTask         0x800'5bc7    0x1c  Code  Gb  rtc_cfg.o [1]
SysTickLib_1msIncTick    0x800'70db     0x8  Code  Gb  systick_lib.o [1]
SysTickLib_DecTick       0x800'70bb     0x8  Code  Gb  systick_lib.o [1]
SysTickLib_GetTick       0x800'70c3     0x8  Code  Gb  systick_lib.o [1]
SysTickLib_IRQTask       0x800'70cb     0x8  Code  Gb  systick_lib.o [1]
SysTickLib_Init          0x800'70b3     0x8  Code  Gb  systick_lib.o [1]
SysTickLib_WaitusTick    0x800'70d3     0x8  Code  Gb  systick_lib.o [1]
SysTickTask_1msIncTick   0x800'7007     0x8  Code  Gb  systick_task.o [1]
SysTickTask_DecTick      0x800'6fe7     0x8  Code  Gb  systick_task.o [1]
SysTickTask_GetTick      0x800'6fef     0x8  Code  Gb  systick_task.o [1]
SysTickTask_IRQTask      0x800'6ff7     0x8  Code  Gb  systick_task.o [1]
SysTickTask_Init         0x800'6fdf     0x8  Code  Gb  systick_task.o [1]
SysTickTask_WaitusTick   0x800'6fff     0x8  Code  Gb  systick_task.o [1]
SysTick_1msIncTick       0x800'751d    0x42  Code  Gb  systick_cfg.o [1]
SysTick_CreateTickTask   0x800'72f5    0xbc  Code  Gb  systick_cfg.o [1]
SysTick_DecTick          0x800'7441    0x50  Code  Gb  systick_cfg.o [1]
SysTick_GetTick          0x800'7491     0x8  Code  Gb  systick_cfg.o [1]
SysTick_Handler          0x800'7b29     0x8  Code  Gb  stm32f4xx_it.o [1]
SysTick_IRQTask          0x800'7499    0x3a  Code  Gb  systick_cfg.o [1]
SysTick_PollTickTask     0x800'73b1    0x90  Code  Gb  systick_cfg.o [1]
SysTick_Resume           0x800'7255    0x10  Code  Gb  systick_cfg.o [1]
SysTick_StructInit       0x800'7265    0x3e  Code  Gb  systick_cfg.o [1]
SysTick_Suspend          0x800'7245    0x10  Code  Gb  systick_cfg.o [1]
SysTick_WaitusTick       0x800'74d3    0x4a  Code  Gb  systick_cfg.o [1]
SysTick_msInit           0x800'72a3    0x52  Code  Gb  systick_cfg.o [1]
Sys_Init                 0x800'6e09    0x64  Code  Gb  main.o [1]
SystemClock_Config       0x800'6cdf    0x9c  Code  Gb  main.o [1]
SystemCoreClock         0x2000'00a4     0x4  Data  Gb  system_stm32f4xx.o [1]
SystemInit               0x800'7d7d    0x40  Code  Gb  system_stm32f4xx.o [1]
TIM2_IRQHandler          0x800'7b9b     0x2  Code  Gb  stm32f4xx_it.o [1]
TimerLib_Init            0x800'7169     0x8  Code  Gb  timer_lib.o [1]
TimerTask_Init           0x800'706f     0x8  Code  Gb  timer_task.o [1]
Timer_CalcFreqMode_DeInit
                         0x800'64bf     0xc  Code  Gb  timer_cfg.o [1]
Timer_CalcFreqMode_Init
                         0x800'63dd    0xe2  Code  Gb  timer_cfg.o [1]
Timer_Clock              0x800'64d3   0x43c  Code  Gb  timer_cfg.o [1]
Timer_Init               0x800'64cb     0x8  Code  Gb  timer_cfg.o [1]
USART1_ConfigInit        0x800'0e11    0xf2  Code  Gb  usart_cfg.o [1]
USART1_IRQHandler        0x800'7b3b     0xc  Code  Gb  stm32f4xx_it.o [1]
USART1_Init              0x800'0f03    0x60  Code  Gb  usart_cfg.o [1]
USART1_RX_BUFFER        0x2000'2e0c    0x44  Data  Gb  usart_task.o [1]
USART1_Read_DMA_Init     0x800'10a9    0xac  Code  Gb  usart_cfg.o [1]
USART1_TX_BUFFER        0x2000'2e50    0x44  Data  Gb  usart_task.o [1]
USART1_Write_DMA_Init    0x800'1155    0xa2  Code  Gb  usart_cfg.o [1]
USART2_Init              0x800'0f63     0x4  Code  Gb  usart_cfg.o [1]
USART3_Init              0x800'0f67     0x4  Code  Gb  usart_cfg.o [1]
USARTLib_IRQTask         0x800'7151     0x8  Code  Gb  usart_lib.o [1]
USARTLib_Init            0x800'7105    0x4c  Code  Gb  usart_lib.o [1]
USARTLib_Read_DMA_IRQTask
                         0x800'7159     0x8  Code  Gb  usart_lib.o [1]
USARTLib_Write_DMA_IRQTask
                         0x800'7161     0x8  Code  Gb  usart_lib.o [1]
USARTTask_IRQTask        0x800'7057     0x8  Code  Gb  usart_task.o [1]
USARTTask_Init           0x800'7031    0x26  Code  Gb  usart_task.o [1]
USARTTask_Read_DMA_IRQTask
                         0x800'705f     0x8  Code  Gb  usart_task.o [1]
USARTTask_Write_DMA_IRQTask
                         0x800'7067     0x8  Code  Gb  usart_task.o [1]
USART_485GPIOInit        0x800'0671    0x24  Code  Gb  usart_cfg.o [1]
USART_ClearOverFlow      0x800'0a2d     0x8  Code  Gb  usart_cfg.o [1]
USART_Clock              0x800'0c0d   0x1ee  Code  Gb  usart_cfg.o [1]
USART_DMA_IDLETask       0x800'1293    0x5a  Code  Gb  usart_cfg.o [1]
USART_IRQTask            0x800'0f6b   0x13e  Code  Gb  usart_cfg.o [1]
USART_ITPrintf_TCTask    0x800'0b9d    0x38  Code  Gb  usart_cfg.o [1]
USART_ITRead_16BitsTask
                         0x800'07b1   0x14c  Code  Gb  usart_cfg.o [1]
USART_ITRead_16BitsTask::tempVal
                        0x2000'2f7d     0x1  Data  Lc  usart_cfg.o [1]
USART_ITRead_8BitsTask   0x800'06ad   0x104  Code  Gb  usart_cfg.o [1]
USART_ITRead_8BitsTask::tempVal
                        0x2000'2f7c     0x1  Data  Lc  usart_cfg.o [1]
USART_ITRead_Task        0x800'092d    0x1a  Code  Gb  usart_cfg.o [1]
USART_ITWrite_TCTask     0x800'09d7    0x56  Code  Gb  usart_cfg.o [1]
USART_ITWrite_TXETask    0x800'0947    0x90  Code  Gb  usart_cfg.o [1]
USART_IT_TCTask          0x800'0bd9    0x2e  Code  Gb  usart_cfg.o [1]
USART_Init               0x800'05cf    0x7a  Code  Gb  usart_cfg.o [1]
USART_ParamInit          0x800'0dfb    0x16  Code  Gb  usart_cfg.o [1]
USART_Printf             0x800'0b1f    0x7c  Code  Gb  usart_cfg.o [1]
USART_PrintfResume       0x800'0af9    0x26  Code  Gb  usart_cfg.o [1]
USART_PrintfSuspend      0x800'0ac5    0x34  Code  Gb  usart_cfg.o [1]
USART_Read_DMA_IRQTask   0x800'12ed    0x12  Code  Gb  usart_cfg.o [1]
USART_Read_DMA_RESTART   0x800'1247    0x1c  Code  Gb  usart_cfg.o [1]
USART_Read_DMA_STOP      0x800'1221    0x26  Code  Gb  usart_cfg.o [1]
USART_Read_Init          0x800'0a35    0x46  Code  Gb  usart_cfg.o [1]
USART_StructInit         0x800'04eb    0xe4  Code  Gb  usart_cfg.o [1]
USART_TXGPIOInit         0x800'0649    0x28  Code  Gb  usart_cfg.o [1]
USART_TimeTick_Init      0x800'0695    0x18  Code  Gb  usart_cfg.o [1]
USART_Write_DMA_IRQTask
                         0x800'12ff    0x1c  Code  Gb  usart_cfg.o [1]
USART_Write_DMA_RESTART
                         0x800'1273    0x20  Code  Gb  usart_cfg.o [1]
USART_Write_DMA_SetMemoryAddress
                         0x800'1263    0x10  Code  Gb  usart_cfg.o [1]
USART_Write_Init         0x800'0a7b    0x4a  Code  Gb  usart_cfg.o [1]
UsageFault_Handler       0x800'7b21     0x2  Code  Gb  stm32f4xx_it.o [1]
WWDG_IRQHandler          0x800'7b31     0xa  Code  Gb  stm32f4xx_it.o [1]
_Encoding_8859_1_Mbrlen
                         0x800'18d9     0x2  Code  Gb  xencoding_8859_1.o [2]
_Encoding_8859_1_Wctomb
                         0x800'18c7    0x12  Code  Gb  xencoding_8859_1.o [2]
_Error_Handler           0x800'2071     0x2  Code  Gb  stm32_cfg.o [1]
_LitobFull               0x800'34a3   0x10a  Code  Lc  xprintffull.o [2]
_Locale_lconv           0x2000'0048    0x38  Data  Lc  xlocale_c.o [2]
_PrintfFull              0x800'2591   0xcc4  Code  Gb  xprintffull.o [2]
_PutcharsFull            0x800'3615    0x2e  Code  Lc  xprintffull.o [2]
_PutstrFull              0x800'33e3    0xc0  Code  Lc  xprintffull.o [2]
_PuttxtFull              0x800'32d7   0x10c  Code  Lc  xprintffull.o [2]
_SNProut                 0x800'194b    0x1a  Code  Gb  xsnprout.o [2]
__NVIC_EnableIRQ         0x800'759b    0x1c  Code  Lc  random_cfg.o [1]
__NVIC_EnableIRQ         0x800'0195    0x1e  Code  Lc  usart_cfg.o [1]
__NVIC_GetPriorityGrouping
                         0x800'6b3b     0xc  Code  Lc  main.o [1]
__NVIC_GetPriorityGrouping
                         0x800'7591     0xa  Code  Lc  random_cfg.o [1]
__NVIC_GetPriorityGrouping
                         0x800'71b7     0xc  Code  Lc  systick_cfg.o [1]
__NVIC_GetPriorityGrouping
                         0x800'0189     0xc  Code  Lc  usart_cfg.o [1]
__NVIC_SetPriority       0x800'6b47    0x28  Code  Lc  main.o [1]
__NVIC_SetPriority       0x800'75b7    0x24  Code  Lc  random_cfg.o [1]
__NVIC_SetPriority       0x800'71c3    0x28  Code  Lc  systick_cfg.o [1]
__NVIC_SetPriority       0x800'01b3    0x28  Code  Lc  usart_cfg.o [1]
__NVIC_SetPriorityGrouping
                         0x800'6b1d    0x1e  Code  Lc  main.o [1]
__NVIC_SetPriorityGrouping
                         0x800'7199    0x1e  Code  Lc  systick_cfg.o [1]
__NVIC_SystemReset       0x800'7c65    0x1a  Code  Lc  css_cfg.o [1]
__NVIC_SystemReset       0x800'5785    0x1e  Code  Lc  rtc_cfg.o [1]
__aeabi_cdcmple          0x800'3c75          Code  Gb  DblCmpLe.o [3]
__aeabi_cdrcmple         0x800'3ca5          Code  Gb  DblCmpGe.o [3]
__aeabi_d2f              0x800'5645          Code  Gb  DblToFlt.o [3]
__aeabi_d2iz             0x800'3e11          Code  Gb  DblToS32.o [3]
__aeabi_d2uiz            0x800'419d          Code  Gb  DblToU32.o [3]
__aeabi_dadd             0x800'4395          Code  Gb  DblAdd.o [3]
__aeabi_ddiv             0x800'3f55          Code  Gb  DblDiv.o [3]
__aeabi_dmul             0x800'41e1          Code  Gb  DblMul.o [3]
__aeabi_dsub             0x800'3e71          Code  Gb  DblSub.o [3]
__aeabi_f2d              0x800'55fd          Code  Gb  FltToDbl.o [3]
__aeabi_i2d              0x800'3e4d          Code  Gb  S32ToDbl.o [3]
__aeabi_ldiv0            0x800'438d          Code  Gb  I64DivZer.o [4]
__aeabi_memcpy           0x800'3b5d          Code  Gb  ABImemcpy.o [4]
__aeabi_memcpy4          0x800'3b7d          Code  Gb  ABImemcpy.o [4]
__aeabi_memcpy8          0x800'3b7d          Code  Gb  ABImemcpy.o [4]
__aeabi_memset           0x800'18e5          Code  Gb  ABImemset.o [4]
__aeabi_ui2d             0x800'41c5          Code  Gb  U32ToDbl.o [3]
__aeabi_uldivmod         0x800'3669          Code  Gb  I64DivMod.o [4]
__cmain                  0x800'7e99          Code  Gb  cmain.o [4]
__exit                   0x800'4511    0x14  Code  Gb  exit.o [5]
__iar_Fail_s             0x800'3a8d    0x1c  Code  Gb  xfail_s.o [2]
__iar_Mbcurmax           0x800'4383     0xa  Code  Gb  xmbcurmax.o [2]
__iar_Memchr             0x800'3b05          Code  Gb  memchr.o [4]
__iar_Memset             0x800'18e5          Code  Gb  ABImemset.o [4]
__iar_Memset_word        0x800'18ed          Code  Gb  ABImemset.o [4]
__iar_Strchr             0x800'3a75          Code  Gb  strchr.o [4]
__iar_copy_init3         0x800'184b    0x2e  Code  Gb  copy_init3.o [4]
__iar_dadd               0x800'3e81          Code  Gb  DblSub.o [3]
__iar_data_init3         0x800'7e05    0x28  Code  Gb  data_init.o [4]
__iar_dsub               0x800'43a5          Code  Gb  DblAdd.o [3]
__iar_dsubStart          0x800'43b7          Code  Gb  DblAdd.o [3]
__iar_frexp              0x800'3c11          Code  Gb  frexp.o [3]
__iar_frexpl             0x800'3c11          Code  Gb  frexp.o [3]
__iar_globLocale        0x2000'0000    0x48  Data  Lc  xlocale_c.o [2]
__iar_global_Locale      0x800'39f9     0x4  Code  Gb  xlocale_c.o [2]
__iar_init_vfp           0x800'7e51          Code  Gb  fpinit_M.o [3]
__iar_ldexp64            0x800'3cd5          Code  Gb  ldexp.o [3]
__iar_program_start      0x800'7f51          Code  Gb  cstartup_M.o [4]
__iar_scalbln64          0x800'3cd5          Code  Gb  ldexp.o [3]
__iar_scalbn64           0x800'3cd5          Code  Gb  ldexp.o [3]
__iar_softfp___iar_frexp64
                         0x800'3c05          Code  Gb  frexp.o [3]
__iar_softfp_frexp       0x800'3c05          Code  Gb  frexp.o [3]
__iar_softfp_frexpl      0x800'3c05          Code  Gb  frexp.o [3]
__iar_zero_init3         0x800'131b    0x3a  Code  Gb  zero_init3.o [4]
__low_level_init         0x800'7eb7     0x4  Code  Gb  low_level_init.o [2]
__vector_table           0x800'0000          Data  Gb  startup_stm32f407xx.o [1]
_call_main               0x800'7ea5          Code  Gb  cmain.o [4]
_exit                    0x800'7ec1          Code  Gb  cexit.o [4]
_gLocale_mblen           0x800'3a61     0x4  Code  Gb  xlocale_c.o [2]
_gLocale_mblenInt        0x800'3a25    0x2c  Code  Gb  xlocale_c.o [2]
_gLocale_wctomb          0x800'3a65     0x4  Code  Gb  xlocale_c.o [2]
_gLocale_wctombInt       0x800'3a5d     0x4  Code  Gb  xlocale_c.o [2]
_irq_disable             0x800'206d     0x4  Code  Gb  stm32_cfg.o [1]
_main                    0x800'7eb3          Code  Gb  cmain.o [4]
abort                    0x800'438f     0x6  Code  Gb  abort.o [2]
exit                     0x800'7ebb     0x4  Code  Gb  exit.o [2]
g_ABChannelADC          0x2000'2e94    0x2c  Data  Gb  adc_cfg.o [1]
g_CDChannelADC          0x2000'2ec0    0x2c  Data  Gb  adc_cfg.o [1]
g_CRCIsEnable           0x2000'00b4     0x1  Data  Gb  crc_cfg.o [1]
g_CalcFreq              0x2000'2f14    0x24  Data  Gb  timer_cfg.o [1]
g_HASH_RNG_Val          0x2000'2f70     0x4  Data  Gb  random_cfg.o [1]
g_HardFaultErrMsg       0x2000'2f38    0x20  Data  Gb  stm32_cfg.o [1]
g_MemMap                0x2000'28b8   0x280  Data  Gb  my_malloc.o [1]
g_MemPool               0x2000'00b8  0x2800  Data  Gb  my_malloc.o [1]
g_MonthDaysTab           0x800'7f08    0x10  Data  Gb  rtc_cfg.o [1]
g_Mpu6050Device0        0x2000'2dbc    0x50  Data  Gb  mpu6050_cfg.o [1]
g_MyMallocDev           0x2000'0080    0x14  Data  Gb  my_malloc.o [1]
g_PrintfBuffer          0x2000'2b38   0x200  Data  Gb  usart_cfg.o [1]
g_SysSoftRTC            0x2000'2f58    0x18  Data  Gb  rtc_cfg.o [1]
g_SysTick               0x2000'2eec    0x28  Data  Gb  systick_cfg.o [1]
g_Usart1                0x2000'2d38    0x84  Data  Gb  usart_cfg.o [1]
ldexp                    0x800'3cd5          Code  Gb  ldexp.o [3]
ldexpl                   0x800'3cd5          Code  Gb  ldexp.o [3]
localeconv               0x800'3a69     0x4  Code  Gb  xlocale_c.o [2]
main                     0x800'6e6d    0x80  Code  Gb  main.o [1]
memchr                   0x800'3b05          Code  Gb  memchr.o [4]
pABChannelADC           0x2000'0094     0x4  Data  Gb  adc_cfg.o [1]
pCDChannelADC           0x2000'0098     0x4  Data  Gb  adc_cfg.o [1]
pCalcFreq               0x2000'00ac     0x4  Data  Gb  timer_cfg.o [1]
pMpu6050Device0         0x2000'009c     0x4  Data  Gb  mpu6050_cfg.o [1]
pSysSoftRTC             0x2000'00a0     0x4  Data  Gb  rtc_cfg.o [1]
pSysTick                0x2000'00a8     0x4  Data  Gb  systick_cfg.o [1]
pUsart1                 0x2000'00b0     0x4  Data  Gb  usart_cfg.o [1]
scalbln                  0x800'3cd5          Code  Gb  ldexp.o [3]
scalblnl                 0x800'3cd5          Code  Gb  ldexp.o [3]
scalbn                   0x800'3cd5          Code  Gb  ldexp.o [3]
scalbnl                  0x800'3cd5          Code  Gb  ldexp.o [3]
scale                    0x800'35ad    0x46  Code  Lc  xprintffull.o [2]
sec_hand                0x2000'2f78     0x4  Data  Lc  xfail_s.o [2]
strchr                   0x800'3a75          Code  Gb  strchr.o [4]
strlen                   0x800'3acd          Code  Gb  strlen.o [4]
uwTick                  0x2000'2f74     0x4  Data  Gb  stm32f4xx_hal.o [1]
uwTickFreq              0x2000'00b5     0x1  Data  Gb  stm32f4xx_hal.o [1]
vsnprintf                0x800'1879    0x3c  Code  Gb  vsnprint.o [2]


[1] = E:\STM32Project\NewProject\STM32F407\STM32F407VET6\STM32F407VET6Project\EWARM\STM32F407VET6Project\Obj
[2] = dl7M_tlf.a
[3] = m7M_tls.a
[4] = rt7M_tl.a
[5] = shb_l.a

  32'579 bytes of readonly  code memory
     541 bytes of readonly  data memory
  20'348 bytes of readwrite data memory

Errors: none
Warnings: none
