###############################################################################
#
# IAR ELF Linker V8.32.1.169/W32 for ARM                  11/Mar/2019  22:04:08
# Copyright 2007-2018 IAR Systems AB.
#
#    Output file  =  
#        K:\STM32_MCU\STM32F407\STM32F407VET6\STM32F407VET6Project\EWARM\STM32F407VET6Project\Exe\STM32F407VET6Project.out
#    Map file     =  
#        K:\STM32_MCU\STM32F407\STM32F407VET6\STM32F407VET6Project\EWARM\STM32F407VET6Project\List\STM32F407VET6Project.map
#    Command line =  
#        -f C:\Users\Harry\AppData\Local\Temp\EW1B6F.tmp
#        (K:\STM32_MCU\STM32F407\STM32F407VET6\STM32F407VET6Project\EWARM\STM32F407VET6Project\Obj\ad5593_cfg.o
#        K:\STM32_MCU\STM32F407\STM32F407VET6\STM32F407VET6Project\EWARM\STM32F407VET6Project\Obj\ad5593_lib.o
#        K:\STM32_MCU\STM32F407\STM32F407VET6\STM32F407VET6Project\EWARM\STM32F407VET6Project\Obj\ad5593_task.o
#        K:\STM32_MCU\STM32F407\STM32F407VET6\STM32F407VET6Project\EWARM\STM32F407VET6Project\Obj\adc_cfg.o
#        K:\STM32_MCU\STM32F407\STM32F407VET6\STM32F407VET6Project\EWARM\STM32F407VET6Project\Obj\adc_lib.o
#        K:\STM32_MCU\STM32F407\STM32F407VET6\STM32F407VET6Project\EWARM\STM32F407VET6Project\Obj\adc_task.o
#        K:\STM32_MCU\STM32F407\STM32F407VET6\STM32F407VET6Project\EWARM\STM32F407VET6Project\Obj\ads1256_cfg.o
#        K:\STM32_MCU\STM32F407\STM32F407VET6\STM32F407VET6Project\EWARM\STM32F407VET6Project\Obj\ads1256_lib.o
#        K:\STM32_MCU\STM32F407\STM32F407VET6\STM32F407VET6Project\EWARM\STM32F407VET6Project\Obj\ads1256_task.o
#        K:\STM32_MCU\STM32F407\STM32F407VET6\STM32F407VET6Project\EWARM\STM32F407VET6Project\Obj\ads8688_cfg.o
#        K:\STM32_MCU\STM32F407\STM32F407VET6\STM32F407VET6Project\EWARM\STM32F407VET6Project\Obj\ads8688_lib.o
#        K:\STM32_MCU\STM32F407\STM32F407VET6\STM32F407VET6Project\EWARM\STM32F407VET6Project\Obj\ads8688_task.o
#        K:\STM32_MCU\STM32F407\STM32F407VET6\STM32F407VET6Project\EWARM\STM32F407VET6Project\Obj\at24cxx_cfg.o
#        K:\STM32_MCU\STM32F407\STM32F407VET6\STM32F407VET6Project\EWARM\STM32F407VET6Project\Obj\at24cxx_lib.o
#        K:\STM32_MCU\STM32F407\STM32F407VET6\STM32F407VET6Project\EWARM\STM32F407VET6Project\Obj\at24cxx_task.o
#        K:\STM32_MCU\STM32F407\STM32F407VET6\STM32F407VET6Project\EWARM\STM32F407VET6Project\Obj\bkp_cfg.o
#        K:\STM32_MCU\STM32F407\STM32F407VET6\STM32F407VET6Project\EWARM\STM32F407VET6Project\Obj\bkp_lib.o
#        K:\STM32_MCU\STM32F407\STM32F407VET6\STM32F407VET6Project\EWARM\STM32F407VET6Project\Obj\bkp_task.o
#        K:\STM32_MCU\STM32F407\STM32F407VET6\STM32F407VET6Project\EWARM\STM32F407VET6Project\Obj\complier_cfg.o
#        K:\STM32_MCU\STM32F407\STM32F407VET6\STM32F407VET6Project\EWARM\STM32F407VET6Project\Obj\complier_lib.o
#        K:\STM32_MCU\STM32F407\STM32F407VET6\STM32F407VET6Project\EWARM\STM32F407VET6Project\Obj\crc_cfg.o
#        K:\STM32_MCU\STM32F407\STM32F407VET6\STM32F407VET6Project\EWARM\STM32F407VET6Project\Obj\crc_lib.o
#        K:\STM32_MCU\STM32F407\STM32F407VET6\STM32F407VET6Project\EWARM\STM32F407VET6Project\Obj\crc_task.o
#        K:\STM32_MCU\STM32F407\STM32F407VET6\STM32F407VET6Project\EWARM\STM32F407VET6Project\Obj\css_cfg.o
#        K:\STM32_MCU\STM32F407\STM32F407VET6\STM32F407VET6Project\EWARM\STM32F407VET6Project\Obj\css_lib.o
#        K:\STM32_MCU\STM32F407\STM32F407VET6\STM32F407VET6Project\EWARM\STM32F407VET6Project\Obj\css_task.o
#        K:\STM32_MCU\STM32F407\STM32F407VET6\STM32F407VET6Project\EWARM\STM32F407VET6Project\Obj\decode_cfg.o
#        K:\STM32_MCU\STM32F407\STM32F407VET6\STM32F407VET6Project\EWARM\STM32F407VET6Project\Obj\decode_lib.o
#        K:\STM32_MCU\STM32F407\STM32F407VET6\STM32F407VET6Project\EWARM\STM32F407VET6Project\Obj\decode_task.o
#        K:\STM32_MCU\STM32F407\STM32F407VET6\STM32F407VET6Project\EWARM\STM32F407VET6Project\Obj\delay_cfg.o
#        K:\STM32_MCU\STM32F407\STM32F407VET6\STM32F407VET6Project\EWARM\STM32F407VET6Project\Obj\delay_lib.o
#        K:\STM32_MCU\STM32F407\STM32F407VET6\STM32F407VET6Project\EWARM\STM32F407VET6Project\Obj\delay_task.o
#        K:\STM32_MCU\STM32F407\STM32F407VET6\STM32F407VET6Project\EWARM\STM32F407VET6Project\Obj\dht11_cfg.o
#        K:\STM32_MCU\STM32F407\STM32F407VET6\STM32F407VET6Project\EWARM\STM32F407VET6Project\Obj\dht11_lib.o
#        K:\STM32_MCU\STM32F407\STM32F407VET6\STM32F407VET6Project\EWARM\STM32F407VET6Project\Obj\dht11_task.o
#        K:\STM32_MCU\STM32F407\STM32F407VET6\STM32F407VET6Project\EWARM\STM32F407VET6Project\Obj\ds1302_cfg.o
#        K:\STM32_MCU\STM32F407\STM32F407VET6\STM32F407VET6Project\EWARM\STM32F407VET6Project\Obj\ds1302_lib.o
#        K:\STM32_MCU\STM32F407\STM32F407VET6\STM32F407VET6Project\EWARM\STM32F407VET6Project\Obj\ds1302_task.o
#        K:\STM32_MCU\STM32F407\STM32F407VET6\STM32F407VET6Project\EWARM\STM32F407VET6Project\Obj\ds18b20_cfg.o
#        K:\STM32_MCU\STM32F407\STM32F407VET6\STM32F407VET6Project\EWARM\STM32F407VET6Project\Obj\ds18b20_lib.o
#        K:\STM32_MCU\STM32F407\STM32F407VET6\STM32F407VET6Project\EWARM\STM32F407VET6Project\Obj\ds18b20_task.o
#        K:\STM32_MCU\STM32F407\STM32F407VET6\STM32F407VET6Project\EWARM\STM32F407VET6Project\Obj\eeprom_cfg.o
#        K:\STM32_MCU\STM32F407\STM32F407VET6\STM32F407VET6Project\EWARM\STM32F407VET6Project\Obj\eeprom_lib.o
#        K:\STM32_MCU\STM32F407\STM32F407VET6\STM32F407VET6Project\EWARM\STM32F407VET6Project\Obj\eeprom_task.o
#        K:\STM32_MCU\STM32F407\STM32F407VET6\STM32F407VET6Project\EWARM\STM32F407VET6Project\Obj\flash_cfg.o
#        K:\STM32_MCU\STM32F407\STM32F407VET6\STM32F407VET6Project\EWARM\STM32F407VET6Project\Obj\flash_lib.o
#        K:\STM32_MCU\STM32F407\STM32F407VET6\STM32F407VET6Project\EWARM\STM32F407VET6Project\Obj\flash_task.o
#        K:\STM32_MCU\STM32F407\STM32F407VET6\STM32F407VET6Project\EWARM\STM32F407VET6Project\Obj\gpio_cfg.o
#        K:\STM32_MCU\STM32F407\STM32F407VET6\STM32F407VET6Project\EWARM\STM32F407VET6Project\Obj\gpio_lib.o
#        K:\STM32_MCU\STM32F407\STM32F407VET6\STM32F407VET6Project\EWARM\STM32F407VET6Project\Obj\gpio_task.o
#        K:\STM32_MCU\STM32F407\STM32F407VET6\STM32F407VET6Project\EWARM\STM32F407VET6Project\Obj\hmc830_cfg.o
#        K:\STM32_MCU\STM32F407\STM32F407VET6\STM32F407VET6Project\EWARM\STM32F407VET6Project\Obj\hmc830_lib.o
#        K:\STM32_MCU\STM32F407\STM32F407VET6\STM32F407VET6Project\EWARM\STM32F407VET6Project\Obj\hmc830_task.o
#        K:\STM32_MCU\STM32F407\STM32F407VET6\STM32F407VET6Project\EWARM\STM32F407VET6Project\Obj\i2c_cfg.o
#        K:\STM32_MCU\STM32F407\STM32F407VET6\STM32F407VET6Project\EWARM\STM32F407VET6Project\Obj\i2c_lib.o
#        K:\STM32_MCU\STM32F407\STM32F407VET6\STM32F407VET6Project\EWARM\STM32F407VET6Project\Obj\i2c_task.o
#        K:\STM32_MCU\STM32F407\STM32F407VET6\STM32F407VET6Project\EWARM\STM32F407VET6Project\Obj\iap_cfg.o
#        K:\STM32_MCU\STM32F407\STM32F407VET6\STM32F407VET6Project\EWARM\STM32F407VET6Project\Obj\iap_lib.o
#        K:\STM32_MCU\STM32F407\STM32F407VET6\STM32F407VET6Project\EWARM\STM32F407VET6Project\Obj\iap_task.o
#        K:\STM32_MCU\STM32F407\STM32F407VET6\STM32F407VET6Project\EWARM\STM32F407VET6Project\Obj\isp_cfg.o
#        K:\STM32_MCU\STM32F407\STM32F407VET6\STM32F407VET6Project\EWARM\STM32F407VET6Project\Obj\isp_lib.o
#        K:\STM32_MCU\STM32F407\STM32F407VET6\STM32F407VET6Project\EWARM\STM32F407VET6Project\Obj\isp_task.o
#        K:\STM32_MCU\STM32F407\STM32F407VET6\STM32F407VET6Project\EWARM\STM32F407VET6Project\Obj\iwdg_cfg.o
#        K:\STM32_MCU\STM32F407\STM32F407VET6\STM32F407VET6Project\EWARM\STM32F407VET6Project\Obj\iwdg_lib.o
#        K:\STM32_MCU\STM32F407\STM32F407VET6\STM32F407VET6Project\EWARM\STM32F407VET6Project\Obj\iwdg_task.o
#        K:\STM32_MCU\STM32F407\STM32F407VET6\STM32F407VET6Project\EWARM\STM32F407VET6Project\Obj\key_cfg.o
#        K:\STM32_MCU\STM32F407\STM32F407VET6\STM32F407VET6Project\EWARM\STM32F407VET6Project\Obj\key_lib.o
#        K:\STM32_MCU\STM32F407\STM32F407VET6\STM32F407VET6Project\EWARM\STM32F407VET6Project\Obj\key_task.o
#        K:\STM32_MCU\STM32F407\STM32F407VET6\STM32F407VET6Project\EWARM\STM32F407VET6Project\Obj\lcd1602_cfg.o
#        K:\STM32_MCU\STM32F407\STM32F407VET6\STM32F407VET6Project\EWARM\STM32F407VET6Project\Obj\lcd1602_lib.o
#        K:\STM32_MCU\STM32F407\STM32F407VET6\STM32F407VET6Project\EWARM\STM32F407VET6Project\Obj\lcd1602_task.o
#        K:\STM32_MCU\STM32F407\STM32F407VET6\STM32F407VET6Project\EWARM\STM32F407VET6Project\Obj\led_cfg.o
#        K:\STM32_MCU\STM32F407\STM32F407VET6\STM32F407VET6Project\EWARM\STM32F407VET6Project\Obj\led_lib.o
#        K:\STM32_MCU\STM32F407\STM32F407VET6\STM32F407VET6Project\EWARM\STM32F407VET6Project\Obj\led_task.o
#        K:\STM32_MCU\STM32F407\STM32F407VET6\STM32F407VET6Project\EWARM\STM32F407VET6Project\Obj\main.o
#        K:\STM32_MCU\STM32F407\STM32F407VET6\STM32F407VET6Project\EWARM\STM32F407VET6Project\Obj\my_malloc.o
#        K:\STM32_MCU\STM32F407\STM32F407VET6\STM32F407VET6Project\EWARM\STM32F407VET6Project\Obj\nrf2401_cfg.o
#        K:\STM32_MCU\STM32F407\STM32F407VET6\STM32F407VET6Project\EWARM\STM32F407VET6Project\Obj\nrf2401_lib.o
#        K:\STM32_MCU\STM32F407\STM32F407VET6\STM32F407VET6Project\EWARM\STM32F407VET6Project\Obj\nrf2401_task.o
#        K:\STM32_MCU\STM32F407\STM32F407VET6\STM32F407VET6Project\EWARM\STM32F407VET6Project\Obj\oled_cfg.o
#        K:\STM32_MCU\STM32F407\STM32F407VET6\STM32F407VET6Project\EWARM\STM32F407VET6Project\Obj\oled_lib.o
#        K:\STM32_MCU\STM32F407\STM32F407VET6\STM32F407VET6Project\EWARM\STM32F407VET6Project\Obj\oled_task.o
#        K:\STM32_MCU\STM32F407\STM32F407VET6\STM32F407VET6Project\EWARM\STM32F407VET6Project\Obj\one_wire_cfg.o
#        K:\STM32_MCU\STM32F407\STM32F407VET6\STM32F407VET6Project\EWARM\STM32F407VET6Project\Obj\one_wire_lib.o
#        K:\STM32_MCU\STM32F407\STM32F407VET6\STM32F407VET6Project\EWARM\STM32F407VET6Project\Obj\one_wire_task.o
#        K:\STM32_MCU\STM32F407\STM32F407VET6\STM32F407VET6Project\EWARM\STM32F407VET6Project\Obj\pcf8563_cfg.o
#        K:\STM32_MCU\STM32F407\STM32F407VET6\STM32F407VET6Project\EWARM\STM32F407VET6Project\Obj\pcf8563_lib.o
#        K:\STM32_MCU\STM32F407\STM32F407VET6\STM32F407VET6Project\EWARM\STM32F407VET6Project\Obj\pcf8563_task.o
#        K:\STM32_MCU\STM32F407\STM32F407VET6\STM32F407VET6Project\EWARM\STM32F407VET6Project\Obj\pid_cfg.o
#        K:\STM32_MCU\STM32F407\STM32F407VET6\STM32F407VET6Project\EWARM\STM32F407VET6Project\Obj\pid_lib.o
#        K:\STM32_MCU\STM32F407\STM32F407VET6\STM32F407VET6Project\EWARM\STM32F407VET6Project\Obj\pid_task.o
#        K:\STM32_MCU\STM32F407\STM32F407VET6\STM32F407VET6Project\EWARM\STM32F407VET6Project\Obj\pvd_cfg.o
#        K:\STM32_MCU\STM32F407\STM32F407VET6\STM32F407VET6Project\EWARM\STM32F407VET6Project\Obj\pvd_lib.o
#        K:\STM32_MCU\STM32F407\STM32F407VET6\STM32F407VET6Project\EWARM\STM32F407VET6Project\Obj\pvd_task.o
#        K:\STM32_MCU\STM32F407\STM32F407VET6\STM32F407VET6Project\EWARM\STM32F407VET6Project\Obj\random_cfg.o
#        K:\STM32_MCU\STM32F407\STM32F407VET6\STM32F407VET6Project\EWARM\STM32F407VET6Project\Obj\random_lib.o
#        K:\STM32_MCU\STM32F407\STM32F407VET6\STM32F407VET6Project\EWARM\STM32F407VET6Project\Obj\random_task.o
#        K:\STM32_MCU\STM32F407\STM32F407VET6\STM32F407VET6Project\EWARM\STM32F407VET6Project\Obj\rfask_cfg.o
#        K:\STM32_MCU\STM32F407\STM32F407VET6\STM32F407VET6Project\EWARM\STM32F407VET6Project\Obj\rfask_lib.o
#        K:\STM32_MCU\STM32F407\STM32F407VET6\STM32F407VET6Project\EWARM\STM32F407VET6Project\Obj\rfask_task.o
#        K:\STM32_MCU\STM32F407\STM32F407VET6\STM32F407VET6Project\EWARM\STM32F407VET6Project\Obj\rfaskhw_cfg.o
#        K:\STM32_MCU\STM32F407\STM32F407VET6\STM32F407VET6Project\EWARM\STM32F407VET6Project\Obj\rtc_cfg.o
#        K:\STM32_MCU\STM32F407\STM32F407VET6\STM32F407VET6Project\EWARM\STM32F407VET6Project\Obj\rtc_lib.o
#        K:\STM32_MCU\STM32F407\STM32F407VET6\STM32F407VET6Project\EWARM\STM32F407VET6Project\Obj\rtc_task.o
#        K:\STM32_MCU\STM32F407\STM32F407VET6\STM32F407VET6Project\EWARM\STM32F407VET6Project\Obj\sht2x_cfg.o
#        K:\STM32_MCU\STM32F407\STM32F407VET6\STM32F407VET6Project\EWARM\STM32F407VET6Project\Obj\sht2x_lib.o
#        K:\STM32_MCU\STM32F407\STM32F407VET6\STM32F407VET6Project\EWARM\STM32F407VET6Project\Obj\sht2x_task.o
#        K:\STM32_MCU\STM32F407\STM32F407VET6\STM32F407VET6Project\EWARM\STM32F407VET6Project\Obj\spi_cfg.o
#        K:\STM32_MCU\STM32F407\STM32F407VET6\STM32F407VET6Project\EWARM\STM32F407VET6Project\Obj\spi_lib.o
#        K:\STM32_MCU\STM32F407\STM32F407VET6\STM32F407VET6Project\EWARM\STM32F407VET6Project\Obj\spi_task.o
#        K:\STM32_MCU\STM32F407\STM32F407VET6\STM32F407VET6Project\EWARM\STM32F407VET6Project\Obj\startup_stm32f407xx.o
#        K:\STM32_MCU\STM32F407\STM32F407VET6\STM32F407VET6Project\EWARM\STM32F407VET6Project\Obj\stm32_cfg.o
#        K:\STM32_MCU\STM32F407\STM32F407VET6\STM32F407VET6Project\EWARM\STM32F407VET6Project\Obj\stm32f4xx_hal.o
#        K:\STM32_MCU\STM32F407\STM32F407VET6\STM32F407VET6Project\EWARM\STM32F407VET6Project\Obj\stm32f4xx_hal_cortex.o
#        K:\STM32_MCU\STM32F407\STM32F407VET6\STM32F407VET6Project\EWARM\STM32F407VET6Project\Obj\stm32f4xx_hal_gpio.o
#        K:\STM32_MCU\STM32F407\STM32F407VET6\STM32F407VET6Project\EWARM\STM32F407VET6Project\Obj\stm32f4xx_hal_rcc.o
#        K:\STM32_MCU\STM32F407\STM32F407VET6\STM32F407VET6Project\EWARM\STM32F407VET6Project\Obj\stm32f4xx_it.o
#        K:\STM32_MCU\STM32F407\STM32F407VET6\STM32F407VET6Project\EWARM\STM32F407VET6Project\Obj\stm32f4xx_ll_adc.o
#        K:\STM32_MCU\STM32F407\STM32F407VET6\STM32F407VET6Project\EWARM\STM32F407VET6Project\Obj\stm32f4xx_ll_crc.o
#        K:\STM32_MCU\STM32F407\STM32F407VET6\STM32F407VET6Project\EWARM\STM32F407VET6Project\Obj\stm32f4xx_ll_dac.o
#        K:\STM32_MCU\STM32F407\STM32F407VET6\STM32F407VET6Project\EWARM\STM32F407VET6Project\Obj\stm32f4xx_ll_dma.o
#        K:\STM32_MCU\STM32F407\STM32F407VET6\STM32F407VET6Project\EWARM\STM32F407VET6Project\Obj\stm32f4xx_ll_dma2d.o
#        K:\STM32_MCU\STM32F407\STM32F407VET6\STM32F407VET6Project\EWARM\STM32F407VET6Project\Obj\stm32f4xx_ll_gpio.o
#        K:\STM32_MCU\STM32F407\STM32F407VET6\STM32F407VET6Project\EWARM\STM32F407VET6Project\Obj\stm32f4xx_ll_i2c.o
#        K:\STM32_MCU\STM32F407\STM32F407VET6\STM32F407VET6Project\EWARM\STM32F407VET6Project\Obj\stm32f4xx_ll_pwr.o
#        K:\STM32_MCU\STM32F407\STM32F407VET6\STM32F407VET6Project\EWARM\STM32F407VET6Project\Obj\stm32f4xx_ll_rcc.o
#        K:\STM32_MCU\STM32F407\STM32F407VET6\STM32F407VET6Project\EWARM\STM32F407VET6Project\Obj\stm32f4xx_ll_rng.o
#        K:\STM32_MCU\STM32F407\STM32F407VET6\STM32F407VET6Project\EWARM\STM32F407VET6Project\Obj\stm32f4xx_ll_rtc.o
#        K:\STM32_MCU\STM32F407\STM32F407VET6\STM32F407VET6Project\EWARM\STM32F407VET6Project\Obj\stm32f4xx_ll_spi.o
#        K:\STM32_MCU\STM32F407\STM32F407VET6\STM32F407VET6Project\EWARM\STM32F407VET6Project\Obj\stm32f4xx_ll_tim.o
#        K:\STM32_MCU\STM32F407\STM32F407VET6\STM32F407VET6Project\EWARM\STM32F407VET6Project\Obj\stm32f4xx_ll_usart.o
#        K:\STM32_MCU\STM32F407\STM32F407VET6\STM32F407VET6Project\EWARM\STM32F407VET6Project\Obj\stm32f4xx_ll_utils.o
#        K:\STM32_MCU\STM32F407\STM32F407VET6\STM32F407VET6Project\EWARM\STM32F407VET6Project\Obj\system_stm32f4xx.o
#        K:\STM32_MCU\STM32F407\STM32F407VET6\STM32F407VET6Project\EWARM\STM32F407VET6Project\Obj\systick_cfg.o
#        K:\STM32_MCU\STM32F407\STM32F407VET6\STM32F407VET6Project\EWARM\STM32F407VET6Project\Obj\systick_lib.o
#        K:\STM32_MCU\STM32F407\STM32F407VET6\STM32F407VET6Project\EWARM\STM32F407VET6Project\Obj\systick_task.o
#        K:\STM32_MCU\STM32F407\STM32F407VET6\STM32F407VET6Project\EWARM\STM32F407VET6Project\Obj\timer_cfg.o
#        K:\STM32_MCU\STM32F407\STM32F407VET6\STM32F407VET6Project\EWARM\STM32F407VET6Project\Obj\timer_lib.o
#        K:\STM32_MCU\STM32F407\STM32F407VET6\STM32F407VET6Project\EWARM\STM32F407VET6Project\Obj\timer_task.o
#        K:\STM32_MCU\STM32F407\STM32F407VET6\STM32F407VET6Project\EWARM\STM32F407VET6Project\Obj\usart_cfg.o
#        K:\STM32_MCU\STM32F407\STM32F407VET6\STM32F407VET6Project\EWARM\STM32F407VET6Project\Obj\usart_lib.o
#        K:\STM32_MCU\STM32F407\STM32F407VET6\STM32F407VET6Project\EWARM\STM32F407VET6Project\Obj\usart_task.o
#        K:\STM32_MCU\STM32F407\STM32F407VET6\STM32F407VET6Project\EWARM\STM32F407VET6Project\Obj\w25qxx_cfg.o
#        K:\STM32_MCU\STM32F407\STM32F407VET6\STM32F407VET6Project\EWARM\STM32F407VET6Project\Obj\w25qxx_lib.o
#        K:\STM32_MCU\STM32F407\STM32F407VET6\STM32F407VET6Project\EWARM\STM32F407VET6Project\Obj\w25qxx_task.o
#        K:\STM32_MCU\STM32F407\STM32F407VET6\STM32F407VET6Project\EWARM\STM32F407VET6Project\Obj\wm8510_cfg.o
#        K:\STM32_MCU\STM32F407\STM32F407VET6\STM32F407VET6Project\EWARM\STM32F407VET6Project\Obj\wm8510_lib.o
#        K:\STM32_MCU\STM32F407\STM32F407VET6\STM32F407VET6Project\EWARM\STM32F407VET6Project\Obj\wm8510_task.o
#        K:\STM32_MCU\STM32F407\STM32F407VET6\STM32F407VET6Project\EWARM\STM32F407VET6Project\Obj\wwdg_cfg.o
#        K:\STM32_MCU\STM32F407\STM32F407VET6\STM32F407VET6Project\EWARM\STM32F407VET6Project\Obj\wwdg_lib.o
#        K:\STM32_MCU\STM32F407\STM32F407VET6\STM32F407VET6Project\EWARM\STM32F407VET6Project\Obj\wwdg_task.o
#        --redirect _Printf=_PrintfFull --redirect _Scanf=_ScanfFull
#        --no_out_extension -o
#        K:\STM32_MCU\STM32F407\STM32F407VET6\STM32F407VET6Project\EWARM\STM32F407VET6Project\Exe\STM32F407VET6Project.out
#        --map
#        K:\STM32_MCU\STM32F407\STM32F407VET6\STM32F407VET6Project\EWARM\STM32F407VET6Project\List\STM32F407VET6Project.map
#        --config "D:\Program Files (x86)\IAR Systems\Embedded Workbench
#        8.2\arm\config\linker\ST\stm32f407xE.icf" --semihosting --entry
#        __iar_program_start --vfe --text_out locale)
#
###############################################################################

*******************************************************************************
*** RUNTIME MODEL ATTRIBUTES
***

CppFlavor       = *
__SystemLibrary = DLib
__dlib_version  = 6


*******************************************************************************
*** HEAP SELECTION
***

The basic heap was selected because no calls to memory allocation
functions were found in the application outside of system library
functions, and there are calls to deallocation functions in the
application.


*******************************************************************************
*** PLACEMENT SUMMARY
***

"A0":  place at 0x800'0000 { ro section .intvec };
"P1":  place in [from 0x800'0000 to 0x807'ffff] { ro };
define block CSTACK with size = 8K, alignment = 8 { };
"P3":  place in [from 0x1000'0000 to 0x1000'ffff] {
          block CSTACK, section .ccram };
define block HEAP with size = 8K, alignment = 8 { };
"P4":  place in [from 0x2000'0000 to 0x2001'bfff] |
                [from 0x2001'c000 to 0x2001'ffff] { rw, block HEAP };
initialize by copy { rw };

No sections matched the following patterns:

  ro section application_specific_ro  in "P2"
  section .backup_sram                in "P5"
  section .ccram                      in "P3"


  Section            Kind         Address    Size  Object
  -------            ----         -------    ----  ------
"A0":                                       0x188
  .intvec            ro code   0x800'0000   0x188  startup_stm32f407xx.o [1]
                             - 0x800'0188   0x188

"P1":                                      0x5d50
  .text              ro code   0x800'0188   0xf46  xprintffull.o [2]
  .text              ro code   0x800'10ce    0x3a  zero_init3.o [4]
  .text              ro code   0x800'1108    0x78  xlocale_c.o [2]
  .text              ro code   0x800'1180    0x16  strchr.o [4]
  .text              ro code   0x800'1196    0x1e  xencoding_8859_1.o [2]
  .text              ro code   0x800'11b4    0x40  xfail_s.o [2]
  .text              ro code   0x800'11f4    0x36  strlen.o [4]
  .text              ro code   0x800'122a    0x1a  xsnprout.o [2]
  .text              ro code   0x800'1244    0x58  memchr.o [4]
  .text              ro code   0x800'129c     0xa  xmbcurmax.o [2]
  .text              ro code   0x800'12a8    0xa6  ABImemcpy.o [4]
  .text              ro code   0x800'1350   0x230  I64DivMod.o [4]
  .text              ro code   0x800'1580   0x1a2  DblMul.o [3]
  .text              ro code   0x800'1724    0x70  frexp.o [3]
  .text              ro code   0x800'1794    0x2e  DblCmpLe.o [3]
  .text              ro code   0x800'17c4    0x2e  DblCmpGe.o [3]
  .text              ro code   0x800'17f4   0x13a  ldexp.o [3]
  .text              ro code   0x800'1930    0x3a  DblToS32.o [3]
  .text              ro code   0x800'196c    0x22  S32ToDbl.o [3]
  .text              ro code   0x800'1990    0xe2  DblSub.o [3]
  .text              ro code   0x800'1a74   0x246  DblDiv.o [3]
  .text              ro code   0x800'1cbc    0x28  DblToU32.o [3]
  .text              ro code   0x800'1ce4    0x1a  U32ToDbl.o [3]
  .text              ro code   0x800'1cfe     0x6  abort.o [2]
  .text              ro code   0x800'1d04     0x2  I64DivZer.o [4]
  .text              ro code   0x800'1d08   0x16a  DblAdd.o [3]
  .text              ro code   0x800'1e74    0x14  exit.o [5]
  .text              ro code   0x800'1e88   0xf28  usart_cfg.o [1]
  .text              ro code   0x800'2db0     0x8  iwdg_task.o [1]
  .text              ro code   0x800'2db8    0x56  crc_task.o [1]
  .text              ro code   0x800'2e10    0x3c  vsnprint.o [2]
  .text              ro code   0x800'2e4c    0x1a  gpio_task.o [1]
  .text              ro code   0x800'2e68     0x6  ABImemclr4.o [4]
  .text              ro code   0x800'2e70   0x19a  stm32f4xx_ll_gpio.o [1]
  .text              ro code   0x800'300c   0x2cc  stm32f4xx_ll_usart.o [1]
  .text              ro code   0x800'32d8     0x8  iwdg_lib.o [1]
  .text              ro code   0x800'32e0    0x56  crc_lib.o [1]
  .text              ro code   0x800'3336    0x1a  gpio_lib.o [1]
  .text              ro code   0x800'3350    0x32  ABImemset48.o [4]
  .text              ro code   0x800'3384   0x150  stm32f4xx_ll_rcc.o [1]
  .text              ro code   0x800'34d4    0x1c  iwdg_cfg.o [1]
  .text              ro code   0x800'34f0   0x14e  crc_cfg.o [1]
  .text              ro code   0x800'3640   0x1d0  gpio_cfg.o [1]
  .text              ro code   0x800'3810    0x44  stm32f4xx_ll_crc.o [1]
  .text              ro code   0x800'3854   0x540  ads1256_cfg.o [1]
  .text              ro code   0x800'3d94    0x74  spi_task.o [1]
  .text              ro code   0x800'3e08    0x74  spi_lib.o [1]
  .text              ro code   0x800'3e7c   0x526  spi_cfg.o [1]
  .text              ro code   0x800'43a4   0x11c  stm32f4xx_ll_spi.o [1]
  .text              ro code   0x800'44c0   0x484  main.o [1]
  .text              ro code   0x800'4944    0x5e  stm32_cfg.o [1]
  .text              ro code   0x800'49a4     0xc  stm32f4xx_ll_utils.o [1]
  .text              ro code   0x800'49b0    0x74  my_malloc.o [1]
  .text              ro code   0x800'4a24    0x38  systick_task.o [1]
  .text              ro code   0x800'4a5c    0x24  ads1256_task.o [1]
  .text              ro code   0x800'4a80    0x18  delay_task.o [1]
  .text              ro code   0x800'4a98   0x1b0  usart_task.o [1]
  .text              ro code   0x800'4c48    0x10  rtc_task.o [1]
  .text              ro code   0x800'4c58    0x66  ABImemset.o [4]
  .text              ro code   0x800'4cbe    0x38  systick_lib.o [1]
  .text              ro code   0x800'4cf6    0x24  ads1256_lib.o [1]
  .text              ro code   0x800'4d1a    0x18  delay_lib.o [1]
  .text              ro code   0x800'4d32   0x136  usart_lib.o [1]
  .text              ro code   0x800'4e68    0x10  rtc_lib.o [1]
  .text              ro code   0x800'4e78   0x28c  systick_cfg.o [1]
  .text              ro code   0x800'5104    0x50  delay_cfg.o [1]
  .text              ro code   0x800'5154   0x114  rtc_cfg.o [1]
  .text              ro code   0x800'5268   0x234  stm32f4xx_it.o [1]
  .text              ro code   0x800'549c    0x10  css_task.o [1]
  .text              ro code   0x800'54ac     0x8  decode_task.o [1]
  .text              ro code   0x800'54b4     0x8  pvd_task.o [1]
  .text              ro code   0x800'54bc    0x10  css_lib.o [1]
  .text              ro code   0x800'54cc     0x8  decode_lib.o [1]
  .text              ro code   0x800'54d4     0x8  pvd_lib.o [1]
  .text              ro code   0x800'54dc    0xb4  css_cfg.o [1]
  .text              ro code   0x800'5590   0x104  decode_cfg.o [1]
  .text              ro code   0x800'5694     0x2  pvd_cfg.o [1]
  .rodata            const     0x800'5698   0x200  crc_cfg.o [1]
  .rodata            const     0x800'5898   0x100  crc_cfg.o [1]
  .rodata            const     0x800'5998   0x100  crc_cfg.o [1]
  .text              ro code   0x800'5a98    0x60  system_stm32f4xx.o [1]
  .rodata            const     0x800'5af8    0x54  main.o [1]
  .text              ro code   0x800'5b4c    0x2c  copy_init3.o [4]
  .text              ro code   0x800'5b78    0x28  data_init.o [4]
  .text              ro code   0x800'5ba0    0x22  fpinit_M.o [3]
  .iar.init_table    const     0x800'5bc4    0x24  - Linker created -
  .rodata            const     0x800'5be8    0x20  usart_cfg.o [1]
  .rodata            const     0x800'5c08    0x20  usart_cfg.o [1]
  .rodata            const     0x800'5c28    0x20  usart_task.o [1]
  .text              ro code   0x800'5c48    0x1e  cmain.o [4]
  .text              ro code   0x800'5c66     0x4  low_level_init.o [2]
  .text              ro code   0x800'5c6a     0x4  exit.o [2]
  .text              ro code   0x800'5c70     0xa  cexit.o [4]
  .rodata            const     0x800'5c7c    0x18  usart_cfg.o [1]
  .text              ro code   0x800'5c94    0x18  stm32f4xx_hal.o [1]
  .rodata            const     0x800'5cac    0x10  rtc_cfg.o [1]
  .rodata            const     0x800'5cbc    0x10  system_stm32f4xx.o [1]
  .text              ro code   0x800'5ccc    0x10  startup_stm32f407xx.o [1]
  .text              ro code   0x800'5cdc     0xc  cstartup_M.o [4]
  .rodata            const     0x800'5ce8     0x8  stm32f4xx_it.o [1]
  .rodata            const     0x800'5cf0     0x8  system_stm32f4xx.o [1]
  .rodata            const     0x800'5cf8     0x6  xlocale_c.o [2]
  .rodata            const     0x800'5d00     0x4  my_malloc.o [1]
  .rodata            const     0x800'5d04     0x4  my_malloc.o [1]
  .text              ro code   0x800'5d08     0x4  startup_stm32f407xx.o [1]
  .text              ro code   0x800'5d0c     0x4  startup_stm32f407xx.o [1]
  .text              ro code   0x800'5d10     0x4  startup_stm32f407xx.o [1]
  .text              ro code   0x800'5d14     0x4  startup_stm32f407xx.o [1]
  .text              ro code   0x800'5d18     0x4  startup_stm32f407xx.o [1]
  .text              ro code   0x800'5d1c     0x4  startup_stm32f407xx.o [1]
  .text              ro code   0x800'5d20     0x4  startup_stm32f407xx.o [1]
  .text              ro code   0x800'5d24     0x4  startup_stm32f407xx.o [1]
  .text              ro code   0x800'5d28     0x4  startup_stm32f407xx.o [1]
  .text              ro code   0x800'5d2c     0x4  startup_stm32f407xx.o [1]
  .text              ro code   0x800'5d30     0x4  startup_stm32f407xx.o [1]
  .text              ro code   0x800'5d34     0x4  startup_stm32f407xx.o [1]
  .text              ro code   0x800'5d38     0x4  startup_stm32f407xx.o [1]
  .text              ro code   0x800'5d3c     0x4  startup_stm32f407xx.o [1]
  .text              ro code   0x800'5d40     0x4  startup_stm32f407xx.o [1]
  .text              ro code   0x800'5d44     0x4  startup_stm32f407xx.o [1]
  .text              ro code   0x800'5d48     0x4  startup_stm32f407xx.o [1]
  .text              ro code   0x800'5d4c     0x4  startup_stm32f407xx.o [1]
  .text              ro code   0x800'5d50     0x4  startup_stm32f407xx.o [1]
  .text              ro code   0x800'5d54     0x4  startup_stm32f407xx.o [1]
  .text              ro code   0x800'5d58     0x4  startup_stm32f407xx.o [1]
  .text              ro code   0x800'5d5c     0x4  startup_stm32f407xx.o [1]
  .text              ro code   0x800'5d60     0x4  startup_stm32f407xx.o [1]
  .text              ro code   0x800'5d64     0x4  startup_stm32f407xx.o [1]
  .text              ro code   0x800'5d68     0x4  startup_stm32f407xx.o [1]
  .text              ro code   0x800'5d6c     0x4  startup_stm32f407xx.o [1]
  .text              ro code   0x800'5d70     0x4  startup_stm32f407xx.o [1]
  .text              ro code   0x800'5d74     0x4  startup_stm32f407xx.o [1]
  .text              ro code   0x800'5d78     0x4  startup_stm32f407xx.o [1]
  .text              ro code   0x800'5d7c     0x4  startup_stm32f407xx.o [1]
  .text              ro code   0x800'5d80     0x4  startup_stm32f407xx.o [1]
  .text              ro code   0x800'5d84     0x4  startup_stm32f407xx.o [1]
  .text              ro code   0x800'5d88     0x4  startup_stm32f407xx.o [1]
  .text              ro code   0x800'5d8c     0x4  startup_stm32f407xx.o [1]
  .text              ro code   0x800'5d90     0x4  startup_stm32f407xx.o [1]
  .text              ro code   0x800'5d94     0x4  startup_stm32f407xx.o [1]
  .text              ro code   0x800'5d98     0x4  startup_stm32f407xx.o [1]
  .text              ro code   0x800'5d9c     0x4  startup_stm32f407xx.o [1]
  .text              ro code   0x800'5da0     0x4  startup_stm32f407xx.o [1]
  .text              ro code   0x800'5da4     0x4  startup_stm32f407xx.o [1]
  .text              ro code   0x800'5da8     0x4  startup_stm32f407xx.o [1]
  .text              ro code   0x800'5dac     0x4  startup_stm32f407xx.o [1]
  .text              ro code   0x800'5db0     0x4  startup_stm32f407xx.o [1]
  .text              ro code   0x800'5db4     0x4  startup_stm32f407xx.o [1]
  .text              ro code   0x800'5db8     0x4  startup_stm32f407xx.o [1]
  .text              ro code   0x800'5dbc     0x4  startup_stm32f407xx.o [1]
  .text              ro code   0x800'5dc0     0x4  startup_stm32f407xx.o [1]
  .text              ro code   0x800'5dc4     0x4  startup_stm32f407xx.o [1]
  .text              ro code   0x800'5dc8     0x4  startup_stm32f407xx.o [1]
  .text              ro code   0x800'5dcc     0x4  startup_stm32f407xx.o [1]
  .text              ro code   0x800'5dd0     0x4  startup_stm32f407xx.o [1]
  .text              ro code   0x800'5dd4     0x4  startup_stm32f407xx.o [1]
  .text              ro code   0x800'5dd8     0x4  startup_stm32f407xx.o [1]
  .text              ro code   0x800'5ddc     0x4  startup_stm32f407xx.o [1]
  .text              ro code   0x800'5de0     0x4  startup_stm32f407xx.o [1]
  .text              ro code   0x800'5de4     0x4  startup_stm32f407xx.o [1]
  .text              ro code   0x800'5de8     0x4  startup_stm32f407xx.o [1]
  .text              ro code   0x800'5dec     0x4  startup_stm32f407xx.o [1]
  .text              ro code   0x800'5df0     0x4  startup_stm32f407xx.o [1]
  .text              ro code   0x800'5df4     0x4  startup_stm32f407xx.o [1]
  .text              ro code   0x800'5df8     0x4  startup_stm32f407xx.o [1]
  .text              ro code   0x800'5dfc     0x4  startup_stm32f407xx.o [1]
  .text              ro code   0x800'5e00     0x4  startup_stm32f407xx.o [1]
  .text              ro code   0x800'5e04     0x4  startup_stm32f407xx.o [1]
  .text              ro code   0x800'5e08     0x4  startup_stm32f407xx.o [1]
  .text              ro code   0x800'5e0c     0x4  startup_stm32f407xx.o [1]
  .text              ro code   0x800'5e10     0x4  startup_stm32f407xx.o [1]
  .text              ro code   0x800'5e14     0x4  startup_stm32f407xx.o [1]
  .text              ro code   0x800'5e18     0x4  startup_stm32f407xx.o [1]
  .text              ro code   0x800'5e1c     0x4  startup_stm32f407xx.o [1]
  .text              ro code   0x800'5e20     0x4  startup_stm32f407xx.o [1]
  .text              ro code   0x800'5e24     0x4  startup_stm32f407xx.o [1]
  .text              ro code   0x800'5e28     0x4  startup_stm32f407xx.o [1]
  .rodata            const     0x800'5e2c     0x0  zero_init3.o [4]
  .rodata            const     0x800'5e2c     0x0  copy_init3.o [4]
  Initializer bytes  const     0x800'5e2c    0xac  <for P4 s0>
                             - 0x800'5ed8  0x5d50

"P3":                                      0x2000
  CSTACK                      0x1000'0000  0x2000  <Block>
    CSTACK           uninit   0x1000'0000  0x2000  <Block tail>
                            - 0x1000'2000  0x2000

"P4", part 1 of 2:                           0xac
  P4 s0                       0x2000'0000    0xac  <Init block>
    .data            inited   0x2000'0000    0x48  xlocale_c.o [2]
    .data            inited   0x2000'0048    0x38  xlocale_c.o [2]
    .data            inited   0x2000'0080    0x14  my_malloc.o [1]
    .data            inited   0x2000'0094     0x4  ads1256_cfg.o [1]
    .data            inited   0x2000'0098     0x4  rtc_cfg.o [1]
    .data            inited   0x2000'009c     0x4  system_stm32f4xx.o [1]
    .data            inited   0x2000'00a0     0x4  systick_cfg.o [1]
    .data            inited   0x2000'00a4     0x4  usart_cfg.o [1]
    .data            inited   0x2000'00a8     0x1  crc_cfg.o [1]
    .data            inited   0x2000'00a9     0x1  stm32f4xx_hal.o [1]
                            - 0x2000'00ac    0xac

"P4", part 2 of 2:                         0x3de8
  .bss               zero     0x2000'00ac  0x2800  my_malloc.o [1]
  .bss               zero     0x2000'28ac   0x70c  usart_task.o [1]
  .bss               zero     0x2000'2fb8   0x70c  usart_task.o [1]
  .bss               zero     0x2000'36c4   0x400  usart_cfg.o [1]
  .bss               zero     0x2000'3ac4   0x280  my_malloc.o [1]
  .bss               zero     0x2000'3d44    0x84  ads1256_cfg.o [1]
  .bss               zero     0x2000'3dc8    0x60  usart_cfg.o [1]
  .bss               zero     0x2000'3e28    0x20  stm32_cfg.o [1]
  .bss               zero     0x2000'3e48    0x14  systick_cfg.o [1]
  .bss               zero     0x2000'3e5c    0x10  decode_cfg.o [1]
  .bss               zero     0x2000'3e6c    0x10  rtc_cfg.o [1]
  .bss               zero     0x2000'3e7c     0x4  ads1256_cfg.o [1]
  .bss               zero     0x2000'3e80     0x4  decode_cfg.o [1]
  .bss               zero     0x2000'3e84     0x4  random_cfg.o [1]
  .bss               zero     0x2000'3e88     0x4  stm32f4xx_hal.o [1]
  .bss               zero     0x2000'3e8c     0x4  xfail_s.o [2]
  .bss               zero     0x2000'3e90     0x1  usart_cfg.o [1]
  .bss               zero     0x2000'3e91     0x1  usart_cfg.o [1]
                            - 0x2000'3e92  0x3de6

Unused ranges:

         From           To      Size
         ----           --      ----
   0x800'5ed8   0x807'ffff  0x7'a128
  0x1000'2000  0x1000'ffff    0xe000
  0x2000'3e94  0x2001'bfff  0x1'816c
  0x2001'c000  0x2001'ffff    0x4000


*******************************************************************************
*** INIT TABLE
***

          Address      Size
          -------      ----
Zero (__iar_zero_init3)
    1 destination range, total size 0x3de6:
          0x2000'00ac  0x3de6

Copy (__iar_copy_init3)
    1 source range, total size 0xac (101% of destination):
           0x800'5e2c    0xac
    1 destination range, total size 0xaa:
          0x2000'0000    0xaa



*******************************************************************************
*** MODULE SUMMARY
***

    Module                 ro code  ro data  rw data
    ------                 -------  -------  -------
command line/config:
    ------------------------------------------------
    Total:

K:\STM32_MCU\STM32F407\STM32F407VET6\STM32F407VET6Project\EWARM\STM32F407VET6Project\Obj: [1]
    ads1256_cfg.o            1 344        4      140
    ads1256_lib.o               36
    ads1256_task.o              36
    crc_cfg.o                  334    1 025        1
    crc_lib.o                   86
    crc_task.o                  86
    css_cfg.o                  180
    css_lib.o                   16
    css_task.o                  16
    decode_cfg.o               260                20
    decode_lib.o                 8
    decode_task.o                8
    delay_cfg.o                 80
    delay_lib.o                 24
    delay_task.o                24
    gpio_cfg.o                 464
    gpio_lib.o                  26
    gpio_task.o                 26
    iwdg_cfg.o                  28
    iwdg_lib.o                   8
    iwdg_task.o                  8
    main.o                   1 156       84
    my_malloc.o                116       28   10 900
    pvd_cfg.o                    2
    pvd_lib.o                    8
    pvd_task.o                   8
    random_cfg.o                                   4
    rtc_cfg.o                  276       20       20
    rtc_lib.o                   16
    rtc_task.o                  16
    spi_cfg.o                1 318
    spi_lib.o                  116
    spi_task.o                 116
    startup_stm32f407xx.o      700
    stm32_cfg.o                 94                32
    stm32f4xx_hal.o             24        1        5
    stm32f4xx_it.o             564        8
    stm32f4xx_ll_crc.o          68
    stm32f4xx_ll_gpio.o        410
    stm32f4xx_ll_rcc.o         336
    stm32f4xx_ll_spi.o         284
    stm32f4xx_ll_usart.o       716
    stm32f4xx_ll_utils.o        12
    system_stm32f4xx.o          96       28        4
    systick_cfg.o              652        4       24
    systick_lib.o               56
    systick_task.o              56
    usart_cfg.o              3 880       92    1 126
    usart_lib.o                310
    usart_task.o               432       32    3 608
    ------------------------------------------------
    Total:                  14 936    1 326   15 884

dl7M_tlf.a: [2]
    abort.o                      6
    exit.o                       4
    low_level_init.o             4
    vsnprint.o                  60
    xencoding_8859_1.o          30
    xfail_s.o                   64                 4
    xlocale_c.o                120      134      128
    xmbcurmax.o                 10
    xprintffull.o            3 910
    xsnprout.o                  26
    ------------------------------------------------
    Total:                   4 234      134      132

m7M_tls.a: [3]
    DblAdd.o                   362
    DblCmpGe.o                  46
    DblCmpLe.o                  46
    DblDiv.o                   582
    DblMul.o                   418
    DblSub.o                   226
    DblToS32.o                  58
    DblToU32.o                  40
    S32ToDbl.o                  34
    U32ToDbl.o                  26
    fpinit_M.o                  34
    frexp.o                    112
    ldexp.o                    314
    ------------------------------------------------
    Total:                   2 298

rt7M_tl.a: [4]
    ABImemclr4.o                 6
    ABImemcpy.o                166
    ABImemset.o                102
    ABImemset48.o               50
    I64DivMod.o                560
    I64DivZer.o                  2
    cexit.o                     10
    cmain.o                     30
    copy_init3.o                44
    cstartup_M.o                12
    data_init.o                 40
    memchr.o                    88
    strchr.o                    22
    strlen.o                    54
    zero_init3.o                58
    ------------------------------------------------
    Total:                   1 244

shb_l.a: [5]
    exit.o                      20
    ------------------------------------------------
    Total:                      20

    Gaps                        42        8
    Linker created                       38    8 192
----------------------------------------------------
    Grand Total:            22 774    1 506   24 208


*******************************************************************************
*** ENTRY LIST
***

Entry                       Address    Size  Type      Object
-----                       -------    ----  ----      ------
.iar.init_table$$Base    0x800'5bc4           --   Gb  - Linker created -
.iar.init_table$$Limit   0x800'5be8           --   Gb  - Linker created -
?main                    0x800'5c49          Code  Gb  cmain.o [4]
ADS1256Lib_SPI_Init      0x800'4cf7    0x24  Code  Gb  ads1256_lib.o [1]
ADS1256Task_SPI_Init     0x800'4a5d    0x24  Code  Gb  ads1256_task.o [1]
ADS1256_SPI_Device0_Init
                         0x800'3871    0xbe  Code  Gb  ads1256_cfg.o [1]
ADS1256_SPI_Device1_Init
                         0x800'392f     0x2  Code  Gb  ads1256_cfg.o [1]
ADS1256_SPI_Device2_Init
                         0x800'3931     0x2  Code  Gb  ads1256_cfg.o [1]
ADS1256_SPI_HW_Init      0x800'3933    0x8a  Code  Gb  ads1256_cfg.o [1]
ADS1256_SPI_HW_SendCmd   0x800'3b95    0x18  Code  Gb  ads1256_cfg.o [1]
ADS1256_SPI_Init         0x800'39ef    0xa8  Code  Gb  ads1256_cfg.o [1]
ADS1256_SPI_ReadChipID   0x800'3d2b    0x28  Code  Gb  ads1256_cfg.o [1]
ADS1256_SPI_ReadDRate    0x800'3d53    0x12  Code  Gb  ads1256_cfg.o [1]
ADS1256_SPI_ReadReg      0x800'3c27    0x82  Code  Gb  ads1256_cfg.o [1]
ADS1256_SPI_SEND_CMD    0x2000'3e7c     0x4  Data  Gb  ads1256_cfg.o [1]
ADS1256_SPI_SW_Init      0x800'39bd    0x32  Code  Gb  ads1256_cfg.o [1]
ADS1256_SPI_SW_SendCmd   0x800'3b7d    0x18  Code  Gb  ads1256_cfg.o [1]
ADS1256_SPI_SetDRate     0x800'3d65    0x14  Code  Gb  ads1256_cfg.o [1]
ADS1256_SPI_SoftReset    0x800'3ce9    0x42  Code  Gb  ads1256_cfg.o [1]
ADS1256_SPI_WaitDRDY     0x800'3a97    0xe4  Code  Gb  ads1256_cfg.o [1]
ADS1256_SPI_WriteCmd     0x800'3ca9    0x40  Code  Gb  ads1256_cfg.o [1]
ADS1256_SPI_WriteReg     0x800'3bad    0x7a  Code  Gb  ads1256_cfg.o [1]
AHBPrescTable            0x800'5cbc    0x10  Data  Gb  system_stm32f4xx.o [1]
APBPrescTable            0x800'5cf0     0x8  Data  Gb  system_stm32f4xx.o [1]
BusFault_Handler         0x800'534d     0x2  Code  Gb  stm32f4xx_it.o [1]
CRCLib_CRC16             0x800'3301    0x10  Code  Gb  crc_lib.o [1]
CRCLib_CRC32             0x800'32f1    0x10  Code  Gb  crc_lib.o [1]
CRCLib_CRC8              0x800'3311    0x16  Code  Gb  crc_lib.o [1]
CRCLib_CheckSum          0x800'3327    0x10  Code  Gb  crc_lib.o [1]
CRCLib_Enable            0x800'32e9     0x8  Code  Gb  crc_lib.o [1]
CRCLib_Init              0x800'32e1     0x8  Code  Gb  crc_lib.o [1]
CRCTask_CRC16            0x800'2dd9    0x10  Code  Gb  crc_task.o [1]
CRCTask_CRC32            0x800'2dc9    0x10  Code  Gb  crc_task.o [1]
CRCTask_CRC8             0x800'2de9    0x16  Code  Gb  crc_task.o [1]
CRCTask_CheckSum         0x800'2dff    0x10  Code  Gb  crc_task.o [1]
CRCTask_Enable           0x800'2dc1     0x8  Code  Gb  crc_task.o [1]
CRCTask_Init             0x800'2db9     0x8  Code  Gb  crc_task.o [1]
CRC_CRC16_Table          0x800'3591    0x32  Code  Gb  crc_cfg.o [1]
CRC_CRC32_CRC            0x800'3581    0x10  Code  Gb  crc_cfg.o [1]
CRC_CRC32_HWCRC          0x800'354f    0x32  Code  Gb  crc_cfg.o [1]
CRC_CRC32_HWReSet        0x800'3545     0xa  Code  Gb  crc_cfg.o [1]
CRC_CRC8_Table           0x800'35c3    0x44  Code  Gb  crc_cfg.o [1]
CRC_CheckSum             0x800'3621    0x1e  Code  Gb  crc_cfg.o [1]
CRC_DeInit               0x800'352f    0x10  Code  Gb  crc_cfg.o [1]
CRC_Enable               0x800'353f     0x6  Code  Gb  crc_cfg.o [1]
CRC_Init                 0x800'3519    0x16  Code  Gb  crc_cfg.o [1]
CSSLib_NMI_IRQ           0x800'54bd     0x8  Code  Gb  css_lib.o [1]
CSSLib_RCC_IRQ           0x800'54c5     0x8  Code  Gb  css_lib.o [1]
CSSTask_NMI_IRQ          0x800'549d     0x8  Code  Gb  css_task.o [1]
CSSTask_RCC_IRQ          0x800'54a5     0x8  Code  Gb  css_task.o [1]
CSS_NMI_IRQ              0x800'555d    0x18  Code  Gb  css_cfg.o [1]
CSS_RCC_IRQ              0x800'5575    0x1c  Code  Gb  css_cfg.o [1]
CSTACK$$Base            0x1000'0000           --   Gb  - Linker created -
CSTACK$$Limit           0x1000'2000           --   Gb  - Linker created -
CacheMore                0x800'110d    0x24  Code  Lc  xlocale_c.o [2]
DMA2_Stream0_IRQHandler
                         0x800'5427    0x18  Code  Gb  stm32f4xx_it.o [1]
DMA2_Stream1_IRQHandler
                         0x800'543f    0x18  Code  Gb  stm32f4xx_it.o [1]
DebugMon_Handler         0x800'5353     0x2  Code  Gb  stm32f4xx_it.o [1]
DecodeLib_IRQTask        0x800'54cd     0x8  Code  Gb  decode_lib.o [1]
DecodeTask_IRQTask       0x800'54ad     0x8  Code  Gb  decode_task.o [1]
Decode_IRQTask           0x800'55e9    0xa4  Code  Gb  decode_cfg.o [1]
DelayLib_ms              0x800'4d1b     0xc  Code  Gb  delay_lib.o [1]
DelayNLib_us             0x800'4d27     0xc  Code  Gb  delay_lib.o [1]
DelayN_ms                0x800'5135    0x20  Code  Gb  delay_cfg.o [1]
DelayN_us                0x800'5125    0x10  Code  Gb  delay_cfg.o [1]
DelayTask_ms             0x800'4a8d     0xc  Code  Gb  delay_task.o [1]
DelayTask_us             0x800'4a81     0xc  Code  Gb  delay_task.o [1]
Delay_ms                 0x800'5105    0x20  Code  Gb  delay_cfg.o [1]
GPIOLib_Clock            0x800'3337    0x12  Code  Gb  gpio_lib.o [1]
GPIOLib_Init             0x800'3349     0x8  Code  Gb  gpio_lib.o [1]
GPIOTask_Clock           0x800'2e4d    0x12  Code  Gb  gpio_task.o [1]
GPIOTask_Init            0x800'2e5f     0x8  Code  Gb  gpio_task.o [1]
GPIO_Clock               0x800'3677   0x11a  Code  Gb  gpio_cfg.o [1]
GPIO_Init                0x800'3791    0x54  Code  Gb  gpio_cfg.o [1]
HAL_IncTick              0x800'5c95    0x18  Code  Wk  stm32f4xx_hal.o [1]
HASH_RNG_IRQHandler      0x800'53e1    0x46  Code  Gb  stm32f4xx_it.o [1]
HardFault_ErrIRQ         0x800'4991    0x12  Code  Gb  stm32_cfg.o [1]
HardFault_ErrMsg         0x800'494d    0x3e  Code  Gb  stm32_cfg.o [1]
HardFault_Handler        0x800'5343     0x8  Code  Gb  stm32f4xx_it.o [1]
IWDGLib_Reset            0x800'32d9     0x8  Code  Gb  iwdg_lib.o [1]
IWDGTask_Reset           0x800'2db1     0x8  Code  Gb  iwdg_task.o [1]
IWDG_Reset               0x800'34dd     0xc  Code  Gb  iwdg_cfg.o [1]
LL_AHB1_GRP1_DisableClock
                         0x800'3657     0xa  Code  Lc  gpio_cfg.o [1]
LL_AHB1_GRP1_EnableClock
                         0x800'34f1    0x16  Code  Lc  crc_cfg.o [1]
LL_AHB1_GRP1_EnableClock
                         0x800'3641    0x16  Code  Lc  gpio_cfg.o [1]
LL_AHB1_GRP1_ForceReset
                         0x800'3811     0xa  Code  Lc  stm32f4xx_ll_crc.o [1]
LL_AHB1_GRP1_ReleaseReset
                         0x800'381b     0xa  Code  Lc  stm32f4xx_ll_crc.o [1]
LL_APB1_GRP1_DisableClock
                         0x800'3e95     0xc  Code  Lc  spi_cfg.o [1]
LL_APB1_GRP1_DisableClock
                         0x800'1f3d     0xc  Code  Lc  usart_cfg.o [1]
LL_APB1_GRP1_EnableClock
                         0x800'3e7d    0x18  Code  Lc  spi_cfg.o [1]
LL_APB1_GRP1_EnableClock
                         0x800'1f25    0x18  Code  Lc  usart_cfg.o [1]
LL_APB1_GRP1_ForceReset
                         0x800'43b7     0xa  Code  Lc  stm32f4xx_ll_spi.o [1]
LL_APB1_GRP1_ForceReset
                         0x800'3145     0xa  Code  Lc  stm32f4xx_ll_usart.o [1]
LL_APB1_GRP1_ReleaseReset
                         0x800'43c1     0xa  Code  Lc  stm32f4xx_ll_spi.o [1]
LL_APB1_GRP1_ReleaseReset
                         0x800'314f     0xa  Code  Lc  stm32f4xx_ll_usart.o [1]
LL_APB2_GRP1_DisableClock
                         0x800'3eb9     0xc  Code  Lc  spi_cfg.o [1]
LL_APB2_GRP1_DisableClock
                         0x800'1f61     0xc  Code  Lc  usart_cfg.o [1]
LL_APB2_GRP1_EnableClock
                         0x800'3661    0x16  Code  Lc  gpio_cfg.o [1]
LL_APB2_GRP1_EnableClock
                         0x800'3ea1    0x18  Code  Lc  spi_cfg.o [1]
LL_APB2_GRP1_EnableClock
                         0x800'1f49    0x18  Code  Lc  usart_cfg.o [1]
LL_APB2_GRP1_ForceReset
                         0x800'43cb     0xa  Code  Lc  stm32f4xx_ll_spi.o [1]
LL_APB2_GRP1_ForceReset
                         0x800'3159     0xa  Code  Lc  stm32f4xx_ll_usart.o [1]
LL_APB2_GRP1_ReleaseReset
                         0x800'43d5     0xa  Code  Lc  stm32f4xx_ll_spi.o [1]
LL_APB2_GRP1_ReleaseReset
                         0x800'3163     0xa  Code  Lc  stm32f4xx_ll_usart.o [1]
LL_CRC_DeInit            0x800'3825    0x28  Code  Gb  stm32f4xx_ll_crc.o [1]
LL_CRC_FeedData32        0x800'3511     0x4  Code  Lc  crc_cfg.o [1]
LL_CRC_ReadData32        0x800'3515     0x4  Code  Lc  crc_cfg.o [1]
LL_CRC_ResetCRCCalculationUnit
                         0x800'3507     0xa  Code  Lc  crc_cfg.o [1]
LL_DMA_IsActiveFlag_TC0
                         0x800'5269     0xa  Code  Lc  stm32f4xx_it.o [1]
LL_DMA_IsEnabledIT_TC    0x800'5273    0x10  Code  Lc  stm32f4xx_it.o [1]
LL_EXTI_ClearFlag_0_31   0x800'5283     0x6  Code  Lc  stm32f4xx_it.o [1]
LL_FLASH_EnableDataCache
                         0x800'46d1     0xc  Code  Lc  main.o [1]
LL_FLASH_EnableInstCache
                         0x800'46c5     0xc  Code  Lc  main.o [1]
LL_FLASH_EnablePrefetch
                         0x800'46b9     0xc  Code  Lc  main.o [1]
LL_FLASH_GetLatency      0x800'46af     0xa  Code  Lc  main.o [1]
LL_FLASH_SetLatency      0x800'46a1     0xe  Code  Lc  main.o [1]
LL_GPIO_Init             0x800'2f71    0x9a  Code  Gb  stm32f4xx_ll_gpio.o [1]
LL_GPIO_IsInputPinSet    0x800'3855    0x12  Code  Lc  ads1256_cfg.o [1]
LL_GPIO_IsInputPinSet    0x800'3ec5    0x12  Code  Lc  spi_cfg.o [1]
LL_GPIO_ResetOutputPin   0x800'386b     0x6  Code  Lc  ads1256_cfg.o [1]
LL_GPIO_ResetOutputPin   0x800'3edb     0x6  Code  Lc  spi_cfg.o [1]
LL_GPIO_ResetOutputPin   0x800'1f9f     0x6  Code  Lc  usart_cfg.o [1]
LL_GPIO_SetAFPin_0_7     0x800'2f0d    0x2e  Code  Lc  stm32f4xx_ll_gpio.o [1]
LL_GPIO_SetAFPin_8_15    0x800'2f3b    0x36  Code  Lc  stm32f4xx_ll_gpio.o [1]
LL_GPIO_SetOutputPin     0x800'3867     0x4  Code  Lc  ads1256_cfg.o [1]
LL_GPIO_SetOutputPin     0x800'3ed7     0x4  Code  Lc  spi_cfg.o [1]
LL_GPIO_SetOutputPin     0x800'1f9b     0x4  Code  Lc  usart_cfg.o [1]
LL_GPIO_SetPinMode       0x800'2e71    0x2e  Code  Lc  stm32f4xx_ll_gpio.o [1]
LL_GPIO_SetPinMode       0x800'1f6d    0x2e  Code  Lc  usart_cfg.o [1]
LL_GPIO_SetPinOutputType
                         0x800'2e9f    0x12  Code  Lc  stm32f4xx_ll_gpio.o [1]
LL_GPIO_SetPinPull       0x800'2edf    0x2e  Code  Lc  stm32f4xx_ll_gpio.o [1]
LL_GPIO_SetPinSpeed      0x800'2eb1    0x2e  Code  Lc  stm32f4xx_ll_gpio.o [1]
LL_IWDG_ReloadCounter    0x800'34d5     0x8  Code  Lc  iwdg_cfg.o [1]
LL_InitTick              0x800'4f13    0x18  Code  Lc  systick_cfg.o [1]
LL_PWR_EnableBkUpAccess
                         0x800'458f     0xc  Code  Lc  main.o [1]
LL_PWR_IsActiveFlag_PVDO
                         0x800'5289     0xc  Code  Lc  stm32f4xx_it.o [1]
LL_PWR_SetRegulVoltageScaling
                         0x800'457f    0x10  Code  Lc  main.o [1]
LL_RCC_ClearFlag_HSECSS
                         0x800'550f     0xc  Code  Lc  css_cfg.o [1]
LL_RCC_ClearFlag_HSERDY
                         0x800'5503     0xc  Code  Lc  css_cfg.o [1]
LL_RCC_DisableIT_HSERDY
                         0x800'553f     0xc  Code  Lc  css_cfg.o [1]
LL_RCC_EnableIT_HSERDY   0x800'5533     0xc  Code  Lc  css_cfg.o [1]
LL_RCC_EnableRTC         0x800'461b     0xc  Code  Lc  main.o [1]
LL_RCC_ForceBackupDomainReset
                         0x800'4627     0xc  Code  Lc  main.o [1]
LL_RCC_GetAHBPrescaler   0x800'338f     0xa  Code  Lc  stm32f4xx_ll_rcc.o [1]
LL_RCC_GetAPB1Prescaler
                         0x800'3399     0xa  Code  Lc  stm32f4xx_ll_rcc.o [1]
LL_RCC_GetAPB2Prescaler
                         0x800'33a3     0xa  Code  Lc  stm32f4xx_ll_rcc.o [1]
LL_RCC_GetSysClkSource   0x800'45d9     0xa  Code  Lc  main.o [1]
LL_RCC_GetSysClkSource   0x800'3385     0xa  Code  Lc  stm32f4xx_ll_rcc.o [1]
LL_RCC_GetSystemClocksFreq
                         0x800'33d5    0x24  Code  Gb  stm32f4xx_ll_rcc.o [1]
LL_RCC_HSE_Enable        0x800'54f7     0xc  Code  Lc  css_cfg.o [1]
LL_RCC_HSE_Enable        0x800'459b     0xc  Code  Lc  main.o [1]
LL_RCC_HSE_IsReady       0x800'45a7     0xc  Code  Lc  main.o [1]
LL_RCC_IsActiveFlag_HSECSS
                         0x800'5527     0xc  Code  Lc  css_cfg.o [1]
LL_RCC_IsActiveFlag_HSERDY
                         0x800'551b     0xc  Code  Lc  css_cfg.o [1]
LL_RCC_LSI_Enable        0x800'45b3     0xc  Code  Lc  main.o [1]
LL_RCC_LSI_IsReady       0x800'45bf     0xc  Code  Lc  main.o [1]
LL_RCC_PLL_ConfigDomain_48M
                         0x800'4687    0x1a  Code  Lc  main.o [1]
LL_RCC_PLL_ConfigDomain_SYS
                         0x800'4665    0x22  Code  Lc  main.o [1]
LL_RCC_PLL_Enable        0x800'464d     0xc  Code  Lc  main.o [1]
LL_RCC_PLL_GetDivider    0x800'33cb     0xa  Code  Lc  stm32f4xx_ll_rcc.o [1]
LL_RCC_PLL_GetMainSource
                         0x800'33ad     0xa  Code  Lc  stm32f4xx_ll_rcc.o [1]
LL_RCC_PLL_GetN          0x800'33b7     0xa  Code  Lc  stm32f4xx_ll_rcc.o [1]
LL_RCC_PLL_GetP          0x800'33c1     0xa  Code  Lc  stm32f4xx_ll_rcc.o [1]
LL_RCC_PLL_IsReady       0x800'4659     0xc  Code  Lc  main.o [1]
LL_RCC_ReleaseBackupDomainReset
                         0x800'4633     0xc  Code  Lc  main.o [1]
LL_RCC_SetAHBPrescaler   0x800'45e3     0xe  Code  Lc  main.o [1]
LL_RCC_SetAPB1Prescaler
                         0x800'45f1     0xe  Code  Lc  main.o [1]
LL_RCC_SetAPB2Prescaler
                         0x800'45ff     0xe  Code  Lc  main.o [1]
LL_RCC_SetRTCClockSource
                         0x800'460d     0xe  Code  Lc  main.o [1]
LL_RCC_SetRTC_HSEPrescaler
                         0x800'463f     0xe  Code  Lc  main.o [1]
LL_RCC_SetSysClkSource   0x800'45cb     0xe  Code  Lc  main.o [1]
LL_RNG_ClearFlag_CEIS    0x800'52c5     0x8  Code  Lc  stm32f4xx_it.o [1]
LL_RNG_ClearFlag_SEIS    0x800'52cd     0x8  Code  Lc  stm32f4xx_it.o [1]
LL_RNG_Disable           0x800'529f     0xa  Code  Lc  stm32f4xx_it.o [1]
LL_RNG_Enable            0x800'5295     0xa  Code  Lc  stm32f4xx_it.o [1]
LL_RNG_IsActiveFlag_CEIS
                         0x800'52b1     0xa  Code  Lc  stm32f4xx_it.o [1]
LL_RNG_IsActiveFlag_DRDY
                         0x800'52a9     0x8  Code  Lc  stm32f4xx_it.o [1]
LL_RNG_IsActiveFlag_SEIS
                         0x800'52bb     0xa  Code  Lc  stm32f4xx_it.o [1]
LL_RNG_ReadRandData32    0x800'52d5     0x4  Code  Lc  stm32f4xx_it.o [1]
LL_SPI_DeInit            0x800'43df    0x5a  Code  Gb  stm32f4xx_ll_spi.o [1]
LL_SPI_Enable            0x800'3ee1     0xa  Code  Lc  spi_cfg.o [1]
LL_SPI_Init              0x800'4439    0x6e  Code  Gb  stm32f4xx_ll_spi.o [1]
LL_SPI_IsActiveFlag_RXNE
                         0x800'3ef7     0x8  Code  Lc  spi_cfg.o [1]
LL_SPI_IsActiveFlag_TXE
                         0x800'3eff     0xa  Code  Lc  spi_cfg.o [1]
LL_SPI_IsEnabled         0x800'43a5     0xa  Code  Lc  stm32f4xx_ll_spi.o [1]
LL_SPI_ReceiveData8      0x800'3f09     0x6  Code  Lc  spi_cfg.o [1]
LL_SPI_SetCRCPolynomial
                         0x800'43af     0x8  Code  Lc  stm32f4xx_ll_spi.o [1]
LL_SPI_SetStandard       0x800'3eeb     0xc  Code  Lc  spi_cfg.o [1]
LL_SPI_TransmitData8     0x800'3f0f     0x4  Code  Lc  spi_cfg.o [1]
LL_SYSTICK_SetClkSource
                         0x800'455f    0x20  Code  Lc  main.o [1]
LL_SetSystemCoreClock    0x800'49a5     0x6  Code  Gb  stm32f4xx_ll_utils.o [1]
LL_TIM_ClearFlag_CC1     0x800'55a1     0x8  Code  Lc  decode_cfg.o [1]
LL_TIM_ClearFlag_CC2     0x800'55b3     0x8  Code  Lc  decode_cfg.o [1]
LL_TIM_ClearFlag_CC3     0x800'55c5     0x8  Code  Lc  decode_cfg.o [1]
LL_TIM_ClearFlag_CC4     0x800'55d7     0x8  Code  Lc  decode_cfg.o [1]
LL_TIM_IC_GetCaptureCH1
                         0x800'5591     0x4  Code  Lc  decode_cfg.o [1]
LL_TIM_IC_GetCaptureCH2
                         0x800'5595     0x4  Code  Lc  decode_cfg.o [1]
LL_TIM_IC_GetCaptureCH3
                         0x800'5599     0x4  Code  Lc  decode_cfg.o [1]
LL_TIM_IC_GetCaptureCH4
                         0x800'559d     0x4  Code  Lc  decode_cfg.o [1]
LL_TIM_IsActiveFlag_CC1
                         0x800'55a9     0xa  Code  Lc  decode_cfg.o [1]
LL_TIM_IsActiveFlag_CC2
                         0x800'55bb     0xa  Code  Lc  decode_cfg.o [1]
LL_TIM_IsActiveFlag_CC3
                         0x800'55cd     0xa  Code  Lc  decode_cfg.o [1]
LL_TIM_IsActiveFlag_CC4
                         0x800'55df     0xa  Code  Lc  decode_cfg.o [1]
LL_USART_ClearFlag_RXNE
                         0x800'52ff     0x8  Code  Lc  stm32f4xx_it.o [1]
LL_USART_ClearFlag_TC    0x800'52f7     0x8  Code  Lc  stm32f4xx_it.o [1]
LL_USART_ClearFlag_TC    0x800'1fd5     0x8  Code  Lc  usart_cfg.o [1]
LL_USART_ConfigAsyncMode
                         0x800'1faf    0x12  Code  Lc  usart_cfg.o [1]
LL_USART_DeInit          0x800'316d    0x98  Code  Gb  stm32f4xx_ll_usart.o [1]
LL_USART_DisableIT_TC    0x800'1ffb     0xa  Code  Lc  usart_cfg.o [1]
LL_USART_DisableIT_TXE   0x800'2005     0xa  Code  Lc  usart_cfg.o [1]
LL_USART_Enable          0x800'1fa5     0xa  Code  Lc  usart_cfg.o [1]
LL_USART_EnableIT_RXNE   0x800'1fdd     0xa  Code  Lc  usart_cfg.o [1]
LL_USART_EnableIT_TC     0x800'1fe7     0xa  Code  Lc  usart_cfg.o [1]
LL_USART_EnableIT_TXE    0x800'1ff1     0xa  Code  Lc  usart_cfg.o [1]
LL_USART_Init            0x800'3205    0xac  Code  Gb  stm32f4xx_ll_usart.o [1]
LL_USART_IsActiveFlag_RXNE
                         0x800'52d9     0xa  Code  Lc  stm32f4xx_it.o [1]
LL_USART_IsActiveFlag_TC
                         0x800'52e3     0xa  Code  Lc  stm32f4xx_it.o [1]
LL_USART_IsActiveFlag_TC
                         0x800'1fc1     0xa  Code  Lc  usart_cfg.o [1]
LL_USART_IsActiveFlag_TXE
                         0x800'52ed     0xa  Code  Lc  stm32f4xx_it.o [1]
LL_USART_IsActiveFlag_TXE
                         0x800'1fcb     0xa  Code  Lc  usart_cfg.o [1]
LL_USART_IsEnabled       0x800'300d     0xa  Code  Lc  stm32f4xx_ll_usart.o [1]
LL_USART_IsEnabledIT_RXNE
                         0x800'5307     0xa  Code  Lc  stm32f4xx_it.o [1]
LL_USART_IsEnabledIT_TC
                         0x800'5311     0xa  Code  Lc  stm32f4xx_it.o [1]
LL_USART_IsEnabledIT_TC
                         0x800'200f     0xa  Code  Lc  usart_cfg.o [1]
LL_USART_IsEnabledIT_TXE
                         0x800'531b     0xa  Code  Lc  stm32f4xx_it.o [1]
LL_USART_IsEnabledIT_TXE
                         0x800'2019     0xa  Code  Lc  usart_cfg.o [1]
LL_USART_ReceiveData8    0x800'5325     0x6  Code  Lc  stm32f4xx_it.o [1]
LL_USART_SetBaudRate     0x800'302f   0x116  Code  Lc  stm32f4xx_ll_usart.o [1]
LL_USART_SetHWFlowCtrl   0x800'3023     0xc  Code  Lc  stm32f4xx_ll_usart.o [1]
LL_USART_SetStopBitsLength
                         0x800'3017     0xc  Code  Lc  stm32f4xx_ll_usart.o [1]
LL_USART_TransmitData8   0x800'2023     0x8  Code  Lc  usart_cfg.o [1]
LL_WWDG_ClearFlag_EWKUP
                         0x800'532b     0x8  Code  Lc  stm32f4xx_it.o [1]
LoadInt                  0x800'034b    0x7a  Code  Lc  xprintffull.o [2]
MemManage_Handler        0x800'534b     0x2  Code  Gb  stm32f4xx_it.o [1]
MyMemInit                0x800'49c7    0x24  Code  Gb  my_malloc.o [1]
MyMemset                 0x800'49b1    0x16  Code  Gb  my_malloc.o [1]
MyMemusedRate            0x800'49eb    0x2e  Code  Gb  my_malloc.o [1]
NMI_Handler              0x800'5333     0x8  Code  Gb  stm32f4xx_it.o [1]
NVIC_EncodePriority      0x800'451f    0x40  Code  Lc  main.o [1]
NVIC_EncodePriority      0x800'4ed3    0x40  Code  Lc  systick_cfg.o [1]
NVIC_EncodePriority      0x800'1ee5    0x40  Code  Lc  usart_cfg.o [1]
NVIC_Init                0x800'479d    0x8e  Code  Gb  main.o [1]
PVDLib_IRQTask           0x800'54d5     0x8  Code  Gb  pvd_lib.o [1]
PVDTask_IRQTask          0x800'54b5     0x8  Code  Gb  pvd_task.o [1]
PVD_IRQHandler           0x800'5485    0x18  Code  Gb  stm32f4xx_it.o [1]
PVD_IRQTask              0x800'5695     0x2  Code  Gb  pvd_cfg.o [1]
PendSV_Handler           0x800'5355     0x2  Code  Gb  stm32f4xx_it.o [1]
RCC_GetHCLKClockFreq     0x800'3423    0x16  Code  Gb  stm32f4xx_ll_rcc.o [1]
RCC_GetPCLK1ClockFreq    0x800'3439    0x14  Code  Gb  stm32f4xx_ll_rcc.o [1]
RCC_GetPCLK2ClockFreq    0x800'344d    0x14  Code  Gb  stm32f4xx_ll_rcc.o [1]
RCC_GetSystemClockFreq   0x800'33f9    0x2a  Code  Gb  stm32f4xx_ll_rcc.o [1]
RCC_IRQHandler           0x800'533b     0x8  Code  Gb  stm32f4xx_it.o [1]
RCC_PLL_GetFreqDomain_SYS
                         0x800'3461    0x5a  Code  Gb  stm32f4xx_ll_rcc.o [1]
Region$$Table$$Base      0x800'5bc4           --   Gb  - Linker created -
Region$$Table$$Limit     0x800'5be8           --   Gb  - Linker created -
SPILib_DeInit            0x800'3e45     0xc  Code  Gb  spi_lib.o [1]
SPILib_MHW_GPIO_Init     0x800'3e2d     0xc  Code  Gb  spi_lib.o [1]
SPILib_MHW_PollMode_Init
                         0x800'3e09    0x24  Code  Gb  spi_lib.o [1]
SPILib_MHW_PollMode_WriteByte
                         0x800'3e51    0x16  Code  Gb  spi_lib.o [1]
SPILib_MSW_GPIO_Init     0x800'3e39     0xc  Code  Gb  spi_lib.o [1]
SPILib_MSW_SendByteMSB   0x800'3e67    0x16  Code  Gb  spi_lib.o [1]
SPITask_DeInit           0x800'3dd1     0xc  Code  Gb  spi_task.o [1]
SPITask_MHW_GPIO_Init    0x800'3db9     0xc  Code  Gb  spi_task.o [1]
SPITask_MHW_PollMode_Init
                         0x800'3d95    0x24  Code  Gb  spi_task.o [1]
SPITask_MHW_PollMode_WriteByte
                         0x800'3ddd    0x16  Code  Gb  spi_task.o [1]
SPITask_MSW_GPIO_Init    0x800'3dc5     0xc  Code  Gb  spi_task.o [1]
SPITask_MSW_SendByteMSB
                         0x800'3df3    0x16  Code  Gb  spi_task.o [1]
SPI_Clock                0x800'4115    0x74  Code  Gb  spi_cfg.o [1]
SPI_DeInit               0x800'40f5    0x20  Code  Gb  spi_cfg.o [1]
SPI_GPIO_DeInit          0x800'407d    0x78  Code  Gb  spi_cfg.o [1]
SPI_MHW_GPIO_Init        0x800'3f45    0x9c  Code  Gb  spi_cfg.o [1]
SPI_MHW_PollMode_Init    0x800'3f13    0x32  Code  Gb  spi_cfg.o [1]
SPI_MHW_PollMode_WriteByte
                         0x800'4189    0xda  Code  Gb  spi_cfg.o [1]
SPI_MSW_BitMSB           0x800'427d    0x3a  Code  Gb  spi_cfg.o [1]
SPI_MSW_GPIO_Init        0x800'3fe1    0x9c  Code  Gb  spi_cfg.o [1]
SPI_MSW_SendBitMSB       0x800'42b7    0x96  Code  Gb  spi_cfg.o [1]
SPI_MSW_SendByteMSB      0x800'434d    0x56  Code  Gb  spi_cfg.o [1]
STREAM_OFFSET_TAB        0x800'5ce8     0x8  Data  Lc  stm32f4xx_it.o [1]
SVC_Handler              0x800'5351     0x2  Code  Gb  stm32f4xx_it.o [1]
SysRTCLib_SoftBuildHandle
                         0x800'4e69    0x10  Code  Gb  rtc_lib.o [1]
SysRTCTask_SoftBuildHandle
                         0x800'4c49    0x10  Code  Gb  rtc_task.o [1]
SysRTC_SoftBuildHandle   0x800'5155   0x110  Code  Gb  rtc_cfg.o [1]
SysTickLib_1msIncTick    0x800'4cef     0x8  Code  Gb  systick_lib.o [1]
SysTickLib_DecTick       0x800'4cc7     0xc  Code  Gb  systick_lib.o [1]
SysTickLib_GetTick       0x800'4cd3     0x8  Code  Gb  systick_lib.o [1]
SysTickLib_IRQTick       0x800'4cdb     0x8  Code  Gb  systick_lib.o [1]
SysTickLib_Init          0x800'4cbf     0x8  Code  Gb  systick_lib.o [1]
SysTickLib_WaitusTick    0x800'4ce3     0xc  Code  Gb  systick_lib.o [1]
SysTickTask_1msIncTick   0x800'4a55     0x8  Code  Gb  systick_task.o [1]
SysTickTask_DecTick      0x800'4a2d     0xc  Code  Gb  systick_task.o [1]
SysTickTask_GetTick      0x800'4a39     0x8  Code  Gb  systick_task.o [1]
SysTickTask_IRQTick      0x800'4a41     0x8  Code  Gb  systick_task.o [1]
SysTickTask_Init         0x800'4a25     0x8  Code  Gb  systick_task.o [1]
SysTickTask_WaitusTick   0x800'4a49     0xc  Code  Gb  systick_task.o [1]
SysTick_1msIncTick       0x800'5091    0x42  Code  Gb  systick_cfg.o [1]
SysTick_DecTick          0x800'4fab    0x4a  Code  Gb  systick_cfg.o [1]
SysTick_GetTick          0x800'4ff5     0x8  Code  Gb  systick_cfg.o [1]
SysTick_Handler          0x800'5357     0x8  Code  Gb  stm32f4xx_it.o [1]
SysTick_IRQTick          0x800'4ffd    0x52  Code  Gb  systick_cfg.o [1]
SysTick_Init             0x800'4f61    0x4a  Code  Gb  systick_cfg.o [1]
SysTick_Resume           0x800'4f39     0xe  Code  Gb  systick_cfg.o [1]
SysTick_StructInit       0x800'4f47    0x1a  Code  Gb  systick_cfg.o [1]
SysTick_Suspend          0x800'4f2b     0xe  Code  Gb  systick_cfg.o [1]
SysTick_WaitusTick       0x800'504f    0x42  Code  Gb  systick_cfg.o [1]
Sys_Init                 0x800'482b    0x94  Code  Gb  main.o [1]
SystemClock_Config       0x800'46dd    0xc0  Code  Gb  main.o [1]
SystemCoreClock         0x2000'009c     0x4  Data  Gb  system_stm32f4xx.o [1]
SystemInit               0x800'5a99    0x40  Code  Gb  system_stm32f4xx.o [1]
TIM2_IRQHandler          0x800'547d     0x8  Code  Gb  stm32f4xx_it.o [1]
USART1_IRQHandler        0x800'5369    0x78  Code  Gb  stm32f4xx_it.o [1]
USART1_Init              0x800'2c81    0xf4  Code  Gb  usart_cfg.o [1]
USART1_RX_BUFFER        0x2000'28ac   0x70c  Data  Gb  usart_task.o [1]
USART1_TX_BUFFER        0x2000'2fb8   0x70c  Data  Gb  usart_task.o [1]
USART2_Init              0x800'2da5     0x6  Code  Gb  usart_cfg.o [1]
USART3_Init              0x800'2dab     0x6  Code  Gb  usart_cfg.o [1]
USARTLib_CRCTask_Read    0x800'4e5d     0xc  Code  Gb  usart_lib.o [1]
USARTLib_DeviceID        0x800'4e09     0xc  Code  Gb  usart_lib.o [1]
USARTLib_DeviceInit      0x800'4d9b    0x32  Code  Gb  usart_lib.o [1]
USARTLib_GetReadState    0x800'4dd9     0xc  Code  Gb  usart_lib.o [1]
USARTLib_ITRead_Task     0x800'4df7    0x12  Code  Gb  usart_lib.o [1]
USARTLib_ITWrite_TCTask
                         0x800'4e21     0xc  Code  Gb  usart_lib.o [1]
USARTLib_ITWrite_TXETask
                         0x800'4e15     0xc  Code  Gb  usart_lib.o [1]
USARTLib_Init            0x800'4d33    0x68  Code  Gb  usart_lib.o [1]
USARTLib_ReadInit        0x800'4dcd     0xc  Code  Gb  usart_lib.o [1]
USARTLib_RealTime_AddByte
                         0x800'4e2d    0x12  Code  Gb  usart_lib.o [1]
USARTLib_RealTime_AddByteCRC
                         0x800'4e51     0xc  Code  Gb  usart_lib.o [1]
USARTLib_RealTime_AddByteSize
                         0x800'4e3f    0x12  Code  Gb  usart_lib.o [1]
USARTLib_TimeOVFTask     0x800'4de5    0x12  Code  Gb  usart_lib.o [1]
USARTTask_CRCTask_Read   0x800'4b7d     0xc  Code  Gb  usart_task.o [1]
USARTTask_DeviceID       0x800'4b89     0xc  Code  Gb  usart_task.o [1]
USARTTask_FuncTask       0x800'4b95    0xac  Code  Gb  usart_task.o [1]
USARTTask_GetReadState   0x800'4b09     0xc  Code  Gb  usart_task.o [1]
USARTTask_ITRead_Task    0x800'4b23    0x12  Code  Gb  usart_task.o [1]
USARTTask_ITWrite_TCTask
                         0x800'4b41     0xc  Code  Gb  usart_task.o [1]
USARTTask_ITWrite_TXETask
                         0x800'4b35     0xc  Code  Gb  usart_task.o [1]
USARTTask_Init           0x800'4a99    0x64  Code  Gb  usart_task.o [1]
USARTTask_ReadInit       0x800'4afd     0xc  Code  Gb  usart_task.o [1]
USARTTask_RealTime_AddByte
                         0x800'4b4d    0x12  Code  Gb  usart_task.o [1]
USARTTask_RealTime_AddByteCRC
                         0x800'4b71     0xc  Code  Gb  usart_task.o [1]
USARTTask_RealTime_AddByteSize
                         0x800'4b5f    0x12  Code  Gb  usart_task.o [1]
USARTTask_TimeOVFTask    0x800'4b15     0xe  Code  Gb  usart_task.o [1]
USART_485GPIOInit        0x800'2195    0x2a  Code  Gb  usart_cfg.o [1]
USART_CRCTask_Read       0x800'2833   0x1e8  Code  Gb  usart_cfg.o [1]
USART_ClearOVF           0x800'2a1b    0x1c  Code  Gb  usart_cfg.o [1]
USART_Clock              0x800'2b83    0xda  Code  Gb  usart_cfg.o [1]
USART_DeviceID           0x800'2ab3    0x20  Code  Gb  usart_cfg.o [1]
USART_DeviceInit         0x800'2c69    0x18  Code  Gb  usart_cfg.o [1]
USART_GPIOInit           0x800'2167    0x2e  Code  Gb  usart_cfg.o [1]
USART_GetReadState       0x800'2a37     0x6  Code  Gb  usart_cfg.o [1]
USART_ITRead_16BitsTask
                         0x800'2425   0x13a  Code  Gb  usart_cfg.o [1]
USART_ITRead_16BitsTask::tempVal
                        0x2000'3e91     0x1  Data  Lc  usart_cfg.o [1]
USART_ITRead_8BitsTask   0x800'2333    0xf2  Code  Gb  usart_cfg.o [1]
USART_ITRead_8BitsTask::tempVal
                        0x2000'3e90     0x1  Data  Lc  usart_cfg.o [1]
USART_ITRead_Task        0x800'257d    0x26  Code  Gb  usart_cfg.o [1]
USART_ITWrite_TCTask     0x800'2649    0x4c  Code  Gb  usart_cfg.o [1]
USART_ITWrite_TXETask    0x800'25cd    0x7c  Code  Gb  usart_cfg.o [1]
USART_Init               0x800'20f1    0x76  Code  Gb  usart_cfg.o [1]
USART_PollMode_WriteByte
                         0x800'25a3    0x2a  Code  Gb  usart_cfg.o [1]
USART_Printf             0x800'2ad3    0xb0  Code  Gb  usart_cfg.o [1]
USART_ReadInit           0x800'2a3d    0x3c  Code  Gb  usart_cfg.o [1]
USART_RealTime_AddByte   0x800'2695    0x4e  Code  Gb  usart_cfg.o [1]
USART_RealTime_AddByteCRC
                         0x800'2777    0xbc  Code  Gb  usart_cfg.o [1]
USART_RealTime_AddByteSize
                         0x800'26e3    0x94  Code  Gb  usart_cfg.o [1]
USART_StructInit         0x800'202b    0xc6  Code  Gb  usart_cfg.o [1]
USART_TimeOVFTask        0x800'2291    0xa2  Code  Gb  usart_cfg.o [1]
USART_TimeTick_Init      0x800'21bf    0x2e  Code  Gb  usart_cfg.o [1]
USART_TimeTick_OVF       0x800'21ed    0xa4  Code  Gb  usart_cfg.o [1]
USART_WriteInit          0x800'2a79    0x3a  Code  Gb  usart_cfg.o [1]
UsageFault_Handler       0x800'534f     0x2  Code  Gb  stm32f4xx_it.o [1]
WWDG_IRQHandler          0x800'535f     0xa  Code  Gb  stm32f4xx_it.o [1]
_Encoding_8859_1_Mbrlen
                         0x800'11a9     0x2  Code  Gb  xencoding_8859_1.o [2]
_Encoding_8859_1_Wctomb
                         0x800'1197    0x12  Code  Gb  xencoding_8859_1.o [2]
_Error_Handler           0x800'4949     0x2  Code  Gb  stm32_cfg.o [1]
_GenldFull               0x800'0da9   0x274  Code  Lc  xprintffull.o [2]
_LdtobFull               0x800'09a5   0x3d6  Code  Lc  xprintffull.o [2]
_LitobFull               0x800'0855   0x10a  Code  Lc  xprintffull.o [2]
_Locale_lconv           0x2000'0048    0x38  Data  Lc  xlocale_c.o [2]
_PrintfFull              0x800'0189   0x1aa  Code  Gb  xprintffull.o [2]
_PutcharsFull            0x800'101d    0x2e  Code  Lc  xprintffull.o [2]
_PutfldFull              0x800'03c5   0x2d4  Code  Lc  xprintffull.o [2]
_PutstrFull              0x800'078f    0xc6  Code  Lc  xprintffull.o [2]
_PuttxtFull              0x800'0699    0xf6  Code  Lc  xprintffull.o [2]
_SNProut                 0x800'122b    0x1a  Code  Gb  xsnprout.o [2]
__NVIC_EnableIRQ         0x800'1e95    0x20  Code  Lc  usart_cfg.o [1]
__NVIC_GetPriorityGrouping
                         0x800'44e3     0xc  Code  Lc  main.o [1]
__NVIC_GetPriorityGrouping
                         0x800'4e9b     0xc  Code  Lc  systick_cfg.o [1]
__NVIC_GetPriorityGrouping
                         0x800'1e89     0xc  Code  Lc  usart_cfg.o [1]
__NVIC_SetPriority       0x800'44ef    0x30  Code  Lc  main.o [1]
__NVIC_SetPriority       0x800'4ea7    0x2c  Code  Lc  systick_cfg.o [1]
__NVIC_SetPriority       0x800'1eb5    0x30  Code  Lc  usart_cfg.o [1]
__NVIC_SetPriorityGrouping
                         0x800'44c1    0x22  Code  Lc  main.o [1]
__NVIC_SetPriorityGrouping
                         0x800'4e79    0x22  Code  Lc  systick_cfg.o [1]
__NVIC_SystemReset       0x800'54dd    0x1a  Code  Lc  css_cfg.o [1]
__aeabi_cdcmple          0x800'1795          Code  Gb  DblCmpLe.o [3]
__aeabi_cdrcmple         0x800'17c5          Code  Gb  DblCmpGe.o [3]
__aeabi_d2iz             0x800'1931          Code  Gb  DblToS32.o [3]
__aeabi_d2uiz            0x800'1cbd          Code  Gb  DblToU32.o [3]
__aeabi_ddiv             0x800'1a75          Code  Gb  DblDiv.o [3]
__aeabi_dmul             0x800'1581          Code  Gb  DblMul.o [3]
__aeabi_dsub             0x800'1991          Code  Gb  DblSub.o [3]
__aeabi_i2d              0x800'196d          Code  Gb  S32ToDbl.o [3]
__aeabi_ldiv0            0x800'1d05          Code  Gb  I64DivZer.o [4]
__aeabi_memclr4          0x800'2e69          Code  Gb  ABImemclr4.o [4]
__aeabi_memcpy           0x800'12a9          Code  Gb  ABImemcpy.o [4]
__aeabi_memcpy4          0x800'12c9          Code  Gb  ABImemcpy.o [4]
__aeabi_memcpy8          0x800'12c9          Code  Gb  ABImemcpy.o [4]
__aeabi_memset           0x800'4c59          Code  Gb  ABImemset.o [4]
__aeabi_ui2d             0x800'1ce5          Code  Gb  U32ToDbl.o [3]
__aeabi_uldivmod         0x800'1351          Code  Gb  I64DivMod.o [4]
__cmain                  0x800'5c49          Code  Gb  cmain.o [4]
__exit                   0x800'1e75    0x14  Code  Gb  exit.o [5]
__iar_Fail_s             0x800'11b5    0x1c  Code  Gb  xfail_s.o [2]
__iar_Mbcurmax           0x800'129d     0xa  Code  Gb  xmbcurmax.o [2]
__iar_Memchr             0x800'1245          Code  Gb  memchr.o [4]
__iar_Memset             0x800'4c59          Code  Gb  ABImemset.o [4]
__iar_Memset4_word       0x800'3351          Code  Gb  ABImemset48.o [4]
__iar_Memset8_word       0x800'3351          Code  Gb  ABImemset48.o [4]
__iar_Memset_word        0x800'4c61          Code  Gb  ABImemset.o [4]
__iar_Strchr             0x800'1181          Code  Gb  strchr.o [4]
__iar_copy_init3         0x800'5b4d    0x2c  Code  Gb  copy_init3.o [4]
__iar_dadd               0x800'19a1          Code  Gb  DblSub.o [3]
__iar_data_init3         0x800'5b79    0x28  Code  Gb  data_init.o [4]
__iar_dsub               0x800'1d09          Code  Gb  DblAdd.o [3]
__iar_dsubStart          0x800'1d1b          Code  Gb  DblAdd.o [3]
__iar_frexp              0x800'1731          Code  Gb  frexp.o [3]
__iar_frexpl             0x800'1731          Code  Gb  frexp.o [3]
__iar_globLocale        0x2000'0000    0x48  Data  Lc  xlocale_c.o [2]
__iar_global_Locale      0x800'1109     0x4  Code  Gb  xlocale_c.o [2]
__iar_init_vfp           0x800'5ba1          Code  Gb  fpinit_M.o [3]
__iar_ldexp64            0x800'17f5          Code  Gb  ldexp.o [3]
__iar_program_start      0x800'5cdd          Code  Gb  cstartup_M.o [4]
__iar_scalbln64          0x800'17f5          Code  Gb  ldexp.o [3]
__iar_scalbn64           0x800'17f5          Code  Gb  ldexp.o [3]
__iar_softfp___iar_frexp64
                         0x800'1725          Code  Gb  frexp.o [3]
__iar_softfp_frexp       0x800'1725          Code  Gb  frexp.o [3]
__iar_softfp_frexpl      0x800'1725          Code  Gb  frexp.o [3]
__iar_zero_init3         0x800'10cf    0x3a  Code  Gb  zero_init3.o [4]
__low_level_init         0x800'5c67     0x4  Code  Gb  low_level_init.o [2]
__vector_table           0x800'0000          Data  Gb  startup_stm32f407xx.o [1]
_call_main               0x800'5c55          Code  Gb  cmain.o [4]
_exit                    0x800'5c71          Code  Gb  cexit.o [4]
_gLocale_mblen           0x800'116d     0x4  Code  Gb  xlocale_c.o [2]
_gLocale_mblenInt        0x800'1131    0x2c  Code  Gb  xlocale_c.o [2]
_gLocale_wctomb          0x800'1171     0x4  Code  Gb  xlocale_c.o [2]
_gLocale_wctombInt       0x800'1169     0x4  Code  Gb  xlocale_c.o [2]
_irq_disable             0x800'4945     0x4  Code  Gb  stm32_cfg.o [1]
_main                    0x800'5c63          Code  Gb  cmain.o [4]
abort                    0x800'1cff     0x6  Code  Gb  abort.o [2]
crc16Table               0x800'5698   0x200  Data  Gb  crc_cfg.o [1]
crc8Table07              0x800'5898   0x100  Data  Gb  crc_cfg.o [1]
crc8Table31              0x800'5998   0x100  Data  Gb  crc_cfg.o [1]
exit                     0x800'5c6b     0x4  Code  Gb  exit.o [2]
g_ADS1256Device0        0x2000'3d44    0x84  Data  Gb  ads1256_cfg.o [1]
g_CRCIsEnable           0x2000'00a8     0x1  Data  Gb  crc_cfg.o [1]
g_DecodeICPCount        0x2000'3e5c    0x10  Data  Gb  decode_cfg.o [1]
g_DecodeICPEvent        0x2000'3e80     0x4  Data  Gb  decode_cfg.o [1]
g_HASH_RNG_Val          0x2000'3e84     0x4  Data  Gb  random_cfg.o [1]
g_HardFaultErrMsg       0x2000'3e28    0x20  Data  Gb  stm32_cfg.o [1]
g_MemMap                0x2000'3ac4   0x280  Data  Gb  my_malloc.o [1]
g_MemPool               0x2000'00ac  0x2800  Data  Gb  my_malloc.o [1]
g_MemTableSize           0x800'5d00     0x4  Data  Gb  my_malloc.o [1]
g_MemTotalSize           0x800'5d04     0x4  Data  Gb  my_malloc.o [1]
g_MonthDaysTab           0x800'5cac    0x10  Data  Gb  rtc_cfg.o [1]
g_MyaMallcoDev          0x2000'0080    0x14  Data  Gb  my_malloc.o [1]
g_SysSoftRTC            0x2000'3e6c    0x10  Data  Gb  rtc_cfg.o [1]
g_SysTick               0x2000'3e48    0x14  Data  Gb  systick_cfg.o [1]
g_USART1                0x2000'3dc8    0x60  Data  Gb  usart_cfg.o [1]
ldexp                    0x800'17f5          Code  Gb  ldexp.o [3]
ldexpl                   0x800'17f5          Code  Gb  ldexp.o [3]
localeconv               0x800'1175     0x4  Code  Gb  xlocale_c.o [2]
main                     0x800'48bf    0x24  Code  Gb  main.o [1]
memchr                   0x800'1245          Code  Gb  memchr.o [4]
pADS1256Device0         0x2000'0094     0x4  Data  Gb  ads1256_cfg.o [1]
pSysSoftRTC             0x2000'0098     0x4  Data  Gb  rtc_cfg.o [1]
pSysTick                0x2000'00a0     0x4  Data  Gb  systick_cfg.o [1]
pUSART1                 0x2000'00a4     0x4  Data  Gb  usart_cfg.o [1]
printfBuffer            0x2000'36c4   0x400  Data  Gb  usart_cfg.o [1]
scalbln                  0x800'17f5          Code  Gb  ldexp.o [3]
scalblnl                 0x800'17f5          Code  Gb  ldexp.o [3]
scalbn                   0x800'17f5          Code  Gb  ldexp.o [3]
scalbnl                  0x800'17f5          Code  Gb  ldexp.o [3]
scale                    0x800'095f    0x46  Code  Lc  xprintffull.o [2]
sec_hand                0x2000'3e8c     0x4  Data  Lc  xfail_s.o [2]
strchr                   0x800'1181          Code  Gb  strchr.o [4]
strlen                   0x800'11f5          Code  Gb  strlen.o [4]
uwTick                  0x2000'3e88     0x4  Data  Gb  stm32f4xx_hal.o [1]
uwTickFreq              0x2000'00a9     0x1  Data  Gb  stm32f4xx_hal.o [1]
vsnprintf                0x800'2e11    0x3c  Code  Gb  vsnprint.o [2]


[1] = K:\STM32_MCU\STM32F407\STM32F407VET6\STM32F407VET6Project\EWARM\STM32F407VET6Project\Obj
[2] = dl7M_tlf.a
[3] = m7M_tls.a
[4] = rt7M_tl.a
[5] = shb_l.a

  22 774 bytes of readonly  code memory
   1 506 bytes of readonly  data memory
  24 208 bytes of readwrite data memory

Errors: none
Warnings: none
