###############################################################################
#
# IAR ELF Linker V8.40.1.212/W32 for ARM                  28/Feb/2020  11:30:12
# Copyright 2007-2019 IAR Systems AB.
#
#    Output file  =
#        E:\STM32Project\NewProject\STM32F407\STM32F407VET6\STM32F407VET6Project\EWARM\STM32F407VET6Project\Exe\STM32F407VET6Project.out
#    Map file     =
#        E:\STM32Project\NewProject\STM32F407\STM32F407VET6\STM32F407VET6Project\EWARM\STM32F407VET6Project\List\STM32F407VET6Project.map
#    Command line =
#        -f C:\Users\Harry\AppData\Local\Temp\EW1B44.tmp
#        (E:\STM32Project\NewProject\STM32F407\STM32F407VET6\STM32F407VET6Project\EWARM\STM32F407VET6Project\Obj\ad5593_cfg.o
#        E:\STM32Project\NewProject\STM32F407\STM32F407VET6\STM32F407VET6Project\EWARM\STM32F407VET6Project\Obj\ad5593_lib.o
#        E:\STM32Project\NewProject\STM32F407\STM32F407VET6\STM32F407VET6Project\EWARM\STM32F407VET6Project\Obj\ad5593_task.o
#        E:\STM32Project\NewProject\STM32F407\STM32F407VET6\STM32F407VET6Project\EWARM\STM32F407VET6Project\Obj\adc_cfg.o
#        E:\STM32Project\NewProject\STM32F407\STM32F407VET6\STM32F407VET6Project\EWARM\STM32F407VET6Project\Obj\adc_lib.o
#        E:\STM32Project\NewProject\STM32F407\STM32F407VET6\STM32F407VET6Project\EWARM\STM32F407VET6Project\Obj\adc_task.o
#        E:\STM32Project\NewProject\STM32F407\STM32F407VET6\STM32F407VET6Project\EWARM\STM32F407VET6Project\Obj\ads1256_cfg.o
#        E:\STM32Project\NewProject\STM32F407\STM32F407VET6\STM32F407VET6Project\EWARM\STM32F407VET6Project\Obj\ads1256_lib.o
#        E:\STM32Project\NewProject\STM32F407\STM32F407VET6\STM32F407VET6Project\EWARM\STM32F407VET6Project\Obj\ads1256_task.o
#        E:\STM32Project\NewProject\STM32F407\STM32F407VET6\STM32F407VET6Project\EWARM\STM32F407VET6Project\Obj\ads868x_cfg.o
#        E:\STM32Project\NewProject\STM32F407\STM32F407VET6\STM32F407VET6Project\EWARM\STM32F407VET6Project\Obj\ads868x_lib.o
#        E:\STM32Project\NewProject\STM32F407\STM32F407VET6\STM32F407VET6Project\EWARM\STM32F407VET6Project\Obj\ads868x_task.o
#        E:\STM32Project\NewProject\STM32F407\STM32F407VET6\STM32F407VET6Project\EWARM\STM32F407VET6Project\Obj\ads869x_cfg.o
#        E:\STM32Project\NewProject\STM32F407\STM32F407VET6\STM32F407VET6Project\EWARM\STM32F407VET6Project\Obj\ads869x_lib.o
#        E:\STM32Project\NewProject\STM32F407\STM32F407VET6\STM32F407VET6Project\EWARM\STM32F407VET6Project\Obj\ads869x_task.o
#        E:\STM32Project\NewProject\STM32F407\STM32F407VET6\STM32F407VET6Project\EWARM\STM32F407VET6Project\Obj\aes_cfg.o
#        E:\STM32Project\NewProject\STM32F407\STM32F407VET6\STM32F407VET6Project\EWARM\STM32F407VET6Project\Obj\aes_lib.o
#        E:\STM32Project\NewProject\STM32F407\STM32F407VET6\STM32F407VET6Project\EWARM\STM32F407VET6Project\Obj\aes_task.o
#        E:\STM32Project\NewProject\STM32F407\STM32F407VET6\STM32F407VET6Project\EWARM\STM32F407VET6Project\Obj\aht10_cfg.o
#        E:\STM32Project\NewProject\STM32F407\STM32F407VET6\STM32F407VET6Project\EWARM\STM32F407VET6Project\Obj\aht10_lib.o
#        E:\STM32Project\NewProject\STM32F407\STM32F407VET6\STM32F407VET6Project\EWARM\STM32F407VET6Project\Obj\aht10_task.o
#        E:\STM32Project\NewProject\STM32F407\STM32F407VET6\STM32F407VET6Project\EWARM\STM32F407VET6Project\Obj\at24cxx_cfg.o
#        E:\STM32Project\NewProject\STM32F407\STM32F407VET6\STM32F407VET6Project\EWARM\STM32F407VET6Project\Obj\at24cxx_lib.o
#        E:\STM32Project\NewProject\STM32F407\STM32F407VET6\STM32F407VET6Project\EWARM\STM32F407VET6Project\Obj\at24cxx_task.o
#        E:\STM32Project\NewProject\STM32F407\STM32F407VET6\STM32F407VET6Project\EWARM\STM32F407VET6Project\Obj\bkp_cfg.o
#        E:\STM32Project\NewProject\STM32F407\STM32F407VET6\STM32F407VET6Project\EWARM\STM32F407VET6Project\Obj\bkp_lib.o
#        E:\STM32Project\NewProject\STM32F407\STM32F407VET6\STM32F407VET6Project\EWARM\STM32F407VET6Project\Obj\bkp_task.o
#        E:\STM32Project\NewProject\STM32F407\STM32F407VET6\STM32F407VET6Project\EWARM\STM32F407VET6Project\Obj\bmp180_cfg.o
#        E:\STM32Project\NewProject\STM32F407\STM32F407VET6\STM32F407VET6Project\EWARM\STM32F407VET6Project\Obj\bmp180_lib.o
#        E:\STM32Project\NewProject\STM32F407\STM32F407VET6\STM32F407VET6Project\EWARM\STM32F407VET6Project\Obj\bmp180_task.o
#        E:\STM32Project\NewProject\STM32F407\STM32F407VET6\STM32F407VET6Project\EWARM\STM32F407VET6Project\Obj\can_cfg.o
#        E:\STM32Project\NewProject\STM32F407\STM32F407VET6\STM32F407VET6Project\EWARM\STM32F407VET6Project\Obj\cJSON.o
#        E:\STM32Project\NewProject\STM32F407\STM32F407VET6\STM32F407VET6Project\EWARM\STM32F407VET6Project\Obj\complier_cfg.o
#        E:\STM32Project\NewProject\STM32F407\STM32F407VET6\STM32F407VET6Project\EWARM\STM32F407VET6Project\Obj\complier_lib.o
#        E:\STM32Project\NewProject\STM32F407\STM32F407VET6\STM32F407VET6Project\EWARM\STM32F407VET6Project\Obj\crc_cfg.o
#        E:\STM32Project\NewProject\STM32F407\STM32F407VET6\STM32F407VET6Project\EWARM\STM32F407VET6Project\Obj\crc_lib.o
#        E:\STM32Project\NewProject\STM32F407\STM32F407VET6\STM32F407VET6Project\EWARM\STM32F407VET6Project\Obj\crc_task.o
#        E:\STM32Project\NewProject\STM32F407\STM32F407VET6\STM32F407VET6Project\EWARM\STM32F407VET6Project\Obj\css_cfg.o
#        E:\STM32Project\NewProject\STM32F407\STM32F407VET6\STM32F407VET6Project\EWARM\STM32F407VET6Project\Obj\css_lib.o
#        E:\STM32Project\NewProject\STM32F407\STM32F407VET6\STM32F407VET6Project\EWARM\STM32F407VET6Project\Obj\css_task.o
#        E:\STM32Project\NewProject\STM32F407\STM32F407VET6\STM32F407VET6Project\EWARM\STM32F407VET6Project\Obj\dac_cfg.o
#        E:\STM32Project\NewProject\STM32F407\STM32F407VET6\STM32F407VET6Project\EWARM\STM32F407VET6Project\Obj\dac_lib.o
#        E:\STM32Project\NewProject\STM32F407\STM32F407VET6\STM32F407VET6Project\EWARM\STM32F407VET6Project\Obj\dac_task.o
#        E:\STM32Project\NewProject\STM32F407\STM32F407VET6\STM32F407VET6Project\EWARM\STM32F407VET6Project\Obj\data_bus.o
#        E:\STM32Project\NewProject\STM32F407\STM32F407VET6\STM32F407VET6Project\EWARM\STM32F407VET6Project\Obj\decode_cfg.o
#        E:\STM32Project\NewProject\STM32F407\STM32F407VET6\STM32F407VET6Project\EWARM\STM32F407VET6Project\Obj\decode_lib.o
#        E:\STM32Project\NewProject\STM32F407\STM32F407VET6\STM32F407VET6Project\EWARM\STM32F407VET6Project\Obj\decode_task.o
#        E:\STM32Project\NewProject\STM32F407\STM32F407VET6\STM32F407VET6Project\EWARM\STM32F407VET6Project\Obj\delay_cfg.o
#        E:\STM32Project\NewProject\STM32F407\STM32F407VET6\STM32F407VET6Project\EWARM\STM32F407VET6Project\Obj\delay_lib.o
#        E:\STM32Project\NewProject\STM32F407\STM32F407VET6\STM32F407VET6Project\EWARM\STM32F407VET6Project\Obj\delay_task.o
#        E:\STM32Project\NewProject\STM32F407\STM32F407VET6\STM32F407VET6Project\EWARM\STM32F407VET6Project\Obj\dht11_cfg.o
#        E:\STM32Project\NewProject\STM32F407\STM32F407VET6\STM32F407VET6Project\EWARM\STM32F407VET6Project\Obj\dht11_lib.o
#        E:\STM32Project\NewProject\STM32F407\STM32F407VET6\STM32F407VET6Project\EWARM\STM32F407VET6Project\Obj\dht11_task.o
#        E:\STM32Project\NewProject\STM32F407\STM32F407VET6\STM32F407VET6Project\EWARM\STM32F407VET6Project\Obj\dma_cfg.o
#        E:\STM32Project\NewProject\STM32F407\STM32F407VET6\STM32F407VET6Project\EWARM\STM32F407VET6Project\Obj\dma_lib.o
#        E:\STM32Project\NewProject\STM32F407\STM32F407VET6\STM32F407VET6Project\EWARM\STM32F407VET6Project\Obj\dma_task.o
#        E:\STM32Project\NewProject\STM32F407\STM32F407VET6\STM32F407VET6Project\EWARM\STM32F407VET6Project\Obj\ds1302_cfg.o
#        E:\STM32Project\NewProject\STM32F407\STM32F407VET6\STM32F407VET6Project\EWARM\STM32F407VET6Project\Obj\ds1302_lib.o
#        E:\STM32Project\NewProject\STM32F407\STM32F407VET6\STM32F407VET6Project\EWARM\STM32F407VET6Project\Obj\ds1302_task.o
#        E:\STM32Project\NewProject\STM32F407\STM32F407VET6\STM32F407VET6Project\EWARM\STM32F407VET6Project\Obj\ds18b20_cfg.o
#        E:\STM32Project\NewProject\STM32F407\STM32F407VET6\STM32F407VET6Project\EWARM\STM32F407VET6Project\Obj\ds18b20_lib.o
#        E:\STM32Project\NewProject\STM32F407\STM32F407VET6\STM32F407VET6Project\EWARM\STM32F407VET6Project\Obj\ds18b20_task.o
#        E:\STM32Project\NewProject\STM32F407\STM32F407VET6\STM32F407VET6Project\EWARM\STM32F407VET6Project\Obj\eeprom_cfg.o
#        E:\STM32Project\NewProject\STM32F407\STM32F407VET6\STM32F407VET6Project\EWARM\STM32F407VET6Project\Obj\eeprom_lib.o
#        E:\STM32Project\NewProject\STM32F407\STM32F407VET6\STM32F407VET6Project\EWARM\STM32F407VET6Project\Obj\eeprom_task.o
#        E:\STM32Project\NewProject\STM32F407\STM32F407VET6\STM32F407VET6Project\EWARM\STM32F407VET6Project\Obj\enc28j60_cfg.o
#        E:\STM32Project\NewProject\STM32F407\STM32F407VET6\STM32F407VET6Project\EWARM\STM32F407VET6Project\Obj\enc28j60_lib.o
#        E:\STM32Project\NewProject\STM32F407\STM32F407VET6\STM32F407VET6Project\EWARM\STM32F407VET6Project\Obj\enc28j60_task.o
#        E:\STM32Project\NewProject\STM32F407\STM32F407VET6\STM32F407VET6Project\EWARM\STM32F407VET6Project\Obj\encode_cfg.o
#        E:\STM32Project\NewProject\STM32F407\STM32F407VET6\STM32F407VET6Project\EWARM\STM32F407VET6Project\Obj\encode_lib.o
#        E:\STM32Project\NewProject\STM32F407\STM32F407VET6\STM32F407VET6Project\EWARM\STM32F407VET6Project\Obj\encode_task.o
#        E:\STM32Project\NewProject\STM32F407\STM32F407VET6\STM32F407VET6Project\EWARM\STM32F407VET6Project\Obj\esp8266_cfg.o
#        E:\STM32Project\NewProject\STM32F407\STM32F407VET6\STM32F407VET6Project\EWARM\STM32F407VET6Project\Obj\esp8266_lib.o
#        E:\STM32Project\NewProject\STM32F407\STM32F407VET6\STM32F407VET6Project\EWARM\STM32F407VET6Project\Obj\esp8266_task.o
#        E:\STM32Project\NewProject\STM32F407\STM32F407VET6\STM32F407VET6Project\EWARM\STM32F407VET6Project\Obj\exti_cfg.o
#        E:\STM32Project\NewProject\STM32F407\STM32F407VET6\STM32F407VET6Project\EWARM\STM32F407VET6Project\Obj\exti_lib.o
#        E:\STM32Project\NewProject\STM32F407\STM32F407VET6\STM32F407VET6Project\EWARM\STM32F407VET6Project\Obj\exti_task.o
#        E:\STM32Project\NewProject\STM32F407\STM32F407VET6\STM32F407VET6Project\EWARM\STM32F407VET6Project\Obj\fifo.o
#        E:\STM32Project\NewProject\STM32F407\STM32F407VET6\STM32F407VET6Project\EWARM\STM32F407VET6Project\Obj\flash_cfg.o
#        E:\STM32Project\NewProject\STM32F407\STM32F407VET6\STM32F407VET6Project\EWARM\STM32F407VET6Project\Obj\flash_lib.o
#        E:\STM32Project\NewProject\STM32F407\STM32F407VET6\STM32F407VET6Project\EWARM\STM32F407VET6Project\Obj\flash_task.o
#        E:\STM32Project\NewProject\STM32F407\STM32F407VET6\STM32F407VET6Project\EWARM\STM32F407VET6Project\Obj\gpio_cfg.o
#        E:\STM32Project\NewProject\STM32F407\STM32F407VET6\STM32F407VET6Project\EWARM\STM32F407VET6Project\Obj\gpio_lib.o
#        E:\STM32Project\NewProject\STM32F407\STM32F407VET6\STM32F407VET6Project\EWARM\STM32F407VET6Project\Obj\gpio_task.o
#        E:\STM32Project\NewProject\STM32F407\STM32F407VET6\STM32F407VET6Project\EWARM\STM32F407VET6Project\Obj\hmc472_cfg.o
#        E:\STM32Project\NewProject\STM32F407\STM32F407VET6\STM32F407VET6Project\EWARM\STM32F407VET6Project\Obj\hmc472_lib.o
#        E:\STM32Project\NewProject\STM32F407\STM32F407VET6\STM32F407VET6Project\EWARM\STM32F407VET6Project\Obj\hmc472_task.o
#        E:\STM32Project\NewProject\STM32F407\STM32F407VET6\STM32F407VET6Project\EWARM\STM32F407VET6Project\Obj\hmc5883_cfg.o
#        E:\STM32Project\NewProject\STM32F407\STM32F407VET6\STM32F407VET6Project\EWARM\STM32F407VET6Project\Obj\hmc5883_lib.o
#        E:\STM32Project\NewProject\STM32F407\STM32F407VET6\STM32F407VET6Project\EWARM\STM32F407VET6Project\Obj\hmc5883_task.o
#        E:\STM32Project\NewProject\STM32F407\STM32F407VET6\STM32F407VET6Project\EWARM\STM32F407VET6Project\Obj\hmc830_cfg.o
#        E:\STM32Project\NewProject\STM32F407\STM32F407VET6\STM32F407VET6Project\EWARM\STM32F407VET6Project\Obj\hmc830_lib.o
#        E:\STM32Project\NewProject\STM32F407\STM32F407VET6\STM32F407VET6Project\EWARM\STM32F407VET6Project\Obj\hmc830_task.o
#        E:\STM32Project\NewProject\STM32F407\STM32F407VET6\STM32F407VET6Project\EWARM\STM32F407VET6Project\Obj\hvpp_cfg.o
#        E:\STM32Project\NewProject\STM32F407\STM32F407VET6\STM32F407VET6Project\EWARM\STM32F407VET6Project\Obj\hvpp_lib.o
#        E:\STM32Project\NewProject\STM32F407\STM32F407VET6\STM32F407VET6Project\EWARM\STM32F407VET6Project\Obj\hvpp_task.o
#        E:\STM32Project\NewProject\STM32F407\STM32F407VET6\STM32F407VET6Project\EWARM\STM32F407VET6Project\Obj\hvsp_cfg.o
#        E:\STM32Project\NewProject\STM32F407\STM32F407VET6\STM32F407VET6Project\EWARM\STM32F407VET6Project\Obj\hvsp_lib.o
#        E:\STM32Project\NewProject\STM32F407\STM32F407VET6\STM32F407VET6Project\EWARM\STM32F407VET6Project\Obj\hvsp_task.o
#        E:\STM32Project\NewProject\STM32F407\STM32F407VET6\STM32F407VET6Project\EWARM\STM32F407VET6Project\Obj\hw_cfg.o
#        E:\STM32Project\NewProject\STM32F407\STM32F407VET6\STM32F407VET6Project\EWARM\STM32F407VET6Project\Obj\i2c_cfg.o
#        E:\STM32Project\NewProject\STM32F407\STM32F407VET6\STM32F407VET6Project\EWARM\STM32F407VET6Project\Obj\i2c_lib.o
#        E:\STM32Project\NewProject\STM32F407\STM32F407VET6\STM32F407VET6Project\EWARM\STM32F407VET6Project\Obj\i2c_task.o
#        E:\STM32Project\NewProject\STM32F407\STM32F407VET6\STM32F407VET6Project\EWARM\STM32F407VET6Project\Obj\iap_cfg.o
#        E:\STM32Project\NewProject\STM32F407\STM32F407VET6\STM32F407VET6Project\EWARM\STM32F407VET6Project\Obj\iap_lib.o
#        E:\STM32Project\NewProject\STM32F407\STM32F407VET6\STM32F407VET6Project\EWARM\STM32F407VET6Project\Obj\iap_task.o
#        E:\STM32Project\NewProject\STM32F407\STM32F407VET6\STM32F407VET6Project\EWARM\STM32F407VET6Project\Obj\ina226_cfg.o
#        E:\STM32Project\NewProject\STM32F407\STM32F407VET6\STM32F407VET6Project\EWARM\STM32F407VET6Project\Obj\ina226_lib.o
#        E:\STM32Project\NewProject\STM32F407\STM32F407VET6\STM32F407VET6Project\EWARM\STM32F407VET6Project\Obj\ina226_task.o
#        E:\STM32Project\NewProject\STM32F407\STM32F407VET6\STM32F407VET6Project\EWARM\STM32F407VET6Project\Obj\isp_cfg.o
#        E:\STM32Project\NewProject\STM32F407\STM32F407VET6\STM32F407VET6Project\EWARM\STM32F407VET6Project\Obj\isp_lib.o
#        E:\STM32Project\NewProject\STM32F407\STM32F407VET6\STM32F407VET6Project\EWARM\STM32F407VET6Project\Obj\isp_task.o
#        E:\STM32Project\NewProject\STM32F407\STM32F407VET6\STM32F407VET6Project\EWARM\STM32F407VET6Project\Obj\iwdg_cfg.o
#        E:\STM32Project\NewProject\STM32F407\STM32F407VET6\STM32F407VET6Project\EWARM\STM32F407VET6Project\Obj\iwdg_lib.o
#        E:\STM32Project\NewProject\STM32F407\STM32F407VET6\STM32F407VET6Project\EWARM\STM32F407VET6Project\Obj\iwdg_task.o
#        E:\STM32Project\NewProject\STM32F407\STM32F407VET6\STM32F407VET6Project\EWARM\STM32F407VET6Project\Obj\jtag_cfg.o
#        E:\STM32Project\NewProject\STM32F407\STM32F407VET6\STM32F407VET6Project\EWARM\STM32F407VET6Project\Obj\jtag_lib.o
#        E:\STM32Project\NewProject\STM32F407\STM32F407VET6\STM32F407VET6Project\EWARM\STM32F407VET6Project\Obj\jtag_task.o
#        E:\STM32Project\NewProject\STM32F407\STM32F407VET6\STM32F407VET6Project\EWARM\STM32F407VET6Project\Obj\kalman_filter.o
#        E:\STM32Project\NewProject\STM32F407\STM32F407VET6\STM32F407VET6Project\EWARM\STM32F407VET6Project\Obj\key_cfg.o
#        E:\STM32Project\NewProject\STM32F407\STM32F407VET6\STM32F407VET6Project\EWARM\STM32F407VET6Project\Obj\key_lib.o
#        E:\STM32Project\NewProject\STM32F407\STM32F407VET6\STM32F407VET6Project\EWARM\STM32F407VET6Project\Obj\key_task.o
#        E:\STM32Project\NewProject\STM32F407\STM32F407VET6\STM32F407VET6Project\EWARM\STM32F407VET6Project\Obj\lcd1602_cfg.o
#        E:\STM32Project\NewProject\STM32F407\STM32F407VET6\STM32F407VET6Project\EWARM\STM32F407VET6Project\Obj\lcd1602_lib.o
#        E:\STM32Project\NewProject\STM32F407\STM32F407VET6\STM32F407VET6Project\EWARM\STM32F407VET6Project\Obj\lcd1602_task.o
#        E:\STM32Project\NewProject\STM32F407\STM32F407VET6\STM32F407VET6Project\EWARM\STM32F407VET6Project\Obj\led_cfg.o
#        E:\STM32Project\NewProject\STM32F407\STM32F407VET6\STM32F407VET6Project\EWARM\STM32F407VET6Project\Obj\led_lib.o
#        E:\STM32Project\NewProject\STM32F407\STM32F407VET6\STM32F407VET6Project\EWARM\STM32F407VET6Project\Obj\led_task.o
#        E:\STM32Project\NewProject\STM32F407\STM32F407VET6\STM32F407VET6Project\EWARM\STM32F407VET6Project\Obj\lin_cfg.o
#        E:\STM32Project\NewProject\STM32F407\STM32F407VET6\STM32F407VET6Project\EWARM\STM32F407VET6Project\Obj\lin_lib.o
#        E:\STM32Project\NewProject\STM32F407\STM32F407VET6\STM32F407VET6Project\EWARM\STM32F407VET6Project\Obj\lin_task.o
#        E:\STM32Project\NewProject\STM32F407\STM32F407VET6\STM32F407VET6Project\EWARM\STM32F407VET6Project\Obj\main.o
#        E:\STM32Project\NewProject\STM32F407\STM32F407VET6\STM32F407VET6Project\EWARM\STM32F407VET6Project\Obj\max961x_cfg.o
#        E:\STM32Project\NewProject\STM32F407\STM32F407VET6\STM32F407VET6Project\EWARM\STM32F407VET6Project\Obj\max961x_lib.o
#        E:\STM32Project\NewProject\STM32F407\STM32F407VET6\STM32F407VET6Project\EWARM\STM32F407VET6Project\Obj\max961x_task.o
#        E:\STM32Project\NewProject\STM32F407\STM32F407VET6\STM32F407VET6Project\EWARM\STM32F407VET6Project\Obj\mco_cfg.o
#        E:\STM32Project\NewProject\STM32F407\STM32F407VET6\STM32F407VET6Project\EWARM\STM32F407VET6Project\Obj\mobus_slave_cfg.o
#        E:\STM32Project\NewProject\STM32F407\STM32F407VET6\STM32F407VET6Project\EWARM\STM32F407VET6Project\Obj\mobus_slave_lib.o
#        E:\STM32Project\NewProject\STM32F407\STM32F407VET6\STM32F407VET6Project\EWARM\STM32F407VET6Project\Obj\mobus_slave_task.o
#        E:\STM32Project\NewProject\STM32F407\STM32F407VET6\STM32F407VET6Project\EWARM\STM32F407VET6Project\Obj\modbus_master_cfg.o
#        E:\STM32Project\NewProject\STM32F407\STM32F407VET6\STM32F407VET6Project\EWARM\STM32F407VET6Project\Obj\modbus_master_lib.o
#        E:\STM32Project\NewProject\STM32F407\STM32F407VET6\STM32F407VET6Project\EWARM\STM32F407VET6Project\Obj\modbus_master_task.o
#        E:\STM32Project\NewProject\STM32F407\STM32F407VET6\STM32F407VET6Project\EWARM\STM32F407VET6Project\Obj\mpu6050_cfg.o
#        E:\STM32Project\NewProject\STM32F407\STM32F407VET6\STM32F407VET6Project\EWARM\STM32F407VET6Project\Obj\mpu6050_lib.o
#        E:\STM32Project\NewProject\STM32F407\STM32F407VET6\STM32F407VET6Project\EWARM\STM32F407VET6Project\Obj\mpu6050_task.o
#        E:\STM32Project\NewProject\STM32F407\STM32F407VET6\STM32F407VET6Project\EWARM\STM32F407VET6Project\Obj\my_malloc.o
#        E:\STM32Project\NewProject\STM32F407\STM32F407VET6\STM32F407VET6Project\EWARM\STM32F407VET6Project\Obj\nrf2401_cfg.o
#        E:\STM32Project\NewProject\STM32F407\STM32F407VET6\STM32F407VET6Project\EWARM\STM32F407VET6Project\Obj\nrf2401_lib.o
#        E:\STM32Project\NewProject\STM32F407\STM32F407VET6\STM32F407VET6Project\EWARM\STM32F407VET6Project\Obj\nrf2401_task.o
#        E:\STM32Project\NewProject\STM32F407\STM32F407VET6\STM32F407VET6Project\EWARM\STM32F407VET6Project\Obj\ntc_cfg.o
#        E:\STM32Project\NewProject\STM32F407\STM32F407VET6\STM32F407VET6Project\EWARM\STM32F407VET6Project\Obj\ntc_lib.o
#        E:\STM32Project\NewProject\STM32F407\STM32F407VET6\STM32F407VET6Project\EWARM\STM32F407VET6Project\Obj\ntc_task.o
#        E:\STM32Project\NewProject\STM32F407\STM32F407VET6\STM32F407VET6Project\EWARM\STM32F407VET6Project\Obj\oled_cfg.o
#        E:\STM32Project\NewProject\STM32F407\STM32F407VET6\STM32F407VET6Project\EWARM\STM32F407VET6Project\Obj\oled_lib.o
#        E:\STM32Project\NewProject\STM32F407\STM32F407VET6\STM32F407VET6Project\EWARM\STM32F407VET6Project\Obj\oled_task.o
#        E:\STM32Project\NewProject\STM32F407\STM32F407VET6\STM32F407VET6Project\EWARM\STM32F407VET6Project\Obj\one_wire_cfg.o
#        E:\STM32Project\NewProject\STM32F407\STM32F407VET6\STM32F407VET6Project\EWARM\STM32F407VET6Project\Obj\one_wire_lib.o
#        E:\STM32Project\NewProject\STM32F407\STM32F407VET6\STM32F407VET6Project\EWARM\STM32F407VET6Project\Obj\one_wire_task.o
#        E:\STM32Project\NewProject\STM32F407\STM32F407VET6\STM32F407VET6Project\EWARM\STM32F407VET6Project\Obj\pcf8563_cfg.o
#        E:\STM32Project\NewProject\STM32F407\STM32F407VET6\STM32F407VET6Project\EWARM\STM32F407VET6Project\Obj\pcf8563_lib.o
#        E:\STM32Project\NewProject\STM32F407\STM32F407VET6\STM32F407VET6Project\EWARM\STM32F407VET6Project\Obj\pcf8563_task.o
#        E:\STM32Project\NewProject\STM32F407\STM32F407VET6\STM32F407VET6Project\EWARM\STM32F407VET6Project\Obj\pid_cfg.o
#        E:\STM32Project\NewProject\STM32F407\STM32F407VET6\STM32F407VET6Project\EWARM\STM32F407VET6Project\Obj\pid_lib.o
#        E:\STM32Project\NewProject\STM32F407\STM32F407VET6\STM32F407VET6Project\EWARM\STM32F407VET6Project\Obj\pid_task.o
#        E:\STM32Project\NewProject\STM32F407\STM32F407VET6\STM32F407VET6Project\EWARM\STM32F407VET6Project\Obj\power_cfg.o
#        E:\STM32Project\NewProject\STM32F407\STM32F407VET6\STM32F407VET6Project\EWARM\STM32F407VET6Project\Obj\power_lib.o
#        E:\STM32Project\NewProject\STM32F407\STM32F407VET6\STM32F407VET6Project\EWARM\STM32F407VET6Project\Obj\power_task.o
#        E:\STM32Project\NewProject\STM32F407\STM32F407VET6\STM32F407VET6Project\EWARM\STM32F407VET6Project\Obj\pvd_cfg.o
#        E:\STM32Project\NewProject\STM32F407\STM32F407VET6\STM32F407VET6Project\EWARM\STM32F407VET6Project\Obj\pvd_lib.o
#        E:\STM32Project\NewProject\STM32F407\STM32F407VET6\STM32F407VET6Project\EWARM\STM32F407VET6Project\Obj\pvd_task.o
#        E:\STM32Project\NewProject\STM32F407\STM32F407VET6\STM32F407VET6Project\EWARM\STM32F407VET6Project\Obj\queue_fifo.o
#        E:\STM32Project\NewProject\STM32F407\STM32F407VET6\STM32F407VET6Project\EWARM\STM32F407VET6Project\Obj\random_cfg.o
#        E:\STM32Project\NewProject\STM32F407\STM32F407VET6\STM32F407VET6Project\EWARM\STM32F407VET6Project\Obj\random_lib.o
#        E:\STM32Project\NewProject\STM32F407\STM32F407VET6\STM32F407VET6Project\EWARM\STM32F407VET6Project\Obj\random_task.o
#        E:\STM32Project\NewProject\STM32F407\STM32F407VET6\STM32F407VET6Project\EWARM\STM32F407VET6Project\Obj\rfask_cfg.o
#        E:\STM32Project\NewProject\STM32F407\STM32F407VET6\STM32F407VET6Project\EWARM\STM32F407VET6Project\Obj\rfask_eeprom.o
#        E:\STM32Project\NewProject\STM32F407\STM32F407VET6\STM32F407VET6Project\EWARM\STM32F407VET6Project\Obj\rfask_lib.o
#        E:\STM32Project\NewProject\STM32F407\STM32F407VET6\STM32F407VET6Project\EWARM\STM32F407VET6Project\Obj\rfask_task.o
#        E:\STM32Project\NewProject\STM32F407\STM32F407VET6\STM32F407VET6Project\EWARM\STM32F407VET6Project\Obj\rfaskhw_cfg.o
#        E:\STM32Project\NewProject\STM32F407\STM32F407VET6\STM32F407VET6Project\EWARM\STM32F407VET6Project\Obj\rtc_cfg.o
#        E:\STM32Project\NewProject\STM32F407\STM32F407VET6\STM32F407VET6Project\EWARM\STM32F407VET6Project\Obj\rtc_lib.o
#        E:\STM32Project\NewProject\STM32F407\STM32F407VET6\STM32F407VET6Project\EWARM\STM32F407VET6Project\Obj\rtc_task.o
#        E:\STM32Project\NewProject\STM32F407\STM32F407VET6\STM32F407VET6Project\EWARM\STM32F407VET6Project\Obj\sdio_cfg.o
#        E:\STM32Project\NewProject\STM32F407\STM32F407VET6\STM32F407VET6Project\EWARM\STM32F407VET6Project\Obj\sdio_lib.o
#        E:\STM32Project\NewProject\STM32F407\STM32F407VET6\STM32F407VET6Project\EWARM\STM32F407VET6Project\Obj\sdio_task.o
#        E:\STM32Project\NewProject\STM32F407\STM32F407VET6\STM32F407VET6Project\EWARM\STM32F407VET6Project\Obj\sht2x_cfg.o
#        E:\STM32Project\NewProject\STM32F407\STM32F407VET6\STM32F407VET6Project\EWARM\STM32F407VET6Project\Obj\sht2x_lib.o
#        E:\STM32Project\NewProject\STM32F407\STM32F407VET6\STM32F407VET6Project\EWARM\STM32F407VET6Project\Obj\sht2x_task.o
#        E:\STM32Project\NewProject\STM32F407\STM32F407VET6\STM32F407VET6Project\EWARM\STM32F407VET6Project\Obj\si5351a_cfg.o
#        E:\STM32Project\NewProject\STM32F407\STM32F407VET6\STM32F407VET6Project\EWARM\STM32F407VET6Project\Obj\si5351a_lib.o
#        E:\STM32Project\NewProject\STM32F407\STM32F407VET6\STM32F407VET6Project\EWARM\STM32F407VET6Project\Obj\si5351a_task.o
#        E:\STM32Project\NewProject\STM32F407\STM32F407VET6\STM32F407VET6Project\EWARM\STM32F407VET6Project\Obj\smbus_cfg.o
#        E:\STM32Project\NewProject\STM32F407\STM32F407VET6\STM32F407VET6Project\EWARM\STM32F407VET6Project\Obj\smbus_lib.o
#        E:\STM32Project\NewProject\STM32F407\STM32F407VET6\STM32F407VET6Project\EWARM\STM32F407VET6Project\Obj\smbus_task.o
#        E:\STM32Project\NewProject\STM32F407\STM32F407VET6\STM32F407VET6Project\EWARM\STM32F407VET6Project\Obj\spi_cfg.o
#        E:\STM32Project\NewProject\STM32F407\STM32F407VET6\STM32F407VET6Project\EWARM\STM32F407VET6Project\Obj\spi_lib.o
#        E:\STM32Project\NewProject\STM32F407\STM32F407VET6\STM32F407VET6Project\EWARM\STM32F407VET6Project\Obj\spi_task.o
#        E:\STM32Project\NewProject\STM32F407\STM32F407VET6\STM32F407VET6Project\EWARM\STM32F407VET6Project\Obj\startup_stm32f407xx.o
#        E:\STM32Project\NewProject\STM32F407\STM32F407VET6\STM32F407VET6Project\EWARM\STM32F407VET6Project\Obj\stm32_cfg.o
#        E:\STM32Project\NewProject\STM32F407\STM32F407VET6\STM32F407VET6Project\EWARM\STM32F407VET6Project\Obj\stm32f4xx_hal.o
#        E:\STM32Project\NewProject\STM32F407\STM32F407VET6\STM32F407VET6Project\EWARM\STM32F407VET6Project\Obj\stm32f4xx_hal_cortex.o
#        E:\STM32Project\NewProject\STM32F407\STM32F407VET6\STM32F407VET6Project\EWARM\STM32F407VET6Project\Obj\stm32f4xx_hal_gpio.o
#        E:\STM32Project\NewProject\STM32F407\STM32F407VET6\STM32F407VET6Project\EWARM\STM32F407VET6Project\Obj\stm32f4xx_hal_rcc.o
#        E:\STM32Project\NewProject\STM32F407\STM32F407VET6\STM32F407VET6Project\EWARM\STM32F407VET6Project\Obj\stm32f4xx_it.o
#        E:\STM32Project\NewProject\STM32F407\STM32F407VET6\STM32F407VET6Project\EWARM\STM32F407VET6Project\Obj\stm32f4xx_ll_adc.o
#        E:\STM32Project\NewProject\STM32F407\STM32F407VET6\STM32F407VET6Project\EWARM\STM32F407VET6Project\Obj\stm32f4xx_ll_crc.o
#        E:\STM32Project\NewProject\STM32F407\STM32F407VET6\STM32F407VET6Project\EWARM\STM32F407VET6Project\Obj\stm32f4xx_ll_dac.o
#        E:\STM32Project\NewProject\STM32F407\STM32F407VET6\STM32F407VET6Project\EWARM\STM32F407VET6Project\Obj\stm32f4xx_ll_dma.o
#        E:\STM32Project\NewProject\STM32F407\STM32F407VET6\STM32F407VET6Project\EWARM\STM32F407VET6Project\Obj\stm32f4xx_ll_dma2d.o
#        E:\STM32Project\NewProject\STM32F407\STM32F407VET6\STM32F407VET6Project\EWARM\STM32F407VET6Project\Obj\stm32f4xx_ll_gpio.o
#        E:\STM32Project\NewProject\STM32F407\STM32F407VET6\STM32F407VET6Project\EWARM\STM32F407VET6Project\Obj\stm32f4xx_ll_i2c.o
#        E:\STM32Project\NewProject\STM32F407\STM32F407VET6\STM32F407VET6Project\EWARM\STM32F407VET6Project\Obj\stm32f4xx_ll_pwr.o
#        E:\STM32Project\NewProject\STM32F407\STM32F407VET6\STM32F407VET6Project\EWARM\STM32F407VET6Project\Obj\stm32f4xx_ll_rcc.o
#        E:\STM32Project\NewProject\STM32F407\STM32F407VET6\STM32F407VET6Project\EWARM\STM32F407VET6Project\Obj\stm32f4xx_ll_rng.o
#        E:\STM32Project\NewProject\STM32F407\STM32F407VET6\STM32F407VET6Project\EWARM\STM32F407VET6Project\Obj\stm32f4xx_ll_rtc.o
#        E:\STM32Project\NewProject\STM32F407\STM32F407VET6\STM32F407VET6Project\EWARM\STM32F407VET6Project\Obj\stm32f4xx_ll_spi.o
#        E:\STM32Project\NewProject\STM32F407\STM32F407VET6\STM32F407VET6Project\EWARM\STM32F407VET6Project\Obj\stm32f4xx_ll_tim.o
#        E:\STM32Project\NewProject\STM32F407\STM32F407VET6\STM32F407VET6Project\EWARM\STM32F407VET6Project\Obj\stm32f4xx_ll_usart.o
#        E:\STM32Project\NewProject\STM32F407\STM32F407VET6\STM32F407VET6Project\EWARM\STM32F407VET6Project\Obj\stm32f4xx_ll_utils.o
#        E:\STM32Project\NewProject\STM32F407\STM32F407VET6\STM32F407VET6Project\EWARM\STM32F407VET6Project\Obj\system_stm32f4xx.o
#        E:\STM32Project\NewProject\STM32F407\STM32F407VET6\STM32F407VET6Project\EWARM\STM32F407VET6Project\Obj\systick_cfg.o
#        E:\STM32Project\NewProject\STM32F407\STM32F407VET6\STM32F407VET6Project\EWARM\STM32F407VET6Project\Obj\systick_lib.o
#        E:\STM32Project\NewProject\STM32F407\STM32F407VET6\STM32F407VET6Project\EWARM\STM32F407VET6Project\Obj\systick_task.o
#        E:\STM32Project\NewProject\STM32F407\STM32F407VET6\STM32F407VET6Project\EWARM\STM32F407VET6Project\Obj\task_manage.o
#        E:\STM32Project\NewProject\STM32F407\STM32F407VET6\STM32F407VET6Project\EWARM\STM32F407VET6Project\Obj\timer_cfg.o
#        E:\STM32Project\NewProject\STM32F407\STM32F407VET6\STM32F407VET6Project\EWARM\STM32F407VET6Project\Obj\timer_lib.o
#        E:\STM32Project\NewProject\STM32F407\STM32F407VET6\STM32F407VET6Project\EWARM\STM32F407VET6Project\Obj\timer_task.o
#        E:\STM32Project\NewProject\STM32F407\STM32F407VET6\STM32F407VET6Project\EWARM\STM32F407VET6Project\Obj\uart_cfg.o
#        E:\STM32Project\NewProject\STM32F407\STM32F407VET6\STM32F407VET6Project\EWARM\STM32F407VET6Project\Obj\uart_lib.o
#        E:\STM32Project\NewProject\STM32F407\STM32F407VET6\STM32F407VET6Project\EWARM\STM32F407VET6Project\Obj\uart_task.o
#        E:\STM32Project\NewProject\STM32F407\STM32F407VET6\STM32F407VET6Project\EWARM\STM32F407VET6Project\Obj\usb_cfg.o
#        E:\STM32Project\NewProject\STM32F407\STM32F407VET6\STM32F407VET6Project\EWARM\STM32F407VET6Project\Obj\usb_lib.o
#        E:\STM32Project\NewProject\STM32F407\STM32F407VET6\STM32F407VET6Project\EWARM\STM32F407VET6Project\Obj\usb_task.o
#        E:\STM32Project\NewProject\STM32F407\STM32F407VET6\STM32F407VET6Project\EWARM\STM32F407VET6Project\Obj\usbhid_cfg.o
#        E:\STM32Project\NewProject\STM32F407\STM32F407VET6\STM32F407VET6Project\EWARM\STM32F407VET6Project\Obj\usbhid_lib.o
#        E:\STM32Project\NewProject\STM32F407\STM32F407VET6\STM32F407VET6Project\EWARM\STM32F407VET6Project\Obj\usbhid_task.o
#        E:\STM32Project\NewProject\STM32F407\STM32F407VET6\STM32F407VET6Project\EWARM\STM32F407VET6Project\Obj\w25qxx_cfg.o
#        E:\STM32Project\NewProject\STM32F407\STM32F407VET6\STM32F407VET6Project\EWARM\STM32F407VET6Project\Obj\w25qxx_lib.o
#        E:\STM32Project\NewProject\STM32F407\STM32F407VET6\STM32F407VET6Project\EWARM\STM32F407VET6Project\Obj\w25qxx_task.o
#        E:\STM32Project\NewProject\STM32F407\STM32F407VET6\STM32F407VET6Project\EWARM\STM32F407VET6Project\Obj\w5500_cfg.o
#        E:\STM32Project\NewProject\STM32F407\STM32F407VET6\STM32F407VET6Project\EWARM\STM32F407VET6Project\Obj\w5500_lib.o
#        E:\STM32Project\NewProject\STM32F407\STM32F407VET6\STM32F407VET6Project\EWARM\STM32F407VET6Project\Obj\w5500_task.o
#        E:\STM32Project\NewProject\STM32F407\STM32F407VET6\STM32F407VET6Project\EWARM\STM32F407VET6Project\Obj\wm8510_cfg.o
#        E:\STM32Project\NewProject\STM32F407\STM32F407VET6\STM32F407VET6Project\EWARM\STM32F407VET6Project\Obj\wm8510_lib.o
#        E:\STM32Project\NewProject\STM32F407\STM32F407VET6\STM32F407VET6Project\EWARM\STM32F407VET6Project\Obj\wm8510_task.o
#        E:\STM32Project\NewProject\STM32F407\STM32F407VET6\STM32F407VET6Project\EWARM\STM32F407VET6Project\Obj\wwdg_cfg.o
#        E:\STM32Project\NewProject\STM32F407\STM32F407VET6\STM32F407VET6Project\EWARM\STM32F407VET6Project\Obj\wwdg_lib.o
#        E:\STM32Project\NewProject\STM32F407\STM32F407VET6\STM32F407VET6Project\EWARM\STM32F407VET6Project\Obj\wwdg_task.o
#        --redirect _Printf=_PrintfFull --redirect _Scanf=_ScanfFull
#        --no_out_extension -o
#        E:\STM32Project\NewProject\STM32F407\STM32F407VET6\STM32F407VET6Project\EWARM\STM32F407VET6Project\Exe\STM32F407VET6Project.out
#        --map
#        E:\STM32Project\NewProject\STM32F407\STM32F407VET6\STM32F407VET6Project\EWARM\STM32F407VET6Project\List\STM32F407VET6Project.map
#        --config "D:\Program Files (x86)\IAR Systems\Embedded Workbench
#        8.3\arm\config\linker\ST\stm32f407xE.icf" --semihosting --entry
#        __iar_program_start --vfe --text_out locale)
#
###############################################################################

*******************************************************************************
*** RUNTIME MODEL ATTRIBUTES
***

CppFlavor       = *
__Heap_Handler  = DLMalloc
__SystemLibrary = DLib
__dlib_version  = 6


*******************************************************************************
*** HEAP SELECTION
***

The advanced heap was selected because the application calls memory
allocation functions outside of system library functions, and there
are calls to deallocation functions in the application.


*******************************************************************************
*** PLACEMENT SUMMARY
***

"A0":  place at address 0x800'0000 { ro section .intvec };
"P1":  place in [from 0x800'0000 to 0x807'ffff] { ro };
define block CSTACK with size = 8K, alignment = 8 { };
define block HEAP with size = 8K, alignment = 8 { };
"P4":  place in [from 0x2000'0000 to 0x2001'bfff] |
                [from 0x2001'c000 to 0x2001'ffff] {
          rw, block CSTACK, block HEAP };
initialize by copy { rw };

No sections matched the following patterns:

  ro section application_specific_ro  in "P2"
  section .backup_sram                in "P5"
  section .ccram                      in "P3"


  Section            Kind         Address    Size  Object
  -------            ----         -------    ----  ------
"A0":                                       0x188
  .intvec            ro code   0x800'0000   0x188  startup_stm32f407xx.o [1]
                             - 0x800'0188   0x188

"P1":                                      0x8394
  .text              ro code   0x800'0188  0x1412  uart_cfg.o [1]
  .text              ro code   0x800'159a    0x3a  zero_init3.o [4]
  .text              ro code   0x800'15d4    0x66  ABImemset.o [4]
  .text              ro code   0x800'163a    0x2e  copy_init3.o [4]
  .text              ro code   0x800'1668   0x17a  stm32f4xx_ll_gpio.o [1]
  .text              ro code   0x800'17e2    0x1e  xencoding_8859_1.o [2]
  .text              ro code   0x800'1800   0x440  stm32f4xx_ll_usart.o [1]
  .text              ro code   0x800'1c40   0x340  stm32f4xx_ll_dma.o [1]
  .text              ro code   0x800'1f80     0xa  dma_task.o [1]
  .text              ro code   0x800'1f8a    0x1a  xsnprout.o [2]
  .text              ro code   0x800'1fa4   0x534  gpio_cfg.o [1]
  .text              ro code   0x800'24d8     0x8  iwdg_task.o [1]
  .text              ro code   0x800'24e0    0x3c  vsnprint.o [2]
  .text              ro code   0x800'251c   0x27a  stm32_cfg.o [1]
  .rodata            const     0x800'2796     0x2  xlocale_c.o [2]
  .text              ro code   0x800'2798   0x230  I64DivMod.o [4]
  .text              ro code   0x800'29c8   0x144  stm32f4xx_ll_rcc.o [1]
  .text              ro code   0x800'2b0c     0xa  dma_lib.o [1]
  .text              ro code   0x800'2b16    0x30  systick_task.o [1]
  .text              ro code   0x800'2b46     0x8  iwdg_lib.o [1]
  .rodata            const     0x800'2b4e     0x2  xlocale_c.o [2]
  .text              ro code   0x800'2b50  0x10c6  xprintffull.o [2]
  .rodata            const     0x800'3c16     0x1  xlocale_c.o [2]
  .text              ro code   0x800'3c18     0x2  I64DivZer.o [4]
  .text              ro code   0x800'3c1c    0xe8  dma_cfg.o [1]
  .text              ro code   0x800'3d04    0x30  systick_lib.o [1]
  .text              ro code   0x800'3d34    0x1c  iwdg_cfg.o [1]
  .text              ro code   0x800'3d50    0x7c  xlocale_c.o [2]
  .text              ro code   0x800'3dcc    0x16  strchr.o [4]
  .text              ro code   0x800'3de4    0x40  xfail_s.o [2]
  .text              ro code   0x800'3e24    0x36  strlen.o [4]
  .text              ro code   0x800'3e5c    0x58  memchr.o [4]
  .text              ro code   0x800'3eb4    0xa6  ABImemcpy.o [4]
  .text              ro code   0x800'3f5c    0x70  frexp.o [3]
  .text              ro code   0x800'3fcc    0x2e  DblCmpLe.o [3]
  .text              ro code   0x800'3ffc    0x2e  DblCmpGe.o [3]
  .text              ro code   0x800'402c   0x13a  ldexp.o [3]
  .text              ro code   0x800'4168    0x3a  DblToS32.o [3]
  .text              ro code   0x800'41a4    0x22  S32ToDbl.o [3]
  .text              ro code   0x800'41c8    0xe2  DblSub.o [3]
  .text              ro code   0x800'42ac   0x246  DblDiv.o [3]
  .text              ro code   0x800'44f4    0x28  DblToU32.o [3]
  .text              ro code   0x800'451c    0x1a  U32ToDbl.o [3]
  .text              ro code   0x800'4538   0x1a2  DblMul.o [3]
  .text              ro code   0x800'46da     0xa  xmbcurmax.o [2]
  .text              ro code   0x800'46e4   0x3f8  systick_cfg.o [1]
  .text              ro code   0x800'4adc     0x6  abort.o [2]
  .text              ro code   0x800'4ae4   0x17a  DblAdd.o [3]
  .text              ro code   0x800'4c60    0x14  exit.o [5]
  .text              ro code   0x800'4c74   0x81c  i2c_cfg.o [1]
  .text              ro code   0x800'5490    0x12  gpio_task.o [1]
  .text              ro code   0x800'54a4   0x1b2  stm32f4xx_ll_i2c.o [1]
  .text              ro code   0x800'5656    0x12  gpio_lib.o [1]
  .text              ro code   0x800'5668   0x6da  mpu6050_cfg.o [1]
  .text              ro code   0x800'5d42    0x7e  i2c_task.o [1]
  .text              ro code   0x800'5dc0    0x48  FltToDbl.o [3]
  .text              ro code   0x800'5e08    0x68  DblToFlt.o [3]
  .text              ro code   0x800'5e70    0xd8  i2c_lib.o [1]
  .text              ro code   0x800'5f48   0x6da  rtc_cfg.o [1]
  .text              ro code   0x800'6624   0x3e2  stm32f4xx_ll_rtc.o [1]
  .text              ro code   0x800'6a08   0x118  complier_lib.o [1]
  .text              ro code   0x800'6b20   0x600  timer_cfg.o [1]
  .text              ro code   0x800'7120   0x1c0  stm32f4xx_ll_tim.o [1]
  .text              ro code   0x800'72e0   0x43c  main.o [1]
  .text              ro code   0x800'771c     0xc  stm32f4xx_ll_utils.o [1]
  .text              ro code   0x800'7728    0x64  my_malloc.o [1]
  .text              ro code   0x800'778c    0x16  rtc_task.o [1]
  .text              ro code   0x800'77a2    0x12  random_task.o [1]
  .text              ro code   0x800'77b4    0x10  crc_task.o [1]
  .text              ro code   0x800'77c4    0x56  uart_task.o [1]
  .text              ro code   0x800'781a     0x8  timer_task.o [1]
  .text              ro code   0x800'7822    0x16  mpu6050_task.o [1]
  .text              ro code   0x800'7838    0x10  delay_task.o [1]
  .text              ro code   0x800'7848    0x16  rtc_lib.o [1]
  .text              ro code   0x800'785e    0x12  random_lib.o [1]
  .text              ro code   0x800'7870    0x10  crc_lib.o [1]
  .text              ro code   0x800'7880    0x6c  uart_lib.o [1]
  .text              ro code   0x800'78ec     0x8  timer_lib.o [1]
  .text              ro code   0x800'78f4    0x16  mpu6050_lib.o [1]
  .text              ro code   0x800'790a    0x10  delay_lib.o [1]
  .text              ro code   0x800'791c   0x1a4  random_cfg.o [1]
  .text              ro code   0x800'7ac0    0x50  crc_cfg.o [1]
  .text              ro code   0x800'7b10    0x68  delay_cfg.o [1]
  .text              ro code   0x800'7b78    0x2e  stm32f4xx_ll_rng.o [1]
  .text              ro code   0x800'7ba8    0x44  stm32f4xx_ll_crc.o [1]
  .text              ro code   0x800'7bec   0x25c  adc_cfg.o [1]
  .text              ro code   0x800'7e48   0x168  stm32f4xx_it.o [1]
  .text              ro code   0x800'7fb0    0x10  css_task.o [1]
  .text              ro code   0x800'7fc0     0x8  pvd_task.o [1]
  .text              ro code   0x800'7fc8    0x18  adc_task.o [1]
  .text              ro code   0x800'7fe0    0x10  css_lib.o [1]
  .text              ro code   0x800'7ff0     0x8  pvd_lib.o [1]
  .text              ro code   0x800'7ff8    0x18  adc_lib.o [1]
  .text              ro code   0x800'8010    0xb4  css_cfg.o [1]
  .text              ro code   0x800'80c4     0x2  pvd_cfg.o [1]
  .rodata            const     0x800'80c8    0x60  main.o [1]
  .text              ro code   0x800'8128    0x60  system_stm32f4xx.o [1]
  .rodata            const     0x800'8188    0x28  main.o [1]
  .text              ro code   0x800'81b0    0x28  data_init.o [4]
  .rodata            const     0x800'81d8    0x24  main.o [1]
  .text              ro code   0x800'81fc    0x22  fpinit_M.o [3]
  .iar.init_table    const     0x800'8220    0x24  - Linker created -
  .text              ro code   0x800'8244    0x1e  cmain.o [4]
  .text              ro code   0x800'8262     0x4  low_level_init.o [2]
  .text              ro code   0x800'8266     0x4  exit.o [2]
  .text              ro code   0x800'826c     0xa  cexit.o [4]
  .text              ro code   0x800'8278    0x18  stm32f4xx_hal.o [1]
  .rodata            const     0x800'8290    0x14  uart_cfg.o [1]
  .rodata            const     0x800'82a4    0x14  uart_cfg.o [1]
  .rodata            const     0x800'82b8    0x10  main.o [1]
  .rodata            const     0x800'82c8    0x10  rtc_cfg.o [1]
  .rodata            const     0x800'82d8    0x10  system_stm32f4xx.o [1]
  .text              ro code   0x800'82e8    0x10  startup_stm32f407xx.o [1]
  .rodata            const     0x800'82f8     0xc  rtc_cfg.o [1]
  .rodata            const     0x800'8304     0xc  rtc_cfg.o [1]
  .text              ro code   0x800'8310     0xc  cstartup_M.o [4]
  .rodata            const     0x800'831c     0x8  adc_cfg.o [1]
  .rodata            const     0x800'8324     0x8  main.o [1]
  .rodata            const     0x800'832c     0x8  stm32_cfg.o [1]
  .rodata            const     0x800'8334     0x8  stm32f4xx_ll_dma.o [1]
  .rodata            const     0x800'833c     0x8  system_stm32f4xx.o [1]
  .rodata            const     0x800'8344     0x8  uart_cfg.o [1]
  .text              ro code   0x800'834c     0x4  startup_stm32f407xx.o [1]
  .text              ro code   0x800'8350     0x4  startup_stm32f407xx.o [1]
  .text              ro code   0x800'8354     0x4  startup_stm32f407xx.o [1]
  .text              ro code   0x800'8358     0x4  startup_stm32f407xx.o [1]
  .text              ro code   0x800'835c     0x4  startup_stm32f407xx.o [1]
  .text              ro code   0x800'8360     0x4  startup_stm32f407xx.o [1]
  .text              ro code   0x800'8364     0x4  startup_stm32f407xx.o [1]
  .text              ro code   0x800'8368     0x4  startup_stm32f407xx.o [1]
  .text              ro code   0x800'836c     0x4  startup_stm32f407xx.o [1]
  .text              ro code   0x800'8370     0x4  startup_stm32f407xx.o [1]
  .text              ro code   0x800'8374     0x4  startup_stm32f407xx.o [1]
  .text              ro code   0x800'8378     0x4  startup_stm32f407xx.o [1]
  .text              ro code   0x800'837c     0x4  startup_stm32f407xx.o [1]
  .text              ro code   0x800'8380     0x4  startup_stm32f407xx.o [1]
  .text              ro code   0x800'8384     0x4  startup_stm32f407xx.o [1]
  .text              ro code   0x800'8388     0x4  startup_stm32f407xx.o [1]
  .text              ro code   0x800'838c     0x4  startup_stm32f407xx.o [1]
  .text              ro code   0x800'8390     0x4  startup_stm32f407xx.o [1]
  .text              ro code   0x800'8394     0x4  startup_stm32f407xx.o [1]
  .text              ro code   0x800'8398     0x4  startup_stm32f407xx.o [1]
  .text              ro code   0x800'839c     0x4  startup_stm32f407xx.o [1]
  .text              ro code   0x800'83a0     0x4  startup_stm32f407xx.o [1]
  .text              ro code   0x800'83a4     0x4  startup_stm32f407xx.o [1]
  .text              ro code   0x800'83a8     0x4  startup_stm32f407xx.o [1]
  .text              ro code   0x800'83ac     0x4  startup_stm32f407xx.o [1]
  .text              ro code   0x800'83b0     0x4  startup_stm32f407xx.o [1]
  .text              ro code   0x800'83b4     0x4  startup_stm32f407xx.o [1]
  .text              ro code   0x800'83b8     0x4  startup_stm32f407xx.o [1]
  .text              ro code   0x800'83bc     0x4  startup_stm32f407xx.o [1]
  .text              ro code   0x800'83c0     0x4  startup_stm32f407xx.o [1]
  .text              ro code   0x800'83c4     0x4  startup_stm32f407xx.o [1]
  .text              ro code   0x800'83c8     0x4  startup_stm32f407xx.o [1]
  .text              ro code   0x800'83cc     0x4  startup_stm32f407xx.o [1]
  .text              ro code   0x800'83d0     0x4  startup_stm32f407xx.o [1]
  .text              ro code   0x800'83d4     0x4  startup_stm32f407xx.o [1]
  .text              ro code   0x800'83d8     0x4  startup_stm32f407xx.o [1]
  .text              ro code   0x800'83dc     0x4  startup_stm32f407xx.o [1]
  .text              ro code   0x800'83e0     0x4  startup_stm32f407xx.o [1]
  .text              ro code   0x800'83e4     0x4  startup_stm32f407xx.o [1]
  .text              ro code   0x800'83e8     0x4  startup_stm32f407xx.o [1]
  .text              ro code   0x800'83ec     0x4  startup_stm32f407xx.o [1]
  .text              ro code   0x800'83f0     0x4  startup_stm32f407xx.o [1]
  .text              ro code   0x800'83f4     0x4  startup_stm32f407xx.o [1]
  .text              ro code   0x800'83f8     0x4  startup_stm32f407xx.o [1]
  .text              ro code   0x800'83fc     0x4  startup_stm32f407xx.o [1]
  .text              ro code   0x800'8400     0x4  startup_stm32f407xx.o [1]
  .text              ro code   0x800'8404     0x4  startup_stm32f407xx.o [1]
  .text              ro code   0x800'8408     0x4  startup_stm32f407xx.o [1]
  .text              ro code   0x800'840c     0x4  startup_stm32f407xx.o [1]
  .text              ro code   0x800'8410     0x4  startup_stm32f407xx.o [1]
  .text              ro code   0x800'8414     0x4  startup_stm32f407xx.o [1]
  .text              ro code   0x800'8418     0x4  startup_stm32f407xx.o [1]
  .text              ro code   0x800'841c     0x4  startup_stm32f407xx.o [1]
  .text              ro code   0x800'8420     0x4  startup_stm32f407xx.o [1]
  .text              ro code   0x800'8424     0x4  startup_stm32f407xx.o [1]
  .text              ro code   0x800'8428     0x4  startup_stm32f407xx.o [1]
  .text              ro code   0x800'842c     0x4  startup_stm32f407xx.o [1]
  .text              ro code   0x800'8430     0x4  startup_stm32f407xx.o [1]
  .text              ro code   0x800'8434     0x4  startup_stm32f407xx.o [1]
  .text              ro code   0x800'8438     0x4  startup_stm32f407xx.o [1]
  .text              ro code   0x800'843c     0x4  startup_stm32f407xx.o [1]
  .text              ro code   0x800'8440     0x4  startup_stm32f407xx.o [1]
  .text              ro code   0x800'8444     0x4  startup_stm32f407xx.o [1]
  .text              ro code   0x800'8448     0x4  startup_stm32f407xx.o [1]
  .text              ro code   0x800'844c     0x4  startup_stm32f407xx.o [1]
  .text              ro code   0x800'8450     0x4  startup_stm32f407xx.o [1]
  .rodata            const     0x800'8454     0x0  zero_init3.o [4]
  .rodata            const     0x800'8454     0x0  copy_init3.o [4]
  Initializer bytes  const     0x800'8454    0xc8  <for P4 s0>
                             - 0x800'851c  0x8394

"P4", part 1 of 3:                           0xc8
  P4 s0                       0x2000'0000    0xc8  <Init block>
    .data            inited   0x2000'0000    0x48  xlocale_c.o [2]
    .data            inited   0x2000'0048    0x38  xlocale_c.o [2]
    .data            inited   0x2000'0080    0x14  my_malloc.o [1]
    .data            inited   0x2000'0094     0x8  uart_cfg.o [1]
    .data            inited   0x2000'009c     0x4  adc_cfg.o [1]
    .data            inited   0x2000'00a0     0x4  adc_cfg.o [1]
    .data            inited   0x2000'00a4     0x4  mpu6050_cfg.o [1]
    .data            inited   0x2000'00a8     0x4  rtc_cfg.o [1]
    .data            inited   0x2000'00ac     0x4  system_stm32f4xx.o [1]
    .data            inited   0x2000'00b0     0x4  systick_cfg.o [1]
    .data            inited   0x2000'00b4     0x4  timer_cfg.o [1]
    .data            inited   0x2000'00b8     0x4  uart_cfg.o [1]
    .data            inited   0x2000'00bc     0x4  uart_cfg.o [1]
    .data            inited   0x2000'00c0     0x4  uart_cfg.o [1]
    .data            inited   0x2000'00c4     0x1  crc_cfg.o [1]
    .data            inited   0x2000'00c5     0x1  stm32f4xx_hal.o [1]
                            - 0x2000'00c8    0xc8

"P4", part 2 of 3:                         0x2f70
  .bss               zero     0x2000'00c8  0x2800  my_malloc.o [1]
  .bss               zero     0x2000'28c8   0x280  my_malloc.o [1]
  .bss               zero     0x2000'2b48   0x200  uart_cfg.o [1]
  .bss               zero     0x2000'2d48    0x84  uart_cfg.o [1]
  .bss               zero     0x2000'2dcc    0x84  uart_cfg.o [1]
  .bss               zero     0x2000'2e50    0x74  mpu6050_cfg.o [1]
  .bss               zero     0x2000'2ec4    0x44  uart_task.o [1]
  .bss               zero     0x2000'2f08    0x44  uart_task.o [1]
  .bss               zero     0x2000'2f4c    0x2c  adc_cfg.o [1]
  .bss               zero     0x2000'2f78    0x2c  adc_cfg.o [1]
  .bss               zero     0x2000'2fa4    0x28  systick_cfg.o [1]
  .bss               zero     0x2000'2fcc    0x24  timer_cfg.o [1]
  .bss               zero     0x2000'2ff0    0x20  stm32_cfg.o [1]
  .bss               zero     0x2000'3010    0x18  rtc_cfg.o [1]
  .bss               zero     0x2000'3028     0x4  random_cfg.o [1]
  .bss               zero     0x2000'302c     0x4  stm32f4xx_hal.o [1]
  .bss               zero     0x2000'3030     0x4  xfail_s.o [2]
  .bss               zero     0x2000'3034     0x1  uart_cfg.o [1]
  .bss               zero     0x2000'3035     0x1  uart_cfg.o [1]
                            - 0x2000'3036  0x2f6e

"P4", part 3 of 3:                         0x2000
  CSTACK                      0x2000'3038  0x2000  <Block>
    CSTACK           uninit   0x2000'3038  0x2000  <Block tail>
                            - 0x2000'5038  0x2000

Unused ranges:

         From           To      Size
         ----           --      ----
   0x800'851c   0x807'ffff  0x7'7ae4
  0x2000'5038  0x2001'bfff  0x1'6fc8
  0x2001'c000  0x2001'ffff    0x4000


*******************************************************************************
*** INIT TABLE
***

          Address      Size
          -------      ----
Zero (__iar_zero_init3)
    1 destination range, total size 0x2f6e:
          0x2000'00c8  0x2f6e

Copy (__iar_copy_init3)
    1 source range, total size 0xc8 (101% of destination):
           0x800'8454    0xc8
    1 destination range, total size 0xc6:
          0x2000'0000    0xc6



*******************************************************************************
*** MODULE SUMMARY
***

    Module                 ro code  ro data  rw data
    ------                 -------  -------  -------
command line/config:
    ------------------------------------------------
    Total:

E:\STM32Project\NewProject\STM32F407\STM32F407VET6\STM32F407VET6Project\EWARM\STM32F407VET6Project\Obj: [1]
    adc_cfg.o                  604       16       96
    adc_lib.o                   24
    adc_task.o                  24
    complier_lib.o             280
    crc_cfg.o                   80        1        1
    crc_lib.o                   16
    crc_task.o                  16
    css_cfg.o                  180
    css_lib.o                   16
    css_task.o                  16
    delay_cfg.o                104
    delay_lib.o                 16
    delay_task.o                16
    dma_cfg.o                  232
    dma_lib.o                   10
    dma_task.o                  10
    gpio_cfg.o               1'332
    gpio_lib.o                  18
    gpio_task.o                 18
    i2c_cfg.o                2'076
    i2c_lib.o                  216
    i2c_task.o                 126
    iwdg_cfg.o                  28
    iwdg_lib.o                   8
    iwdg_task.o                  8
    main.o                   1'084      196
    mpu6050_cfg.o            1'754        4      120
    mpu6050_lib.o               22
    mpu6050_task.o              22
    my_malloc.o                100       20   10'900
    pvd_cfg.o                    2
    pvd_lib.o                    8
    pvd_task.o                   8
    random_cfg.o               420                 4
    random_lib.o                18
    random_task.o               18
    rtc_cfg.o                1'754       44       28
    rtc_lib.o                   22
    rtc_task.o                  22
    startup_stm32f407xx.o      672
    stm32_cfg.o                634        8       32
    stm32f4xx_hal.o             24        1        5
    stm32f4xx_it.o             360
    stm32f4xx_ll_crc.o          68
    stm32f4xx_ll_dma.o         832        8
    stm32f4xx_ll_gpio.o        378
    stm32f4xx_ll_i2c.o         434
    stm32f4xx_ll_rcc.o         324
    stm32f4xx_ll_rng.o          46
    stm32f4xx_ll_rtc.o         994
    stm32f4xx_ll_tim.o         448
    stm32f4xx_ll_usart.o     1'088
    stm32f4xx_ll_utils.o        12
    system_stm32f4xx.o          96       28        4
    systick_cfg.o            1'016        4       44
    systick_lib.o               48
    systick_task.o              48
    timer_cfg.o              1'536        4       40
    timer_lib.o                  8
    timer_task.o                 8
    uart_cfg.o               5'138       68      798
    uart_lib.o                 108
    uart_task.o                 86               136
    ------------------------------------------------
    Total:                  25'134      402   12'208

dl7M_tlf.a: [2]
    abort.o                      6
    exit.o                       4
    low_level_init.o             4
    vsnprint.o                  60
    xencoding_8859_1.o          30
    xfail_s.o                   64                 4
    xlocale_c.o                124      133      128
    xmbcurmax.o                 10
    xprintffull.o            4'294
    xsnprout.o                  26
    ------------------------------------------------
    Total:                   4'622      133      132

m7M_tls.a: [3]
    DblAdd.o                   378
    DblCmpGe.o                  46
    DblCmpLe.o                  46
    DblDiv.o                   582
    DblMul.o                   418
    DblSub.o                   226
    DblToFlt.o                 104
    DblToS32.o                  58
    DblToU32.o                  40
    FltToDbl.o                  72
    S32ToDbl.o                  34
    U32ToDbl.o                  26
    fpinit_M.o                  34
    frexp.o                    112
    ldexp.o                    314
    ------------------------------------------------
    Total:                   2'490

rt7M_tl.a: [4]
    ABImemcpy.o                166
    ABImemset.o                102
    I64DivMod.o                560
    I64DivZer.o                  2
    cexit.o                     10
    cmain.o                     30
    copy_init3.o                46
    cstartup_M.o                12
    data_init.o                 40
    memchr.o                    88
    strchr.o                    22
    strlen.o                    54
    zero_init3.o                58
    ------------------------------------------------
    Total:                   1'190

shb_l.a: [5]
    exit.o                      20
    ------------------------------------------------
    Total:                      20

    Gaps                        43        4
    Linker created                       38    8'192
----------------------------------------------------
    Grand Total:            33'499      577   20'532


*******************************************************************************
*** ENTRY LIST
***

Entry                       Address    Size  Type      Object
-----                       -------    ----  ----      ------
.iar.init_table$$Base    0x800'8220           --   Gb  - Linker created -
.iar.init_table$$Limit   0x800'8244           --   Gb  - Linker created -
?main                    0x800'8245          Code  Gb  cmain.o [4]
ADCLib_ADCTask_START     0x800'7ff9     0x8  Code  Gb  adc_lib.o [1]
ADCLib_ADCTask_STOP      0x800'8001     0x8  Code  Gb  adc_lib.o [1]
ADCLib_HandleChannelVal
                         0x800'8009     0x8  Code  Gb  adc_lib.o [1]
ADCTask_ADCTask_START    0x800'7fc9     0x8  Code  Gb  adc_task.o [1]
ADCTask_ADCTask_STOP     0x800'7fd1     0x8  Code  Gb  adc_task.o [1]
ADCTask_HandleChannelVal
                         0x800'7fd9     0x8  Code  Gb  adc_task.o [1]
ADC_ADC1_DMA_Restart     0x800'7c6b    0x30  Code  Gb  adc_cfg.o [1]
ADC_ADC1_DMA_Stop        0x800'7c9b    0x28  Code  Gb  adc_cfg.o [1]
ADC_ADC3_DMA_Restart     0x800'7cc3    0x2c  Code  Gb  adc_cfg.o [1]
ADC_ADC3_DMA_Stop        0x800'7cef    0x2a  Code  Gb  adc_cfg.o [1]
ADC_ADCTask_START        0x800'7d3f    0x54  Code  Gb  adc_cfg.o [1]
ADC_ADCTask_STOP         0x800'7d93    0x40  Code  Gb  adc_cfg.o [1]
ADC_HandleChannelVal     0x800'7dd3    0x58  Code  Gb  adc_cfg.o [1]
ADC_SoftStart            0x800'7d19    0x26  Code  Gb  adc_cfg.o [1]
AHBPrescTable            0x800'82d8    0x10  Data  Gb  system_stm32f4xx.o [1]
APBPrescTable            0x800'833c     0x8  Data  Gb  system_stm32f4xx.o [1]
BcdToDec                 0x800'6a09    0x18  Code  Gb  complier_lib.o [1]
BusFault_Handler         0x800'7e93     0x2  Code  Gb  stm32f4xx_it.o [1]
CRCLib_Enable            0x800'7879     0x8  Code  Gb  crc_lib.o [1]
CRCLib_Init              0x800'7871     0x8  Code  Gb  crc_lib.o [1]
CRCTask_Enable           0x800'77bd     0x8  Code  Gb  crc_task.o [1]
CRCTask_Init             0x800'77b5     0x8  Code  Gb  crc_task.o [1]
CRC_DeInit               0x800'7aed    0x10  Code  Gb  crc_cfg.o [1]
CRC_Enable               0x800'7afd     0x6  Code  Gb  crc_cfg.o [1]
CRC_Init                 0x800'7ad7    0x16  Code  Gb  crc_cfg.o [1]
CSSLib_NMI_IRQ           0x800'7fe1     0x8  Code  Gb  css_lib.o [1]
CSSLib_RCC_IRQ           0x800'7fe9     0x8  Code  Gb  css_lib.o [1]
CSSTask_NMI_IRQ          0x800'7fb1     0x8  Code  Gb  css_task.o [1]
CSSTask_RCC_IRQ          0x800'7fb9     0x8  Code  Gb  css_task.o [1]
CSS_NMI_IRQ              0x800'8091    0x18  Code  Gb  css_cfg.o [1]
CSS_RCC_IRQ              0x800'80a9    0x1c  Code  Gb  css_cfg.o [1]
CSTACK$$Base            0x2000'3038           --   Gb  - Linker created -
CSTACK$$Limit           0x2000'5038           --   Gb  - Linker created -
CacheMore                0x800'3d55    0x28  Code  Lc  xlocale_c.o [2]
CalcAvgWordFromIndex     0x800'6ab9    0x60  Code  Gb  complier_lib.o [1]
DMA1_Stream1_IRQHandler
                         0x800'7f41    0x18  Code  Gb  stm32f4xx_it.o [1]
DMA1_Stream3_IRQHandler
                         0x800'7f59    0x18  Code  Gb  stm32f4xx_it.o [1]
DMA2_Stream0_IRQHandler
                         0x800'7ee7    0x26  Code  Gb  stm32f4xx_it.o [1]
DMA2_Stream1_IRQHandler
                         0x800'7f0d     0x2  Code  Gb  stm32f4xx_it.o [1]
DMA2_Stream2_IRQHandler
                         0x800'7f11    0x18  Code  Gb  stm32f4xx_it.o [1]
DMA2_Stream7_IRQHandler
                         0x800'7f29    0x18  Code  Gb  stm32f4xx_it.o [1]
DMALib_Clock             0x800'2b0d     0xa  Code  Gb  dma_lib.o [1]
DMATask_Clock            0x800'1f81     0xa  Code  Gb  dma_task.o [1]
DMA_Clock                0x800'3c49    0xaa  Code  Gb  dma_cfg.o [1]
DebugMon_Handler         0x800'7e99     0x2  Code  Gb  stm32f4xx_it.o [1]
DecToBcd                 0x800'6a21    0x24  Code  Gb  complier_lib.o [1]
DelayLib_ms              0x800'790b     0x8  Code  Gb  delay_lib.o [1]
DelayNLib_us             0x800'7913     0x8  Code  Gb  delay_lib.o [1]
DelayN_ms                0x800'7b59    0x20  Code  Gb  delay_cfg.o [1]
DelayN_us                0x800'7b31    0x28  Code  Gb  delay_cfg.o [1]
DelayTask_ms             0x800'7841     0x8  Code  Gb  delay_task.o [1]
DelayTask_us             0x800'7839     0x8  Code  Gb  delay_task.o [1]
Delay_ms                 0x800'7b11    0x20  Code  Gb  delay_cfg.o [1]
DescSortWord             0x800'6a45    0x72  Code  Gb  complier_lib.o [1]
EXTI0_IRQHandler         0x800'7f99     0x2  Code  Gb  stm32f4xx_it.o [1]
EXTI3_IRQHandler         0x800'7f9b    0x16  Code  Gb  stm32f4xx_it.o [1]
GPIOLib_Init             0x800'5657     0x8  Code  Gb  gpio_lib.o [1]
GPIOLib_WaitPinPort      0x800'565f     0xa  Code  Gb  gpio_lib.o [1]
GPIOTask_Init            0x800'5491     0x8  Code  Gb  gpio_task.o [1]
GPIOTask_WaitPinPort     0x800'5499     0xa  Code  Gb  gpio_task.o [1]
GPIO_Clock               0x800'200b   0x2aa  Code  Gb  gpio_cfg.o [1]
GPIO_Init                0x800'22b5    0x54  Code  Gb  gpio_cfg.o [1]
GPIO_ReadInputPort       0x800'2415    0x7e  Code  Gb  gpio_cfg.o [1]
GPIO_ResetOutputPins     0x800'23a7    0x6e  Code  Gb  gpio_cfg.o [1]
GPIO_SetOutputPin        0x800'2339    0x6e  Code  Gb  gpio_cfg.o [1]
GPIO_WaitPinPort         0x800'2493    0x46  Code  Gb  gpio_cfg.o [1]
HAL_IncTick              0x800'8279    0x18  Code  Wk  stm32f4xx_hal.o [1]
HASH_RNG_IRQHandler      0x800'7ec7     0x8  Code  Gb  stm32f4xx_it.o [1]
HardFault_Handler        0x800'7e89     0x8  Code  Gb  stm32f4xx_it.o [1]
HardFault_IRQTask        0x800'25d1    0x12  Code  Gb  stm32_cfg.o [1]
HardFault_Msg            0x800'2591    0x36  Code  Gb  stm32_cfg.o [1]
I2CLib_MHW_CheckClock    0x800'5f23     0x8  Code  Gb  i2c_lib.o [1]
I2CLib_MHW_Init          0x800'5edb     0x8  Code  Gb  i2c_lib.o [1]
I2CLib_MHW_PollMode_ReadByte
                         0x800'5f41     0x8  Code  Gb  i2c_lib.o [1]
I2CLib_MHW_PollMode_START
                         0x800'5ee3    0x38  Code  Gb  i2c_lib.o [1]
I2CLib_MHW_PollMode_STOP
                         0x800'5f1b     0x8  Code  Gb  i2c_lib.o [1]
I2CLib_MHW_PollMode_SendByte
                         0x800'5f35     0xc  Code  Gb  i2c_lib.o [1]
I2CLib_MHW_SendACK       0x800'5f2b     0xa  Code  Gb  i2c_lib.o [1]
I2CLib_MSW_Init          0x800'5e71     0x8  Code  Gb  i2c_lib.o [1]
I2CLib_MSW_ReadACK       0x800'5eb7     0x8  Code  Gb  i2c_lib.o [1]
I2CLib_MSW_ReadByte      0x800'5ed3     0x8  Code  Gb  i2c_lib.o [1]
I2CLib_MSW_START         0x800'5e79    0x36  Code  Gb  i2c_lib.o [1]
I2CLib_MSW_STOP          0x800'5eaf     0x8  Code  Gb  i2c_lib.o [1]
I2CLib_MSW_SendACK       0x800'5ebf     0xa  Code  Gb  i2c_lib.o [1]
I2CLib_MSW_SendByte      0x800'5ec9     0xa  Code  Gb  i2c_lib.o [1]
I2CTask_MHW_CheckClock   0x800'5d9b     0x8  Code  Gb  i2c_task.o [1]
I2CTask_MHW_Init         0x800'5d81     0x8  Code  Gb  i2c_task.o [1]
I2CTask_MHW_PollMode_ReadByte
                         0x800'5db9     0x8  Code  Gb  i2c_task.o [1]
I2CTask_MHW_PollMode_START
                         0x800'5d89     0xa  Code  Gb  i2c_task.o [1]
I2CTask_MHW_PollMode_STOP
                         0x800'5d93     0x8  Code  Gb  i2c_task.o [1]
I2CTask_MHW_PollMode_SendByte
                         0x800'5dad     0xc  Code  Gb  i2c_task.o [1]
I2CTask_MHW_SendACK      0x800'5da3     0xa  Code  Gb  i2c_task.o [1]
I2CTask_MSW_Init         0x800'5d43     0x8  Code  Gb  i2c_task.o [1]
I2CTask_MSW_ReadACK      0x800'5d5d     0x8  Code  Gb  i2c_task.o [1]
I2CTask_MSW_ReadByte     0x800'5d79     0x8  Code  Gb  i2c_task.o [1]
I2CTask_MSW_START        0x800'5d4b     0xa  Code  Gb  i2c_task.o [1]
I2CTask_MSW_STOP         0x800'5d55     0x8  Code  Gb  i2c_task.o [1]
I2CTask_MSW_SendACK      0x800'5d65     0xa  Code  Gb  i2c_task.o [1]
I2CTask_MSW_SendByte     0x800'5d6f     0xa  Code  Gb  i2c_task.o [1]
I2C_Clock                0x800'4ffd   0x108  Code  Gb  i2c_cfg.o [1]
I2C_MHW_CheckBusy        0x800'5325    0xc4  Code  Gb  i2c_cfg.o [1]
I2C_MHW_CheckClock       0x800'52e9    0x1c  Code  Gb  i2c_cfg.o [1]
I2C_MHW_Init             0x800'5105    0xf4  Code  Gb  i2c_cfg.o [1]
I2C_MHW_PollMode_ADDR    0x800'52af    0x3a  Code  Gb  i2c_cfg.o [1]
I2C_MHW_PollMode_ReadByte
                         0x800'5435    0x20  Code  Gb  i2c_cfg.o [1]
I2C_MHW_PollMode_START   0x800'5279    0x2a  Code  Gb  i2c_cfg.o [1]
I2C_MHW_PollMode_STOP    0x800'52a3     0xc  Code  Gb  i2c_cfg.o [1]
I2C_MHW_PollMode_SendByte
                         0x800'53e9    0x4c  Code  Gb  i2c_cfg.o [1]
I2C_MHW_PollMode_WaitFlag
                         0x800'51f9    0x80  Code  Gb  i2c_cfg.o [1]
I2C_MHW_SendACK          0x800'5305    0x20  Code  Gb  i2c_cfg.o [1]
I2C_MSW_ACK              0x800'4e83    0x28  Code  Gb  i2c_cfg.o [1]
I2C_MSW_Init             0x800'4d73    0x74  Code  Gb  i2c_cfg.o [1]
I2C_MSW_NACK             0x800'4eab    0x28  Code  Gb  i2c_cfg.o [1]
I2C_MSW_ReadACK          0x800'4ed3    0x3e  Code  Gb  i2c_cfg.o [1]
I2C_MSW_ReadBit          0x800'4f8d    0x3a  Code  Gb  i2c_cfg.o [1]
I2C_MSW_ReadByte         0x800'4fc7    0x36  Code  Gb  i2c_cfg.o [1]
I2C_MSW_START            0x800'4de7    0x52  Code  Gb  i2c_cfg.o [1]
I2C_MSW_STOP             0x800'4e39    0x4a  Code  Gb  i2c_cfg.o [1]
I2C_MSW_SendACK          0x800'4f11    0x14  Code  Gb  i2c_cfg.o [1]
I2C_MSW_SendBit          0x800'4f25    0x3a  Code  Gb  i2c_cfg.o [1]
I2C_MSW_SendByte         0x800'4f5f    0x2e  Code  Gb  i2c_cfg.o [1]
IWDGLib_Reset            0x800'2b47     0x8  Code  Gb  iwdg_lib.o [1]
IWDGTask_Reset           0x800'24d9     0x8  Code  Gb  iwdg_task.o [1]
IWDG_Reset               0x800'3d3d     0xc  Code  Gb  iwdg_cfg.o [1]
LL_ADC_ClearFlag_OVR     0x800'7c0b     0x8  Code  Lc  adc_cfg.o [1]
LL_ADC_Disable           0x800'7bf7     0xa  Code  Lc  adc_cfg.o [1]
LL_ADC_Enable            0x800'7bed     0xa  Code  Lc  adc_cfg.o [1]
LL_ADC_REG_StartConversionSWStart
                         0x800'7c01     0xa  Code  Lc  adc_cfg.o [1]
LL_AHB1_GRP1_DisableClock
                         0x800'1fbd     0xe  Code  Lc  gpio_cfg.o [1]
LL_AHB1_GRP1_EnableClock
                         0x800'7ac1    0x16  Code  Lc  crc_cfg.o [1]
LL_AHB1_GRP1_EnableClock
                         0x800'3c1d    0x16  Code  Lc  dma_cfg.o [1]
LL_AHB1_GRP1_EnableClock
                         0x800'1fa5    0x18  Code  Lc  gpio_cfg.o [1]
LL_AHB1_GRP1_ForceReset
                         0x800'3c33     0xa  Code  Lc  dma_cfg.o [1]
LL_AHB1_GRP1_ForceReset
                         0x800'1fcb     0xc  Code  Lc  gpio_cfg.o [1]
LL_AHB1_GRP1_ForceReset
                         0x800'7ba9     0xa  Code  Lc  stm32f4xx_ll_crc.o [1]
LL_AHB1_GRP1_ForceReset
                         0x800'1c41     0xa  Code  Lc  stm32f4xx_ll_dma.o [1]
LL_AHB1_GRP1_ReleaseReset
                         0x800'3c3d     0xc  Code  Lc  dma_cfg.o [1]
LL_AHB1_GRP1_ReleaseReset
                         0x800'1fd7     0xe  Code  Lc  gpio_cfg.o [1]
LL_AHB1_GRP1_ReleaseReset
                         0x800'7bb3     0xc  Code  Lc  stm32f4xx_ll_crc.o [1]
LL_AHB1_GRP1_ReleaseReset
                         0x800'1c4b     0xc  Code  Lc  stm32f4xx_ll_dma.o [1]
LL_AHB2_GRP1_EnableClock
                         0x800'79a3    0x16  Code  Lc  random_cfg.o [1]
LL_AHB2_GRP1_ForceReset
                         0x800'7b79     0xa  Code  Lc  stm32f4xx_ll_rng.o [1]
LL_AHB2_GRP1_ReleaseReset
                         0x800'7b83     0xc  Code  Lc  stm32f4xx_ll_rng.o [1]
LL_APB1_GRP1_DisableClock
                         0x800'4c8d     0xe  Code  Lc  i2c_cfg.o [1]
LL_APB1_GRP1_DisableClock
                         0x800'6b39     0xe  Code  Lc  timer_cfg.o [1]
LL_APB1_GRP1_DisableClock
                         0x800'022f     0xe  Code  Lc  uart_cfg.o [1]
LL_APB1_GRP1_EnableClock
                         0x800'4c75    0x18  Code  Lc  i2c_cfg.o [1]
LL_APB1_GRP1_EnableClock
                         0x800'736f    0x16  Code  Lc  main.o [1]
LL_APB1_GRP1_EnableClock
                         0x800'6b21    0x18  Code  Lc  timer_cfg.o [1]
LL_APB1_GRP1_EnableClock
                         0x800'0217    0x18  Code  Lc  uart_cfg.o [1]
LL_APB1_GRP1_ForceReset
                         0x800'4c9b     0xc  Code  Lc  i2c_cfg.o [1]
LL_APB1_GRP1_ForceReset
                         0x800'54a5     0xa  Code  Lc  stm32f4xx_ll_i2c.o [1]
LL_APB1_GRP1_ForceReset
                         0x800'7121     0xc  Code  Lc  stm32f4xx_ll_tim.o [1]
LL_APB1_GRP1_ForceReset
                         0x800'1801     0xc  Code  Lc  stm32f4xx_ll_usart.o [1]
LL_APB1_GRP1_ForceReset
                         0x800'6b47     0xc  Code  Lc  timer_cfg.o [1]
LL_APB1_GRP1_ForceReset
                         0x800'023d     0xc  Code  Lc  uart_cfg.o [1]
LL_APB1_GRP1_ReleaseReset
                         0x800'4ca7     0xe  Code  Lc  i2c_cfg.o [1]
LL_APB1_GRP1_ReleaseReset
                         0x800'54af     0xc  Code  Lc  stm32f4xx_ll_i2c.o [1]
LL_APB1_GRP1_ReleaseReset
                         0x800'712d     0xe  Code  Lc  stm32f4xx_ll_tim.o [1]
LL_APB1_GRP1_ReleaseReset
                         0x800'180d     0xe  Code  Lc  stm32f4xx_ll_usart.o [1]
LL_APB1_GRP1_ReleaseReset
                         0x800'6b53     0xe  Code  Lc  timer_cfg.o [1]
LL_APB1_GRP1_ReleaseReset
                         0x800'0249     0xe  Code  Lc  uart_cfg.o [1]
LL_APB2_GRP1_DisableClock
                         0x800'6b79     0xe  Code  Lc  timer_cfg.o [1]
LL_APB2_GRP1_EnableClock
                         0x800'1fe5    0x18  Code  Lc  gpio_cfg.o [1]
LL_APB2_GRP1_EnableClock
                         0x800'6b61    0x18  Code  Lc  timer_cfg.o [1]
LL_APB2_GRP1_ForceReset
                         0x800'713b     0xc  Code  Lc  stm32f4xx_ll_tim.o [1]
LL_APB2_GRP1_ForceReset
                         0x800'181b     0xc  Code  Lc  stm32f4xx_ll_usart.o [1]
LL_APB2_GRP1_ForceReset
                         0x800'6b87     0xc  Code  Lc  timer_cfg.o [1]
LL_APB2_GRP1_ReleaseReset
                         0x800'7147     0xe  Code  Lc  stm32f4xx_ll_tim.o [1]
LL_APB2_GRP1_ReleaseReset
                         0x800'1827     0xe  Code  Lc  stm32f4xx_ll_usart.o [1]
LL_APB2_GRP1_ReleaseReset
                         0x800'6b93     0xe  Code  Lc  timer_cfg.o [1]
LL_CRC_DeInit            0x800'7bbf    0x24  Code  Gb  stm32f4xx_ll_crc.o [1]
LL_DMA_ClearFlag         0x800'2643    0x5a  Code  Gb  stm32_cfg.o [1]
LL_DMA_ClearFlag_HT1     0x800'7c5b     0x8  Code  Lc  adc_cfg.o [1]
LL_DMA_ClearFlag_TC1     0x800'7c63     0x8  Code  Lc  adc_cfg.o [1]
LL_DMA_ConfigFifo        0x800'1ced    0x1c  Code  Lc  stm32f4xx_ll_dma.o [1]
LL_DMA_ConfigTransfer    0x800'1c6b    0x1a  Code  Lc  stm32f4xx_ll_dma.o [1]
LL_DMA_DeInit            0x800'1d1d   0x18a  Code  Gb  stm32f4xx_ll_dma.o [1]
LL_DMA_DisableStream     0x800'7c29    0x16  Code  Lc  adc_cfg.o [1]
LL_DMA_DisableStream     0x800'1c57    0x14  Code  Lc  stm32f4xx_ll_dma.o [1]
LL_DMA_DisableStream     0x800'026d    0x16  Code  Lc  uart_cfg.o [1]
LL_DMA_EnableIT_TC       0x800'02b9    0x16  Code  Lc  uart_cfg.o [1]
LL_DMA_EnableStream      0x800'7c13    0x16  Code  Lc  adc_cfg.o [1]
LL_DMA_EnableStream      0x800'0257    0x16  Code  Lc  uart_cfg.o [1]
LL_DMA_GetDataLength     0x800'029f     0xe  Code  Lc  uart_cfg.o [1]
LL_DMA_Init              0x800'1f01    0x80  Code  Gb  stm32f4xx_ll_dma.o [1]
LL_DMA_IsActiveFlag_TC0
                         0x800'251d     0xa  Code  Lc  stm32_cfg.o [1]
LL_DMA_IsActiveFlag_TC1
                         0x800'2527     0xa  Code  Lc  stm32_cfg.o [1]
LL_DMA_IsActiveFlag_TC2
                         0x800'2531     0xa  Code  Lc  stm32_cfg.o [1]
LL_DMA_IsActiveFlag_TC3
                         0x800'253b     0xa  Code  Lc  stm32_cfg.o [1]
LL_DMA_IsActiveFlag_TC4
                         0x800'2545     0xa  Code  Lc  stm32_cfg.o [1]
LL_DMA_IsActiveFlag_TC5
                         0x800'254f     0xa  Code  Lc  stm32_cfg.o [1]
LL_DMA_IsActiveFlag_TC6
                         0x800'2559     0xa  Code  Lc  stm32_cfg.o [1]
LL_DMA_IsActiveFlag_TC7
                         0x800'2563     0xa  Code  Lc  stm32_cfg.o [1]
LL_DMA_IsActiveIT_TC     0x800'269d    0xfa  Code  Gb  stm32_cfg.o [1]
LL_DMA_IsEnabledIT_TC    0x800'256d    0x10  Code  Lc  stm32_cfg.o [1]
LL_DMA_SetChannelSelection
                         0x800'1c9f    0x1a  Code  Lc  stm32f4xx_ll_dma.o [1]
LL_DMA_SetDataLength     0x800'7c3f    0x1c  Code  Lc  adc_cfg.o [1]
LL_DMA_SetDataLength     0x800'1c85    0x1a  Code  Lc  stm32f4xx_ll_dma.o [1]
LL_DMA_SetDataLength     0x800'0283    0x1c  Code  Lc  uart_cfg.o [1]
LL_DMA_SetMemoryAddress
                         0x800'1d09     0xa  Code  Lc  stm32f4xx_ll_dma.o [1]
LL_DMA_SetMemoryAddress
                         0x800'02ad     0xc  Code  Lc  uart_cfg.o [1]
LL_DMA_SetMemoryBurstxfer
                         0x800'1cb9    0x1a  Code  Lc  stm32f4xx_ll_dma.o [1]
LL_DMA_SetPeriphAddress
                         0x800'1d13     0xa  Code  Lc  stm32f4xx_ll_dma.o [1]
LL_DMA_SetPeriphBurstxfer
                         0x800'1cd3    0x1a  Code  Lc  stm32f4xx_ll_dma.o [1]
LL_EXTI_ClearFlag_0_31   0x800'7e5f     0x6  Code  Lc  stm32f4xx_it.o [1]
LL_EXTI_DisableIT_0_31   0x800'7e53     0xc  Code  Lc  stm32f4xx_it.o [1]
LL_EXTI_EnableIT_0_31    0x800'7e49     0xa  Code  Lc  stm32f4xx_it.o [1]
LL_FLASH_EnableDataCache
                         0x800'7497     0xc  Code  Lc  main.o [1]
LL_FLASH_EnableInstCache
                         0x800'748b     0xc  Code  Lc  main.o [1]
LL_FLASH_EnablePrefetch
                         0x800'747f     0xc  Code  Lc  main.o [1]
LL_FLASH_GetLatency      0x800'7475     0xa  Code  Lc  main.o [1]
LL_FLASH_SetLatency      0x800'7467     0xe  Code  Lc  main.o [1]
LL_GPIO_Init             0x800'1757    0x8c  Code  Gb  stm32f4xx_ll_gpio.o [1]
LL_GPIO_ReadInputPort    0x800'1ffd     0x4  Code  Lc  gpio_cfg.o [1]
LL_GPIO_ResetOutputPin   0x800'2005     0x6  Code  Lc  gpio_cfg.o [1]
LL_GPIO_ResetOutputPin   0x800'2581     0x6  Code  Lc  stm32_cfg.o [1]
LL_GPIO_ResetOutputPins
                         0x800'2613    0x30  Code  Gb  stm32_cfg.o [1]
LL_GPIO_SetAFPin_0_7     0x800'16f9    0x2c  Code  Lc  stm32f4xx_ll_gpio.o [1]
LL_GPIO_SetAFPin_8_15    0x800'1725    0x32  Code  Lc  stm32f4xx_ll_gpio.o [1]
LL_GPIO_SetOutputPin     0x800'2001     0x4  Code  Lc  gpio_cfg.o [1]
LL_GPIO_SetOutputPin     0x800'257d     0x4  Code  Lc  stm32_cfg.o [1]
LL_GPIO_SetOutputPins    0x800'25e3    0x30  Code  Gb  stm32_cfg.o [1]
LL_GPIO_SetPinMode       0x800'1669    0x2c  Code  Lc  stm32f4xx_ll_gpio.o [1]
LL_GPIO_SetPinMode       0x800'02cf    0x2c  Code  Lc  uart_cfg.o [1]
LL_GPIO_SetPinOutputType
                         0x800'1695     0xc  Code  Lc  stm32f4xx_ll_gpio.o [1]
LL_GPIO_SetPinPull       0x800'16cd    0x2c  Code  Lc  stm32f4xx_ll_gpio.o [1]
LL_GPIO_SetPinSpeed      0x800'16a1    0x2c  Code  Lc  stm32f4xx_ll_gpio.o [1]
LL_I2C_AcknowledgeNextData
                         0x800'4d3f     0xc  Code  Lc  i2c_cfg.o [1]
LL_I2C_AcknowledgeNextData
                         0x800'5591     0xc  Code  Lc  stm32f4xx_ll_i2c.o [1]
LL_I2C_ClearFlag_ADDR    0x800'4d19    0x12  Code  Lc  i2c_cfg.o [1]
LL_I2C_ConfigSpeed       0x800'54e1    0xa4  Code  Lc  stm32f4xx_ll_i2c.o [1]
LL_I2C_DeInit            0x800'559d    0x54  Code  Gb  stm32f4xx_ll_i2c.o [1]
LL_I2C_Disable           0x800'54c5     0xa  Code  Lc  stm32f4xx_ll_i2c.o [1]
LL_I2C_DisableReset      0x800'4d35     0xa  Code  Lc  i2c_cfg.o [1]
LL_I2C_Enable            0x800'4cb5     0xa  Code  Lc  i2c_cfg.o [1]
LL_I2C_Enable            0x800'54bb     0xa  Code  Lc  stm32f4xx_ll_i2c.o [1]
LL_I2C_EnableReset       0x800'4d2b     0xa  Code  Lc  i2c_cfg.o [1]
LL_I2C_GenerateStartCondition
                         0x800'4d4b     0xa  Code  Lc  i2c_cfg.o [1]
LL_I2C_GenerateStopCondition
                         0x800'4d55     0xa  Code  Lc  i2c_cfg.o [1]
LL_I2C_GetClockPeriod    0x800'4cd7     0x8  Code  Lc  i2c_cfg.o [1]
LL_I2C_Init              0x800'5611    0x46  Code  Gb  stm32f4xx_ll_i2c.o [1]
LL_I2C_IsActiveFlag_ADDR
                         0x800'4d05     0xa  Code  Lc  i2c_cfg.o [1]
LL_I2C_IsActiveFlag_BTF
                         0x800'4ce9     0xa  Code  Lc  i2c_cfg.o [1]
LL_I2C_IsActiveFlag_BUSY
                         0x800'4d0f     0xa  Code  Lc  i2c_cfg.o [1]
LL_I2C_IsActiveFlag_RXNE
                         0x800'4cf3     0xa  Code  Lc  i2c_cfg.o [1]
LL_I2C_IsActiveFlag_SB   0x800'4cfd     0x8  Code  Lc  i2c_cfg.o [1]
LL_I2C_IsActiveFlag_TXE
                         0x800'4cdf     0xa  Code  Lc  i2c_cfg.o [1]
LL_I2C_ReceiveData8      0x800'4d5f     0x6  Code  Lc  i2c_cfg.o [1]
LL_I2C_SetClockPeriod    0x800'4ccb     0xc  Code  Lc  i2c_cfg.o [1]
LL_I2C_SetMode           0x800'5585     0xc  Code  Lc  stm32f4xx_ll_i2c.o [1]
LL_I2C_SetOwnAddress1    0x800'54cf    0x12  Code  Lc  stm32f4xx_ll_i2c.o [1]
LL_I2C_SetOwnAddress2    0x800'4cbf     0xc  Code  Lc  i2c_cfg.o [1]
LL_I2C_TransmitData8     0x800'4d65     0xe  Code  Lc  i2c_cfg.o [1]
LL_IWDG_ReloadCounter    0x800'3d35     0x8  Code  Lc  iwdg_cfg.o [1]
LL_InitTick              0x800'4773    0x1e  Code  Lc  systick_cfg.o [1]
LL_PWR_EnableBkUpAccess
                         0x800'73af     0xc  Code  Lc  main.o [1]
LL_PWR_IsActiveFlag_PVDO
                         0x800'7e65     0xc  Code  Lc  stm32f4xx_it.o [1]
LL_PWR_SetRegulVoltageScaling
                         0x800'73a1     0xe  Code  Lc  main.o [1]
LL_RCC_ClearFlag_HSECSS
                         0x800'8043     0xc  Code  Lc  css_cfg.o [1]
LL_RCC_ClearFlag_HSERDY
                         0x800'8037     0xc  Code  Lc  css_cfg.o [1]
LL_RCC_DisableIT_HSERDY
                         0x800'8073     0xc  Code  Lc  css_cfg.o [1]
LL_RCC_EnableIT_HSERDY   0x800'8067     0xc  Code  Lc  css_cfg.o [1]
LL_RCC_EnableRTC         0x800'5f93     0xe  Code  Lc  rtc_cfg.o [1]
LL_RCC_ForceBackupDomainReset
                         0x800'5fa1     0xe  Code  Lc  rtc_cfg.o [1]
LL_RCC_GetAHBPrescaler   0x800'29d3     0xa  Code  Lc  stm32f4xx_ll_rcc.o [1]
LL_RCC_GetAPB1Prescaler
                         0x800'29dd     0xa  Code  Lc  stm32f4xx_ll_rcc.o [1]
LL_RCC_GetAPB2Prescaler
                         0x800'29e7     0xa  Code  Lc  stm32f4xx_ll_rcc.o [1]
LL_RCC_GetSysClkSource   0x800'73f9     0xa  Code  Lc  main.o [1]
LL_RCC_GetSysClkSource   0x800'29c9     0xa  Code  Lc  stm32f4xx_ll_rcc.o [1]
LL_RCC_GetSystemClocksFreq
                         0x800'2a19    0x24  Code  Gb  stm32f4xx_ll_rcc.o [1]
LL_RCC_HSE_Enable        0x800'802b     0xc  Code  Lc  css_cfg.o [1]
LL_RCC_HSE_Enable        0x800'73bb     0xc  Code  Lc  main.o [1]
LL_RCC_HSE_IsReady       0x800'73c7     0xc  Code  Lc  main.o [1]
LL_RCC_IsActiveFlag_HSECSS
                         0x800'805b     0xc  Code  Lc  css_cfg.o [1]
LL_RCC_IsActiveFlag_HSERDY
                         0x800'804f     0xc  Code  Lc  css_cfg.o [1]
LL_RCC_LSE_Enable        0x800'5f67     0xe  Code  Lc  rtc_cfg.o [1]
LL_RCC_LSE_IsReady       0x800'5f75     0xe  Code  Lc  rtc_cfg.o [1]
LL_RCC_LSI_Enable        0x800'73d3     0xc  Code  Lc  main.o [1]
LL_RCC_LSI_IsReady       0x800'73df     0xc  Code  Lc  main.o [1]
LL_RCC_PLL_ConfigDomain_SYS
                         0x800'7445    0x22  Code  Lc  main.o [1]
LL_RCC_PLL_Enable        0x800'742d     0xc  Code  Lc  main.o [1]
LL_RCC_PLL_GetDivider    0x800'2a0f     0xa  Code  Lc  stm32f4xx_ll_rcc.o [1]
LL_RCC_PLL_GetMainSource
                         0x800'29f1     0xa  Code  Lc  stm32f4xx_ll_rcc.o [1]
LL_RCC_PLL_GetN          0x800'29fb     0xa  Code  Lc  stm32f4xx_ll_rcc.o [1]
LL_RCC_PLL_GetP          0x800'2a05     0xa  Code  Lc  stm32f4xx_ll_rcc.o [1]
LL_RCC_PLL_IsReady       0x800'7439     0xc  Code  Lc  main.o [1]
LL_RCC_ReleaseBackupDomainReset
                         0x800'5faf     0xe  Code  Lc  rtc_cfg.o [1]
LL_RCC_SetAHBPrescaler   0x800'7403     0xe  Code  Lc  main.o [1]
LL_RCC_SetAPB1Prescaler
                         0x800'7411     0xe  Code  Lc  main.o [1]
LL_RCC_SetAPB2Prescaler
                         0x800'741f     0xe  Code  Lc  main.o [1]
LL_RCC_SetRTCClockSource
                         0x800'5f83    0x10  Code  Lc  rtc_cfg.o [1]
LL_RCC_SetSysClkSource   0x800'73eb     0xe  Code  Lc  main.o [1]
[...]
MyMemInit                0x800'7739    0x22  Code  Gb  my_malloc.o [1]
MyMemset                 0x800'7729    0x10  Code  Gb  my_malloc.o [1]
MyMemusedRate            0x800'775b    0x2e  Code  Gb  my_malloc.o [1]
NMI_Handler              0x800'7e79     0x8  Code  Gb  stm32f4xx_it.o [1]
NVIC_EncodePriority      0x800'7333    0x3c  Code  Lc  main.o [1]
NVIC_EncodePriority      0x800'7967    0x3c  Code  Lc  random_cfg.o [1]
NVIC_EncodePriority      0x800'4737    0x3c  Code  Lc  systick_cfg.o [1]
NVIC_EncodePriority      0x800'01db    0x3c  Code  Lc  uart_cfg.o [1]
NVIC_Init                0x800'753f    0x8e  Code  Gb  main.o [1]
PVDLib_IRQTask           0x800'7ff1     0x8  Code  Gb  pvd_lib.o [1]
PVDTask_IRQTask          0x800'7fc1     0x8  Code  Gb  pvd_task.o [1]
PVD_IRQHandler           0x800'7ecf    0x18  Code  Gb  stm32f4xx_it.o [1]
PVD_IRQTask              0x800'80c5     0x2  Code  Gb  pvd_cfg.o [1]
PendSV_Handler           0x800'7e9b     0x2  Code  Gb  stm32f4xx_it.o [1]
RCC_GetHCLKClockFreq     0x800'2a67    0x16  Code  Gb  stm32f4xx_ll_rcc.o [1]
RCC_GetPCLK1ClockFreq    0x800'2a7d    0x14  Code  Gb  stm32f4xx_ll_rcc.o [1]
RCC_GetPCLK2ClockFreq    0x800'2a91    0x14  Code  Gb  stm32f4xx_ll_rcc.o [1]
RCC_GetSystemClockFreq   0x800'2a3d    0x2a  Code  Gb  stm32f4xx_ll_rcc.o [1]
RCC_IRQHandler           0x800'7e81     0x8  Code  Gb  stm32f4xx_it.o [1]
RCC_PLL_GetFreqDomain_SYS
                         0x800'2aa5    0x4e  Code  Gb  stm32f4xx_ll_rcc.o [1]
RandomLib_IRQTask        0x800'7869     0x8  Code  Gb  random_lib.o [1]
RandomLib_Init           0x800'785f     0xa  Code  Gb  random_lib.o [1]
RandomTask_IRQTask       0x800'77ad     0x8  Code  Gb  random_task.o [1]
RandomTask_Init          0x800'77a3     0xa  Code  Gb  random_task.o [1]
Random_IRQTask           0x800'7a5d    0x46  Code  Gb  random_cfg.o [1]
Random_Init              0x800'7a07    0x56  Code  Gb  random_cfg.o [1]
Region$$Table$$Base      0x800'8220           --   Gb  - Linker created -
Region$$Table$$Limit     0x800'8244           --   Gb  - Linker created -
STREAM_OFFSET_TAB        0x800'831c     0x8  Data  Lc  adc_cfg.o [1]
STREAM_OFFSET_TAB        0x800'832c     0x8  Data  Lc  stm32_cfg.o [1]
STREAM_OFFSET_TAB        0x800'8334     0x8  Data  Lc  stm32f4xx_ll_dma.o [1]
STREAM_OFFSET_TAB        0x800'8344     0x8  Data  Lc  uart_cfg.o [1]
SVC_Handler              0x800'7e97     0x2  Code  Gb  stm32f4xx_it.o [1]
SysRTCLib_RTCInit        0x800'7851     0xe  Code  Gb  rtc_lib.o [1]
SysRTCLib_RTCTask        0x800'7849     0x8  Code  Gb  rtc_lib.o [1]
SysRTCTask_RTCInit       0x800'7795     0xe  Code  Gb  rtc_task.o [1]
SysRTCTask_RTCTask       0x800'778d     0x8  Code  Gb  rtc_task.o [1]
SysRTC_CalcWeekDay       0x800'6295    0x98  Code  Gb  rtc_cfg.o [1]
SysRTC_HardRTCGetDate    0x800'651b    0x42  Code  Gb  rtc_cfg.o [1]
SysRTC_HardRTCGetRTC     0x800'6579    0x14  Code  Gb  rtc_cfg.o [1]
SysRTC_HardRTCGetTime    0x800'64e7    0x34  Code  Gb  rtc_cfg.o [1]
SysRTC_HardRTCInit       0x800'63a7   0x140  Code  Gb  rtc_cfg.o [1]
SysRTC_RTCInit           0x800'65c1    0x62  Code  Gb  rtc_cfg.o [1]
SysRTC_RTCTask           0x800'658d    0x34  Code  Gb  rtc_cfg.o [1]
SysRTC_RealTimeWatch     0x800'632d    0x52  Code  Gb  rtc_cfg.o [1]
SysRTC_RefreshWatch      0x800'637f     0xc  Code  Gb  rtc_cfg.o [1]
SysRTC_SoftCalcRTCTask   0x800'6183   0x112  Code  Gb  rtc_cfg.o [1]
SysRTC_SoftRTCInit       0x800'600d   0x176  Code  Gb  rtc_cfg.o [1]
SysRTC_WatchTask         0x800'638b    0x1c  Code  Gb  rtc_cfg.o [1]
SysTickLib_1msIncTick    0x800'3d2d     0x8  Code  Gb  systick_lib.o [1]
SysTickLib_DecTick       0x800'3d0d     0x8  Code  Gb  systick_lib.o [1]
SysTickLib_GetTick       0x800'3d15     0x8  Code  Gb  systick_lib.o [1]
SysTickLib_IRQTask       0x800'3d1d     0x8  Code  Gb  systick_lib.o [1]
SysTickLib_Init          0x800'3d05     0x8  Code  Gb  systick_lib.o [1]
SysTickLib_WaitusTick    0x800'3d25     0x8  Code  Gb  systick_lib.o [1]
SysTickTask_1msIncTick   0x800'2b3f     0x8  Code  Gb  systick_task.o [1]
SysTickTask_DecTick      0x800'2b1f     0x8  Code  Gb  systick_task.o [1]
SysTickTask_GetTick      0x800'2b27     0x8  Code  Gb  systick_task.o [1]
SysTickTask_IRQTask      0x800'2b2f     0x8  Code  Gb  systick_task.o [1]
SysTickTask_Init         0x800'2b17     0x8  Code  Gb  systick_task.o [1]
SysTickTask_WaitusTick   0x800'2b37     0x8  Code  Gb  systick_task.o [1]
SysTick_1msIncTick       0x800'4a69    0x42  Code  Gb  systick_cfg.o [1]
SysTick_CreateTickTask   0x800'4841    0xbc  Code  Gb  systick_cfg.o [1]
SysTick_DecTick          0x800'498d    0x50  Code  Gb  systick_cfg.o [1]
SysTick_GetTick          0x800'49dd     0x8  Code  Gb  systick_cfg.o [1]
SysTick_Handler          0x800'7e9d     0x8  Code  Gb  stm32f4xx_it.o [1]
SysTick_IRQTask          0x800'49e5    0x3a  Code  Gb  systick_cfg.o [1]
SysTick_PollTickTask     0x800'48fd    0x90  Code  Gb  systick_cfg.o [1]
SysTick_Resume           0x800'47a1    0x10  Code  Gb  systick_cfg.o [1]
SysTick_StructInit       0x800'47b1    0x3e  Code  Gb  systick_cfg.o [1]
SysTick_Suspend          0x800'4791    0x10  Code  Gb  systick_cfg.o [1]
SysTick_WaitusTick       0x800'4a1f    0x4a  Code  Gb  systick_cfg.o [1]
SysTick_msInit           0x800'47ef    0x52  Code  Gb  systick_cfg.o [1]
Sys_Init                 0x800'75cd    0x64  Code  Gb  main.o [1]
SystemClock_Config       0x800'74a3    0x9c  Code  Gb  main.o [1]
SystemCoreClock         0x2000'00ac     0x4  Data  Gb  system_stm32f4xx.o [1]
SystemInit               0x800'8129    0x40  Code  Gb  system_stm32f4xx.o [1]
TIM2_IRQHandler          0x800'7f0f     0x2  Code  Gb  stm32f4xx_it.o [1]
TimerLib_Init            0x800'78ed     0x8  Code  Gb  timer_lib.o [1]
TimerTask_Init           0x800'781b     0x8  Code  Gb  timer_task.o [1]
Timer_CalcFreqMode_DeInit
                         0x800'6c83     0xc  Code  Gb  timer_cfg.o [1]
Timer_CalcFreqMode_Init
                         0x800'6ba1    0xe2  Code  Gb  timer_cfg.o [1]
Timer_Clock              0x800'6c97   0x43c  Code  Gb  timer_cfg.o [1]
Timer_Init               0x800'6c8f     0x8  Code  Gb  timer_cfg.o [1]
UART10_Init              0x800'0ab9     0x4  Code  Gb  uart_cfg.o [1]
UART1_ConfigInit         0x800'0577    0xe6  Code  Gb  uart_cfg.o [1]
UART1_Init               0x800'07af    0x68  Code  Gb  uart_cfg.o [1]
UART1_RX_BUFFER         0x2000'2ec4    0x44  Data  Gb  uart_task.o [1]
UART1_Read_DMA_Init      0x800'065d    0xae  Code  Gb  uart_cfg.o [1]
UART1_TX_BUFFER         0x2000'2f08    0x44  Data  Gb  uart_task.o [1]
UART1_Write_DMA_Init     0x800'070b    0xa4  Code  Gb  uart_cfg.o [1]
UART2_Init               0x800'0817     0x4  Code  Gb  uart_cfg.o [1]
UART3_ConfigInit         0x800'081b    0xd2  Code  Gb  uart_cfg.o [1]
UART3_Init               0x800'0a3f    0x62  Code  Gb  uart_cfg.o [1]
UART3_Read_DMA_Init      0x800'08ed    0xae  Code  Gb  uart_cfg.o [1]
UART3_Write_DMA_Init     0x800'099b    0xa4  Code  Gb  uart_cfg.o [1]
UART4_Init               0x800'0aa1     0x4  Code  Gb  uart_cfg.o [1]
UART5_Init               0x800'0aa5     0x4  Code  Gb  uart_cfg.o [1]
UART6_Init               0x800'0aa9     0x4  Code  Gb  uart_cfg.o [1]
UART7_Init               0x800'0aad     0x4  Code  Gb  uart_cfg.o [1]
UART8_Init               0x800'0ab1     0x4  Code  Gb  uart_cfg.o [1]
UART9_Init               0x800'0ab5     0x4  Code  Gb  uart_cfg.o [1]
UARTLib_IRQTask          0x800'78d5     0x8  Code  Gb  uart_lib.o [1]
UARTLib_Init             0x800'7881    0x4c  Code  Gb  uart_lib.o [1]
UARTLib_PrintfLog        0x800'78cd     0x8  Code  Gb  uart_lib.o [1]
UARTLib_Read_DMA_IRQTask
                         0x800'78dd     0x8  Code  Gb  uart_lib.o [1]
UARTLib_Write_DMA_IRQTask
                         0x800'78e5     0x8  Code  Gb  uart_lib.o [1]
UARTTask_IRQTask         0x800'7803     0x8  Code  Gb  uart_task.o [1]
UARTTask_Init            0x800'77c5    0x26  Code  Gb  uart_task.o [1]
UARTTask_Printf          0x800'77f3    0x10  Code  Gb  uart_task.o [1]
UARTTask_PrintfLog       0x800'77eb     0x8  Code  Gb  uart_task.o [1]
UARTTask_Read_DMA_IRQTask
                         0x800'780b     0x8  Code  Gb  uart_task.o [1]
UARTTask_Write_DMA_IRQTask
                         0x800'7813     0x8  Code  Gb  uart_task.o [1]
UART_485GPIOInit         0x800'0bd3    0x24  Code  Gb  uart_cfg.o [1]
UART_ClearOverFlow       0x800'0fa5     0x8  Code  Gb  uart_cfg.o [1]
UART_Clock               0x800'128f    0xaa  Code  Gb  uart_cfg.o [1]
UART_DMA_IDLETask        0x800'1513    0x5a  Code  Gb  uart_cfg.o [1]
UART_IRQTask             0x800'134f   0x13e  Code  Gb  uart_cfg.o [1]
UART_ITPrintf_TCTask     0x800'1227    0x36  Code  Gb  uart_cfg.o [1]
UART_ITRead_16BitsTask   0x800'0d31   0x14c  Code  Gb  uart_cfg.o [1]
UART_ITRead_16BitsTask::tempVal
                        0x2000'3035     0x1  Data  Lc  uart_cfg.o [1]
UART_ITRead_8BitsTask    0x800'0c25   0x104  Code  Gb  uart_cfg.o [1]
UART_ITRead_8BitsTask::tempVal
                        0x2000'3034     0x1  Data  Lc  uart_cfg.o [1]
UART_ITRead_Task         0x800'0ea5    0x1a  Code  Gb  uart_cfg.o [1]
UART_ITWrite_TCTask      0x800'0f4f    0x56  Code  Gb  uart_cfg.o [1]
UART_ITWrite_TXETask     0x800'0ebf    0x90  Code  Gb  uart_cfg.o [1]
UART_IT_TCTask           0x800'1261    0x2e  Code  Gb  uart_cfg.o [1]
UART_Init                0x800'0abd    0xee  Code  Gb  uart_cfg.o [1]
UART_ParamInit           0x800'1339    0x16  Code  Gb  uart_cfg.o [1]
UART_Printf              0x800'1097    0xc6  Code  Gb  uart_cfg.o [1]
UART_PrintfLog           0x800'1161    0xc6  Code  Gb  uart_cfg.o [1]
UART_PrintfResume        0x800'1071    0x26  Code  Gb  uart_cfg.o [1]
UART_PrintfSuspend       0x800'103d    0x34  Code  Gb  uart_cfg.o [1]
UART_Read_DMA_IRQTask    0x800'156d    0x12  Code  Gb  uart_cfg.o [1]
UART_Read_DMA_RESTART    0x800'14c7    0x1c  Code  Gb  uart_cfg.o [1]
UART_Read_DMA_STOP       0x800'14a1    0x26  Code  Gb  uart_cfg.o [1]
UART_Read_Init           0x800'0fad    0x46  Code  Gb  uart_cfg.o [1]
UART_StructInit          0x800'0493    0xe4  Code  Gb  uart_cfg.o [1]
UART_TXGPIOInit          0x800'0bab    0x28  Code  Gb  uart_cfg.o [1]
UART_TimeTick_Init       0x800'0bf7    0x18  Code  Gb  uart_cfg.o [1]
UART_Write_DMA_IRQTask   0x800'157f    0x1c  Code  Gb  uart_cfg.o [1]
UART_Write_DMA_RESTART   0x800'14f3    0x20  Code  Gb  uart_cfg.o [1]
UART_Write_DMA_SetMemoryAddress
                         0x800'14e3    0x10  Code  Gb  uart_cfg.o [1]
UART_Write_Init          0x800'0ff3    0x4a  Code  Gb  uart_cfg.o [1]
USART1_IRQHandler        0x800'7eaf     0xc  Code  Gb  stm32f4xx_it.o [1]
USART3_IRQHandler        0x800'7ebb     0xc  Code  Gb  stm32f4xx_it.o [1]
UsageFault_Handler       0x800'7e95     0x2  Code  Gb  stm32f4xx_it.o [1]
WWDG_IRQHandler          0x800'7ea5     0xa  Code  Gb  stm32f4xx_it.o [1]
_Encoding_8859_1_Mbrlen
                         0x800'17f5     0x2  Code  Gb  xencoding_8859_1.o [2]
_Encoding_8859_1_Wctomb
                         0x800'17e3    0x12  Code  Gb  xencoding_8859_1.o [2]
_Error_Handler           0x800'258d     0x2  Code  Gb  stm32_cfg.o [1]
_LitobFull               0x800'3a63   0x10a  Code  Lc  xprintffull.o [2]
_Locale_lconv           0x2000'0048    0x38  Data  Lc  xlocale_c.o [2]
_PrintfFull              0x800'2b51   0xcc4  Code  Gb  xprintffull.o [2]
_PutcharsFull            0x800'3bd5    0x2e  Code  Lc  xprintffull.o [2]
_PutstrFull              0x800'39a3    0xc0  Code  Lc  xprintffull.o [2]
_PuttxtFull              0x800'3897   0x10c  Code  Lc  xprintffull.o [2]
_SNProut                 0x800'1f8b    0x1a  Code  Gb  xsnprout.o [2]
__NVIC_EnableIRQ         0x800'7927    0x1c  Code  Lc  random_cfg.o [1]
__NVIC_EnableIRQ         0x800'0195    0x1e  Code  Lc  uart_cfg.o [1]
__NVIC_GetPriorityGrouping
                         0x800'72ff     0xc  Code  Lc  main.o [1]
__NVIC_GetPriorityGrouping
                         0x800'791d     0xa  Code  Lc  random_cfg.o [1]
__NVIC_GetPriorityGrouping
                         0x800'4703     0xc  Code  Lc  systick_cfg.o [1]
__NVIC_GetPriorityGrouping
                         0x800'0189     0xc  Code  Lc  uart_cfg.o [1]
__NVIC_SetPriority       0x800'730b    0x28  Code  Lc  main.o [1]
__NVIC_SetPriority       0x800'7943    0x24  Code  Lc  random_cfg.o [1]
__NVIC_SetPriority       0x800'470f    0x28  Code  Lc  systick_cfg.o [1]
__NVIC_SetPriority       0x800'01b3    0x28  Code  Lc  uart_cfg.o [1]
__NVIC_SetPriorityGrouping
                         0x800'72e1    0x1e  Code  Lc  main.o [1]
__NVIC_SetPriorityGrouping
                         0x800'46e5    0x1e  Code  Lc  systick_cfg.o [1]
__NVIC_SystemReset       0x800'8011    0x1a  Code  Lc  css_cfg.o [1]
__NVIC_SystemReset       0x800'5f49    0x1e  Code  Lc  rtc_cfg.o [1]
__aeabi_cdcmple          0x800'3fcd          Code  Gb  DblCmpLe.o [3]
__aeabi_cdrcmple         0x800'3ffd          Code  Gb  DblCmpGe.o [3]
__aeabi_d2f              0x800'5e09          Code  Gb  DblToFlt.o [3]
__aeabi_d2iz             0x800'4169          Code  Gb  DblToS32.o [3]
__aeabi_d2uiz            0x800'44f5          Code  Gb  DblToU32.o [3]
__aeabi_dadd             0x800'4ae5          Code  Gb  DblAdd.o [3]
__aeabi_ddiv             0x800'42ad          Code  Gb  DblDiv.o [3]
__aeabi_dmul             0x800'4539          Code  Gb  DblMul.o [3]
__aeabi_dsub             0x800'41c9          Code  Gb  DblSub.o [3]
__aeabi_f2d              0x800'5dc1          Code  Gb  FltToDbl.o [3]
__aeabi_i2d              0x800'41a5          Code  Gb  S32ToDbl.o [3]
__aeabi_ldiv0            0x800'3c19          Code  Gb  I64DivZer.o [4]
__aeabi_memcpy           0x800'3eb5          Code  Gb  ABImemcpy.o [4]
__aeabi_memcpy4          0x800'3ed5          Code  Gb  ABImemcpy.o [4]
__aeabi_memcpy8          0x800'3ed5          Code  Gb  ABImemcpy.o [4]
__aeabi_memset           0x800'15d5          Code  Gb  ABImemset.o [4]
__aeabi_ui2d             0x800'451d          Code  Gb  U32ToDbl.o [3]
__aeabi_uldivmod         0x800'2799          Code  Gb  I64DivMod.o [4]
__cmain                  0x800'8245          Code  Gb  cmain.o [4]
__exit                   0x800'4c61    0x14  Code  Gb  exit.o [5]
__iar_Fail_s             0x800'3de5    0x1c  Code  Gb  xfail_s.o [2]
__iar_Mbcurmax           0x800'46db     0xa  Code  Gb  xmbcurmax.o [2]
__iar_Memchr             0x800'3e5d          Code  Gb  memchr.o [4]
__iar_Memset             0x800'15d5          Code  Gb  ABImemset.o [4]
__iar_Memset_word        0x800'15dd          Code  Gb  ABImemset.o [4]
__iar_Strchr             0x800'3dcd          Code  Gb  strchr.o [4]
__iar_copy_init3         0x800'163b    0x2e  Code  Gb  copy_init3.o [4]
__iar_dadd               0x800'41d9          Code  Gb  DblSub.o [3]
__iar_data_init3         0x800'81b1    0x28  Code  Gb  data_init.o [4]
__iar_dsub               0x800'4af5          Code  Gb  DblAdd.o [3]
__iar_dsubStart          0x800'4b07          Code  Gb  DblAdd.o [3]
__iar_frexp              0x800'3f69          Code  Gb  frexp.o [3]
__iar_frexpl             0x800'3f69          Code  Gb  frexp.o [3]
__iar_globLocale        0x2000'0000    0x48  Data  Lc  xlocale_c.o [2]
__iar_global_Locale      0x800'3d51     0x4  Code  Gb  xlocale_c.o [2]
__iar_init_vfp           0x800'81fd          Code  Gb  fpinit_M.o [3]
__iar_ldexp64            0x800'402d          Code  Gb  ldexp.o [3]
__iar_program_start      0x800'8311          Code  Gb  cstartup_M.o [4]
__iar_scalbln64          0x800'402d          Code  Gb  ldexp.o [3]
__iar_scalbn64           0x800'402d          Code  Gb  ldexp.o [3]
__iar_softfp___iar_frexp64
                         0x800'3f5d          Code  Gb  frexp.o [3]
__iar_softfp_frexp       0x800'3f5d          Code  Gb  frexp.o [3]
__iar_softfp_frexpl      0x800'3f5d          Code  Gb  frexp.o [3]
__iar_zero_init3         0x800'159b    0x3a  Code  Gb  zero_init3.o [4]
__low_level_init         0x800'8263     0x4  Code  Gb  low_level_init.o [2]
__vector_table           0x800'0000          Data  Gb  startup_stm32f407xx.o [1]
_call_main               0x800'8251          Code  Gb  cmain.o [4]
_exit                    0x800'826d          Code  Gb  cexit.o [4]
_gLocale_mblen           0x800'3db9     0x4  Code  Gb  xlocale_c.o [2]
_gLocale_mblenInt        0x800'3d7d    0x2c  Code  Gb  xlocale_c.o [2]
_gLocale_wctomb          0x800'3dbd     0x4  Code  Gb  xlocale_c.o [2]
_gLocale_wctombInt       0x800'3db5     0x4  Code  Gb  xlocale_c.o [2]
_irq_disable             0x800'2589     0x4  Code  Gb  stm32_cfg.o [1]
_main                    0x800'825f          Code  Gb  cmain.o [4]
abort                    0x800'4add     0x6  Code  Gb  abort.o [2]
exit                     0x800'8267     0x4  Code  Gb  exit.o [2]
g_ABChannelADC          0x2000'2f4c    0x2c  Data  Gb  adc_cfg.o [1]
g_CDChannelADC          0x2000'2f78    0x2c  Data  Gb  adc_cfg.o [1]
g_CRCIsEnable           0x2000'00c4     0x1  Data  Gb  crc_cfg.o [1]
g_CalcFreq              0x2000'2fcc    0x24  Data  Gb  timer_cfg.o [1]
g_HASH_RNG_Val          0x2000'3028     0x4  Data  Gb  random_cfg.o [1]
g_HardFaultErrMsg       0x2000'2ff0    0x20  Data  Gb  stm32_cfg.o [1]
g_MemMap                0x2000'28c8   0x280  Data  Gb  my_malloc.o [1]
g_MemPool               0x2000'00c8  0x2800  Data  Gb  my_malloc.o [1]
g_MonthDaysTab           0x800'82c8    0x10  Data  Gb  rtc_cfg.o [1]
g_Mpu6050Device0        0x2000'2e50    0x74  Data  Gb  mpu6050_cfg.o [1]
g_MyMallocDev           0x2000'0080    0x14  Data  Gb  my_malloc.o [1]
g_Printf                0x2000'0094     0x8  Data  Gb  uart_cfg.o [1]
g_PrintfBuffer          0x2000'2b48   0x200  Data  Gb  uart_cfg.o [1]
g_SysSoftRTC            0x2000'3010    0x18  Data  Gb  rtc_cfg.o [1]
g_SysTick               0x2000'2fa4    0x28  Data  Gb  systick_cfg.o [1]
g_Uart1                 0x2000'2d48    0x84  Data  Gb  uart_cfg.o [1]
g_Uart3                 0x2000'2dcc    0x84  Data  Gb  uart_cfg.o [1]
ldexp                    0x800'402d          Code  Gb  ldexp.o [3]
ldexpl                   0x800'402d          Code  Gb  ldexp.o [3]
localeconv               0x800'3dc1     0x4  Code  Gb  xlocale_c.o [2]
main                     0x800'7631    0x80  Code  Gb  main.o [1]
memchr                   0x800'3e5d          Code  Gb  memchr.o [4]
pABChannelADC           0x2000'009c     0x4  Data  Gb  adc_cfg.o [1]
pCDChannelADC           0x2000'00a0     0x4  Data  Gb  adc_cfg.o [1]
pCalcFreq               0x2000'00b4     0x4  Data  Gb  timer_cfg.o [1]
pMpu6050Device0         0x2000'00a4     0x4  Data  Gb  mpu6050_cfg.o [1]
pPrintf                 0x2000'00c0     0x4  Data  Gb  uart_cfg.o [1]
pSysSoftRTC             0x2000'00a8     0x4  Data  Gb  rtc_cfg.o [1]
pSysTick                0x2000'00b0     0x4  Data  Gb  systick_cfg.o [1]
pUart1                  0x2000'00b8     0x4  Data  Gb  uart_cfg.o [1]
pUart3                  0x2000'00bc     0x4  Data  Gb  uart_cfg.o [1]
scalbln                  0x800'402d          Code  Gb  ldexp.o [3]
scalblnl                 0x800'402d          Code  Gb  ldexp.o [3]
scalbn                   0x800'402d          Code  Gb  ldexp.o [3]
scalbnl                  0x800'402d          Code  Gb  ldexp.o [3]
scale                    0x800'3b6d    0x46  Code  Lc  xprintffull.o [2]
sec_hand                0x2000'3030     0x4  Data  Lc  xfail_s.o [2]
strchr                   0x800'3dcd          Code  Gb  strchr.o [4]
strlen                   0x800'3e25          Code  Gb  strlen.o [4]
uwTick                  0x2000'302c     0x4  Data  Gb  stm32f4xx_hal.o [1]
uwTickFreq              0x2000'00c5     0x1  Data  Gb  stm32f4xx_hal.o [1]
vsnprintf                0x800'24e1    0x3c  Code  Gb  vsnprint.o [2]


[1] = E:\STM32Project\NewProject\STM32F407\STM32F407VET6\STM32F407VET6Project\EWARM\STM32F407VET6Project\Obj
[2] = dl7M_tlf.a
[3] = m7M_tls.a
[4] = rt7M_tl.a
[5] = shb_l.a

  33'499 bytes of readonly  code memory
     577 bytes of readonly  data memory
  20'532 bytes of readwrite data memory

Errors: none
Warnings: none
