###############################################################################
#
# IAR ELF Linker V8.42.1.233/W32 for ARM                  25/Dec/2019  10:13:18
# Copyright 2007-2019 IAR Systems AB.
#
#    Output file  =
#        I:\STM32_MCU\STM32F407\STM32F407VET6\STM32F407VET6Project\EWARM\STM32F407VET6Project\Exe\STM32F407VET6Project.out
#    Map file     =
#        I:\STM32_MCU\STM32F407\STM32F407VET6\STM32F407VET6Project\EWARM\STM32F407VET6Project\List\STM32F407VET6Project.map
#    Command line =
#        -f C:\Users\Admin\AppData\Local\Temp\EWDB5E.tmp
#        (I:\STM32_MCU\STM32F407\STM32F407VET6\STM32F407VET6Project\EWARM\STM32F407VET6Project\Obj\ad5593_cfg.o
#        I:\STM32_MCU\STM32F407\STM32F407VET6\STM32F407VET6Project\EWARM\STM32F407VET6Project\Obj\ad5593_lib.o
#        I:\STM32_MCU\STM32F407\STM32F407VET6\STM32F407VET6Project\EWARM\STM32F407VET6Project\Obj\ad5593_task.o
#        I:\STM32_MCU\STM32F407\STM32F407VET6\STM32F407VET6Project\EWARM\STM32F407VET6Project\Obj\adc_cfg.o
#        I:\STM32_MCU\STM32F407\STM32F407VET6\STM32F407VET6Project\EWARM\STM32F407VET6Project\Obj\adc_lib.o
#        I:\STM32_MCU\STM32F407\STM32F407VET6\STM32F407VET6Project\EWARM\STM32F407VET6Project\Obj\adc_task.o
#        I:\STM32_MCU\STM32F407\STM32F407VET6\STM32F407VET6Project\EWARM\STM32F407VET6Project\Obj\ads1256_cfg.o
#        I:\STM32_MCU\STM32F407\STM32F407VET6\STM32F407VET6Project\EWARM\STM32F407VET6Project\Obj\ads1256_lib.o
#        I:\STM32_MCU\STM32F407\STM32F407VET6\STM32F407VET6Project\EWARM\STM32F407VET6Project\Obj\ads1256_task.o
#        I:\STM32_MCU\STM32F407\STM32F407VET6\STM32F407VET6Project\EWARM\STM32F407VET6Project\Obj\ads868x_cfg.o
#        I:\STM32_MCU\STM32F407\STM32F407VET6\STM32F407VET6Project\EWARM\STM32F407VET6Project\Obj\ads868x_lib.o
#        I:\STM32_MCU\STM32F407\STM32F407VET6\STM32F407VET6Project\EWARM\STM32F407VET6Project\Obj\ads868x_task.o
#        I:\STM32_MCU\STM32F407\STM32F407VET6\STM32F407VET6Project\EWARM\STM32F407VET6Project\Obj\ads869x_cfg.o
#        I:\STM32_MCU\STM32F407\STM32F407VET6\STM32F407VET6Project\EWARM\STM32F407VET6Project\Obj\ads869x_lib.o
#        I:\STM32_MCU\STM32F407\STM32F407VET6\STM32F407VET6Project\EWARM\STM32F407VET6Project\Obj\ads869x_task.o
#        I:\STM32_MCU\STM32F407\STM32F407VET6\STM32F407VET6Project\EWARM\STM32F407VET6Project\Obj\aht10_cfg.o
#        I:\STM32_MCU\STM32F407\STM32F407VET6\STM32F407VET6Project\EWARM\STM32F407VET6Project\Obj\aht10_lib.o
#        I:\STM32_MCU\STM32F407\STM32F407VET6\STM32F407VET6Project\EWARM\STM32F407VET6Project\Obj\aht10_task.o
#        I:\STM32_MCU\STM32F407\STM32F407VET6\STM32F407VET6Project\EWARM\STM32F407VET6Project\Obj\at24cxx_cfg.o
#        I:\STM32_MCU\STM32F407\STM32F407VET6\STM32F407VET6Project\EWARM\STM32F407VET6Project\Obj\at24cxx_lib.o
#        I:\STM32_MCU\STM32F407\STM32F407VET6\STM32F407VET6Project\EWARM\STM32F407VET6Project\Obj\at24cxx_task.o
#        I:\STM32_MCU\STM32F407\STM32F407VET6\STM32F407VET6Project\EWARM\STM32F407VET6Project\Obj\bkp_cfg.o
#        I:\STM32_MCU\STM32F407\STM32F407VET6\STM32F407VET6Project\EWARM\STM32F407VET6Project\Obj\bkp_lib.o
#        I:\STM32_MCU\STM32F407\STM32F407VET6\STM32F407VET6Project\EWARM\STM32F407VET6Project\Obj\bkp_task.o
#        I:\STM32_MCU\STM32F407\STM32F407VET6\STM32F407VET6Project\EWARM\STM32F407VET6Project\Obj\complier_cfg.o
#        I:\STM32_MCU\STM32F407\STM32F407VET6\STM32F407VET6Project\EWARM\STM32F407VET6Project\Obj\complier_lib.o
#        I:\STM32_MCU\STM32F407\STM32F407VET6\STM32F407VET6Project\EWARM\STM32F407VET6Project\Obj\crc_cfg.o
#        I:\STM32_MCU\STM32F407\STM32F407VET6\STM32F407VET6Project\EWARM\STM32F407VET6Project\Obj\crc_lib.o
#        I:\STM32_MCU\STM32F407\STM32F407VET6\STM32F407VET6Project\EWARM\STM32F407VET6Project\Obj\crc_task.o
#        I:\STM32_MCU\STM32F407\STM32F407VET6\STM32F407VET6Project\EWARM\STM32F407VET6Project\Obj\css_cfg.o
#        I:\STM32_MCU\STM32F407\STM32F407VET6\STM32F407VET6Project\EWARM\STM32F407VET6Project\Obj\css_lib.o
#        I:\STM32_MCU\STM32F407\STM32F407VET6\STM32F407VET6Project\EWARM\STM32F407VET6Project\Obj\css_task.o
#        I:\STM32_MCU\STM32F407\STM32F407VET6\STM32F407VET6Project\EWARM\STM32F407VET6Project\Obj\dac_cfg.o
#        I:\STM32_MCU\STM32F407\STM32F407VET6\STM32F407VET6Project\EWARM\STM32F407VET6Project\Obj\dac_lib.o
#        I:\STM32_MCU\STM32F407\STM32F407VET6\STM32F407VET6Project\EWARM\STM32F407VET6Project\Obj\dac_task.o
#        I:\STM32_MCU\STM32F407\STM32F407VET6\STM32F407VET6Project\EWARM\STM32F407VET6Project\Obj\decode_cfg.o
#        I:\STM32_MCU\STM32F407\STM32F407VET6\STM32F407VET6Project\EWARM\STM32F407VET6Project\Obj\decode_lib.o
#        I:\STM32_MCU\STM32F407\STM32F407VET6\STM32F407VET6Project\EWARM\STM32F407VET6Project\Obj\decode_task.o
#        I:\STM32_MCU\STM32F407\STM32F407VET6\STM32F407VET6Project\EWARM\STM32F407VET6Project\Obj\delay_cfg.o
#        I:\STM32_MCU\STM32F407\STM32F407VET6\STM32F407VET6Project\EWARM\STM32F407VET6Project\Obj\delay_lib.o
#        I:\STM32_MCU\STM32F407\STM32F407VET6\STM32F407VET6Project\EWARM\STM32F407VET6Project\Obj\delay_task.o
#        I:\STM32_MCU\STM32F407\STM32F407VET6\STM32F407VET6Project\EWARM\STM32F407VET6Project\Obj\dht11_cfg.o
#        I:\STM32_MCU\STM32F407\STM32F407VET6\STM32F407VET6Project\EWARM\STM32F407VET6Project\Obj\dht11_lib.o
#        I:\STM32_MCU\STM32F407\STM32F407VET6\STM32F407VET6Project\EWARM\STM32F407VET6Project\Obj\dht11_task.o
#        I:\STM32_MCU\STM32F407\STM32F407VET6\STM32F407VET6Project\EWARM\STM32F407VET6Project\Obj\ds1302_cfg.o
#        I:\STM32_MCU\STM32F407\STM32F407VET6\STM32F407VET6Project\EWARM\STM32F407VET6Project\Obj\ds1302_lib.o
#        I:\STM32_MCU\STM32F407\STM32F407VET6\STM32F407VET6Project\EWARM\STM32F407VET6Project\Obj\ds1302_task.o
#        I:\STM32_MCU\STM32F407\STM32F407VET6\STM32F407VET6Project\EWARM\STM32F407VET6Project\Obj\ds18b20_cfg.o
#        I:\STM32_MCU\STM32F407\STM32F407VET6\STM32F407VET6Project\EWARM\STM32F407VET6Project\Obj\ds18b20_lib.o
#        I:\STM32_MCU\STM32F407\STM32F407VET6\STM32F407VET6Project\EWARM\STM32F407VET6Project\Obj\ds18b20_task.o
#        I:\STM32_MCU\STM32F407\STM32F407VET6\STM32F407VET6Project\EWARM\STM32F407VET6Project\Obj\eeprom_cfg.o
#        I:\STM32_MCU\STM32F407\STM32F407VET6\STM32F407VET6Project\EWARM\STM32F407VET6Project\Obj\eeprom_lib.o
#        I:\STM32_MCU\STM32F407\STM32F407VET6\STM32F407VET6Project\EWARM\STM32F407VET6Project\Obj\eeprom_task.o
#        I:\STM32_MCU\STM32F407\STM32F407VET6\STM32F407VET6Project\EWARM\STM32F407VET6Project\Obj\enc28j60_cfg.o
#        I:\STM32_MCU\STM32F407\STM32F407VET6\STM32F407VET6Project\EWARM\STM32F407VET6Project\Obj\enc28j60_lib.o
#        I:\STM32_MCU\STM32F407\STM32F407VET6\STM32F407VET6Project\EWARM\STM32F407VET6Project\Obj\enc28j60_task.o
#        I:\STM32_MCU\STM32F407\STM32F407VET6\STM32F407VET6Project\EWARM\STM32F407VET6Project\Obj\flash_cfg.o
#        I:\STM32_MCU\STM32F407\STM32F407VET6\STM32F407VET6Project\EWARM\STM32F407VET6Project\Obj\flash_lib.o
#        I:\STM32_MCU\STM32F407\STM32F407VET6\STM32F407VET6Project\EWARM\STM32F407VET6Project\Obj\flash_task.o
#        I:\STM32_MCU\STM32F407\STM32F407VET6\STM32F407VET6Project\EWARM\STM32F407VET6Project\Obj\gpio_cfg.o
#        I:\STM32_MCU\STM32F407\STM32F407VET6\STM32F407VET6Project\EWARM\STM32F407VET6Project\Obj\gpio_lib.o
#        I:\STM32_MCU\STM32F407\STM32F407VET6\STM32F407VET6Project\EWARM\STM32F407VET6Project\Obj\gpio_task.o
#        I:\STM32_MCU\STM32F407\STM32F407VET6\STM32F407VET6Project\EWARM\STM32F407VET6Project\Obj\hmc830_cfg.o
#        I:\STM32_MCU\STM32F407\STM32F407VET6\STM32F407VET6Project\EWARM\STM32F407VET6Project\Obj\hmc830_lib.o
#        I:\STM32_MCU\STM32F407\STM32F407VET6\STM32F407VET6Project\EWARM\STM32F407VET6Project\Obj\hmc830_task.o
#        I:\STM32_MCU\STM32F407\STM32F407VET6\STM32F407VET6Project\EWARM\STM32F407VET6Project\Obj\hvpp_cfg.o
#        I:\STM32_MCU\STM32F407\STM32F407VET6\STM32F407VET6Project\EWARM\STM32F407VET6Project\Obj\hvpp_lib.o
#        I:\STM32_MCU\STM32F407\STM32F407VET6\STM32F407VET6Project\EWARM\STM32F407VET6Project\Obj\hvpp_task.o
#        I:\STM32_MCU\STM32F407\STM32F407VET6\STM32F407VET6Project\EWARM\STM32F407VET6Project\Obj\hvsp_cfg.o
#        I:\STM32_MCU\STM32F407\STM32F407VET6\STM32F407VET6Project\EWARM\STM32F407VET6Project\Obj\hvsp_lib.o
#        I:\STM32_MCU\STM32F407\STM32F407VET6\STM32F407VET6Project\EWARM\STM32F407VET6Project\Obj\hvsp_task.o
#        I:\STM32_MCU\STM32F407\STM32F407VET6\STM32F407VET6Project\EWARM\STM32F407VET6Project\Obj\i2c_cfg.o
#        I:\STM32_MCU\STM32F407\STM32F407VET6\STM32F407VET6Project\EWARM\STM32F407VET6Project\Obj\i2c_lib.o
#        I:\STM32_MCU\STM32F407\STM32F407VET6\STM32F407VET6Project\EWARM\STM32F407VET6Project\Obj\i2c_task.o
#        I:\STM32_MCU\STM32F407\STM32F407VET6\STM32F407VET6Project\EWARM\STM32F407VET6Project\Obj\iap_cfg.o
#        I:\STM32_MCU\STM32F407\STM32F407VET6\STM32F407VET6Project\EWARM\STM32F407VET6Project\Obj\iap_lib.o
#        I:\STM32_MCU\STM32F407\STM32F407VET6\STM32F407VET6Project\EWARM\STM32F407VET6Project\Obj\iap_task.o
#        I:\STM32_MCU\STM32F407\STM32F407VET6\STM32F407VET6Project\EWARM\STM32F407VET6Project\Obj\ina226_cfg.o
#        I:\STM32_MCU\STM32F407\STM32F407VET6\STM32F407VET6Project\EWARM\STM32F407VET6Project\Obj\ina226_lib.o
#        I:\STM32_MCU\STM32F407\STM32F407VET6\STM32F407VET6Project\EWARM\STM32F407VET6Project\Obj\ina226_task.o
#        I:\STM32_MCU\STM32F407\STM32F407VET6\STM32F407VET6Project\EWARM\STM32F407VET6Project\Obj\isp_cfg.o
#        I:\STM32_MCU\STM32F407\STM32F407VET6\STM32F407VET6Project\EWARM\STM32F407VET6Project\Obj\isp_lib.o
#        I:\STM32_MCU\STM32F407\STM32F407VET6\STM32F407VET6Project\EWARM\STM32F407VET6Project\Obj\isp_task.o
#        I:\STM32_MCU\STM32F407\STM32F407VET6\STM32F407VET6Project\EWARM\STM32F407VET6Project\Obj\iwdg_cfg.o
#        I:\STM32_MCU\STM32F407\STM32F407VET6\STM32F407VET6Project\EWARM\STM32F407VET6Project\Obj\iwdg_lib.o
#        I:\STM32_MCU\STM32F407\STM32F407VET6\STM32F407VET6Project\EWARM\STM32F407VET6Project\Obj\iwdg_task.o
#        I:\STM32_MCU\STM32F407\STM32F407VET6\STM32F407VET6Project\EWARM\STM32F407VET6Project\Obj\jtag_cfg.o
#        I:\STM32_MCU\STM32F407\STM32F407VET6\STM32F407VET6Project\EWARM\STM32F407VET6Project\Obj\jtag_lib.o
#        I:\STM32_MCU\STM32F407\STM32F407VET6\STM32F407VET6Project\EWARM\STM32F407VET6Project\Obj\jtag_task.o
#        I:\STM32_MCU\STM32F407\STM32F407VET6\STM32F407VET6Project\EWARM\STM32F407VET6Project\Obj\kalman_filter.o
#        I:\STM32_MCU\STM32F407\STM32F407VET6\STM32F407VET6Project\EWARM\STM32F407VET6Project\Obj\key_cfg.o
#        I:\STM32_MCU\STM32F407\STM32F407VET6\STM32F407VET6Project\EWARM\STM32F407VET6Project\Obj\key_lib.o
#        I:\STM32_MCU\STM32F407\STM32F407VET6\STM32F407VET6Project\EWARM\STM32F407VET6Project\Obj\key_task.o
#        I:\STM32_MCU\STM32F407\STM32F407VET6\STM32F407VET6Project\EWARM\STM32F407VET6Project\Obj\lcd1602_cfg.o
#        I:\STM32_MCU\STM32F407\STM32F407VET6\STM32F407VET6Project\EWARM\STM32F407VET6Project\Obj\lcd1602_lib.o
#        I:\STM32_MCU\STM32F407\STM32F407VET6\STM32F407VET6Project\EWARM\STM32F407VET6Project\Obj\lcd1602_task.o
#        I:\STM32_MCU\STM32F407\STM32F407VET6\STM32F407VET6Project\EWARM\STM32F407VET6Project\Obj\led_cfg.o
#        I:\STM32_MCU\STM32F407\STM32F407VET6\STM32F407VET6Project\EWARM\STM32F407VET6Project\Obj\led_lib.o
#        I:\STM32_MCU\STM32F407\STM32F407VET6\STM32F407VET6Project\EWARM\STM32F407VET6Project\Obj\led_task.o
#        I:\STM32_MCU\STM32F407\STM32F407VET6\STM32F407VET6Project\EWARM\STM32F407VET6Project\Obj\lin_cfg.o
#        I:\STM32_MCU\STM32F407\STM32F407VET6\STM32F407VET6Project\EWARM\STM32F407VET6Project\Obj\lin_lib.o
#        I:\STM32_MCU\STM32F407\STM32F407VET6\STM32F407VET6Project\EWARM\STM32F407VET6Project\Obj\lin_task.o
#        I:\STM32_MCU\STM32F407\STM32F407VET6\STM32F407VET6Project\EWARM\STM32F407VET6Project\Obj\main.o
#        I:\STM32_MCU\STM32F407\STM32F407VET6\STM32F407VET6Project\EWARM\STM32F407VET6Project\Obj\max961x_cfg.o
#        I:\STM32_MCU\STM32F407\STM32F407VET6\STM32F407VET6Project\EWARM\STM32F407VET6Project\Obj\max961x_lib.o
#        I:\STM32_MCU\STM32F407\STM32F407VET6\STM32F407VET6Project\EWARM\STM32F407VET6Project\Obj\max961x_task.o
#        I:\STM32_MCU\STM32F407\STM32F407VET6\STM32F407VET6Project\EWARM\STM32F407VET6Project\Obj\mobus_slave_cfg.o
#        I:\STM32_MCU\STM32F407\STM32F407VET6\STM32F407VET6Project\EWARM\STM32F407VET6Project\Obj\mobus_slave_lib.o
#        I:\STM32_MCU\STM32F407\STM32F407VET6\STM32F407VET6Project\EWARM\STM32F407VET6Project\Obj\mobus_slave_task.o
#        I:\STM32_MCU\STM32F407\STM32F407VET6\STM32F407VET6Project\EWARM\STM32F407VET6Project\Obj\modbus_master_cfg.o
#        I:\STM32_MCU\STM32F407\STM32F407VET6\STM32F407VET6Project\EWARM\STM32F407VET6Project\Obj\modbus_master_lib.o
#        I:\STM32_MCU\STM32F407\STM32F407VET6\STM32F407VET6Project\EWARM\STM32F407VET6Project\Obj\modbus_master_task.o
#        I:\STM32_MCU\STM32F407\STM32F407VET6\STM32F407VET6Project\EWARM\STM32F407VET6Project\Obj\my_malloc.o
#        I:\STM32_MCU\STM32F407\STM32F407VET6\STM32F407VET6Project\EWARM\STM32F407VET6Project\Obj\nrf2401_cfg.o
#        I:\STM32_MCU\STM32F407\STM32F407VET6\STM32F407VET6Project\EWARM\STM32F407VET6Project\Obj\nrf2401_lib.o
#        I:\STM32_MCU\STM32F407\STM32F407VET6\STM32F407VET6Project\EWARM\STM32F407VET6Project\Obj\nrf2401_task.o
#        I:\STM32_MCU\STM32F407\STM32F407VET6\STM32F407VET6Project\EWARM\STM32F407VET6Project\Obj\oled_cfg.o
#        I:\STM32_MCU\STM32F407\STM32F407VET6\STM32F407VET6Project\EWARM\STM32F407VET6Project\Obj\oled_lib.o
#        I:\STM32_MCU\STM32F407\STM32F407VET6\STM32F407VET6Project\EWARM\STM32F407VET6Project\Obj\oled_task.o
#        I:\STM32_MCU\STM32F407\STM32F407VET6\STM32F407VET6Project\EWARM\STM32F407VET6Project\Obj\one_wire_cfg.o
#        I:\STM32_MCU\STM32F407\STM32F407VET6\STM32F407VET6Project\EWARM\STM32F407VET6Project\Obj\one_wire_lib.o
#        I:\STM32_MCU\STM32F407\STM32F407VET6\STM32F407VET6Project\EWARM\STM32F407VET6Project\Obj\one_wire_task.o
#        I:\STM32_MCU\STM32F407\STM32F407VET6\STM32F407VET6Project\EWARM\STM32F407VET6Project\Obj\pcf8563_cfg.o
#        I:\STM32_MCU\STM32F407\STM32F407VET6\STM32F407VET6Project\EWARM\STM32F407VET6Project\Obj\pcf8563_lib.o
#        I:\STM32_MCU\STM32F407\STM32F407VET6\STM32F407VET6Project\EWARM\STM32F407VET6Project\Obj\pcf8563_task.o
#        I:\STM32_MCU\STM32F407\STM32F407VET6\STM32F407VET6Project\EWARM\STM32F407VET6Project\Obj\pid_cfg.o
#        I:\STM32_MCU\STM32F407\STM32F407VET6\STM32F407VET6Project\EWARM\STM32F407VET6Project\Obj\pid_lib.o
#        I:\STM32_MCU\STM32F407\STM32F407VET6\STM32F407VET6Project\EWARM\STM32F407VET6Project\Obj\pid_task.o
#        I:\STM32_MCU\STM32F407\STM32F407VET6\STM32F407VET6Project\EWARM\STM32F407VET6Project\Obj\power_cfg.o
#        I:\STM32_MCU\STM32F407\STM32F407VET6\STM32F407VET6Project\EWARM\STM32F407VET6Project\Obj\power_lib.o
#        I:\STM32_MCU\STM32F407\STM32F407VET6\STM32F407VET6Project\EWARM\STM32F407VET6Project\Obj\power_task.o
#        I:\STM32_MCU\STM32F407\STM32F407VET6\STM32F407VET6Project\EWARM\STM32F407VET6Project\Obj\pvd_cfg.o
#        I:\STM32_MCU\STM32F407\STM32F407VET6\STM32F407VET6Project\EWARM\STM32F407VET6Project\Obj\pvd_lib.o
#        I:\STM32_MCU\STM32F407\STM32F407VET6\STM32F407VET6Project\EWARM\STM32F407VET6Project\Obj\pvd_task.o
#        I:\STM32_MCU\STM32F407\STM32F407VET6\STM32F407VET6Project\EWARM\STM32F407VET6Project\Obj\random_cfg.o
#        I:\STM32_MCU\STM32F407\STM32F407VET6\STM32F407VET6Project\EWARM\STM32F407VET6Project\Obj\random_lib.o
#        I:\STM32_MCU\STM32F407\STM32F407VET6\STM32F407VET6Project\EWARM\STM32F407VET6Project\Obj\random_task.o
#        I:\STM32_MCU\STM32F407\STM32F407VET6\STM32F407VET6Project\EWARM\STM32F407VET6Project\Obj\rfask_cfg.o
#        I:\STM32_MCU\STM32F407\STM32F407VET6\STM32F407VET6Project\EWARM\STM32F407VET6Project\Obj\rfask_eeprom.o
#        I:\STM32_MCU\STM32F407\STM32F407VET6\STM32F407VET6Project\EWARM\STM32F407VET6Project\Obj\rfask_lib.o
#        I:\STM32_MCU\STM32F407\STM32F407VET6\STM32F407VET6Project\EWARM\STM32F407VET6Project\Obj\rfask_task.o
#        I:\STM32_MCU\STM32F407\STM32F407VET6\STM32F407VET6Project\EWARM\STM32F407VET6Project\Obj\rfaskhw_cfg.o
#        I:\STM32_MCU\STM32F407\STM32F407VET6\STM32F407VET6Project\EWARM\STM32F407VET6Project\Obj\rtc_cfg.o
#        I:\STM32_MCU\STM32F407\STM32F407VET6\STM32F407VET6Project\EWARM\STM32F407VET6Project\Obj\rtc_lib.o
#        I:\STM32_MCU\STM32F407\STM32F407VET6\STM32F407VET6Project\EWARM\STM32F407VET6Project\Obj\rtc_task.o
#        I:\STM32_MCU\STM32F407\STM32F407VET6\STM32F407VET6Project\EWARM\STM32F407VET6Project\Obj\sdio_cfg.o
#        I:\STM32_MCU\STM32F407\STM32F407VET6\STM32F407VET6Project\EWARM\STM32F407VET6Project\Obj\sdio_lib.o
#        I:\STM32_MCU\STM32F407\STM32F407VET6\STM32F407VET6Project\EWARM\STM32F407VET6Project\Obj\sdio_task.o
#        I:\STM32_MCU\STM32F407\STM32F407VET6\STM32F407VET6Project\EWARM\STM32F407VET6Project\Obj\sht2x_cfg.o
#        I:\STM32_MCU\STM32F407\STM32F407VET6\STM32F407VET6Project\EWARM\STM32F407VET6Project\Obj\sht2x_lib.o
#        I:\STM32_MCU\STM32F407\STM32F407VET6\STM32F407VET6Project\EWARM\STM32F407VET6Project\Obj\sht2x_task.o
#        I:\STM32_MCU\STM32F407\STM32F407VET6\STM32F407VET6Project\EWARM\STM32F407VET6Project\Obj\si5351a_cfg.o
#        I:\STM32_MCU\STM32F407\STM32F407VET6\STM32F407VET6Project\EWARM\STM32F407VET6Project\Obj\si5351a_lib.o
#        I:\STM32_MCU\STM32F407\STM32F407VET6\STM32F407VET6Project\EWARM\STM32F407VET6Project\Obj\si5351a_task.o
#        I:\STM32_MCU\STM32F407\STM32F407VET6\STM32F407VET6Project\EWARM\STM32F407VET6Project\Obj\smbus_cfg.o
#        I:\STM32_MCU\STM32F407\STM32F407VET6\STM32F407VET6Project\EWARM\STM32F407VET6Project\Obj\smbus_lib.o
#        I:\STM32_MCU\STM32F407\STM32F407VET6\STM32F407VET6Project\EWARM\STM32F407VET6Project\Obj\smbus_task.o
#        I:\STM32_MCU\STM32F407\STM32F407VET6\STM32F407VET6Project\EWARM\STM32F407VET6Project\Obj\spi_cfg.o
#        I:\STM32_MCU\STM32F407\STM32F407VET6\STM32F407VET6Project\EWARM\STM32F407VET6Project\Obj\spi_lib.o
#        I:\STM32_MCU\STM32F407\STM32F407VET6\STM32F407VET6Project\EWARM\STM32F407VET6Project\Obj\spi_task.o
#        I:\STM32_MCU\STM32F407\STM32F407VET6\STM32F407VET6Project\EWARM\STM32F407VET6Project\Obj\startup_stm32f407xx.o
#        I:\STM32_MCU\STM32F407\STM32F407VET6\STM32F407VET6Project\EWARM\STM32F407VET6Project\Obj\stm32_cfg.o
#        I:\STM32_MCU\STM32F407\STM32F407VET6\STM32F407VET6Project\EWARM\STM32F407VET6Project\Obj\stm32f4xx_hal.o
#        I:\STM32_MCU\STM32F407\STM32F407VET6\STM32F407VET6Project\EWARM\STM32F407VET6Project\Obj\stm32f4xx_hal_cortex.o
#        I:\STM32_MCU\STM32F407\STM32F407VET6\STM32F407VET6Project\EWARM\STM32F407VET6Project\Obj\stm32f4xx_hal_gpio.o
#        I:\STM32_MCU\STM32F407\STM32F407VET6\STM32F407VET6Project\EWARM\STM32F407VET6Project\Obj\stm32f4xx_hal_rcc.o
#        I:\STM32_MCU\STM32F407\STM32F407VET6\STM32F407VET6Project\EWARM\STM32F407VET6Project\Obj\stm32f4xx_it.o
#        I:\STM32_MCU\STM32F407\STM32F407VET6\STM32F407VET6Project\EWARM\STM32F407VET6Project\Obj\stm32f4xx_ll_adc.o
#        I:\STM32_MCU\STM32F407\STM32F407VET6\STM32F407VET6Project\EWARM\STM32F407VET6Project\Obj\stm32f4xx_ll_crc.o
#        I:\STM32_MCU\STM32F407\STM32F407VET6\STM32F407VET6Project\EWARM\STM32F407VET6Project\Obj\stm32f4xx_ll_dac.o
#        I:\STM32_MCU\STM32F407\STM32F407VET6\STM32F407VET6Project\EWARM\STM32F407VET6Project\Obj\stm32f4xx_ll_dma.o
#        I:\STM32_MCU\STM32F407\STM32F407VET6\STM32F407VET6Project\EWARM\STM32F407VET6Project\Obj\stm32f4xx_ll_dma2d.o
#        I:\STM32_MCU\STM32F407\STM32F407VET6\STM32F407VET6Project\EWARM\STM32F407VET6Project\Obj\stm32f4xx_ll_gpio.o
#        I:\STM32_MCU\STM32F407\STM32F407VET6\STM32F407VET6Project\EWARM\STM32F407VET6Project\Obj\stm32f4xx_ll_i2c.o
#        I:\STM32_MCU\STM32F407\STM32F407VET6\STM32F407VET6Project\EWARM\STM32F407VET6Project\Obj\stm32f4xx_ll_pwr.o
#        I:\STM32_MCU\STM32F407\STM32F407VET6\STM32F407VET6Project\EWARM\STM32F407VET6Project\Obj\stm32f4xx_ll_rcc.o
#        I:\STM32_MCU\STM32F407\STM32F407VET6\STM32F407VET6Project\EWARM\STM32F407VET6Project\Obj\stm32f4xx_ll_rng.o
#        I:\STM32_MCU\STM32F407\STM32F407VET6\STM32F407VET6Project\EWARM\STM32F407VET6Project\Obj\stm32f4xx_ll_rtc.o
#        I:\STM32_MCU\STM32F407\STM32F407VET6\STM32F407VET6Project\EWARM\STM32F407VET6Project\Obj\stm32f4xx_ll_spi.o
#        I:\STM32_MCU\STM32F407\STM32F407VET6\STM32F407VET6Project\EWARM\STM32F407VET6Project\Obj\stm32f4xx_ll_tim.o
#        I:\STM32_MCU\STM32F407\STM32F407VET6\STM32F407VET6Project\EWARM\STM32F407VET6Project\Obj\stm32f4xx_ll_usart.o
#        I:\STM32_MCU\STM32F407\STM32F407VET6\STM32F407VET6Project\EWARM\STM32F407VET6Project\Obj\stm32f4xx_ll_utils.o
#        I:\STM32_MCU\STM32F407\STM32F407VET6\STM32F407VET6Project\EWARM\STM32F407VET6Project\Obj\system_stm32f4xx.o
#        I:\STM32_MCU\STM32F407\STM32F407VET6\STM32F407VET6Project\EWARM\STM32F407VET6Project\Obj\systick_cfg.o
#        I:\STM32_MCU\STM32F407\STM32F407VET6\STM32F407VET6Project\EWARM\STM32F407VET6Project\Obj\systick_lib.o
#        I:\STM32_MCU\STM32F407\STM32F407VET6\STM32F407VET6Project\EWARM\STM32F407VET6Project\Obj\systick_task.o
#        I:\STM32_MCU\STM32F407\STM32F407VET6\STM32F407VET6Project\EWARM\STM32F407VET6Project\Obj\task_manage.o
#        I:\STM32_MCU\STM32F407\STM32F407VET6\STM32F407VET6Project\EWARM\STM32F407VET6Project\Obj\timer_cfg.o
#        I:\STM32_MCU\STM32F407\STM32F407VET6\STM32F407VET6Project\EWARM\STM32F407VET6Project\Obj\timer_lib.o
#        I:\STM32_MCU\STM32F407\STM32F407VET6\STM32F407VET6Project\EWARM\STM32F407VET6Project\Obj\timer_task.o
#        I:\STM32_MCU\STM32F407\STM32F407VET6\STM32F407VET6Project\EWARM\STM32F407VET6Project\Obj\usart_cfg.o
#        I:\STM32_MCU\STM32F407\STM32F407VET6\STM32F407VET6Project\EWARM\STM32F407VET6Project\Obj\usart_lib.o
#        I:\STM32_MCU\STM32F407\STM32F407VET6\STM32F407VET6Project\EWARM\STM32F407VET6Project\Obj\usart_task.o
#        I:\STM32_MCU\STM32F407\STM32F407VET6\STM32F407VET6Project\EWARM\STM32F407VET6Project\Obj\w25qxx_cfg.o
#        I:\STM32_MCU\STM32F407\STM32F407VET6\STM32F407VET6Project\EWARM\STM32F407VET6Project\Obj\w25qxx_lib.o
#        I:\STM32_MCU\STM32F407\STM32F407VET6\STM32F407VET6Project\EWARM\STM32F407VET6Project\Obj\w25qxx_task.o
#        I:\STM32_MCU\STM32F407\STM32F407VET6\STM32F407VET6Project\EWARM\STM32F407VET6Project\Obj\w5500_cfg.o
#        I:\STM32_MCU\STM32F407\STM32F407VET6\STM32F407VET6Project\EWARM\STM32F407VET6Project\Obj\w5500_lib.o
#        I:\STM32_MCU\STM32F407\STM32F407VET6\STM32F407VET6Project\EWARM\STM32F407VET6Project\Obj\w5500_task.o
#        I:\STM32_MCU\STM32F407\STM32F407VET6\STM32F407VET6Project\EWARM\STM32F407VET6Project\Obj\wm8510_cfg.o
#        I:\STM32_MCU\STM32F407\STM32F407VET6\STM32F407VET6Project\EWARM\STM32F407VET6Project\Obj\wm8510_lib.o
#        I:\STM32_MCU\STM32F407\STM32F407VET6\STM32F407VET6Project\EWARM\STM32F407VET6Project\Obj\wm8510_task.o
#        I:\STM32_MCU\STM32F407\STM32F407VET6\STM32F407VET6Project\EWARM\STM32F407VET6Project\Obj\wwdg_cfg.o
#        I:\STM32_MCU\STM32F407\STM32F407VET6\STM32F407VET6Project\EWARM\STM32F407VET6Project\Obj\wwdg_lib.o
#        I:\STM32_MCU\STM32F407\STM32F407VET6\STM32F407VET6Project\EWARM\STM32F407VET6Project\Obj\wwdg_task.o
#        --redirect _Printf=_PrintfFull --redirect _Scanf=_ScanfFull
#        --no_out_extension -o
#        I:\STM32_MCU\STM32F407\STM32F407VET6\STM32F407VET6Project\EWARM\STM32F407VET6Project\Exe\STM32F407VET6Project.out
#        --map
#        I:\STM32_MCU\STM32F407\STM32F407VET6\STM32F407VET6Project\EWARM\STM32F407VET6Project\List\STM32F407VET6Project.map
#        --config "D:\Program Files (x86)\IAR Systems\Embedded Workbench
#        8.4\arm\config\linker\ST\stm32f407xE.icf" --semihosting --entry
#        __iar_program_start --vfe --text_out locale)
#
###############################################################################

*******************************************************************************
*** RUNTIME MODEL ATTRIBUTES
***

CppFlavor       = *
__SystemLibrary = DLib
__dlib_version  = 6


*******************************************************************************
*** HEAP SELECTION
***

The basic heap was selected because no calls to memory allocation
functions were found in the application outside of system library
functions, and there are calls to deallocation functions in the
application.


*******************************************************************************
*** PLACEMENT SUMMARY
***

"A0":  place at address 0x800'0000 { ro section .intvec };
"P1":  place in [from 0x800'0000 to 0x807'ffff] { ro };
define block CSTACK with size = 8K, alignment = 8 { };
define block HEAP with size = 8K, alignment = 8 { };
"P4":  place in [from 0x2000'0000 to 0x2001'bfff] |
                [from 0x2001'c000 to 0x2001'ffff] {
          rw, block CSTACK, block HEAP };
initialize by copy { rw };

No sections matched the following patterns:

  ro section application_specific_ro  in "P2"
  section .backup_sram                in "P5"
  section .ccram                      in "P3"


  Section            Kind         Address    Size  Object
  -------            ----         -------    ----  ------
"A0":                                       0x188
  .intvec            ro code   0x800'0000   0x188  startup_stm32f407xx.o [1]
                             - 0x800'0188   0x188

"P1":                                      0xb7e0
  .text              ro code   0x800'0188  0x164a  jtag_cfg.o [1]
  .text              ro code   0x800'17d2    0x1a  gpio_task.o [1]
  .text              ro code   0x800'17ec    0x66  ABImemset.o [4]
  .text              ro code   0x800'1852    0x3a  zero_init3.o [4]
  .text              ro code   0x800'188c   0x1a4  stm32f4xx_ll_gpio.o [1]
  .text              ro code   0x800'1a30    0x1a  gpio_lib.o [1]
  .text              ro code   0x800'1a4a    0x2e  copy_init3.o [4]
  .text              ro code   0x800'1a78   0x1d0  gpio_cfg.o [1]
  .text              ro code   0x800'1c48  0x1644  usart_cfg.o [1]
  .text              ro code   0x800'328c     0x8  iwdg_task.o [1]
  .text              ro code   0x800'3294    0x56  crc_task.o [1]
  .text              ro code   0x800'32ea    0x1e  xencoding_8859_1.o [2]
  .text              ro code   0x800'3308    0x3c  vsnprint.o [2]
  .text              ro code   0x800'3344   0x444  stm32f4xx_ll_usart.o [1]
  .text              ro code   0x800'3788   0x2ac  stm32_cfg.o [1]
  .text              ro code   0x800'3a34   0x34c  stm32f4xx_ll_dma.o [1]
  .text              ro code   0x800'3d80     0x8  iwdg_lib.o [1]
  .text              ro code   0x800'3d88    0x56  crc_lib.o [1]
  .text              ro code   0x800'3dde    0x1a  xsnprout.o [2]
  .text              ro code   0x800'3df8  0x10c6  xprintffull.o [2]
  .rodata            const     0x800'4ebe     0x2  xlocale_c.o [2]
  .text              ro code   0x800'4ec0   0x230  I64DivMod.o [4]
  .text              ro code   0x800'50f0   0x150  stm32f4xx_ll_rcc.o [1]
  .text              ro code   0x800'5240    0x1c  iwdg_cfg.o [1]
  .text              ro code   0x800'525c   0x14e  crc_cfg.o [1]
  .rodata            const     0x800'53aa     0x2  xlocale_c.o [2]
  .text              ro code   0x800'53ac    0x7c  xlocale_c.o [2]
  .text              ro code   0x800'5428    0x16  strchr.o [4]
  .rodata            const     0x800'543e     0x1  xlocale_c.o [2]
  .text              ro code   0x800'5440    0x40  xfail_s.o [2]
  .text              ro code   0x800'5480    0x36  strlen.o [4]
  .text              ro code   0x800'54b8    0x58  memchr.o [4]
  .text              ro code   0x800'5510    0xa6  ABImemcpy.o [4]
  .text              ro code   0x800'55b8    0x70  frexp.o [3]
  .text              ro code   0x800'5628    0x2e  DblCmpLe.o [3]
  .text              ro code   0x800'5658    0x2e  DblCmpGe.o [3]
  .text              ro code   0x800'5688   0x13a  ldexp.o [3]
  .text              ro code   0x800'57c4    0x3a  DblToS32.o [3]
  .text              ro code   0x800'5800    0x22  S32ToDbl.o [3]
  .text              ro code   0x800'5824    0xe2  DblSub.o [3]
  .text              ro code   0x800'5908   0x246  DblDiv.o [3]
  .text              ro code   0x800'5b50    0x28  DblToU32.o [3]
  .text              ro code   0x800'5b78    0x1a  U32ToDbl.o [3]
  .text              ro code   0x800'5b94   0x1a2  DblMul.o [3]
  .text              ro code   0x800'5d36     0xa  xmbcurmax.o [2]
  .text              ro code   0x800'5d40     0x2  I64DivZer.o [4]
  .text              ro code   0x800'5d44    0x44  stm32f4xx_ll_crc.o [1]
  .text              ro code   0x800'5d88     0x6  abort.o [2]
  .text              ro code   0x800'5d90   0x17a  DblAdd.o [3]
  .text              ro code   0x800'5f0c    0x14  exit.o [5]
  .text              ro code   0x800'5f20  0x1312  isp_cfg.o [1]
  .text              ro code   0x800'7232    0xa2  spi_task.o [1]
  .text              ro code   0x800'72d4    0x44  systick_task.o [1]
  .text              ro code   0x800'7318   0x404  systick_cfg.o [1]
  .text              ro code   0x800'771c   0x194  my_malloc.o [1]
  .text              ro code   0x800'78b0   0x118  complier_lib.o [1]
  .text              ro code   0x800'79c8    0xa2  spi_lib.o [1]
  .text              ro code   0x800'7a6a    0x44  systick_lib.o [1]
  .text              ro code   0x800'7ab0   0x5c8  spi_cfg.o [1]
  .text              ro code   0x800'8078   0x11c  stm32f4xx_ll_spi.o [1]
  .text              ro code   0x800'8194   0x8a6  isp_task.o [1]
  .text              ro code   0x800'8a3a   0x4e4  isp_lib.o [1]
  .text              ro code   0x800'8f20    0x34  adc_task.o [1]
  .text              ro code   0x800'8f54    0x12  power_task.o [1]
  .text              ro code   0x800'8f68    0xfe  usart_task.o [1]
  .text              ro code   0x800'9066    0x34  adc_lib.o [1]
  .text              ro code   0x800'909a    0x12  power_lib.o [1]
  .text              ro code   0x800'90ac   0x136  usart_lib.o [1]
  .text              ro code   0x800'91e4   0x614  adc_cfg.o [1]
  .text              ro code   0x800'97f8    0xd8  power_cfg.o [1]
  .text              ro code   0x800'98d0   0x20c  stm32f4xx_ll_adc.o [1]
  .text              ro code   0x800'9adc    0x26  dac_task.o [1]
  .text              ro code   0x800'9b02    0x26  dac_lib.o [1]
  .text              ro code   0x800'9b28   0x210  dac_cfg.o [1]
  .text              ro code   0x800'9d38    0x94  stm32f4xx_ll_dac.o [1]
  .text              ro code   0x800'9dcc   0x44c  main.o [1]
  .text              ro code   0x800'a218     0xc  stm32f4xx_ll_utils.o [1]
  .text              ro code   0x800'a224   0x404  rtc_cfg.o [1]
  .text              ro code   0x800'a628    0x16  random_task.o [1]
  .text              ro code   0x800'a63e    0x16  wm8510_task.o [1]
  .text              ro code   0x800'a654     0x8  led_task.o [1]
  .text              ro code   0x800'a65c    0x44  task_manage.o [1]
  .text              ro code   0x800'a6a0    0x10  rtc_task.o [1]
  .text              ro code   0x800'a6b0    0x16  random_lib.o [1]
  .text              ro code   0x800'a6c6    0x16  wm8510_lib.o [1]
  .text              ro code   0x800'a6dc     0x8  led_lib.o [1]
  .text              ro code   0x800'a6e4    0x10  rtc_lib.o [1]
  .text              ro code   0x800'a6f4   0x1b4  random_cfg.o [1]
  .text              ro code   0x800'a8a8   0x224  wm8510_cfg.o [1]
  .text              ro code   0x800'aacc    0x94  led_cfg.o [1]
  .text              ro code   0x800'ab60    0x2c  stm32f4xx_ll_rng.o [1]
  .text              ro code   0x800'ab8c    0x4c  i2c_task.o [1]
  .text              ro code   0x800'abd8    0x72  i2c_lib.o [1]
  .text              ro code   0x800'ac4c   0x1ea  i2c_cfg.o [1]
  .text              ro code   0x800'ae36    0x24  delay_task.o [1]
  .text              ro code   0x800'ae5a    0x24  delay_lib.o [1]
  .text              ro code   0x800'ae80    0x70  delay_cfg.o [1]
  .rodata            const     0x800'aef0   0x200  crc_cfg.o [1]
  .text              ro code   0x800'b0f0   0x148  stm32f4xx_it.o [1]
  .text              ro code   0x800'b238    0x10  css_task.o [1]
  .text              ro code   0x800'b248     0x8  pvd_task.o [1]
  .text              ro code   0x800'b250    0x10  css_lib.o [1]
  .text              ro code   0x800'b260     0x8  pvd_lib.o [1]
  .text              ro code   0x800'b268    0xb4  css_cfg.o [1]
  .text              ro code   0x800'b31c     0x2  pvd_cfg.o [1]
  .rodata            const     0x800'b320   0x100  crc_cfg.o [1]
  .rodata            const     0x800'b420   0x100  crc_cfg.o [1]
  .text              ro code   0x800'b520    0x60  system_stm32f4xx.o [1]
  .rodata            const     0x800'b580    0x54  main.o [1]
  .text              ro code   0x800'b5d4    0x28  data_init.o [4]
  .text              ro code   0x800'b5fc    0x22  fpinit_M.o [3]
  .iar.init_table    const     0x800'b620    0x24  - Linker created -
  .rodata            const     0x800'b644    0x20  isp_task.o [1]
  .rodata            const     0x800'b664    0x20  usart_cfg.o [1]
  .rodata            const     0x800'b684    0x20  usart_cfg.o [1]
  .text              ro code   0x800'b6a4    0x1e  cmain.o [4]
  .text              ro code   0x800'b6c2     0x4  low_level_init.o [2]
  .text              ro code   0x800'b6c6     0x4  exit.o [2]
  .text              ro code   0x800'b6cc     0xa  cexit.o [4]
  .rodata            const     0x800'b6d8    0x18  usart_cfg.o [1]
  .text              ro code   0x800'b6f0    0x18  stm32f4xx_hal.o [1]
  .rodata            const     0x800'b708    0x10  rtc_cfg.o [1]
  .rodata            const     0x800'b718    0x10  system_stm32f4xx.o [1]
  .text              ro code   0x800'b728    0x10  startup_stm32f407xx.o [1]
  .rodata            const     0x800'b738     0xc  rtc_cfg.o [1]
  .rodata            const     0x800'b744     0xc  rtc_cfg.o [1]
  .text              ro code   0x800'b750     0xc  cstartup_M.o [4]
  .rodata            const     0x800'b75c     0x8  adc_cfg.o [1]
  .rodata            const     0x800'b764     0x8  stm32f4xx_it.o [1]
  .rodata            const     0x800'b76c     0x8  stm32f4xx_ll_dma.o [1]
  .rodata            const     0x800'b774     0x8  system_stm32f4xx.o [1]
  .rodata            const     0x800'b77c     0x8  usart_cfg.o [1]
  .rodata            const     0x800'b784     0x4  my_malloc.o [1]
  .rodata            const     0x800'b788     0x4  my_malloc.o [1]
  .rodata            const     0x800'b78c     0x4  my_malloc.o [1]
  .text              ro code   0x800'b790     0x4  startup_stm32f407xx.o [1]
  .text              ro code   0x800'b794     0x4  startup_stm32f407xx.o [1]
  .text              ro code   0x800'b798     0x4  startup_stm32f407xx.o [1]
  .text              ro code   0x800'b79c     0x4  startup_stm32f407xx.o [1]
  .text              ro code   0x800'b7a0     0x4  startup_stm32f407xx.o [1]
  .text              ro code   0x800'b7a4     0x4  startup_stm32f407xx.o [1]
  .text              ro code   0x800'b7a8     0x4  startup_stm32f407xx.o [1]
  .text              ro code   0x800'b7ac     0x4  startup_stm32f407xx.o [1]
  .text              ro code   0x800'b7b0     0x4  startup_stm32f407xx.o [1]
  .text              ro code   0x800'b7b4     0x4  startup_stm32f407xx.o [1]
  .text              ro code   0x800'b7b8     0x4  startup_stm32f407xx.o [1]
  .text              ro code   0x800'b7bc     0x4  startup_stm32f407xx.o [1]
  .text              ro code   0x800'b7c0     0x4  startup_stm32f407xx.o [1]
  .text              ro code   0x800'b7c4     0x4  startup_stm32f407xx.o [1]
  .text              ro code   0x800'b7c8     0x4  startup_stm32f407xx.o [1]
  .text              ro code   0x800'b7cc     0x4  startup_stm32f407xx.o [1]
  .text              ro code   0x800'b7d0     0x4  startup_stm32f407xx.o [1]
  .text              ro code   0x800'b7d4     0x4  startup_stm32f407xx.o [1]
  .text              ro code   0x800'b7d8     0x4  startup_stm32f407xx.o [1]
  .text              ro code   0x800'b7dc     0x4  startup_stm32f407xx.o [1]
  .text              ro code   0x800'b7e0     0x4  startup_stm32f407xx.o [1]
  .text              ro code   0x800'b7e4     0x4  startup_stm32f407xx.o [1]
  .text              ro code   0x800'b7e8     0x4  startup_stm32f407xx.o [1]
  .text              ro code   0x800'b7ec     0x4  startup_stm32f407xx.o [1]
  .text              ro code   0x800'b7f0     0x4  startup_stm32f407xx.o [1]
  .text              ro code   0x800'b7f4     0x4  startup_stm32f407xx.o [1]
  .text              ro code   0x800'b7f8     0x4  startup_stm32f407xx.o [1]
  .text              ro code   0x800'b7fc     0x4  startup_stm32f407xx.o [1]
  .text              ro code   0x800'b800     0x4  startup_stm32f407xx.o [1]
  .text              ro code   0x800'b804     0x4  startup_stm32f407xx.o [1]
  .text              ro code   0x800'b808     0x4  startup_stm32f407xx.o [1]
  .text              ro code   0x800'b80c     0x4  startup_stm32f407xx.o [1]
  .text              ro code   0x800'b810     0x4  startup_stm32f407xx.o [1]
  .text              ro code   0x800'b814     0x4  startup_stm32f407xx.o [1]
  .text              ro code   0x800'b818     0x4  startup_stm32f407xx.o [1]
  .text              ro code   0x800'b81c     0x4  startup_stm32f407xx.o [1]
  .text              ro code   0x800'b820     0x4  startup_stm32f407xx.o [1]
  .text              ro code   0x800'b824     0x4  startup_stm32f407xx.o [1]
  .text              ro code   0x800'b828     0x4  startup_stm32f407xx.o [1]
  .text              ro code   0x800'b82c     0x4  startup_stm32f407xx.o [1]
  .text              ro code   0x800'b830     0x4  startup_stm32f407xx.o [1]
  .text              ro code   0x800'b834     0x4  startup_stm32f407xx.o [1]
  .text              ro code   0x800'b838     0x4  startup_stm32f407xx.o [1]
  .text              ro code   0x800'b83c     0x4  startup_stm32f407xx.o [1]
  .text              ro code   0x800'b840     0x4  startup_stm32f407xx.o [1]
  .text              ro code   0x800'b844     0x4  startup_stm32f407xx.o [1]
  .text              ro code   0x800'b848     0x4  startup_stm32f407xx.o [1]
  .text              ro code   0x800'b84c     0x4  startup_stm32f407xx.o [1]
  .text              ro code   0x800'b850     0x4  startup_stm32f407xx.o [1]
  .text              ro code   0x800'b854     0x4  startup_stm32f407xx.o [1]
  .text              ro code   0x800'b858     0x4  startup_stm32f407xx.o [1]
  .text              ro code   0x800'b85c     0x4  startup_stm32f407xx.o [1]
  .text              ro code   0x800'b860     0x4  startup_stm32f407xx.o [1]
  .text              ro code   0x800'b864     0x4  startup_stm32f407xx.o [1]
  .text              ro code   0x800'b868     0x4  startup_stm32f407xx.o [1]
  .text              ro code   0x800'b86c     0x4  startup_stm32f407xx.o [1]
  .text              ro code   0x800'b870     0x4  startup_stm32f407xx.o [1]
  .text              ro code   0x800'b874     0x4  startup_stm32f407xx.o [1]
  .text              ro code   0x800'b878     0x4  startup_stm32f407xx.o [1]
  .text              ro code   0x800'b87c     0x4  startup_stm32f407xx.o [1]
  .text              ro code   0x800'b880     0x4  startup_stm32f407xx.o [1]
  .text              ro code   0x800'b884     0x4  startup_stm32f407xx.o [1]
  .text              ro code   0x800'b888     0x4  startup_stm32f407xx.o [1]
  .text              ro code   0x800'b88c     0x4  startup_stm32f407xx.o [1]
  .text              ro code   0x800'b890     0x4  startup_stm32f407xx.o [1]
  .text              ro code   0x800'b894     0x4  startup_stm32f407xx.o [1]
  .text              ro code   0x800'b898     0x4  startup_stm32f407xx.o [1]
  .text              ro code   0x800'b89c     0x4  startup_stm32f407xx.o [1]
  .text              ro code   0x800'b8a0     0x4  startup_stm32f407xx.o [1]
  .text              ro code   0x800'b8a4     0x4  startup_stm32f407xx.o [1]
  .text              ro code   0x800'b8a8     0x4  startup_stm32f407xx.o [1]
  .rodata            const     0x800'b8ac     0x0  zero_init3.o [4]
  .rodata            const     0x800'b8ac     0x0  copy_init3.o [4]
  Initializer bytes  const     0x800'b8ac    0xbc  <for P4 s0>
                             - 0x800'b968  0xb7e0

"P4", part 1 of 3:                           0xbc
  P4 s0                       0x2000'0000    0xbc  <Init block>
    .data            inited   0x2000'0000    0x48  xlocale_c.o [2]
    .data            inited   0x2000'0048    0x38  xlocale_c.o [2]
    .data            inited   0x2000'0080    0x14  my_malloc.o [1]
    .data            inited   0x2000'0094     0x4  adc_cfg.o [1]
    .data            inited   0x2000'0098     0x4  adc_cfg.o [1]
    .data            inited   0x2000'009c     0x4  isp_cfg.o [1]
    .data            inited   0x2000'00a0     0x4  jtag_cfg.o [1]
    .data            inited   0x2000'00a4     0x4  rtc_cfg.o [1]
    .data            inited   0x2000'00a8     0x4  system_stm32f4xx.o [1]
    .data            inited   0x2000'00ac     0x4  systick_cfg.o [1]
    .data            inited   0x2000'00b0     0x4  usart_cfg.o [1]
    .data            inited   0x2000'00b4     0x4  wm8510_cfg.o [1]
    .data            inited   0x2000'00b8     0x1  crc_cfg.o [1]
    .data            inited   0x2000'00b9     0x1  stm32f4xx_hal.o [1]
                            - 0x2000'00bc    0xbc

"P4", part 2 of 3:                         0x2f70
  .bss               zero     0x2000'00bc  0x2800  my_malloc.o [1]
  .bss               zero     0x2000'28bc   0x280  my_malloc.o [1]
  .bss               zero     0x2000'2b3c   0x200  usart_cfg.o [1]
  .bss               zero     0x2000'2d3c    0x80  usart_cfg.o [1]
  .bss               zero     0x2000'2dbc    0x78  isp_cfg.o [1]
  .bss               zero     0x2000'2e34    0x5c  wm8510_cfg.o [1]
  .bss               zero     0x2000'2e90    0x44  usart_task.o [1]
  .bss               zero     0x2000'2ed4    0x44  usart_task.o [1]
  .bss               zero     0x2000'2f18    0x40  jtag_cfg.o [1]
  .bss               zero     0x2000'2f58    0x2c  adc_cfg.o [1]
  .bss               zero     0x2000'2f84    0x2c  adc_cfg.o [1]
  .bss               zero     0x2000'2fb0    0x24  systick_cfg.o [1]
  .bss               zero     0x2000'2fd4    0x20  stm32_cfg.o [1]
  .bss               zero     0x2000'2ff4    0x18  rtc_cfg.o [1]
  .bss               zero     0x2000'300c     0x8  task_manage.o [1]
  .bss               zero     0x2000'3014     0x4  isp_cfg.o [1]
  .bss               zero     0x2000'3018     0x4  led_cfg.o [1]
  .bss               zero     0x2000'301c     0x4  random_cfg.o [1]
  .bss               zero     0x2000'3020     0x4  stm32f4xx_hal.o [1]
  .bss               zero     0x2000'3024     0x4  xfail_s.o [2]
  .bss               zero     0x2000'3028     0x1  usart_cfg.o [1]
  .bss               zero     0x2000'3029     0x1  usart_cfg.o [1]
  .bss               zero     0x2000'302a     0x1  usart_cfg.o [1]
                            - 0x2000'302b  0x2f6f

"P4", part 3 of 3:                         0x2000
  CSTACK                      0x2000'3030  0x2000  <Block>
    CSTACK           uninit   0x2000'3030  0x2000  <Block tail>
                            - 0x2000'5030  0x2000

Unused ranges:

         From           To      Size
         ----           --      ----
   0x800'b968   0x807'ffff  0x7'4698
  0x2000'302c  0x2000'302f       0x4
  0x2000'5030  0x2001'bfff  0x1'6fd0
  0x2001'c000  0x2001'ffff    0x4000


*******************************************************************************
*** INIT TABLE
***

          Address      Size
          -------      ----
Zero (__iar_zero_init3)
    1 destination range, total size 0x2f6f:
          0x2000'00bc  0x2f6f

Copy (__iar_copy_init3)
    1 source range, total size 0xbc (101% of destination):
           0x800'b8ac    0xbc
    1 destination range, total size 0xba:
          0x2000'0000    0xba



*******************************************************************************
*** MODULE SUMMARY
***

    Module                 ro code  ro data  rw data
    ------                 -------  -------  -------
command line/config:
    ------------------------------------------------
    Total:

I:\STM32_MCU\STM32F407\STM32F407VET6\STM32F407VET6Project\EWARM\STM32F407VET6Project\Obj: [1]
    adc_cfg.o                1'556       16       96
    adc_lib.o                   52
    adc_task.o                  52
    complier_lib.o             280
    crc_cfg.o                  334    1'025        1
    crc_lib.o                   86
    crc_task.o                  86
    css_cfg.o                  180
    css_lib.o                   16
    css_task.o                  16
    dac_cfg.o                  528
    dac_lib.o                   38
    dac_task.o                  38
    delay_cfg.o                112
    delay_lib.o                 36
    delay_task.o                36
    gpio_cfg.o                 464
    gpio_lib.o                  26
    gpio_task.o                 26
    i2c_cfg.o                  490
    i2c_lib.o                  114
    i2c_task.o                  76
    isp_cfg.o                4'882        4      128
    isp_lib.o                1'252
    isp_task.o               2'214       32
    iwdg_cfg.o                  28
    iwdg_lib.o                   8
    iwdg_task.o                  8
    jtag_cfg.o               5'706        4       68
    led_cfg.o                  148                 4
    led_lib.o                    8
    led_task.o                   8
    main.o                   1'100       84
    my_malloc.o                404       32   10'900
    power_cfg.o                216
    power_lib.o                 18
    power_task.o                18
    pvd_cfg.o                    2
    pvd_lib.o                    8
    pvd_task.o                   8
    random_cfg.o               436                 4
    random_lib.o                22
    random_task.o               22
    rtc_cfg.o                1'028       44       28
    rtc_lib.o                   16
    rtc_task.o                  16
    spi_cfg.o                1'480
    spi_lib.o                  162
    spi_task.o                 162
    startup_stm32f407xx.o      692
    stm32_cfg.o                684                32
    stm32f4xx_hal.o             24        1        5
    stm32f4xx_it.o             328        8
    stm32f4xx_ll_adc.o         524
    stm32f4xx_ll_crc.o          68
    stm32f4xx_ll_dac.o         148
    stm32f4xx_ll_dma.o         844        8
    stm32f4xx_ll_gpio.o        420
    stm32f4xx_ll_rcc.o         336
    stm32f4xx_ll_rng.o          44
    stm32f4xx_ll_spi.o         284
    stm32f4xx_ll_usart.o     1'092
    stm32f4xx_ll_utils.o        12
    system_stm32f4xx.o          96       28        4
    systick_cfg.o            1'028        4       40
    systick_lib.o               68
    systick_task.o              68
    task_manage.o               68                 8
    usart_cfg.o              5'700      100      647
    usart_lib.o                310
    usart_task.o               254               136
    wm8510_cfg.o               548        4       96
    wm8510_lib.o                22
    wm8510_task.o               22
    ------------------------------------------------
    Total:                  37'706    1'394   12'197

dl7M_tlf.a: [2]
    abort.o                      6
    exit.o                       4
    low_level_init.o             4
    vsnprint.o                  60
    xencoding_8859_1.o          30
    xfail_s.o                   64                 4
    xlocale_c.o                124      133      128
    xmbcurmax.o                 10
    xprintffull.o            4'294
    xsnprout.o                  26
    ------------------------------------------------
    Total:                   4'622      133      132

m7M_tls.a: [3]
    DblAdd.o                   378
    DblCmpGe.o                  46
    DblCmpLe.o                  46
    DblDiv.o                   582
    DblMul.o                   418
    DblSub.o                   226
    DblToS32.o                  58
    DblToU32.o                  40
    S32ToDbl.o                  34
    U32ToDbl.o                  26
    fpinit_M.o                  34
    frexp.o                    112
    ldexp.o                    314
    ------------------------------------------------
    Total:                   2'314

rt7M_tl.a: [4]
    ABImemcpy.o                166
    ABImemset.o                102
    I64DivMod.o                560
    I64DivZer.o                  2
    cexit.o                     10
    cmain.o                     30
    copy_init3.o                46
    cstartup_M.o                12
    data_init.o                 40
    memchr.o                    88
    strchr.o                    22
    strlen.o                    54
    zero_init3.o                58
    ------------------------------------------------
    Total:                   1'190

shb_l.a: [5]
    exit.o                      20
    ------------------------------------------------
    Total:                      20

    Gaps                        41        6
    Linker created                       38    8'192
----------------------------------------------------
    Grand Total:            45'893    1'571   20'521


*******************************************************************************
*** ENTRY LIST
***

Entry                       Address    Size  Type      Object
-----                       -------    ----  ----      ------
.iar.init_table$$Base    0x800'b620           --   Gb  - Linker created -
.iar.init_table$$Limit   0x800'b644           --   Gb  - Linker created -
?main                    0x800'b6a5          Code  Gb  cmain.o [4]
ADCLib_ADCTask_START     0x800'906f     0xc  Code  Gb  adc_lib.o [1]
ADCLib_ADCTask_STOP      0x800'907b     0xc  Code  Gb  adc_lib.o [1]
ADCLib_ADC_Init          0x800'9067     0x8  Code  Gb  adc_lib.o [1]
ADCLib_GetChipPower      0x800'9093     0x8  Code  Gb  adc_lib.o [1]
ADCLib_HandleChannelVal
                         0x800'9087     0xc  Code  Gb  adc_lib.o [1]
ADCTask_ADCTask_START    0x800'8f29     0xc  Code  Gb  adc_task.o [1]
ADCTask_ADCTask_STOP     0x800'8f35     0xc  Code  Gb  adc_task.o [1]
ADCTask_ADC_Init         0x800'8f21     0x8  Code  Gb  adc_task.o [1]
ADCTask_GetChipPower     0x800'8f4d     0x8  Code  Gb  adc_task.o [1]
ADCTask_HandleChannelVal
                         0x800'8f41     0xc  Code  Gb  adc_task.o [1]
ADC_ADC1Task_Init        0x800'9685     0xe  Code  Gb  adc_cfg.o [1]
ADC_ADC1_DMA_Init        0x800'9507    0xa6  Code  Gb  adc_cfg.o [1]
ADC_ADC1_DMA_Restart     0x800'95ad    0x30  Code  Gb  adc_cfg.o [1]
ADC_ADC1_DMA_Stop        0x800'95dd    0x28  Code  Gb  adc_cfg.o [1]
ADC_ADC1_Init            0x800'945f    0xa8  Code  Gb  adc_cfg.o [1]
ADC_ADC3_DMA_Restart     0x800'9605    0x2c  Code  Gb  adc_cfg.o [1]
ADC_ADC3_DMA_Stop        0x800'9631    0x2a  Code  Gb  adc_cfg.o [1]
ADC_ADCTask_Init         0x800'9693     0xa  Code  Gb  adc_cfg.o [1]
ADC_ADCTask_START        0x800'96a9    0x5e  Code  Gb  adc_cfg.o [1]
ADC_ADCTask_STOP         0x800'9707    0x42  Code  Gb  adc_cfg.o [1]
ADC_ADC_Init             0x800'969d     0xc  Code  Gb  adc_cfg.o [1]
ADC_Clock                0x800'93e7    0x78  Code  Gb  adc_cfg.o [1]
ADC_GPIO_Init            0x800'93b1    0x36  Code  Gb  adc_cfg.o [1]
ADC_GetChipPower         0x800'97a1    0x16  Code  Gb  adc_cfg.o [1]
ADC_HandleChannelVal     0x800'9749    0x58  Code  Gb  adc_cfg.o [1]
ADC_SoftStart            0x800'965b    0x2a  Code  Gb  adc_cfg.o [1]
AHBPrescTable            0x800'b718    0x10  Data  Gb  system_stm32f4xx.o [1]
APBPrescTable            0x800'b774     0x8  Data  Gb  system_stm32f4xx.o [1]
BusFault_Handler         0x800'b153     0x2  Code  Gb  stm32f4xx_it.o [1]
CRCLib_CRC16             0x800'3da9    0x10  Code  Gb  crc_lib.o [1]
CRCLib_CRC32             0x800'3d99    0x10  Code  Gb  crc_lib.o [1]
CRCLib_CRC8              0x800'3db9    0x16  Code  Gb  crc_lib.o [1]
CRCLib_CheckSum          0x800'3dcf    0x10  Code  Gb  crc_lib.o [1]
CRCLib_Enable            0x800'3d91     0x8  Code  Gb  crc_lib.o [1]
CRCLib_Init              0x800'3d89     0x8  Code  Gb  crc_lib.o [1]
CRCTask_CRC16            0x800'32b5    0x10  Code  Gb  crc_task.o [1]
CRCTask_CRC32            0x800'32a5    0x10  Code  Gb  crc_task.o [1]
CRCTask_CRC8             0x800'32c5    0x16  Code  Gb  crc_task.o [1]
CRCTask_CheckSum         0x800'32db    0x10  Code  Gb  crc_task.o [1]
CRCTask_Enable           0x800'329d     0x8  Code  Gb  crc_task.o [1]
CRCTask_Init             0x800'3295     0x8  Code  Gb  crc_task.o [1]
CRC_CRC16_Table          0x800'52fd    0x32  Code  Gb  crc_cfg.o [1]
CRC_CRC32_CRC            0x800'52ed    0x10  Code  Gb  crc_cfg.o [1]
CRC_CRC32_HWCRC          0x800'52bb    0x32  Code  Gb  crc_cfg.o [1]
CRC_CRC32_HWReSet        0x800'52b1     0xa  Code  Gb  crc_cfg.o [1]
CRC_CRC8_Table           0x800'532f    0x44  Code  Gb  crc_cfg.o [1]
CRC_CheckSum             0x800'538d    0x1e  Code  Gb  crc_cfg.o [1]
CRC_DeInit               0x800'529b    0x10  Code  Gb  crc_cfg.o [1]
CRC_Enable               0x800'52ab     0x6  Code  Gb  crc_cfg.o [1]
CRC_Init                 0x800'5285    0x16  Code  Gb  crc_cfg.o [1]
CSSLib_NMI_IRQ           0x800'b251     0x8  Code  Gb  css_lib.o [1]
CSSLib_RCC_IRQ           0x800'b259     0x8  Code  Gb  css_lib.o [1]
CSSTask_NMI_IRQ          0x800'b239     0x8  Code  Gb  css_task.o [1]
CSSTask_RCC_IRQ          0x800'b241     0x8  Code  Gb  css_task.o [1]
CSS_NMI_IRQ              0x800'b2e9    0x18  Code  Gb  css_cfg.o [1]
CSS_RCC_IRQ              0x800'b301    0x1c  Code  Gb  css_cfg.o [1]
CSTACK$$Base            0x2000'3030           --   Gb  - Linker created -
CSTACK$$Limit           0x2000'5030           --   Gb  - Linker created -
CacheMore                0x800'53b1    0x28  Code  Lc  xlocale_c.o [2]
CalcAvgFun1              0x800'7931    0x60  Code  Gb  complier_lib.o [1]
CompareFun5              0x800'7999    0x30  Code  Gb  complier_lib.o [1]
DACLib_ChannelMV         0x800'9b17    0x12  Code  Gb  dac_lib.o [1]
DACLib_Init              0x800'9b03    0x14  Code  Gb  dac_lib.o [1]
DACTask_ChannelMV        0x800'9af1    0x12  Code  Gb  dac_task.o [1]
DACTask_Init             0x800'9add    0x14  Code  Gb  dac_task.o [1]
DAC_ChannelMV            0x800'9d05    0x18  Code  Gb  dac_cfg.o [1]
DAC_ChannelUV            0x800'9c93    0x72  Code  Gb  dac_cfg.o [1]
DAC_Channel_Init         0x800'9bef    0x62  Code  Gb  dac_cfg.o [1]
DAC_Clock                0x800'9bcd    0x22  Code  Gb  dac_cfg.o [1]
DAC_GPIO_Init            0x800'9b7b    0x52  Code  Gb  dac_cfg.o [1]
DAC_Init                 0x800'9c51    0x42  Code  Gb  dac_cfg.o [1]
DMA2_Stream0_IRQHandler
                         0x800'b19b    0x32  Code  Gb  stm32f4xx_it.o [1]
DMA2_Stream1_IRQHandler
                         0x800'b1cd     0x2  Code  Gb  stm32f4xx_it.o [1]
DMA2_Stream2_IRQHandler
                         0x800'b1d1    0x24  Code  Gb  stm32f4xx_it.o [1]
DMA2_Stream7_IRQHandler
                         0x800'b1f5    0x24  Code  Gb  stm32f4xx_it.o [1]
DebugMon_Handler         0x800'b159     0x2  Code  Gb  stm32f4xx_it.o [1]
DelayLib_ClkNop          0x800'ae73     0xc  Code  Gb  delay_lib.o [1]
DelayLib_ms              0x800'ae5b     0xc  Code  Gb  delay_lib.o [1]
DelayNLib_us             0x800'ae67     0xc  Code  Gb  delay_lib.o [1]
DelayN_ms                0x800'aec7    0x20  Code  Gb  delay_cfg.o [1]
DelayN_us                0x800'aea1    0x26  Code  Gb  delay_cfg.o [1]
DelayTask_ClkNop         0x800'ae4f     0xc  Code  Gb  delay_task.o [1]
DelayTask_ms             0x800'ae43     0xc  Code  Gb  delay_task.o [1]
DelayTask_us             0x800'ae37     0xc  Code  Gb  delay_task.o [1]
Delay_ClkNop             0x800'aee7     0xa  Code  Gb  delay_cfg.o [1]
Delay_ms                 0x800'ae81    0x20  Code  Gb  delay_cfg.o [1]
DescSortFun2             0x800'78b1    0x7c  Code  Gb  complier_lib.o [1]
GPIOLib_Clock            0x800'1a31    0x12  Code  Gb  gpio_lib.o [1]
GPIOLib_Init             0x800'1a43     0x8  Code  Gb  gpio_lib.o [1]
GPIOTask_Clock           0x800'17d3    0x12  Code  Gb  gpio_task.o [1]
GPIOTask_Init            0x800'17e5     0x8  Code  Gb  gpio_task.o [1]
GPIO_Clock               0x800'1aaf   0x11a  Code  Gb  gpio_cfg.o [1]
GPIO_Init                0x800'1bc9    0x54  Code  Gb  gpio_cfg.o [1]
HAL_IncTick              0x800'b6f1    0x18  Code  Wk  stm32f4xx_hal.o [1]
HASH_RNG_IRQHandler      0x800'b17b     0x8  Code  Gb  stm32f4xx_it.o [1]
HardFault_Handler        0x800'b149     0x8  Code  Gb  stm32f4xx_it.o [1]
HardFault_IRQTask        0x800'38fd    0x12  Code  Gb  stm32_cfg.o [1]
HardFault_Msg            0x800'38b9    0x3e  Code  Gb  stm32_cfg.o [1]
I2CLib_MSW_Init          0x800'abd9    0x10  Code  Gb  i2c_lib.o [1]
I2CLib_MSW_ReadACK       0x800'ac2d     0xc  Code  Gb  i2c_lib.o [1]
I2CLib_MSW_START         0x800'abe9    0x38  Code  Gb  i2c_lib.o [1]
I2CLib_MSW_STOP          0x800'ac21     0xc  Code  Gb  i2c_lib.o [1]
I2CLib_MSW_SendByte      0x800'ac39    0x12  Code  Gb  i2c_lib.o [1]
I2CTask_MSW_Init         0x800'ab8d    0x10  Code  Gb  i2c_task.o [1]
I2CTask_MSW_ReadACK      0x800'abbb     0xc  Code  Gb  i2c_task.o [1]
I2CTask_MSW_START        0x800'ab9d    0x12  Code  Gb  i2c_task.o [1]
I2CTask_MSW_STOP         0x800'abaf     0xc  Code  Gb  i2c_task.o [1]
I2CTask_MSW_SendByte     0x800'abc7    0x12  Code  Gb  i2c_task.o [1]
I2C_MSW_Init             0x800'ac69    0x74  Code  Gb  i2c_cfg.o [1]
I2C_MSW_ReadACK          0x800'ad79    0x40  Code  Gb  i2c_cfg.o [1]
I2C_MSW_START            0x800'ace1    0x50  Code  Gb  i2c_cfg.o [1]
I2C_MSW_STOP             0x800'ad31    0x48  Code  Gb  i2c_cfg.o [1]
I2C_MSW_SendBit          0x800'adb9    0x50  Code  Gb  i2c_cfg.o [1]
I2C_MSW_SendByte         0x800'ae09    0x2e  Code  Gb  i2c_cfg.o [1]
ISPLib_CheckChipEepromEmpty
                         0x800'8eb1    0x5e  Code  Gb  isp_lib.o [1]
ISPLib_CheckChipFlashEmpty
                         0x800'8e45    0x6c  Code  Gb  isp_lib.o [1]
ISPLib_EnterProgAndConfigInfo
                         0x800'8a65    0x2c  Code  Gb  isp_lib.o [1]
ISPLib_EraseChip         0x800'8a9d    0x48  Code  Gb  isp_lib.o [1]
ISPLib_ExitProg          0x800'8a91     0xc  Code  Gb  isp_lib.o [1]
ISPLib_Init              0x800'8a3b    0x18  Code  Gb  isp_lib.o [1]
ISPLib_ReadChipCalibration
                         0x800'8b31    0x5c  Code  Gb  isp_lib.o [1]
ISPLib_ReadChipEepromAddr
                         0x800'8d43    0x6a  Code  Gb  isp_lib.o [1]
ISPLib_ReadChipFlashAddr
                         0x800'8dad    0x70  Code  Gb  isp_lib.o [1]
ISPLib_ReadChipFuse      0x800'8b8d    0x5c  Code  Gb  isp_lib.o [1]
ISPLib_ReadChipID        0x800'8ae5    0x4c  Code  Gb  isp_lib.o [1]
ISPLib_ReadChipLock      0x800'8be9    0x4c  Code  Gb  isp_lib.o [1]
ISPLib_ReadChipRom       0x800'8c35    0x64  Code  Gb  isp_lib.o [1]
ISPLib_SetConfigInfo     0x800'8f0f    0x10  Code  Gb  isp_lib.o [1]
ISPLib_SetProgClock      0x800'8a53    0x12  Code  Gb  isp_lib.o [1]
ISPLib_WriteChipFlashPage
                         0x800'8e1d    0x28  Code  Gb  isp_lib.o [1]
ISPLib_WriteChipFuse     0x800'8c99    0x5c  Code  Gb  isp_lib.o [1]
ISPLib_WriteChipLock     0x800'8cf5    0x4e  Code  Gb  isp_lib.o [1]
ISPTask_CheckChipEepromEmpty
                         0x800'833f    0x18  Code  Gb  isp_task.o [1]
ISPTask_CheckChipFlashEmpty
                         0x800'831b    0x24  Code  Gb  isp_task.o [1]
ISPTask_EnterProgAndConfigInfo
                         0x800'81c9    0x16  Code  Gb  isp_task.o [1]
ISPTask_EraseChip        0x800'81eb     0xc  Code  Gb  isp_task.o [1]
ISPTask_ExitProg         0x800'81df     0xc  Code  Gb  isp_task.o [1]
ISPTask_Init             0x800'819f    0x18  Code  Gb  isp_task.o [1]
ISPTask_ReadChipCalibration
                         0x800'8207    0x16  Code  Gb  isp_task.o [1]
ISPTask_ReadChipEepromAddr
                         0x800'8287    0x22  Code  Gb  isp_task.o [1]
ISPTask_ReadChipFlashAddr
                         0x800'82cb    0x28  Code  Gb  isp_task.o [1]
ISPTask_ReadChipFuse     0x800'821d    0x16  Code  Gb  isp_task.o [1]
ISPTask_ReadChipID       0x800'81f7    0x10  Code  Gb  isp_task.o [1]
ISPTask_ReadChipLock     0x800'8233    0x10  Code  Gb  isp_task.o [1]
ISPTask_ReadChipPower    0x800'8367    0x1c  Code  Gb  isp_task.o [1]
ISPTask_ReadChipRom      0x800'8243    0x1c  Code  Gb  isp_task.o [1]
ISPTask_SetConfigInfo    0x800'8357    0x10  Code  Gb  isp_task.o [1]
ISPTask_SetProgClock     0x800'81b7    0x12  Code  Gb  isp_task.o [1]
ISPTask_USARTCmd_ChildTask
                         0x800'8887   0x10c  Code  Gb  isp_task.o [1]
ISPTask_USARTCmd_EraseChip
                         0x800'8435    0xba  Code  Gb  isp_task.o [1]
ISPTask_USARTCmd_OpenAndClose
                         0x800'83d5    0x60  Code  Gb  isp_task.o [1]
ISPTask_USARTCmd_ParentTask
                         0x800'8993    0x86  Code  Gb  isp_task.o [1]
ISPTask_USARTCmd_ReadChipCalibration
                         0x800'850d    0x32  Code  Gb  isp_task.o [1]
ISPTask_USARTCmd_ReadChipEeprom
                         0x800'87a1    0x70  Code  Gb  isp_task.o [1]
ISPTask_USARTCmd_ReadChipFlash
                         0x800'869f    0x7e  Code  Gb  isp_task.o [1]
ISPTask_USARTCmd_ReadChipFuseAndLock
                         0x800'853f    0x5e  Code  Gb  isp_task.o [1]
ISPTask_USARTCmd_ReadChipID
                         0x800'84ef    0x1e  Code  Gb  isp_task.o [1]
ISPTask_USARTCmd_ReadChipRom
                         0x800'85d7    0x60  Code  Gb  isp_task.o [1]
ISPTask_USARTCmd_SetProgClok
                         0x800'8637    0x68  Code  Gb  isp_task.o [1]
ISPTask_USARTCmd_Task    0x800'8a25    0x16  Code  Gb  isp_task.o [1]
ISPTask_USARTCmd_WriteChipEeprom
                         0x800'8811    0x76  Code  Gb  isp_task.o [1]
ISPTask_USARTCmd_WriteChipFlashPage
                         0x800'871d    0x84  Code  Gb  isp_task.o [1]
ISPTask_USARTCmd_WriteChipFuse
                         0x800'859d    0x22  Code  Gb  isp_task.o [1]
ISPTask_USARTCmd_WriteChipLock
                         0x800'85bf    0x18  Code  Gb  isp_task.o [1]
ISPTask_WriteChipEeprom
                         0x800'82a9    0x22  Code  Gb  isp_task.o [1]
ISPTask_WriteChipFlashPage
                         0x800'82f3    0x28  Code  Gb  isp_task.o [1]
ISPTask_WriteChipFuse    0x800'825f    0x16  Code  Gb  isp_task.o [1]
ISPTask_WriteChipLock    0x800'8275    0x12  Code  Gb  isp_task.o [1]
ISPTask_WriteChipPower   0x800'8383    0x52  Code  Gb  isp_task.o [1]
ISP_AddWatch             0x800'65e3    0x4c  Code  Gb  isp_cfg.o [1]
ISP_AddWatchDevice0      0x800'65c1     0xe  Code  Gb  isp_cfg.o [1]
ISP_AddWatchDevice1      0x800'65cf     0xa  Code  Gb  isp_cfg.o [1]
ISP_AddWatchDevice2      0x800'65d9     0xa  Code  Gb  isp_cfg.o [1]
ISP_CheckChipEepromEmpty
                         0x800'716d    0x92  Code  Gb  isp_cfg.o [1]
ISP_CheckChipFlashEmpty
                         0x800'70b3    0xba  Code  Gb  isp_cfg.o [1]
ISP_DeInit               0x800'619d    0x1e  Code  Gb  isp_cfg.o [1]
ISP_Device0_Init         0x800'6035    0xa2  Code  Gb  isp_cfg.o [1]
ISP_Device1_Init         0x800'60d7     0x6  Code  Gb  isp_cfg.o [1]
ISP_Device2_Init         0x800'60dd     0x6  Code  Gb  isp_cfg.o [1]
ISP_EnterProg            0x800'64bb    0x98  Code  Gb  isp_cfg.o [1]
ISP_EraseChip            0x800'674b    0x44  Code  Gb  isp_cfg.o [1]
ISP_ExitProg             0x800'6553    0x32  Code  Gb  isp_cfg.o [1]
ISP_HW_Init              0x800'5f59    0x94  Code  Gb  isp_cfg.o [1]
ISP_HW_SendCmd           0x800'6409    0x5a  Code  Gb  isp_cfg.o [1]
ISP_Init                 0x800'60e3    0xba  Code  Gb  isp_cfg.o [1]
ISP_PreEnterProg         0x800'6463    0x58  Code  Gb  isp_cfg.o [1]
ISP_ReadChipCalibration
                         0x800'67dd    0x58  Code  Gb  isp_cfg.o [1]
ISP_ReadChipEepromAddr   0x800'6a91    0x6a  Code  Gb  isp_cfg.o [1]
ISP_ReadChipEepromLongAddr
                         0x800'6afb    0x26  Code  Gb  isp_cfg.o [1]
ISP_ReadChipFlashAddr    0x800'6dc7    0xe8  Code  Gb  isp_cfg.o [1]
ISP_ReadChipFlashLongAddr
                         0x800'6eaf    0x2c  Code  Gb  isp_cfg.o [1]
ISP_ReadChipFuse         0x800'6835    0x90  Code  Gb  isp_cfg.o [1]
ISP_ReadChipID           0x800'678f    0x4e  Code  Gb  isp_cfg.o [1]
ISP_ReadChipLock         0x800'68c5    0x22  Code  Gb  isp_cfg.o [1]
ISP_ReadChipRom          0x800'68e7    0x98  Code  Gb  isp_cfg.o [1]
ISP_ReadReady            0x800'669d    0xae  Code  Gb  isp_cfg.o [1]
ISP_RefreshWatch         0x800'6677    0x14  Code  Gb  isp_cfg.o [1]
ISP_RemoveWatch          0x800'662f    0x48  Code  Gb  isp_cfg.o [1]
ISP_SEND_CMD            0x2000'3014     0x4  Data  Gb  isp_cfg.o [1]
ISP_SW_Init              0x800'5fed    0x48  Code  Gb  isp_cfg.o [1]
ISP_SW_SendCmd           0x800'63ad    0x5a  Code  Gb  isp_cfg.o [1]
ISP_SetClock             0x800'61bb   0x1c0  Code  Gb  isp_cfg.o [1]
ISP_SetConfigInfo        0x800'71ff    0x34  Code  Gb  isp_cfg.o [1]
ISP_SetIntervalTime      0x800'668b    0x12  Code  Gb  isp_cfg.o [1]
ISP_SetProgClock         0x800'637b    0x2e  Code  Gb  isp_cfg.o [1]
ISP_UpdateChipEepromAddr
                         0x800'6c05    0x52  Code  Gb  isp_cfg.o [1]
ISP_UpdateChipEepromLongAddr
                         0x800'6c71    0x1a  Code  Gb  isp_cfg.o [1]
ISP_UpdateChipEepromPage
                         0x800'6bbb    0x4a  Code  Gb  isp_cfg.o [1]
ISP_UpdateChipFlashAddr
                         0x800'6f6f    0x66  Code  Gb  isp_cfg.o [1]
ISP_UpdateChipFlashLongAddr
                         0x800'6fed    0x1e  Code  Gb  isp_cfg.o [1]
ISP_UpdateChipFlashPage
                         0x800'6edb    0x94  Code  Gb  isp_cfg.o [1]
ISP_UpdateExternAddr     0x800'6d97    0x30  Code  Gb  isp_cfg.o [1]
ISP_WatchTask            0x800'6585    0x3c  Code  Gb  isp_cfg.o [1]
ISP_WriteChipEeprom      0x800'6d51    0x46  Code  Gb  isp_cfg.o [1]
ISP_WriteChipEepromAddr
                         0x800'6b21    0x9a  Code  Gb  isp_cfg.o [1]
ISP_WriteChipEepromPage
                         0x800'6c8b    0xc2  Code  Gb  isp_cfg.o [1]
ISP_WriteChipFlashPage   0x800'700b    0xa8  Code  Gb  isp_cfg.o [1]
ISP_WriteChipFuse        0x800'697f    0xca  Code  Gb  isp_cfg.o [1]
ISP_WriteChipLock        0x800'6a49    0x48  Code  Gb  isp_cfg.o [1]
IWDGLib_Reset            0x800'3d81     0x8  Code  Gb  iwdg_lib.o [1]
IWDGTask_Reset           0x800'328d     0x8  Code  Gb  iwdg_task.o [1]
IWDG_Reset               0x800'5249     0xc  Code  Gb  iwdg_cfg.o [1]
JTAG_Device0_Init        0x800'01a5    0x3c  Code  Gb  jtag_cfg.o [1]
JTAG_Device1_Init        0x800'01e1     0x6  Code  Gb  jtag_cfg.o [1]
JTAG_Device2_Init        0x800'01e7     0xa  Code  Gb  jtag_cfg.o [1]
JTAG_GPIO_Init           0x800'01f1    0xd8  Code  Gb  jtag_cfg.o [1]
JTAG_Init                0x800'02c9    0x68  Code  Gb  jtag_cfg.o [1]
JTAG_ReadIDChip          0x800'1745    0x8e  Code  Gb  jtag_cfg.o [1]
JTAG_RunCaptureDR        0x800'0ad3   0x52e  Code  Gb  jtag_cfg.o [1]
JTAG_RunCaptureIR        0x800'1001   0x69a  Code  Gb  jtag_cfg.o [1]
JTAG_RunSelectDRScan     0x800'074d   0x386  Code  Gb  jtag_cfg.o [1]
JTAG_RunTestIdle         0x800'0389   0x3c4  Code  Gb  jtag_cfg.o [1]
JTAG_ShiftIR_Bit         0x800'169b    0xaa  Code  Gb  jtag_cfg.o [1]
JTAG_TestlogicReset      0x800'0349    0x40  Code  Gb  jtag_cfg.o [1]
LEDLib_Init              0x800'a6dd     0x8  Code  Gb  led_lib.o [1]
LEDTask_Init             0x800'a655     0x8  Code  Gb  led_task.o [1]
LEDWork_Init             0x800'aadb    0x52  Code  Gb  led_cfg.o [1]
LEDWork_Task             0x800'ab2d    0x24  Code  Gb  led_cfg.o [1]
LEDWork_Task::ledCount  0x2000'3018     0x4  Data  Lc  led_cfg.o [1]
LED_Init                 0x800'ab59     0x8  Code  Gb  led_cfg.o [1]
LL_ADC_ClearFlag_OVR     0x800'92ff     0x8  Code  Lc  adc_cfg.o [1]
LL_ADC_CommonInit        0x800'990f    0x60  Code  Gb  stm32f4xx_ll_adc.o [1]
LL_ADC_DeInit            0x800'996f    0xae  Code  Gb  stm32f4xx_ll_adc.o [1]
LL_ADC_Disable           0x800'92eb     0xa  Code  Lc  adc_cfg.o [1]
LL_ADC_Disable           0x800'98fd     0xa  Code  Lc  stm32f4xx_ll_adc.o [1]
LL_ADC_Enable            0x800'92e1     0xa  Code  Lc  adc_cfg.o [1]
LL_ADC_INJ_SetTriggerSource
                         0x800'98ed    0x10  Code  Lc  stm32f4xx_ll_adc.o [1]
LL_ADC_Init              0x800'9a1d    0x3a  Code  Gb  stm32f4xx_ll_adc.o [1]
LL_ADC_IsEnabled         0x800'9907     0x8  Code  Lc  stm32f4xx_ll_adc.o [1]
LL_ADC_REG_Init          0x800'9a57    0x5e  Code  Gb  stm32f4xx_ll_adc.o [1]
LL_ADC_REG_SetSequencerLength
                         0x800'98e1     0xc  Code  Lc  stm32f4xx_ll_adc.o [1]
LL_ADC_REG_SetSequencerRanks
                         0x800'9281    0x2e  Code  Lc  adc_cfg.o [1]
LL_ADC_REG_SetTriggerSource
                         0x800'98d1    0x10  Code  Lc  stm32f4xx_ll_adc.o [1]
LL_ADC_REG_StartConversionSWStart
                         0x800'92f5     0xa  Code  Lc  adc_cfg.o [1]
LL_ADC_SetChannelSamplingTime
                         0x800'92af    0x32  Code  Lc  adc_cfg.o [1]
LL_AHB1_GRP1_DisableClock
                         0x800'1a8f     0xa  Code  Lc  gpio_cfg.o [1]
LL_AHB1_GRP1_EnableClock
                         0x800'9307    0x18  Code  Lc  adc_cfg.o [1]
LL_AHB1_GRP1_EnableClock
                         0x800'525d    0x16  Code  Lc  crc_cfg.o [1]
LL_AHB1_GRP1_EnableClock
                         0x800'1a79    0x16  Code  Lc  gpio_cfg.o [1]
LL_AHB1_GRP1_EnableClock
                         0x800'1ce5    0x18  Code  Lc  usart_cfg.o [1]
LL_AHB1_GRP1_ForceReset
                         0x800'5d45     0xa  Code  Lc  stm32f4xx_ll_crc.o [1]
LL_AHB1_GRP1_ForceReset
                         0x800'3afd     0xa  Code  Lc  stm32f4xx_ll_dma.o [1]
LL_AHB1_GRP1_ReleaseReset
                         0x800'5d4f     0xa  Code  Lc  stm32f4xx_ll_crc.o [1]
LL_AHB1_GRP1_ReleaseReset
                         0x800'3b07     0xa  Code  Lc  stm32f4xx_ll_dma.o [1]
LL_AHB2_GRP1_EnableClock
                         0x800'a789    0x16  Code  Lc  random_cfg.o [1]
LL_AHB2_GRP1_ForceReset
                         0x800'ab61     0xa  Code  Lc  stm32f4xx_ll_rng.o [1]
LL_AHB2_GRP1_ReleaseReset
                         0x800'ab6b     0xa  Code  Lc  stm32f4xx_ll_rng.o [1]
LL_APB1_GRP1_DisableClock
                         0x800'9b3f     0xa  Code  Lc  dac_cfg.o [1]
LL_APB1_GRP1_DisableClock
                         0x800'7ac9     0xc  Code  Lc  spi_cfg.o [1]
LL_APB1_GRP1_DisableClock
                         0x800'1d15     0xc  Code  Lc  usart_cfg.o [1]
LL_APB1_GRP1_EnableClock
                         0x800'9b29    0x16  Code  Lc  dac_cfg.o [1]
LL_APB1_GRP1_EnableClock
                         0x800'9e6b    0x16  Code  Lc  main.o [1]
LL_APB1_GRP1_EnableClock
                         0x800'7ab1    0x18  Code  Lc  spi_cfg.o [1]
LL_APB1_GRP1_EnableClock
                         0x800'1cfd    0x18  Code  Lc  usart_cfg.o [1]
LL_APB1_GRP1_ForceReset
                         0x800'808b     0xa  Code  Lc  stm32f4xx_ll_spi.o [1]
LL_APB1_GRP1_ForceReset
                         0x800'35f5     0xa  Code  Lc  stm32f4xx_ll_usart.o [1]
LL_APB1_GRP1_ReleaseReset
                         0x800'8095     0xa  Code  Lc  stm32f4xx_ll_spi.o [1]
LL_APB1_GRP1_ReleaseReset
                         0x800'35ff     0xa  Code  Lc  stm32f4xx_ll_usart.o [1]
LL_APB2_GRP1_DisableClock
                         0x800'9337     0xc  Code  Lc  adc_cfg.o [1]
LL_APB2_GRP1_DisableClock
                         0x800'7aed     0xc  Code  Lc  spi_cfg.o [1]
LL_APB2_GRP1_DisableClock
                         0x800'1d39     0xc  Code  Lc  usart_cfg.o [1]
LL_APB2_GRP1_EnableClock
                         0x800'931f    0x18  Code  Lc  adc_cfg.o [1]
LL_APB2_GRP1_EnableClock
                         0x800'1a99    0x16  Code  Lc  gpio_cfg.o [1]
LL_APB2_GRP1_EnableClock
                         0x800'7ad5    0x18  Code  Lc  spi_cfg.o [1]
LL_APB2_GRP1_EnableClock
                         0x800'1d21    0x18  Code  Lc  usart_cfg.o [1]
LL_APB2_GRP1_ForceReset
                         0x800'809f     0xa  Code  Lc  stm32f4xx_ll_spi.o [1]
LL_APB2_GRP1_ForceReset
                         0x800'3609     0xa  Code  Lc  stm32f4xx_ll_usart.o [1]
LL_APB2_GRP1_ReleaseReset
                         0x800'80a9     0xa  Code  Lc  stm32f4xx_ll_spi.o [1]
LL_APB2_GRP1_ReleaseReset
                         0x800'3613     0xa  Code  Lc  stm32f4xx_ll_usart.o [1]
LL_CRC_DeInit            0x800'5d59    0x28  Code  Gb  stm32f4xx_ll_crc.o [1]
LL_CRC_FeedData32        0x800'527d     0x4  Code  Lc  crc_cfg.o [1]
LL_CRC_ReadData32        0x800'5281     0x4  Code  Lc  crc_cfg.o [1]
LL_CRC_ResetCRCCalculationUnit
                         0x800'5273     0xa  Code  Lc  crc_cfg.o [1]
LL_DAC_ConvertData12RightAligned
                         0x800'9b5d    0x1e  Code  Lc  dac_cfg.o [1]
LL_DAC_Enable            0x800'9b49    0x14  Code  Lc  dac_cfg.o [1]
LL_DAC_Init              0x800'9d5d    0x70  Code  Gb  stm32f4xx_ll_dac.o [1]
LL_DAC_IsEnabled         0x800'9d39    0x24  Code  Lc  stm32f4xx_ll_dac.o [1]
LL_DMA_ClearFlag         0x800'390f   0x126  Code  Gb  stm32_cfg.o [1]
LL_DMA_ClearFlag_DME0    0x800'383d     0x6  Code  Lc  stm32_cfg.o [1]
LL_DMA_ClearFlag_DME1    0x800'3843     0x8  Code  Lc  stm32_cfg.o [1]
LL_DMA_ClearFlag_DME2    0x800'384b     0x8  Code  Lc  stm32_cfg.o [1]
LL_DMA_ClearFlag_DME3    0x800'3853     0x8  Code  Lc  stm32_cfg.o [1]
LL_DMA_ClearFlag_DME4    0x800'385b     0x6  Code  Lc  stm32_cfg.o [1]
LL_DMA_ClearFlag_DME5    0x800'3861     0x8  Code  Lc  stm32_cfg.o [1]
LL_DMA_ClearFlag_DME6    0x800'3869     0x8  Code  Lc  stm32_cfg.o [1]
LL_DMA_ClearFlag_DME7    0x800'3871     0x8  Code  Lc  stm32_cfg.o [1]
LL_DMA_ClearFlag_FE0     0x800'3879     0x6  Code  Lc  stm32_cfg.o [1]
LL_DMA_ClearFlag_FE1     0x800'387f     0x6  Code  Lc  stm32_cfg.o [1]
LL_DMA_ClearFlag_FE2     0x800'3885     0x8  Code  Lc  stm32_cfg.o [1]
LL_DMA_ClearFlag_FE3     0x800'388d     0x8  Code  Lc  stm32_cfg.o [1]
LL_DMA_ClearFlag_FE4     0x800'3895     0x6  Code  Lc  stm32_cfg.o [1]
LL_DMA_ClearFlag_FE5     0x800'389b     0x6  Code  Lc  stm32_cfg.o [1]
LL_DMA_ClearFlag_FE6     0x800'38a1     0x8  Code  Lc  stm32_cfg.o [1]
LL_DMA_ClearFlag_FE7     0x800'38a9     0x8  Code  Lc  stm32_cfg.o [1]
LL_DMA_ClearFlag_HT0     0x800'3789     0x6  Code  Lc  stm32_cfg.o [1]
LL_DMA_ClearFlag_HT1     0x800'938b     0x8  Code  Lc  adc_cfg.o [1]
LL_DMA_ClearFlag_HT1     0x800'378f     0x8  Code  Lc  stm32_cfg.o [1]
LL_DMA_ClearFlag_HT2     0x800'3797     0x8  Code  Lc  stm32_cfg.o [1]
LL_DMA_ClearFlag_HT3     0x800'379f     0x8  Code  Lc  stm32_cfg.o [1]
LL_DMA_ClearFlag_HT4     0x800'37a7     0x6  Code  Lc  stm32_cfg.o [1]
LL_DMA_ClearFlag_HT5     0x800'37ad     0x8  Code  Lc  stm32_cfg.o [1]
LL_DMA_ClearFlag_HT6     0x800'37b5     0x8  Code  Lc  stm32_cfg.o [1]
LL_DMA_ClearFlag_HT7     0x800'37bd     0x8  Code  Lc  stm32_cfg.o [1]
LL_DMA_ClearFlag_TC0     0x800'37c5     0x6  Code  Lc  stm32_cfg.o [1]
LL_DMA_ClearFlag_TC1     0x800'9393     0x8  Code  Lc  adc_cfg.o [1]
LL_DMA_ClearFlag_TC1     0x800'37cb     0x8  Code  Lc  stm32_cfg.o [1]
LL_DMA_ClearFlag_TC2     0x800'37d3     0x8  Code  Lc  stm32_cfg.o [1]
LL_DMA_ClearFlag_TC3     0x800'37db     0x8  Code  Lc  stm32_cfg.o [1]
LL_DMA_ClearFlag_TC4     0x800'37e3     0x6  Code  Lc  stm32_cfg.o [1]
LL_DMA_ClearFlag_TC5     0x800'37e9     0x8  Code  Lc  stm32_cfg.o [1]
LL_DMA_ClearFlag_TC6     0x800'37f1     0x8  Code  Lc  stm32_cfg.o [1]
LL_DMA_ClearFlag_TC7     0x800'37f9     0x8  Code  Lc  stm32_cfg.o [1]
LL_DMA_ClearFlag_TE0     0x800'3801     0x6  Code  Lc  stm32_cfg.o [1]
LL_DMA_ClearFlag_TE1     0x800'3807     0x8  Code  Lc  stm32_cfg.o [1]
LL_DMA_ClearFlag_TE2     0x800'380f     0x8  Code  Lc  stm32_cfg.o [1]
LL_DMA_ClearFlag_TE3     0x800'3817     0x8  Code  Lc  stm32_cfg.o [1]
LL_DMA_ClearFlag_TE4     0x800'381f     0x6  Code  Lc  stm32_cfg.o [1]
LL_DMA_ClearFlag_TE5     0x800'3825     0x8  Code  Lc  stm32_cfg.o [1]
LL_DMA_ClearFlag_TE6     0x800'382d     0x8  Code  Lc  stm32_cfg.o [1]
LL_DMA_ClearFlag_TE7     0x800'3835     0x8  Code  Lc  stm32_cfg.o [1]
LL_DMA_ConfigFifo        0x800'3acb    0x1e  Code  Lc  stm32f4xx_ll_dma.o [1]
LL_DMA_ConfigTransfer    0x800'3a49    0x1a  Code  Lc  stm32f4xx_ll_dma.o [1]
LL_DMA_DeInit            0x800'3b11   0x198  Code  Gb  stm32f4xx_ll_dma.o [1]
LL_DMA_DisableStream     0x800'9359    0x16  Code  Lc  adc_cfg.o [1]
LL_DMA_DisableStream     0x800'3a35    0x14  Code  Lc  stm32f4xx_ll_dma.o [1]
LL_DMA_DisableStream     0x800'1d5b    0x16  Code  Lc  usart_cfg.o [1]
LL_DMA_EnableIT_TC       0x800'939b    0x16  Code  Lc  adc_cfg.o [1]
LL_DMA_EnableIT_TC       0x800'1d9b    0x16  Code  Lc  usart_cfg.o [1]
LL_DMA_EnableStream      0x800'9343    0x16  Code  Lc  adc_cfg.o [1]
LL_DMA_EnableStream      0x800'1d45    0x16  Code  Lc  usart_cfg.o [1]
LL_DMA_GetDataLength     0x800'1d8d     0xe  Code  Lc  usart_cfg.o [1]
LL_DMA_Init              0x800'3d01    0x80  Code  Gb  stm32f4xx_ll_dma.o [1]
LL_DMA_IsActiveFlag_TC0
                         0x800'b0f1     0xa  Code  Lc  stm32f4xx_it.o [1]
LL_DMA_IsActiveFlag_TC2
                         0x800'b0fb     0xa  Code  Lc  stm32f4xx_it.o [1]
LL_DMA_IsActiveFlag_TC7
                         0x800'b105     0xa  Code  Lc  stm32f4xx_it.o [1]
LL_DMA_IsEnabledIT_TC    0x800'b10f    0x10  Code  Lc  stm32f4xx_it.o [1]
LL_DMA_SetChannelSelection
                         0x800'3a7d    0x1a  Code  Lc  stm32f4xx_ll_dma.o [1]
LL_DMA_SetDataLength     0x800'936f    0x1c  Code  Lc  adc_cfg.o [1]
LL_DMA_SetDataLength     0x800'3a63    0x1a  Code  Lc  stm32f4xx_ll_dma.o [1]
LL_DMA_SetDataLength     0x800'1d71    0x1c  Code  Lc  usart_cfg.o [1]
LL_DMA_SetMemoryAddress
                         0x800'3ae9     0xa  Code  Lc  stm32f4xx_ll_dma.o [1]
LL_DMA_SetMemoryBurstxfer
                         0x800'3a97    0x1a  Code  Lc  stm32f4xx_ll_dma.o [1]
LL_DMA_SetPeriphAddress
                         0x800'3af3     0xa  Code  Lc  stm32f4xx_ll_dma.o [1]
LL_DMA_SetPeriphBurstxfer
                         0x800'3ab1    0x1a  Code  Lc  stm32f4xx_ll_dma.o [1]
LL_EXTI_ClearFlag_0_31   0x800'b11f     0x6  Code  Lc  stm32f4xx_it.o [1]
LL_FLASH_EnableDataCache
                         0x800'9f9d     0xc  Code  Lc  main.o [1]
LL_FLASH_EnableInstCache
                         0x800'9f91     0xc  Code  Lc  main.o [1]
LL_FLASH_EnablePrefetch
                         0x800'9f85     0xc  Code  Lc  main.o [1]
LL_FLASH_GetLatency      0x800'9f7b     0xa  Code  Lc  main.o [1]
LL_FLASH_SetLatency      0x800'9f6d     0xe  Code  Lc  main.o [1]
LL_GPIO_Init             0x800'19a3    0x8e  Code  Gb  stm32f4xx_ll_gpio.o [1]
LL_GPIO_IsInputPinSet    0x800'ac4d    0x12  Code  Lc  i2c_cfg.o [1]
LL_GPIO_IsInputPinSet    0x800'0189    0x12  Code  Lc  jtag_cfg.o [1]
LL_GPIO_IsInputPinSet    0x800'7af9    0x12  Code  Lc  spi_cfg.o [1]
LL_GPIO_ResetOutputPin   0x800'ac63     0x6  Code  Lc  i2c_cfg.o [1]
LL_GPIO_ResetOutputPin   0x800'5f53     0x6  Code  Lc  isp_cfg.o [1]
LL_GPIO_ResetOutputPin   0x800'8199     0x6  Code  Lc  isp_task.o [1]
LL_GPIO_ResetOutputPin   0x800'019f     0x6  Code  Lc  jtag_cfg.o [1]
LL_GPIO_ResetOutputPin   0x800'aacd     0x6  Code  Lc  led_cfg.o [1]
LL_GPIO_ResetOutputPin   0x800'9ea1     0x6  Code  Lc  main.o [1]
LL_GPIO_ResetOutputPin   0x800'97fd     0x6  Code  Lc  power_cfg.o [1]
LL_GPIO_ResetOutputPin   0x800'7b0f     0x6  Code  Lc  spi_cfg.o [1]
LL_GPIO_ResetOutputPin   0x800'1de3     0x6  Code  Lc  usart_cfg.o [1]
LL_GPIO_SetAFPin_0_7     0x800'193f    0x2e  Code  Lc  stm32f4xx_ll_gpio.o [1]
LL_GPIO_SetAFPin_8_15    0x800'196d    0x36  Code  Lc  stm32f4xx_ll_gpio.o [1]
LL_GPIO_SetOutputPin     0x800'ac5f     0x4  Code  Lc  i2c_cfg.o [1]
LL_GPIO_SetOutputPin     0x800'5f4f     0x4  Code  Lc  isp_cfg.o [1]
[...]
STREAM_OFFSET_TAB        0x800'b764     0x8  Data  Lc  stm32f4xx_it.o [1]
STREAM_OFFSET_TAB        0x800'b76c     0x8  Data  Lc  stm32f4xx_ll_dma.o [1]
STREAM_OFFSET_TAB        0x800'b77c     0x8  Data  Lc  usart_cfg.o [1]
SVC_Handler              0x800'b157     0x2  Code  Gb  stm32f4xx_it.o [1]
SysRTCLib_SoftRTCTask    0x800'a6e5    0x10  Code  Gb  rtc_lib.o [1]
SysRTCTask_SoftRTCTask   0x800'a6a1    0x10  Code  Gb  rtc_task.o [1]
SysRTC_CalcWeekDay       0x800'a4c7    0xb0  Code  Gb  rtc_cfg.o [1]
SysRTC_RealTimeWatch     0x800'a577    0x56  Code  Gb  rtc_cfg.o [1]
SysRTC_RefreshWatch      0x800'a5cd     0xe  Code  Gb  rtc_cfg.o [1]
SysRTC_SoftCalcRTCTask   0x800'a3b5   0x112  Code  Gb  rtc_cfg.o [1]
SysRTC_SoftRTCInit       0x800'a243   0x172  Code  Gb  rtc_cfg.o [1]
SysRTC_SoftRTCTask       0x800'a5fd    0x16  Code  Gb  rtc_cfg.o [1]
SysRTC_WatchTask         0x800'a5db    0x22  Code  Gb  rtc_cfg.o [1]
SysTickLib_1msIncTick    0x800'7aa7     0x8  Code  Gb  systick_lib.o [1]
SysTickLib_CreateTickTask
                         0x800'7a73     0xc  Code  Gb  systick_lib.o [1]
SysTickLib_DecTick       0x800'7a7f     0xc  Code  Gb  systick_lib.o [1]
SysTickLib_GetTick       0x800'7a8b     0x8  Code  Gb  systick_lib.o [1]
SysTickLib_IRQTask       0x800'7a93     0x8  Code  Gb  systick_lib.o [1]
SysTickLib_Init          0x800'7a6b     0x8  Code  Gb  systick_lib.o [1]
SysTickLib_WaitusTick    0x800'7a9b     0xc  Code  Gb  systick_lib.o [1]
SysTickTask_1msIncTick   0x800'7311     0x8  Code  Gb  systick_task.o [1]
SysTickTask_CreateTickTask
                         0x800'72dd     0xc  Code  Gb  systick_task.o [1]
SysTickTask_DecTick      0x800'72e9     0xc  Code  Gb  systick_task.o [1]
SysTickTask_GetTick      0x800'72f5     0x8  Code  Gb  systick_task.o [1]
SysTickTask_IRQTask      0x800'72fd     0x8  Code  Gb  systick_task.o [1]
SysTickTask_Init         0x800'72d5     0x8  Code  Gb  systick_task.o [1]
SysTickTask_WaitusTick   0x800'7305     0xc  Code  Gb  systick_task.o [1]
SysTick_1msIncTick       0x800'76a9    0x42  Code  Gb  systick_cfg.o [1]
SysTick_CreateTickTask   0x800'747d    0x94  Code  Gb  systick_cfg.o [1]
SysTick_DecTick          0x800'75cd    0x50  Code  Gb  systick_cfg.o [1]
SysTick_DeleteTickTask   0x800'7511    0x7c  Code  Gb  systick_cfg.o [1]
SysTick_GetTick          0x800'761d     0x8  Code  Gb  systick_cfg.o [1]
SysTick_Handler          0x800'b15d     0x8  Code  Gb  stm32f4xx_it.o [1]
SysTick_IRQTask          0x800'7625    0x3a  Code  Gb  systick_cfg.o [1]
SysTick_PollTickTask     0x800'758d    0x40  Code  Gb  systick_cfg.o [1]
SysTick_Resume           0x800'73e5    0x10  Code  Gb  systick_cfg.o [1]
SysTick_StructInit       0x800'73f5    0x36  Code  Gb  systick_cfg.o [1]
SysTick_Suspend          0x800'73d5    0x10  Code  Gb  systick_cfg.o [1]
SysTick_WaitusTick       0x800'765f    0x4a  Code  Gb  systick_cfg.o [1]
SysTick_msInit           0x800'742b    0x52  Code  Gb  systick_cfg.o [1]
Sys_Init                 0x800'a0d3    0xbc  Code  Gb  main.o [1]
SystemClock_Config       0x800'9fa9    0x9c  Code  Gb  main.o [1]
SystemCoreClock         0x2000'00a8     0x4  Data  Gb  system_stm32f4xx.o [1]
SystemInit               0x800'b521    0x40  Code  Gb  system_stm32f4xx.o [1]
TIM2_IRQHandler          0x800'b1cf     0x2  Code  Gb  stm32f4xx_it.o [1]
Task_Manage              0x800'a67b    0x14  Code  Gb  task_manage.o [1]
Task_Manage_1            0x800'a65d    0x10  Code  Gb  task_manage.o [1]
Task_Manage_Init         0x800'a66d     0xe  Code  Gb  task_manage.o [1]
USART1_ConfigInit        0x800'2d85    0xe8  Code  Gb  usart_cfg.o [1]
USART1_IRQHandler        0x800'b16f     0xc  Code  Gb  stm32f4xx_it.o [1]
USART1_Init              0x800'2e6d    0x64  Code  Gb  usart_cfg.o [1]
USART1_RX_BUFFER        0x2000'2e90    0x44  Data  Gb  usart_task.o [1]
USART1_Read_DMA_Init     0x800'3023    0xac  Code  Gb  usart_cfg.o [1]
USART1_TX_BUFFER        0x2000'2ed4    0x44  Data  Gb  usart_task.o [1]
USART1_Write_DMA_Init    0x800'30cf    0xa2  Code  Gb  usart_cfg.o [1]
USART2_Init              0x800'2ed1     0x6  Code  Gb  usart_cfg.o [1]
USART3_Init              0x800'2ed7     0x6  Code  Gb  usart_cfg.o [1]
USARTLib_CRCTask_Read    0x800'91a1     0xc  Code  Gb  usart_lib.o [1]
USARTLib_DeviceID        0x800'915f     0xc  Code  Gb  usart_lib.o [1]
USARTLib_FillMode_AddByte
                         0x800'917d    0x12  Code  Gb  usart_lib.o [1]
USARTLib_FillMode_Init   0x800'916b    0x12  Code  Gb  usart_lib.o [1]
USARTLib_FillMode_SetResultFlag
                         0x800'918f    0x12  Code  Gb  usart_lib.o [1]
USARTLib_FillMode_WriteSTART
                         0x800'91ad    0x12  Code  Gb  usart_lib.o [1]
USARTLib_GetReadState    0x800'9141     0xc  Code  Gb  usart_lib.o [1]
USARTLib_IRQTask         0x800'91bf     0xc  Code  Gb  usart_lib.o [1]
USARTLib_Init            0x800'90ad    0x5e  Code  Gb  usart_lib.o [1]
USARTLib_ParamInit       0x800'910b    0x2a  Code  Gb  usart_lib.o [1]
USARTLib_Read_DMA_IRQTask
                         0x800'91cb     0xc  Code  Gb  usart_lib.o [1]
USARTLib_Read_Init       0x800'9135     0xc  Code  Gb  usart_lib.o [1]
USARTLib_TimeOVFTask     0x800'914d    0x12  Code  Gb  usart_lib.o [1]
USARTLib_Write_DMA_IRQTask
                         0x800'91d7     0xc  Code  Gb  usart_lib.o [1]
USARTTask_CRCTask_Read   0x800'9019     0xc  Code  Gb  usart_task.o [1]
USARTTask_DeviceID       0x800'9037     0xc  Code  Gb  usart_task.o [1]
USARTTask_FillMode_AddByte
                         0x800'8ff5    0x12  Code  Gb  usart_task.o [1]
USARTTask_FillMode_Init
                         0x800'8fe3    0x12  Code  Gb  usart_task.o [1]
USARTTask_FillMode_SetResultFlag
                         0x800'9007    0x12  Code  Gb  usart_task.o [1]
USARTTask_FillMode_WriteSTART
                         0x800'9025    0x12  Code  Gb  usart_task.o [1]
USARTTask_GetReadState   0x800'8fc9     0xc  Code  Gb  usart_task.o [1]
USARTTask_IRQTask        0x800'9043     0xc  Code  Gb  usart_task.o [1]
USARTTask_Init           0x800'8f69    0x54  Code  Gb  usart_task.o [1]
USARTTask_Read_DMA_IRQTask
                         0x800'904f     0xc  Code  Gb  usart_task.o [1]
USARTTask_Read_Init      0x800'8fbd     0xc  Code  Gb  usart_task.o [1]
USARTTask_TimeOVFTask    0x800'8fd5     0xe  Code  Gb  usart_task.o [1]
USARTTask_Write_DMA_IRQTask
                         0x800'905b     0xc  Code  Gb  usart_task.o [1]
USART_485GPIOInit        0x800'211b    0x2a  Code  Gb  usart_cfg.o [1]
USART_CRCTask_Read       0x800'26dd   0x1e8  Code  Gb  usart_cfg.o [1]
USART_CRCTask_Write      0x800'28c5    0xfa  Code  Gb  usart_cfg.o [1]
USART_ClearOVF           0x800'2a6f    0x1c  Code  Gb  usart_cfg.o [1]
USART_Clock              0x800'2c81    0xe6  Code  Gb  usart_cfg.o [1]
USART_DMA_IDLETask       0x800'3201    0x5e  Code  Gb  usart_cfg.o [1]
USART_DeviceID           0x800'2b19    0x20  Code  Gb  usart_cfg.o [1]
USART_FillMode_AddByte   0x800'26b1    0x20  Code  Gb  usart_cfg.o [1]
USART_FillMode_Init      0x800'261d    0x94  Code  Gb  usart_cfg.o [1]
USART_FillMode_SetResultFlag
                         0x800'26d1     0xc  Code  Gb  usart_cfg.o [1]
USART_FillMode_WriteSTART
                         0x800'29bf    0xb0  Code  Gb  usart_cfg.o [1]
USART_GPIOInit           0x800'20ed    0x2e  Code  Gb  usart_cfg.o [1]
USART_GetReadState       0x800'2a8b     0x6  Code  Gb  usart_cfg.o [1]
USART_IRQTask            0x800'2edd   0x146  Code  Gb  usart_cfg.o [1]
USART_ITPrintf_TCTask    0x800'2c07    0x38  Code  Gb  usart_cfg.o [1]
USART_ITRead_16BitsTask
                         0x800'23b3   0x13a  Code  Gb  usart_cfg.o [1]
USART_ITRead_16BitsTask::tempVal
                        0x2000'302a     0x1  Data  Lc  usart_cfg.o [1]
USART_ITRead_8BitsTask   0x800'22c1    0xf2  Code  Gb  usart_cfg.o [1]
USART_ITRead_8BitsTask::tempVal
                        0x2000'3029     0x1  Data  Lc  usart_cfg.o [1]
USART_ITRead_Task        0x800'2511    0x26  Code  Gb  usart_cfg.o [1]
USART_ITWrite_TCTask     0x800'25c7    0x56  Code  Gb  usart_cfg.o [1]
USART_ITWrite_TXETask    0x800'2537    0x90  Code  Gb  usart_cfg.o [1]
USART_IT_TCTask          0x800'2c45    0x34  Code  Gb  usart_cfg.o [1]
USART_Init               0x800'2075    0x78  Code  Gb  usart_cfg.o [1]
USART_ParamInit          0x800'2d6d    0x18  Code  Gb  usart_cfg.o [1]
USART_Printf             0x800'2ba7    0x60  Code  Gb  usart_cfg.o [1]
USART_PrintfResume       0x800'2b91    0x16  Code  Gb  usart_cfg.o [1]
USART_PrintfSuspend      0x800'2b39    0x58  Code  Gb  usart_cfg.o [1]
USART_Read_DMA_IRQTask   0x800'325f    0x12  Code  Gb  usart_cfg.o [1]
USART_Read_DMA_RESTART   0x800'3197    0x1c  Code  Gb  usart_cfg.o [1]
USART_Read_DMA_STOP      0x800'3171    0x26  Code  Gb  usart_cfg.o [1]
USART_Read_Init          0x800'2a91    0x4a  Code  Gb  usart_cfg.o [1]
USART_StructInit         0x800'1f8d    0xe8  Code  Gb  usart_cfg.o [1]
USART_TimeOVFTask        0x800'2217    0xaa  Code  Gb  usart_cfg.o [1]
USART_TimeTick_Init      0x800'2145    0x2e  Code  Gb  usart_cfg.o [1]
USART_TimeTick_OVF       0x800'2173    0xa4  Code  Gb  usart_cfg.o [1]
USART_Write_DMA_IRQTask
                         0x800'3271    0x1c  Code  Gb  usart_cfg.o [1]
USART_Write_DMA_RESTART
                         0x800'31b3    0x20  Code  Gb  usart_cfg.o [1]
USART_Write_Init         0x800'2adb    0x3e  Code  Gb  usart_cfg.o [1]
UsageFault_Handler       0x800'b155     0x2  Code  Gb  stm32f4xx_it.o [1]
WM8510Lib_I2C_Init       0x800'a6c7    0x16  Code  Gb  wm8510_lib.o [1]
WM8510Task_I2C_Init      0x800'a63f    0x16  Code  Gb  wm8510_task.o [1]
WM8510_HWI2C_WriteReg    0x800'aa95     0x6  Code  Gb  wm8510_cfg.o [1]
WM8510_I2C_Device0_Init
                         0x800'a937    0x38  Code  Gb  wm8510_cfg.o [1]
WM8510_I2C_Device1_Init
                         0x800'a96f     0x6  Code  Gb  wm8510_cfg.o [1]
WM8510_I2C_Device2_Init
                         0x800'a975     0x6  Code  Gb  wm8510_cfg.o [1]
WM8510_I2C_Init          0x800'a97b    0x76  Code  Gb  wm8510_cfg.o [1]
WM8510_I2C_ParamsInit    0x800'a8a9    0x8e  Code  Gb  wm8510_cfg.o [1]
WM8510_I2C_START         0x800'a9f1    0x30  Code  Gb  wm8510_cfg.o [1]
WM8510_I2C_SendCMD       0x800'aa9b    0x26  Code  Gb  wm8510_cfg.o [1]
WM8510_SWI2C_WriteReg    0x800'aa21    0x74  Code  Gb  wm8510_cfg.o [1]
WWDG_IRQHandler          0x800'b165     0xa  Code  Gb  stm32f4xx_it.o [1]
_Encoding_8859_1_Mbrlen
                         0x800'32fd     0x2  Code  Gb  xencoding_8859_1.o [2]
_Encoding_8859_1_Wctomb
                         0x800'32eb    0x12  Code  Gb  xencoding_8859_1.o [2]
_Error_Handler           0x800'38b5     0x2  Code  Gb  stm32_cfg.o [1]
_LitobFull               0x800'4d0b   0x10a  Code  Lc  xprintffull.o [2]
_Locale_lconv           0x2000'0048    0x38  Data  Lc  xlocale_c.o [2]
_PrintfFull              0x800'3df9   0xcc2  Code  Gb  xprintffull.o [2]
_PutcharsFull            0x800'4e7d    0x2e  Code  Lc  xprintffull.o [2]
_PutstrFull              0x800'4c4b    0xc0  Code  Lc  xprintffull.o [2]
_PuttxtFull              0x800'4b3f   0x10c  Code  Lc  xprintffull.o [2]
_SNProut                 0x800'3ddf    0x1a  Code  Gb  xsnprout.o [2]
__NVIC_EnableIRQ         0x800'91f1    0x20  Code  Lc  adc_cfg.o [1]
__NVIC_EnableIRQ         0x800'a6ff    0x1e  Code  Lc  random_cfg.o [1]
__NVIC_EnableIRQ         0x800'1c55    0x20  Code  Lc  usart_cfg.o [1]
__NVIC_GetPriorityGrouping
                         0x800'91e5     0xc  Code  Lc  adc_cfg.o [1]
__NVIC_GetPriorityGrouping
                         0x800'9def     0xc  Code  Lc  main.o [1]
__NVIC_GetPriorityGrouping
                         0x800'a6f5     0xa  Code  Lc  random_cfg.o [1]
__NVIC_GetPriorityGrouping
                         0x800'733b     0xc  Code  Lc  systick_cfg.o [1]
__NVIC_GetPriorityGrouping
                         0x800'1c49     0xc  Code  Lc  usart_cfg.o [1]
__NVIC_SetPriority       0x800'9211    0x30  Code  Lc  adc_cfg.o [1]
__NVIC_SetPriority       0x800'9dfb    0x30  Code  Lc  main.o [1]
__NVIC_SetPriority       0x800'a71d    0x2c  Code  Lc  random_cfg.o [1]
__NVIC_SetPriority       0x800'7347    0x30  Code  Lc  systick_cfg.o [1]
__NVIC_SetPriority       0x800'1c75    0x30  Code  Lc  usart_cfg.o [1]
__NVIC_SetPriorityGrouping
                         0x800'9dcd    0x22  Code  Lc  main.o [1]
__NVIC_SetPriorityGrouping
                         0x800'7319    0x22  Code  Lc  systick_cfg.o [1]
__NVIC_SystemReset       0x800'b269    0x1a  Code  Lc  css_cfg.o [1]
__NVIC_SystemReset       0x800'a225    0x1e  Code  Lc  rtc_cfg.o [1]
__aeabi_cdcmple          0x800'5629          Code  Gb  DblCmpLe.o [3]
__aeabi_cdrcmple         0x800'5659          Code  Gb  DblCmpGe.o [3]
__aeabi_d2iz             0x800'57c5          Code  Gb  DblToS32.o [3]
__aeabi_d2uiz            0x800'5b51          Code  Gb  DblToU32.o [3]
__aeabi_dadd             0x800'5d91          Code  Gb  DblAdd.o [3]
__aeabi_ddiv             0x800'5909          Code  Gb  DblDiv.o [3]
__aeabi_dmul             0x800'5b95          Code  Gb  DblMul.o [3]
__aeabi_dsub             0x800'5825          Code  Gb  DblSub.o [3]
__aeabi_i2d              0x800'5801          Code  Gb  S32ToDbl.o [3]
__aeabi_ldiv0            0x800'5d41          Code  Gb  I64DivZer.o [4]
__aeabi_memcpy           0x800'5511          Code  Gb  ABImemcpy.o [4]
__aeabi_memcpy4          0x800'5531          Code  Gb  ABImemcpy.o [4]
__aeabi_memcpy8          0x800'5531          Code  Gb  ABImemcpy.o [4]
__aeabi_memset           0x800'17ed          Code  Gb  ABImemset.o [4]
__aeabi_ui2d             0x800'5b79          Code  Gb  U32ToDbl.o [3]
__aeabi_uldivmod         0x800'4ec1          Code  Gb  I64DivMod.o [4]
__cmain                  0x800'b6a5          Code  Gb  cmain.o [4]
__exit                   0x800'5f0d    0x14  Code  Gb  exit.o [5]
__iar_Fail_s             0x800'5441    0x1c  Code  Gb  xfail_s.o [2]
__iar_Mbcurmax           0x800'5d37     0xa  Code  Gb  xmbcurmax.o [2]
__iar_Memchr             0x800'54b9          Code  Gb  memchr.o [4]
__iar_Memset             0x800'17ed          Code  Gb  ABImemset.o [4]
__iar_Memset_word        0x800'17f5          Code  Gb  ABImemset.o [4]
__iar_Strchr             0x800'5429          Code  Gb  strchr.o [4]
__iar_copy_init3         0x800'1a4b    0x2e  Code  Gb  copy_init3.o [4]
__iar_dadd               0x800'5835          Code  Gb  DblSub.o [3]
__iar_data_init3         0x800'b5d5    0x28  Code  Gb  data_init.o [4]
__iar_dsub               0x800'5da1          Code  Gb  DblAdd.o [3]
__iar_dsubStart          0x800'5db3          Code  Gb  DblAdd.o [3]
__iar_frexp              0x800'55c5          Code  Gb  frexp.o [3]
__iar_frexpl             0x800'55c5          Code  Gb  frexp.o [3]
__iar_globLocale        0x2000'0000    0x48  Data  Lc  xlocale_c.o [2]
__iar_global_Locale      0x800'53ad     0x4  Code  Gb  xlocale_c.o [2]
__iar_init_vfp           0x800'b5fd          Code  Gb  fpinit_M.o [3]
__iar_ldexp64            0x800'5689          Code  Gb  ldexp.o [3]
__iar_program_start      0x800'b751          Code  Gb  cstartup_M.o [4]
__iar_scalbln64          0x800'5689          Code  Gb  ldexp.o [3]
__iar_scalbn64           0x800'5689          Code  Gb  ldexp.o [3]
__iar_softfp___iar_frexp64
                         0x800'55b9          Code  Gb  frexp.o [3]
__iar_softfp_frexp       0x800'55b9          Code  Gb  frexp.o [3]
__iar_softfp_frexpl      0x800'55b9          Code  Gb  frexp.o [3]
__iar_zero_init3         0x800'1853    0x3a  Code  Gb  zero_init3.o [4]
__low_level_init         0x800'b6c3     0x4  Code  Gb  low_level_init.o [2]
__vector_table           0x800'0000          Data  Gb  startup_stm32f407xx.o [1]
_call_main               0x800'b6b1          Code  Gb  cmain.o [4]
_exit                    0x800'b6cd          Code  Gb  cexit.o [4]
_gLocale_mblen           0x800'5415     0x4  Code  Gb  xlocale_c.o [2]
_gLocale_mblenInt        0x800'53d9    0x2c  Code  Gb  xlocale_c.o [2]
_gLocale_wctomb          0x800'5419     0x4  Code  Gb  xlocale_c.o [2]
_gLocale_wctombInt       0x800'5411     0x4  Code  Gb  xlocale_c.o [2]
_irq_disable             0x800'38b1     0x4  Code  Gb  stm32_cfg.o [1]
_main                    0x800'b6bf          Code  Gb  cmain.o [4]
abort                    0x800'5d89     0x6  Code  Gb  abort.o [2]
crc16Table               0x800'aef0   0x200  Data  Gb  crc_cfg.o [1]
crc8Table07              0x800'b320   0x100  Data  Gb  crc_cfg.o [1]
crc8Table31              0x800'b420   0x100  Data  Gb  crc_cfg.o [1]
exit                     0x800'b6c7     0x4  Code  Gb  exit.o [2]
g_ABChannelADC          0x2000'2f58    0x2c  Data  Gb  adc_cfg.o [1]
g_CDChannelADC          0x2000'2f84    0x2c  Data  Gb  adc_cfg.o [1]
g_CRCIsEnable           0x2000'00b8     0x1  Data  Gb  crc_cfg.o [1]
g_HASH_RNG_Val          0x2000'301c     0x4  Data  Gb  random_cfg.o [1]
g_HardFaultErrMsg       0x2000'2fd4    0x20  Data  Gb  stm32_cfg.o [1]
g_IspDevice0            0x2000'2dbc    0x78  Data  Gb  isp_cfg.o [1]
g_JtagDevice0           0x2000'2f18    0x40  Data  Gb  jtag_cfg.o [1]
g_MemBlockSize           0x800'b788     0x4  Data  Gb  my_malloc.o [1]
g_MemMap                0x2000'28bc   0x280  Data  Gb  my_malloc.o [1]
g_MemPool               0x2000'00bc  0x2800  Data  Gb  my_malloc.o [1]
g_MemTableSize           0x800'b784     0x4  Data  Gb  my_malloc.o [1]
g_MemTotalSize           0x800'b78c     0x4  Data  Gb  my_malloc.o [1]
g_MonthDaysTab           0x800'b708    0x10  Data  Gb  rtc_cfg.o [1]
g_MyMallcoDev           0x2000'0080    0x14  Data  Gb  my_malloc.o [1]
g_PrintfBuffer          0x2000'2b3c   0x200  Data  Gb  usart_cfg.o [1]
g_SysSoftRTC            0x2000'2ff4    0x18  Data  Gb  rtc_cfg.o [1]
g_SysTick               0x2000'2fb0    0x24  Data  Gb  systick_cfg.o [1]
g_TaskManage            0x2000'300c     0x8  Data  Gb  task_manage.o [1]
g_Usart1                0x2000'2d3c    0x80  Data  Gb  usart_cfg.o [1]
g_Wm8510Device0         0x2000'2e34    0x5c  Data  Gb  wm8510_cfg.o [1]
ldexp                    0x800'5689          Code  Gb  ldexp.o [3]
ldexpl                   0x800'5689          Code  Gb  ldexp.o [3]
localeconv               0x800'541d     0x4  Code  Gb  xlocale_c.o [2]
main                     0x800'a18f    0x1e  Code  Gb  main.o [1]
memchr                   0x800'54b9          Code  Gb  memchr.o [4]
pABChannelADC           0x2000'0094     0x4  Data  Gb  adc_cfg.o [1]
pCDChannelADC           0x2000'0098     0x4  Data  Gb  adc_cfg.o [1]
pIspDevice0             0x2000'009c     0x4  Data  Gb  isp_cfg.o [1]
pJtagDevice0            0x2000'00a0     0x4  Data  Gb  jtag_cfg.o [1]
pSysSoftRTC             0x2000'00a4     0x4  Data  Gb  rtc_cfg.o [1]
pSysTick                0x2000'00ac     0x4  Data  Gb  systick_cfg.o [1]
pUsart1                 0x2000'00b0     0x4  Data  Gb  usart_cfg.o [1]
pWm8510Device0          0x2000'00b4     0x4  Data  Gb  wm8510_cfg.o [1]
scalbln                  0x800'5689          Code  Gb  ldexp.o [3]
scalblnl                 0x800'5689          Code  Gb  ldexp.o [3]
scalbn                   0x800'5689          Code  Gb  ldexp.o [3]
scalbnl                  0x800'5689          Code  Gb  ldexp.o [3]
scale                    0x800'4e15    0x46  Code  Lc  xprintffull.o [2]
sec_hand                0x2000'3024     0x4  Data  Lc  xfail_s.o [2]
strchr                   0x800'5429          Code  Gb  strchr.o [4]
strlen                   0x800'5481          Code  Gb  strlen.o [4]
tcCount                 0x2000'3028     0x1  Data  Gb  usart_cfg.o [1]
uwTick                  0x2000'3020     0x4  Data  Gb  stm32f4xx_hal.o [1]
uwTickFreq              0x2000'00b9     0x1  Data  Gb  stm32f4xx_hal.o [1]
vsnprintf                0x800'3309    0x3c  Code  Gb  vsnprint.o [2]


[1] = I:\STM32_MCU\STM32F407\STM32F407VET6\STM32F407VET6Project\EWARM\STM32F407VET6Project\Obj
[2] = dl7M_tlf.a
[3] = m7M_tls.a
[4] = rt7M_tl.a
[5] = shb_l.a

  45'893 bytes of readonly  code memory
   1'571 bytes of readonly  data memory
  20'521 bytes of readwrite data memory

Errors: none
Warnings: none
