###############################################################################
#
# IAR ELF Linker V8.40.1.212/W32 for ARM                  17/Jan/2020  00:28:31
# Copyright 2007-2019 IAR Systems AB.
#
#    Output file  =
#        H:\STM32Project\NewProject\STM32F407\STM32F407VET6\STM32F407VET6Project\EWARM\STM32F407VET6Project\Exe\STM32F407VET6Project.out
#    Map file     =
#        H:\STM32Project\NewProject\STM32F407\STM32F407VET6\STM32F407VET6Project\EWARM\STM32F407VET6Project\List\STM32F407VET6Project.map
#    Command line =
#        -f C:\Users\Harry\AppData\Local\Temp\EW2B61.tmp
#        (H:\STM32Project\NewProject\STM32F407\STM32F407VET6\STM32F407VET6Project\EWARM\STM32F407VET6Project\Obj\ad5593_cfg.o
#        H:\STM32Project\NewProject\STM32F407\STM32F407VET6\STM32F407VET6Project\EWARM\STM32F407VET6Project\Obj\ad5593_lib.o
#        H:\STM32Project\NewProject\STM32F407\STM32F407VET6\STM32F407VET6Project\EWARM\STM32F407VET6Project\Obj\ad5593_task.o
#        H:\STM32Project\NewProject\STM32F407\STM32F407VET6\STM32F407VET6Project\EWARM\STM32F407VET6Project\Obj\adc_cfg.o
#        H:\STM32Project\NewProject\STM32F407\STM32F407VET6\STM32F407VET6Project\EWARM\STM32F407VET6Project\Obj\adc_lib.o
#        H:\STM32Project\NewProject\STM32F407\STM32F407VET6\STM32F407VET6Project\EWARM\STM32F407VET6Project\Obj\adc_task.o
#        H:\STM32Project\NewProject\STM32F407\STM32F407VET6\STM32F407VET6Project\EWARM\STM32F407VET6Project\Obj\ads1256_cfg.o
#        H:\STM32Project\NewProject\STM32F407\STM32F407VET6\STM32F407VET6Project\EWARM\STM32F407VET6Project\Obj\ads1256_lib.o
#        H:\STM32Project\NewProject\STM32F407\STM32F407VET6\STM32F407VET6Project\EWARM\STM32F407VET6Project\Obj\ads1256_task.o
#        H:\STM32Project\NewProject\STM32F407\STM32F407VET6\STM32F407VET6Project\EWARM\STM32F407VET6Project\Obj\ads868x_cfg.o
#        H:\STM32Project\NewProject\STM32F407\STM32F407VET6\STM32F407VET6Project\EWARM\STM32F407VET6Project\Obj\ads868x_lib.o
#        H:\STM32Project\NewProject\STM32F407\STM32F407VET6\STM32F407VET6Project\EWARM\STM32F407VET6Project\Obj\ads868x_task.o
#        H:\STM32Project\NewProject\STM32F407\STM32F407VET6\STM32F407VET6Project\EWARM\STM32F407VET6Project\Obj\ads869x_cfg.o
#        H:\STM32Project\NewProject\STM32F407\STM32F407VET6\STM32F407VET6Project\EWARM\STM32F407VET6Project\Obj\ads869x_lib.o
#        H:\STM32Project\NewProject\STM32F407\STM32F407VET6\STM32F407VET6Project\EWARM\STM32F407VET6Project\Obj\ads869x_task.o
#        H:\STM32Project\NewProject\STM32F407\STM32F407VET6\STM32F407VET6Project\EWARM\STM32F407VET6Project\Obj\aht10_cfg.o
#        H:\STM32Project\NewProject\STM32F407\STM32F407VET6\STM32F407VET6Project\EWARM\STM32F407VET6Project\Obj\aht10_lib.o
#        H:\STM32Project\NewProject\STM32F407\STM32F407VET6\STM32F407VET6Project\EWARM\STM32F407VET6Project\Obj\aht10_task.o
#        H:\STM32Project\NewProject\STM32F407\STM32F407VET6\STM32F407VET6Project\EWARM\STM32F407VET6Project\Obj\at24cxx_cfg.o
#        H:\STM32Project\NewProject\STM32F407\STM32F407VET6\STM32F407VET6Project\EWARM\STM32F407VET6Project\Obj\at24cxx_lib.o
#        H:\STM32Project\NewProject\STM32F407\STM32F407VET6\STM32F407VET6Project\EWARM\STM32F407VET6Project\Obj\at24cxx_task.o
#        H:\STM32Project\NewProject\STM32F407\STM32F407VET6\STM32F407VET6Project\EWARM\STM32F407VET6Project\Obj\bkp_cfg.o
#        H:\STM32Project\NewProject\STM32F407\STM32F407VET6\STM32F407VET6Project\EWARM\STM32F407VET6Project\Obj\bkp_lib.o
#        H:\STM32Project\NewProject\STM32F407\STM32F407VET6\STM32F407VET6Project\EWARM\STM32F407VET6Project\Obj\bkp_task.o
#        H:\STM32Project\NewProject\STM32F407\STM32F407VET6\STM32F407VET6Project\EWARM\STM32F407VET6Project\Obj\can_cfg.o
#        H:\STM32Project\NewProject\STM32F407\STM32F407VET6\STM32F407VET6Project\EWARM\STM32F407VET6Project\Obj\complier_cfg.o
#        H:\STM32Project\NewProject\STM32F407\STM32F407VET6\STM32F407VET6Project\EWARM\STM32F407VET6Project\Obj\complier_lib.o
#        H:\STM32Project\NewProject\STM32F407\STM32F407VET6\STM32F407VET6Project\EWARM\STM32F407VET6Project\Obj\crc_cfg.o
#        H:\STM32Project\NewProject\STM32F407\STM32F407VET6\STM32F407VET6Project\EWARM\STM32F407VET6Project\Obj\crc_lib.o
#        H:\STM32Project\NewProject\STM32F407\STM32F407VET6\STM32F407VET6Project\EWARM\STM32F407VET6Project\Obj\crc_task.o
#        H:\STM32Project\NewProject\STM32F407\STM32F407VET6\STM32F407VET6Project\EWARM\STM32F407VET6Project\Obj\css_cfg.o
#        H:\STM32Project\NewProject\STM32F407\STM32F407VET6\STM32F407VET6Project\EWARM\STM32F407VET6Project\Obj\css_lib.o
#        H:\STM32Project\NewProject\STM32F407\STM32F407VET6\STM32F407VET6Project\EWARM\STM32F407VET6Project\Obj\css_task.o
#        H:\STM32Project\NewProject\STM32F407\STM32F407VET6\STM32F407VET6Project\EWARM\STM32F407VET6Project\Obj\dac_cfg.o
#        H:\STM32Project\NewProject\STM32F407\STM32F407VET6\STM32F407VET6Project\EWARM\STM32F407VET6Project\Obj\dac_lib.o
#        H:\STM32Project\NewProject\STM32F407\STM32F407VET6\STM32F407VET6Project\EWARM\STM32F407VET6Project\Obj\dac_task.o
#        H:\STM32Project\NewProject\STM32F407\STM32F407VET6\STM32F407VET6Project\EWARM\STM32F407VET6Project\Obj\data_bus.o
#        H:\STM32Project\NewProject\STM32F407\STM32F407VET6\STM32F407VET6Project\EWARM\STM32F407VET6Project\Obj\decode_cfg.o
#        H:\STM32Project\NewProject\STM32F407\STM32F407VET6\STM32F407VET6Project\EWARM\STM32F407VET6Project\Obj\decode_lib.o
#        H:\STM32Project\NewProject\STM32F407\STM32F407VET6\STM32F407VET6Project\EWARM\STM32F407VET6Project\Obj\decode_task.o
#        H:\STM32Project\NewProject\STM32F407\STM32F407VET6\STM32F407VET6Project\EWARM\STM32F407VET6Project\Obj\delay_cfg.o
#        H:\STM32Project\NewProject\STM32F407\STM32F407VET6\STM32F407VET6Project\EWARM\STM32F407VET6Project\Obj\delay_lib.o
#        H:\STM32Project\NewProject\STM32F407\STM32F407VET6\STM32F407VET6Project\EWARM\STM32F407VET6Project\Obj\delay_task.o
#        H:\STM32Project\NewProject\STM32F407\STM32F407VET6\STM32F407VET6Project\EWARM\STM32F407VET6Project\Obj\dht11_cfg.o
#        H:\STM32Project\NewProject\STM32F407\STM32F407VET6\STM32F407VET6Project\EWARM\STM32F407VET6Project\Obj\dht11_lib.o
#        H:\STM32Project\NewProject\STM32F407\STM32F407VET6\STM32F407VET6Project\EWARM\STM32F407VET6Project\Obj\dht11_task.o
#        H:\STM32Project\NewProject\STM32F407\STM32F407VET6\STM32F407VET6Project\EWARM\STM32F407VET6Project\Obj\ds1302_cfg.o
#        H:\STM32Project\NewProject\STM32F407\STM32F407VET6\STM32F407VET6Project\EWARM\STM32F407VET6Project\Obj\ds1302_lib.o
#        H:\STM32Project\NewProject\STM32F407\STM32F407VET6\STM32F407VET6Project\EWARM\STM32F407VET6Project\Obj\ds1302_task.o
#        H:\STM32Project\NewProject\STM32F407\STM32F407VET6\STM32F407VET6Project\EWARM\STM32F407VET6Project\Obj\ds18b20_cfg.o
#        H:\STM32Project\NewProject\STM32F407\STM32F407VET6\STM32F407VET6Project\EWARM\STM32F407VET6Project\Obj\ds18b20_lib.o
#        H:\STM32Project\NewProject\STM32F407\STM32F407VET6\STM32F407VET6Project\EWARM\STM32F407VET6Project\Obj\ds18b20_task.o
#        H:\STM32Project\NewProject\STM32F407\STM32F407VET6\STM32F407VET6Project\EWARM\STM32F407VET6Project\Obj\eeprom_cfg.o
#        H:\STM32Project\NewProject\STM32F407\STM32F407VET6\STM32F407VET6Project\EWARM\STM32F407VET6Project\Obj\eeprom_lib.o
#        H:\STM32Project\NewProject\STM32F407\STM32F407VET6\STM32F407VET6Project\EWARM\STM32F407VET6Project\Obj\eeprom_task.o
#        H:\STM32Project\NewProject\STM32F407\STM32F407VET6\STM32F407VET6Project\EWARM\STM32F407VET6Project\Obj\enc28j60_cfg.o
#        H:\STM32Project\NewProject\STM32F407\STM32F407VET6\STM32F407VET6Project\EWARM\STM32F407VET6Project\Obj\enc28j60_lib.o
#        H:\STM32Project\NewProject\STM32F407\STM32F407VET6\STM32F407VET6Project\EWARM\STM32F407VET6Project\Obj\enc28j60_task.o
#        H:\STM32Project\NewProject\STM32F407\STM32F407VET6\STM32F407VET6Project\EWARM\STM32F407VET6Project\Obj\flash_cfg.o
#        H:\STM32Project\NewProject\STM32F407\STM32F407VET6\STM32F407VET6Project\EWARM\STM32F407VET6Project\Obj\flash_lib.o
#        H:\STM32Project\NewProject\STM32F407\STM32F407VET6\STM32F407VET6Project\EWARM\STM32F407VET6Project\Obj\flash_task.o
#        H:\STM32Project\NewProject\STM32F407\STM32F407VET6\STM32F407VET6Project\EWARM\STM32F407VET6Project\Obj\gpio_cfg.o
#        H:\STM32Project\NewProject\STM32F407\STM32F407VET6\STM32F407VET6Project\EWARM\STM32F407VET6Project\Obj\gpio_lib.o
#        H:\STM32Project\NewProject\STM32F407\STM32F407VET6\STM32F407VET6Project\EWARM\STM32F407VET6Project\Obj\gpio_task.o
#        H:\STM32Project\NewProject\STM32F407\STM32F407VET6\STM32F407VET6Project\EWARM\STM32F407VET6Project\Obj\hmc5883_cfg.o
#        H:\STM32Project\NewProject\STM32F407\STM32F407VET6\STM32F407VET6Project\EWARM\STM32F407VET6Project\Obj\hmc5883_lib.o
#        H:\STM32Project\NewProject\STM32F407\STM32F407VET6\STM32F407VET6Project\EWARM\STM32F407VET6Project\Obj\hmc5883_task.o
#        H:\STM32Project\NewProject\STM32F407\STM32F407VET6\STM32F407VET6Project\EWARM\STM32F407VET6Project\Obj\hmc830_cfg.o
#        H:\STM32Project\NewProject\STM32F407\STM32F407VET6\STM32F407VET6Project\EWARM\STM32F407VET6Project\Obj\hmc830_lib.o
#        H:\STM32Project\NewProject\STM32F407\STM32F407VET6\STM32F407VET6Project\EWARM\STM32F407VET6Project\Obj\hmc830_task.o
#        H:\STM32Project\NewProject\STM32F407\STM32F407VET6\STM32F407VET6Project\EWARM\STM32F407VET6Project\Obj\hvpp_cfg.o
#        H:\STM32Project\NewProject\STM32F407\STM32F407VET6\STM32F407VET6Project\EWARM\STM32F407VET6Project\Obj\hvpp_lib.o
#        H:\STM32Project\NewProject\STM32F407\STM32F407VET6\STM32F407VET6Project\EWARM\STM32F407VET6Project\Obj\hvpp_task.o
#        H:\STM32Project\NewProject\STM32F407\STM32F407VET6\STM32F407VET6Project\EWARM\STM32F407VET6Project\Obj\hvsp_cfg.o
#        H:\STM32Project\NewProject\STM32F407\STM32F407VET6\STM32F407VET6Project\EWARM\STM32F407VET6Project\Obj\hvsp_lib.o
#        H:\STM32Project\NewProject\STM32F407\STM32F407VET6\STM32F407VET6Project\EWARM\STM32F407VET6Project\Obj\hvsp_task.o
#        H:\STM32Project\NewProject\STM32F407\STM32F407VET6\STM32F407VET6Project\EWARM\STM32F407VET6Project\Obj\hw_cfg.o
#        H:\STM32Project\NewProject\STM32F407\STM32F407VET6\STM32F407VET6Project\EWARM\STM32F407VET6Project\Obj\i2c_cfg.o
#        H:\STM32Project\NewProject\STM32F407\STM32F407VET6\STM32F407VET6Project\EWARM\STM32F407VET6Project\Obj\i2c_lib.o
#        H:\STM32Project\NewProject\STM32F407\STM32F407VET6\STM32F407VET6Project\EWARM\STM32F407VET6Project\Obj\i2c_task.o
#        H:\STM32Project\NewProject\STM32F407\STM32F407VET6\STM32F407VET6Project\EWARM\STM32F407VET6Project\Obj\iap_cfg.o
#        H:\STM32Project\NewProject\STM32F407\STM32F407VET6\STM32F407VET6Project\EWARM\STM32F407VET6Project\Obj\iap_lib.o
#        H:\STM32Project\NewProject\STM32F407\STM32F407VET6\STM32F407VET6Project\EWARM\STM32F407VET6Project\Obj\iap_task.o
#        H:\STM32Project\NewProject\STM32F407\STM32F407VET6\STM32F407VET6Project\EWARM\STM32F407VET6Project\Obj\ina226_cfg.o
#        H:\STM32Project\NewProject\STM32F407\STM32F407VET6\STM32F407VET6Project\EWARM\STM32F407VET6Project\Obj\ina226_lib.o
#        H:\STM32Project\NewProject\STM32F407\STM32F407VET6\STM32F407VET6Project\EWARM\STM32F407VET6Project\Obj\ina226_task.o
#        H:\STM32Project\NewProject\STM32F407\STM32F407VET6\STM32F407VET6Project\EWARM\STM32F407VET6Project\Obj\isp_cfg.o
#        H:\STM32Project\NewProject\STM32F407\STM32F407VET6\STM32F407VET6Project\EWARM\STM32F407VET6Project\Obj\isp_lib.o
#        H:\STM32Project\NewProject\STM32F407\STM32F407VET6\STM32F407VET6Project\EWARM\STM32F407VET6Project\Obj\isp_task.o
#        H:\STM32Project\NewProject\STM32F407\STM32F407VET6\STM32F407VET6Project\EWARM\STM32F407VET6Project\Obj\iwdg_cfg.o
#        H:\STM32Project\NewProject\STM32F407\STM32F407VET6\STM32F407VET6Project\EWARM\STM32F407VET6Project\Obj\iwdg_lib.o
#        H:\STM32Project\NewProject\STM32F407\STM32F407VET6\STM32F407VET6Project\EWARM\STM32F407VET6Project\Obj\iwdg_task.o
#        H:\STM32Project\NewProject\STM32F407\STM32F407VET6\STM32F407VET6Project\EWARM\STM32F407VET6Project\Obj\jtag_cfg.o
#        H:\STM32Project\NewProject\STM32F407\STM32F407VET6\STM32F407VET6Project\EWARM\STM32F407VET6Project\Obj\jtag_lib.o
#        H:\STM32Project\NewProject\STM32F407\STM32F407VET6\STM32F407VET6Project\EWARM\STM32F407VET6Project\Obj\jtag_task.o
#        H:\STM32Project\NewProject\STM32F407\STM32F407VET6\STM32F407VET6Project\EWARM\STM32F407VET6Project\Obj\kalman_filter.o
#        H:\STM32Project\NewProject\STM32F407\STM32F407VET6\STM32F407VET6Project\EWARM\STM32F407VET6Project\Obj\key_cfg.o
#        H:\STM32Project\NewProject\STM32F407\STM32F407VET6\STM32F407VET6Project\EWARM\STM32F407VET6Project\Obj\key_lib.o
#        H:\STM32Project\NewProject\STM32F407\STM32F407VET6\STM32F407VET6Project\EWARM\STM32F407VET6Project\Obj\key_task.o
#        H:\STM32Project\NewProject\STM32F407\STM32F407VET6\STM32F407VET6Project\EWARM\STM32F407VET6Project\Obj\lcd1602_cfg.o
#        H:\STM32Project\NewProject\STM32F407\STM32F407VET6\STM32F407VET6Project\EWARM\STM32F407VET6Project\Obj\lcd1602_lib.o
#        H:\STM32Project\NewProject\STM32F407\STM32F407VET6\STM32F407VET6Project\EWARM\STM32F407VET6Project\Obj\lcd1602_task.o
#        H:\STM32Project\NewProject\STM32F407\STM32F407VET6\STM32F407VET6Project\EWARM\STM32F407VET6Project\Obj\led_cfg.o
#        H:\STM32Project\NewProject\STM32F407\STM32F407VET6\STM32F407VET6Project\EWARM\STM32F407VET6Project\Obj\led_lib.o
#        H:\STM32Project\NewProject\STM32F407\STM32F407VET6\STM32F407VET6Project\EWARM\STM32F407VET6Project\Obj\led_task.o
#        H:\STM32Project\NewProject\STM32F407\STM32F407VET6\STM32F407VET6Project\EWARM\STM32F407VET6Project\Obj\lin_cfg.o
#        H:\STM32Project\NewProject\STM32F407\STM32F407VET6\STM32F407VET6Project\EWARM\STM32F407VET6Project\Obj\lin_lib.o
#        H:\STM32Project\NewProject\STM32F407\STM32F407VET6\STM32F407VET6Project\EWARM\STM32F407VET6Project\Obj\lin_task.o
#        H:\STM32Project\NewProject\STM32F407\STM32F407VET6\STM32F407VET6Project\EWARM\STM32F407VET6Project\Obj\main.o
#        H:\STM32Project\NewProject\STM32F407\STM32F407VET6\STM32F407VET6Project\EWARM\STM32F407VET6Project\Obj\max961x_cfg.o
#        H:\STM32Project\NewProject\STM32F407\STM32F407VET6\STM32F407VET6Project\EWARM\STM32F407VET6Project\Obj\max961x_lib.o
#        H:\STM32Project\NewProject\STM32F407\STM32F407VET6\STM32F407VET6Project\EWARM\STM32F407VET6Project\Obj\max961x_task.o
#        H:\STM32Project\NewProject\STM32F407\STM32F407VET6\STM32F407VET6Project\EWARM\STM32F407VET6Project\Obj\mco_cfg.o
#        H:\STM32Project\NewProject\STM32F407\STM32F407VET6\STM32F407VET6Project\EWARM\STM32F407VET6Project\Obj\mobus_slave_cfg.o
#        H:\STM32Project\NewProject\STM32F407\STM32F407VET6\STM32F407VET6Project\EWARM\STM32F407VET6Project\Obj\mobus_slave_lib.o
#        H:\STM32Project\NewProject\STM32F407\STM32F407VET6\STM32F407VET6Project\EWARM\STM32F407VET6Project\Obj\mobus_slave_task.o
#        H:\STM32Project\NewProject\STM32F407\STM32F407VET6\STM32F407VET6Project\EWARM\STM32F407VET6Project\Obj\modbus_master_cfg.o
#        H:\STM32Project\NewProject\STM32F407\STM32F407VET6\STM32F407VET6Project\EWARM\STM32F407VET6Project\Obj\modbus_master_lib.o
#        H:\STM32Project\NewProject\STM32F407\STM32F407VET6\STM32F407VET6Project\EWARM\STM32F407VET6Project\Obj\modbus_master_task.o
#        H:\STM32Project\NewProject\STM32F407\STM32F407VET6\STM32F407VET6Project\EWARM\STM32F407VET6Project\Obj\my_malloc.o
#        H:\STM32Project\NewProject\STM32F407\STM32F407VET6\STM32F407VET6Project\EWARM\STM32F407VET6Project\Obj\nrf2401_cfg.o
#        H:\STM32Project\NewProject\STM32F407\STM32F407VET6\STM32F407VET6Project\EWARM\STM32F407VET6Project\Obj\nrf2401_lib.o
#        H:\STM32Project\NewProject\STM32F407\STM32F407VET6\STM32F407VET6Project\EWARM\STM32F407VET6Project\Obj\nrf2401_task.o
#        H:\STM32Project\NewProject\STM32F407\STM32F407VET6\STM32F407VET6Project\EWARM\STM32F407VET6Project\Obj\oled_cfg.o
#        H:\STM32Project\NewProject\STM32F407\STM32F407VET6\STM32F407VET6Project\EWARM\STM32F407VET6Project\Obj\oled_lib.o
#        H:\STM32Project\NewProject\STM32F407\STM32F407VET6\STM32F407VET6Project\EWARM\STM32F407VET6Project\Obj\oled_task.o
#        H:\STM32Project\NewProject\STM32F407\STM32F407VET6\STM32F407VET6Project\EWARM\STM32F407VET6Project\Obj\one_wire_cfg.o
#        H:\STM32Project\NewProject\STM32F407\STM32F407VET6\STM32F407VET6Project\EWARM\STM32F407VET6Project\Obj\one_wire_lib.o
#        H:\STM32Project\NewProject\STM32F407\STM32F407VET6\STM32F407VET6Project\EWARM\STM32F407VET6Project\Obj\one_wire_task.o
#        H:\STM32Project\NewProject\STM32F407\STM32F407VET6\STM32F407VET6Project\EWARM\STM32F407VET6Project\Obj\pcf8563_cfg.o
#        H:\STM32Project\NewProject\STM32F407\STM32F407VET6\STM32F407VET6Project\EWARM\STM32F407VET6Project\Obj\pcf8563_lib.o
#        H:\STM32Project\NewProject\STM32F407\STM32F407VET6\STM32F407VET6Project\EWARM\STM32F407VET6Project\Obj\pcf8563_task.o
#        H:\STM32Project\NewProject\STM32F407\STM32F407VET6\STM32F407VET6Project\EWARM\STM32F407VET6Project\Obj\pid_cfg.o
#        H:\STM32Project\NewProject\STM32F407\STM32F407VET6\STM32F407VET6Project\EWARM\STM32F407VET6Project\Obj\pid_lib.o
#        H:\STM32Project\NewProject\STM32F407\STM32F407VET6\STM32F407VET6Project\EWARM\STM32F407VET6Project\Obj\pid_task.o
#        H:\STM32Project\NewProject\STM32F407\STM32F407VET6\STM32F407VET6Project\EWARM\STM32F407VET6Project\Obj\power_cfg.o
#        H:\STM32Project\NewProject\STM32F407\STM32F407VET6\STM32F407VET6Project\EWARM\STM32F407VET6Project\Obj\power_lib.o
#        H:\STM32Project\NewProject\STM32F407\STM32F407VET6\STM32F407VET6Project\EWARM\STM32F407VET6Project\Obj\power_task.o
#        H:\STM32Project\NewProject\STM32F407\STM32F407VET6\STM32F407VET6Project\EWARM\STM32F407VET6Project\Obj\pvd_cfg.o
#        H:\STM32Project\NewProject\STM32F407\STM32F407VET6\STM32F407VET6Project\EWARM\STM32F407VET6Project\Obj\pvd_lib.o
#        H:\STM32Project\NewProject\STM32F407\STM32F407VET6\STM32F407VET6Project\EWARM\STM32F407VET6Project\Obj\pvd_task.o
#        H:\STM32Project\NewProject\STM32F407\STM32F407VET6\STM32F407VET6Project\EWARM\STM32F407VET6Project\Obj\random_cfg.o
#        H:\STM32Project\NewProject\STM32F407\STM32F407VET6\STM32F407VET6Project\EWARM\STM32F407VET6Project\Obj\random_lib.o
#        H:\STM32Project\NewProject\STM32F407\STM32F407VET6\STM32F407VET6Project\EWARM\STM32F407VET6Project\Obj\random_task.o
#        H:\STM32Project\NewProject\STM32F407\STM32F407VET6\STM32F407VET6Project\EWARM\STM32F407VET6Project\Obj\rfask_cfg.o
#        H:\STM32Project\NewProject\STM32F407\STM32F407VET6\STM32F407VET6Project\EWARM\STM32F407VET6Project\Obj\rfask_eeprom.o
#        H:\STM32Project\NewProject\STM32F407\STM32F407VET6\STM32F407VET6Project\EWARM\STM32F407VET6Project\Obj\rfask_lib.o
#        H:\STM32Project\NewProject\STM32F407\STM32F407VET6\STM32F407VET6Project\EWARM\STM32F407VET6Project\Obj\rfask_task.o
#        H:\STM32Project\NewProject\STM32F407\STM32F407VET6\STM32F407VET6Project\EWARM\STM32F407VET6Project\Obj\rfaskhw_cfg.o
#        H:\STM32Project\NewProject\STM32F407\STM32F407VET6\STM32F407VET6Project\EWARM\STM32F407VET6Project\Obj\rtc_cfg.o
#        H:\STM32Project\NewProject\STM32F407\STM32F407VET6\STM32F407VET6Project\EWARM\STM32F407VET6Project\Obj\rtc_lib.o
#        H:\STM32Project\NewProject\STM32F407\STM32F407VET6\STM32F407VET6Project\EWARM\STM32F407VET6Project\Obj\rtc_task.o
#        H:\STM32Project\NewProject\STM32F407\STM32F407VET6\STM32F407VET6Project\EWARM\STM32F407VET6Project\Obj\sdio_cfg.o
#        H:\STM32Project\NewProject\STM32F407\STM32F407VET6\STM32F407VET6Project\EWARM\STM32F407VET6Project\Obj\sdio_lib.o
#        H:\STM32Project\NewProject\STM32F407\STM32F407VET6\STM32F407VET6Project\EWARM\STM32F407VET6Project\Obj\sdio_task.o
#        H:\STM32Project\NewProject\STM32F407\STM32F407VET6\STM32F407VET6Project\EWARM\STM32F407VET6Project\Obj\sht2x_cfg.o
#        H:\STM32Project\NewProject\STM32F407\STM32F407VET6\STM32F407VET6Project\EWARM\STM32F407VET6Project\Obj\sht2x_lib.o
#        H:\STM32Project\NewProject\STM32F407\STM32F407VET6\STM32F407VET6Project\EWARM\STM32F407VET6Project\Obj\sht2x_task.o
#        H:\STM32Project\NewProject\STM32F407\STM32F407VET6\STM32F407VET6Project\EWARM\STM32F407VET6Project\Obj\si5351a_cfg.o
#        H:\STM32Project\NewProject\STM32F407\STM32F407VET6\STM32F407VET6Project\EWARM\STM32F407VET6Project\Obj\si5351a_lib.o
#        H:\STM32Project\NewProject\STM32F407\STM32F407VET6\STM32F407VET6Project\EWARM\STM32F407VET6Project\Obj\si5351a_task.o
#        H:\STM32Project\NewProject\STM32F407\STM32F407VET6\STM32F407VET6Project\EWARM\STM32F407VET6Project\Obj\smbus_cfg.o
#        H:\STM32Project\NewProject\STM32F407\STM32F407VET6\STM32F407VET6Project\EWARM\STM32F407VET6Project\Obj\smbus_lib.o
#        H:\STM32Project\NewProject\STM32F407\STM32F407VET6\STM32F407VET6Project\EWARM\STM32F407VET6Project\Obj\smbus_task.o
#        H:\STM32Project\NewProject\STM32F407\STM32F407VET6\STM32F407VET6Project\EWARM\STM32F407VET6Project\Obj\spi_cfg.o
#        H:\STM32Project\NewProject\STM32F407\STM32F407VET6\STM32F407VET6Project\EWARM\STM32F407VET6Project\Obj\spi_lib.o
#        H:\STM32Project\NewProject\STM32F407\STM32F407VET6\STM32F407VET6Project\EWARM\STM32F407VET6Project\Obj\spi_task.o
#        H:\STM32Project\NewProject\STM32F407\STM32F407VET6\STM32F407VET6Project\EWARM\STM32F407VET6Project\Obj\startup_stm32f407xx.o
#        H:\STM32Project\NewProject\STM32F407\STM32F407VET6\STM32F407VET6Project\EWARM\STM32F407VET6Project\Obj\stm32_cfg.o
#        H:\STM32Project\NewProject\STM32F407\STM32F407VET6\STM32F407VET6Project\EWARM\STM32F407VET6Project\Obj\stm32f4xx_hal.o
#        H:\STM32Project\NewProject\STM32F407\STM32F407VET6\STM32F407VET6Project\EWARM\STM32F407VET6Project\Obj\stm32f4xx_hal_cortex.o
#        H:\STM32Project\NewProject\STM32F407\STM32F407VET6\STM32F407VET6Project\EWARM\STM32F407VET6Project\Obj\stm32f4xx_hal_gpio.o
#        H:\STM32Project\NewProject\STM32F407\STM32F407VET6\STM32F407VET6Project\EWARM\STM32F407VET6Project\Obj\stm32f4xx_hal_rcc.o
#        H:\STM32Project\NewProject\STM32F407\STM32F407VET6\STM32F407VET6Project\EWARM\STM32F407VET6Project\Obj\stm32f4xx_it.o
#        H:\STM32Project\NewProject\STM32F407\STM32F407VET6\STM32F407VET6Project\EWARM\STM32F407VET6Project\Obj\stm32f4xx_ll_adc.o
#        H:\STM32Project\NewProject\STM32F407\STM32F407VET6\STM32F407VET6Project\EWARM\STM32F407VET6Project\Obj\stm32f4xx_ll_crc.o
#        H:\STM32Project\NewProject\STM32F407\STM32F407VET6\STM32F407VET6Project\EWARM\STM32F407VET6Project\Obj\stm32f4xx_ll_dac.o
#        H:\STM32Project\NewProject\STM32F407\STM32F407VET6\STM32F407VET6Project\EWARM\STM32F407VET6Project\Obj\stm32f4xx_ll_dma.o
#        H:\STM32Project\NewProject\STM32F407\STM32F407VET6\STM32F407VET6Project\EWARM\STM32F407VET6Project\Obj\stm32f4xx_ll_dma2d.o
#        H:\STM32Project\NewProject\STM32F407\STM32F407VET6\STM32F407VET6Project\EWARM\STM32F407VET6Project\Obj\stm32f4xx_ll_gpio.o
#        H:\STM32Project\NewProject\STM32F407\STM32F407VET6\STM32F407VET6Project\EWARM\STM32F407VET6Project\Obj\stm32f4xx_ll_i2c.o
#        H:\STM32Project\NewProject\STM32F407\STM32F407VET6\STM32F407VET6Project\EWARM\STM32F407VET6Project\Obj\stm32f4xx_ll_pwr.o
#        H:\STM32Project\NewProject\STM32F407\STM32F407VET6\STM32F407VET6Project\EWARM\STM32F407VET6Project\Obj\stm32f4xx_ll_rcc.o
#        H:\STM32Project\NewProject\STM32F407\STM32F407VET6\STM32F407VET6Project\EWARM\STM32F407VET6Project\Obj\stm32f4xx_ll_rng.o
#        H:\STM32Project\NewProject\STM32F407\STM32F407VET6\STM32F407VET6Project\EWARM\STM32F407VET6Project\Obj\stm32f4xx_ll_rtc.o
#        H:\STM32Project\NewProject\STM32F407\STM32F407VET6\STM32F407VET6Project\EWARM\STM32F407VET6Project\Obj\stm32f4xx_ll_spi.o
#        H:\STM32Project\NewProject\STM32F407\STM32F407VET6\STM32F407VET6Project\EWARM\STM32F407VET6Project\Obj\stm32f4xx_ll_tim.o
#        H:\STM32Project\NewProject\STM32F407\STM32F407VET6\STM32F407VET6Project\EWARM\STM32F407VET6Project\Obj\stm32f4xx_ll_usart.o
#        H:\STM32Project\NewProject\STM32F407\STM32F407VET6\STM32F407VET6Project\EWARM\STM32F407VET6Project\Obj\stm32f4xx_ll_utils.o
#        H:\STM32Project\NewProject\STM32F407\STM32F407VET6\STM32F407VET6Project\EWARM\STM32F407VET6Project\Obj\system_stm32f4xx.o
#        H:\STM32Project\NewProject\STM32F407\STM32F407VET6\STM32F407VET6Project\EWARM\STM32F407VET6Project\Obj\systick_cfg.o
#        H:\STM32Project\NewProject\STM32F407\STM32F407VET6\STM32F407VET6Project\EWARM\STM32F407VET6Project\Obj\systick_lib.o
#        H:\STM32Project\NewProject\STM32F407\STM32F407VET6\STM32F407VET6Project\EWARM\STM32F407VET6Project\Obj\systick_task.o
#        H:\STM32Project\NewProject\STM32F407\STM32F407VET6\STM32F407VET6Project\EWARM\STM32F407VET6Project\Obj\task_manage.o
#        H:\STM32Project\NewProject\STM32F407\STM32F407VET6\STM32F407VET6Project\EWARM\STM32F407VET6Project\Obj\timer_cfg.o
#        H:\STM32Project\NewProject\STM32F407\STM32F407VET6\STM32F407VET6Project\EWARM\STM32F407VET6Project\Obj\timer_lib.o
#        H:\STM32Project\NewProject\STM32F407\STM32F407VET6\STM32F407VET6Project\EWARM\STM32F407VET6Project\Obj\timer_task.o
#        H:\STM32Project\NewProject\STM32F407\STM32F407VET6\STM32F407VET6Project\EWARM\STM32F407VET6Project\Obj\usart_cfg.o
#        H:\STM32Project\NewProject\STM32F407\STM32F407VET6\STM32F407VET6Project\EWARM\STM32F407VET6Project\Obj\usart_lib.o
#        H:\STM32Project\NewProject\STM32F407\STM32F407VET6\STM32F407VET6Project\EWARM\STM32F407VET6Project\Obj\usart_task.o
#        H:\STM32Project\NewProject\STM32F407\STM32F407VET6\STM32F407VET6Project\EWARM\STM32F407VET6Project\Obj\w25qxx_cfg.o
#        H:\STM32Project\NewProject\STM32F407\STM32F407VET6\STM32F407VET6Project\EWARM\STM32F407VET6Project\Obj\w25qxx_lib.o
#        H:\STM32Project\NewProject\STM32F407\STM32F407VET6\STM32F407VET6Project\EWARM\STM32F407VET6Project\Obj\w25qxx_task.o
#        H:\STM32Project\NewProject\STM32F407\STM32F407VET6\STM32F407VET6Project\EWARM\STM32F407VET6Project\Obj\w5500_cfg.o
#        H:\STM32Project\NewProject\STM32F407\STM32F407VET6\STM32F407VET6Project\EWARM\STM32F407VET6Project\Obj\w5500_lib.o
#        H:\STM32Project\NewProject\STM32F407\STM32F407VET6\STM32F407VET6Project\EWARM\STM32F407VET6Project\Obj\w5500_task.o
#        H:\STM32Project\NewProject\STM32F407\STM32F407VET6\STM32F407VET6Project\EWARM\STM32F407VET6Project\Obj\wm8510_cfg.o
#        H:\STM32Project\NewProject\STM32F407\STM32F407VET6\STM32F407VET6Project\EWARM\STM32F407VET6Project\Obj\wm8510_lib.o
#        H:\STM32Project\NewProject\STM32F407\STM32F407VET6\STM32F407VET6Project\EWARM\STM32F407VET6Project\Obj\wm8510_task.o
#        H:\STM32Project\NewProject\STM32F407\STM32F407VET6\STM32F407VET6Project\EWARM\STM32F407VET6Project\Obj\wwdg_cfg.o
#        H:\STM32Project\NewProject\STM32F407\STM32F407VET6\STM32F407VET6Project\EWARM\STM32F407VET6Project\Obj\wwdg_lib.o
#        H:\STM32Project\NewProject\STM32F407\STM32F407VET6\STM32F407VET6Project\EWARM\STM32F407VET6Project\Obj\wwdg_task.o
#        --redirect _Printf=_PrintfFull --redirect _Scanf=_ScanfFull
#        --no_out_extension -o
#        H:\STM32Project\NewProject\STM32F407\STM32F407VET6\STM32F407VET6Project\EWARM\STM32F407VET6Project\Exe\STM32F407VET6Project.out
#        --map
#        H:\STM32Project\NewProject\STM32F407\STM32F407VET6\STM32F407VET6Project\EWARM\STM32F407VET6Project\List\STM32F407VET6Project.map
#        --config "D:\Program Files (x86)\IAR Systems\Embedded Workbench
#        8.3\arm\config\linker\ST\stm32f407xE.icf" --semihosting --entry
#        __iar_program_start --vfe --text_out locale)
#
###############################################################################

*******************************************************************************
*** RUNTIME MODEL ATTRIBUTES
***

CppFlavor       = *
__SystemLibrary = DLib
__dlib_version  = 6


*******************************************************************************
*** HEAP SELECTION
***

The basic heap was selected because no calls to memory allocation
functions were found in the application outside of system library
functions, and there are calls to deallocation functions in the
application.


*******************************************************************************
*** PLACEMENT SUMMARY
***

"A0":  place at address 0x800'0000 { ro section .intvec };
"P1":  place in [from 0x800'0000 to 0x807'ffff] { ro };
define block CSTACK with size = 8K, alignment = 8 { };
define block HEAP with size = 8K, alignment = 8 { };
"P4":  place in [from 0x2000'0000 to 0x2001'bfff] |
                [from 0x2001'c000 to 0x2001'ffff] {
          rw, block CSTACK, block HEAP };
initialize by copy { rw };

No sections matched the following patterns:

  ro section application_specific_ro  in "P2"
  section .backup_sram                in "P5"
  section .ccram                      in "P3"


  Section            Kind         Address    Size  Object
  -------            ----         -------    ----  ------
"A0":                                       0x188
  .intvec            ro code   0x800'0000   0x188  startup_stm32f407xx.o [1]
                             - 0x800'0188   0x188

"P1":                                      0xedf4
  .text              ro code   0x800'0188  0x2748  jtag_cfg.o [1]
  .text              ro code   0x800'28d0    0x1a  gpio_task.o [1]
  .text              ro code   0x800'28ea    0x3a  zero_init3.o [4]
  .text              ro code   0x800'2924    0x66  ABImemset.o [4]
  .text              ro code   0x800'298a    0x2e  copy_init3.o [4]
  .text              ro code   0x800'29b8   0x1a4  stm32f4xx_ll_gpio.o [1]
  .text              ro code   0x800'2b5c   0x66c  gpio_cfg.o [1]
  .text              ro code   0x800'31c8    0x86  delay_cfg.o [1]
  .text              ro code   0x800'324e    0x1e  xencoding_8859_1.o [2]
  .text              ro code   0x800'326c   0x488  systick_cfg.o [1]
  .text              ro code   0x800'36f4     0x8  iwdg_task.o [1]
  .text              ro code   0x800'36fc   0x164  my_malloc.o [1]
  .text              ro code   0x800'3860   0x144  complier_lib.o [1]
  .text              ro code   0x800'39a4    0x1a  gpio_lib.o [1]
  .text              ro code   0x800'39be    0x1a  xsnprout.o [2]
  .text              ro code   0x800'39d8   0x3ce  stm32_cfg.o [1]
  .text              ro code   0x800'3da6    0x44  systick_task.o [1]
  .text              ro code   0x800'3dea     0x8  iwdg_lib.o [1]
  .rodata            const     0x800'3df2     0x2  xlocale_c.o [2]
  .text              ro code   0x800'3df4    0x1a  U32ToDbl.o [3]
  .rodata            const     0x800'3e0e     0x2  xlocale_c.o [2]
  .text              ro code   0x800'3e10   0x17a  DblAdd.o [3]
  .rodata            const     0x800'3f8a     0x1  xlocale_c.o [2]
  .text              ro code   0x800'3f8c    0x22  S32ToDbl.o [3]
  .text              ro code   0x800'3fb0   0x246  DblDiv.o [3]
  .text              ro code   0x800'41f8    0x3a  DblToS32.o [3]
  .text              ro code   0x800'4232    0x44  systick_lib.o [1]
  .text              ro code   0x800'4278    0x1c  iwdg_cfg.o [1]
  .text              ro code   0x800'4294    0xe2  DblSub.o [3]
  .text              ro code   0x800'4378  0x1782  usart_cfg.o [1]
  .text              ro code   0x800'5afa    0x56  crc_task.o [1]
  .text              ro code   0x800'5b50    0x3c  vsnprint.o [2]
  .text              ro code   0x800'5b8c   0x44c  stm32f4xx_ll_usart.o [1]
  .text              ro code   0x800'5fd8   0x34c  stm32f4xx_ll_dma.o [1]
  .text              ro code   0x800'6324    0x56  crc_lib.o [1]
  .text              ro code   0x800'637c  0x10c6  xprintffull.o [2]
  .text              ro code   0x800'7444   0x230  I64DivMod.o [4]
  .text              ro code   0x800'7674   0x150  stm32f4xx_ll_rcc.o [1]
  .text              ro code   0x800'77c4   0x14e  crc_cfg.o [1]
  .text              ro code   0x800'7914    0x7c  xlocale_c.o [2]
  .text              ro code   0x800'7990    0x16  strchr.o [4]
  .text              ro code   0x800'79a8    0x40  xfail_s.o [2]
  .text              ro code   0x800'79e8    0x36  strlen.o [4]
  .text              ro code   0x800'7a20    0x58  memchr.o [4]
  .text              ro code   0x800'7a78    0xa6  ABImemcpy.o [4]
  .text              ro code   0x800'7b20    0x70  frexp.o [3]
  .text              ro code   0x800'7b90    0x2e  DblCmpLe.o [3]
  .text              ro code   0x800'7bc0    0x2e  DblCmpGe.o [3]
  .text              ro code   0x800'7bf0   0x13a  ldexp.o [3]
  .text              ro code   0x800'7d2c    0x28  DblToU32.o [3]
  .text              ro code   0x800'7d54   0x1a2  DblMul.o [3]
  .text              ro code   0x800'7ef6     0xa  xmbcurmax.o [2]
  .text              ro code   0x800'7f00     0x2  I64DivZer.o [4]
  .text              ro code   0x800'7f04    0x44  stm32f4xx_ll_crc.o [1]
  .text              ro code   0x800'7f48     0x6  abort.o [2]
  .text              ro code   0x800'7f50    0x14  exit.o [5]
  .text              ro code   0x800'7f64  0x131e  isp_cfg.o [1]
  .text              ro code   0x800'9282    0xa2  spi_task.o [1]
  .text              ro code   0x800'9324    0xa2  spi_lib.o [1]
  .text              ro code   0x800'93c8   0x6a8  spi_cfg.o [1]
  .text              ro code   0x800'9a70   0x11c  stm32f4xx_ll_spi.o [1]
  .text              ro code   0x800'9b8c   0x85c  isp_task.o [1]
  .text              ro code   0x800'a3e8   0x4e4  isp_lib.o [1]
  .text              ro code   0x800'a8cc    0x34  adc_task.o [1]
  .text              ro code   0x800'a900    0x12  power_task.o [1]
  .text              ro code   0x800'a912    0x18  delay_task.o [1]
  .text              ro code   0x800'a92c    0xe6  usart_task.o [1]
  .text              ro code   0x800'aa12    0x34  adc_lib.o [1]
  .text              ro code   0x800'aa46    0x12  power_lib.o [1]
  .text              ro code   0x800'aa58    0x18  delay_lib.o [1]
  .text              ro code   0x800'aa70   0x10c  usart_lib.o [1]
  .text              ro code   0x800'ab7c   0x630  adc_cfg.o [1]
  .text              ro code   0x800'b1ac    0xd8  power_cfg.o [1]
  .text              ro code   0x800'b284   0x20c  stm32f4xx_ll_adc.o [1]
  .text              ro code   0x800'b490    0x26  dac_task.o [1]
  .text              ro code   0x800'b4b6    0x26  dac_lib.o [1]
  .text              ro code   0x800'b4dc   0x218  dac_cfg.o [1]
  .text              ro code   0x800'b6f4    0x94  stm32f4xx_ll_dac.o [1]
  .text              ro code   0x800'b788   0x83e  jtag_task.o [1]
  .text              ro code   0x800'bfc6   0x4fc  jtag_lib.o [1]
  .text              ro code   0x800'c4c4   0x638  timer_cfg.o [1]
  .text              ro code   0x800'cafc   0x1c0  stm32f4xx_ll_tim.o [1]
  .text              ro code   0x800'ccbc   0x628  rtc_cfg.o [1]
  .text              ro code   0x800'd2e4   0x42a  stm32f4xx_ll_rtc.o [1]
  .text              ro code   0x800'd710   0x444  main.o [1]
  .text              ro code   0x800'db54     0xc  stm32f4xx_ll_utils.o [1]
  .text              ro code   0x800'db60    0x2e  rtc_task.o [1]
  .text              ro code   0x800'db8e    0x16  random_task.o [1]
  .text              ro code   0x800'dba4     0x8  timer_task.o [1]
  .text              ro code   0x800'dbac    0x1a  wm8510_task.o [1]
  .text              ro code   0x800'dbc6     0x8  led_task.o [1]
  .text              ro code   0x800'dbd0   0x124  task_manage.o [1]
  .text              ro code   0x800'dcf4    0x2e  rtc_lib.o [1]
  .text              ro code   0x800'dd22    0x16  random_lib.o [1]
  .text              ro code   0x800'dd38     0x8  timer_lib.o [1]
  .text              ro code   0x800'dd40    0x1a  wm8510_lib.o [1]
  .text              ro code   0x800'dd5a     0x8  led_lib.o [1]
  .text              ro code   0x800'dd64   0x1b4  random_cfg.o [1]
  .text              ro code   0x800'df18   0x27c  wm8510_cfg.o [1]
  .text              ro code   0x800'e194    0x84  led_cfg.o [1]
  .text              ro code   0x800'e218    0x2c  stm32f4xx_ll_rng.o [1]
  .text              ro code   0x800'e244    0x56  i2c_task.o [1]
  .text              ro code   0x800'e29a    0x76  i2c_lib.o [1]
  .text              ro code   0x800'e310   0x1e0  i2c_cfg.o [1]
  .rodata            const     0x800'e4f0   0x200  crc_cfg.o [1]
  .text              ro code   0x800'e6f0   0x148  stm32f4xx_it.o [1]
  .text              ro code   0x800'e838    0x10  css_task.o [1]
  .text              ro code   0x800'e848     0x8  pvd_task.o [1]
  .text              ro code   0x800'e850    0x10  css_lib.o [1]
  .text              ro code   0x800'e860     0x8  pvd_lib.o [1]
  .text              ro code   0x800'e868    0xb4  css_cfg.o [1]
  .text              ro code   0x800'e91c     0x2  pvd_cfg.o [1]
  .rodata            const     0x800'e920   0x100  crc_cfg.o [1]
  .rodata            const     0x800'ea20   0x100  crc_cfg.o [1]
  .rodata            const     0x800'eb20    0x60  main.o [1]
  .text              ro code   0x800'eb80    0x60  system_stm32f4xx.o [1]
  .rodata            const     0x800'ebe0    0x2c  usart_cfg.o [1]
  .rodata            const     0x800'ec0c    0x28  usart_cfg.o [1]
  .text              ro code   0x800'ec34    0x28  data_init.o [4]
  .text              ro code   0x800'ec5c    0x22  fpinit_M.o [3]
  .iar.init_table    const     0x800'ec80    0x24  - Linker created -
  .rodata            const     0x800'eca4    0x20  task_manage.o [1]
  .text              ro code   0x800'ecc4    0x1e  cmain.o [4]
  .text              ro code   0x800'ece2     0x4  low_level_init.o [2]
  .text              ro code   0x800'ece6     0x4  exit.o [2]
  .text              ro code   0x800'ecec     0xa  cexit.o [4]
  .text              ro code   0x800'ecf8    0x18  stm32f4xx_hal.o [1]
  .rodata            const     0x800'ed10    0x14  usart_cfg.o [1]
  .rodata            const     0x800'ed24    0x10  rtc_cfg.o [1]
  .rodata            const     0x800'ed34    0x10  system_stm32f4xx.o [1]
  .text              ro code   0x800'ed44    0x10  startup_stm32f407xx.o [1]
  .rodata            const     0x800'ed54     0xc  rtc_cfg.o [1]
  .rodata            const     0x800'ed60     0xc  rtc_cfg.o [1]
  .text              ro code   0x800'ed6c     0xc  cstartup_M.o [4]
  .rodata            const     0x800'ed78     0x8  adc_cfg.o [1]
  .rodata            const     0x800'ed80     0x8  stm32f4xx_it.o [1]
  .rodata            const     0x800'ed88     0x8  stm32f4xx_ll_dma.o [1]
  .rodata            const     0x800'ed90     0x8  system_stm32f4xx.o [1]
  .rodata            const     0x800'ed98     0x8  usart_cfg.o [1]
  .text              ro code   0x800'eda0     0x4  startup_stm32f407xx.o [1]
  .text              ro code   0x800'eda4     0x4  startup_stm32f407xx.o [1]
  .text              ro code   0x800'eda8     0x4  startup_stm32f407xx.o [1]
  .text              ro code   0x800'edac     0x4  startup_stm32f407xx.o [1]
  .text              ro code   0x800'edb0     0x4  startup_stm32f407xx.o [1]
  .text              ro code   0x800'edb4     0x4  startup_stm32f407xx.o [1]
  .text              ro code   0x800'edb8     0x4  startup_stm32f407xx.o [1]
  .text              ro code   0x800'edbc     0x4  startup_stm32f407xx.o [1]
  .text              ro code   0x800'edc0     0x4  startup_stm32f407xx.o [1]
  .text              ro code   0x800'edc4     0x4  startup_stm32f407xx.o [1]
  .text              ro code   0x800'edc8     0x4  startup_stm32f407xx.o [1]
  .text              ro code   0x800'edcc     0x4  startup_stm32f407xx.o [1]
  .text              ro code   0x800'edd0     0x4  startup_stm32f407xx.o [1]
  .text              ro code   0x800'edd4     0x4  startup_stm32f407xx.o [1]
  .text              ro code   0x800'edd8     0x4  startup_stm32f407xx.o [1]
  .text              ro code   0x800'eddc     0x4  startup_stm32f407xx.o [1]
  .text              ro code   0x800'ede0     0x4  startup_stm32f407xx.o [1]
  .text              ro code   0x800'ede4     0x4  startup_stm32f407xx.o [1]
  .text              ro code   0x800'ede8     0x4  startup_stm32f407xx.o [1]
  .text              ro code   0x800'edec     0x4  startup_stm32f407xx.o [1]
  .text              ro code   0x800'edf0     0x4  startup_stm32f407xx.o [1]
  .text              ro code   0x800'edf4     0x4  startup_stm32f407xx.o [1]
  .text              ro code   0x800'edf8     0x4  startup_stm32f407xx.o [1]
  .text              ro code   0x800'edfc     0x4  startup_stm32f407xx.o [1]
  .text              ro code   0x800'ee00     0x4  startup_stm32f407xx.o [1]
  .text              ro code   0x800'ee04     0x4  startup_stm32f407xx.o [1]
  .text              ro code   0x800'ee08     0x4  startup_stm32f407xx.o [1]
  .text              ro code   0x800'ee0c     0x4  startup_stm32f407xx.o [1]
  .text              ro code   0x800'ee10     0x4  startup_stm32f407xx.o [1]
  .text              ro code   0x800'ee14     0x4  startup_stm32f407xx.o [1]
  .text              ro code   0x800'ee18     0x4  startup_stm32f407xx.o [1]
  .text              ro code   0x800'ee1c     0x4  startup_stm32f407xx.o [1]
  .text              ro code   0x800'ee20     0x4  startup_stm32f407xx.o [1]
  .text              ro code   0x800'ee24     0x4  startup_stm32f407xx.o [1]
  .text              ro code   0x800'ee28     0x4  startup_stm32f407xx.o [1]
  .text              ro code   0x800'ee2c     0x4  startup_stm32f407xx.o [1]
  .text              ro code   0x800'ee30     0x4  startup_stm32f407xx.o [1]
  .text              ro code   0x800'ee34     0x4  startup_stm32f407xx.o [1]
  .text              ro code   0x800'ee38     0x4  startup_stm32f407xx.o [1]
  .text              ro code   0x800'ee3c     0x4  startup_stm32f407xx.o [1]
  .text              ro code   0x800'ee40     0x4  startup_stm32f407xx.o [1]
  .text              ro code   0x800'ee44     0x4  startup_stm32f407xx.o [1]
  .text              ro code   0x800'ee48     0x4  startup_stm32f407xx.o [1]
  .text              ro code   0x800'ee4c     0x4  startup_stm32f407xx.o [1]
  .text              ro code   0x800'ee50     0x4  startup_stm32f407xx.o [1]
  .text              ro code   0x800'ee54     0x4  startup_stm32f407xx.o [1]
  .text              ro code   0x800'ee58     0x4  startup_stm32f407xx.o [1]
  .text              ro code   0x800'ee5c     0x4  startup_stm32f407xx.o [1]
  .text              ro code   0x800'ee60     0x4  startup_stm32f407xx.o [1]
  .text              ro code   0x800'ee64     0x4  startup_stm32f407xx.o [1]
  .text              ro code   0x800'ee68     0x4  startup_stm32f407xx.o [1]
  .text              ro code   0x800'ee6c     0x4  startup_stm32f407xx.o [1]
  .text              ro code   0x800'ee70     0x4  startup_stm32f407xx.o [1]
  .text              ro code   0x800'ee74     0x4  startup_stm32f407xx.o [1]
  .text              ro code   0x800'ee78     0x4  startup_stm32f407xx.o [1]
  .text              ro code   0x800'ee7c     0x4  startup_stm32f407xx.o [1]
  .text              ro code   0x800'ee80     0x4  startup_stm32f407xx.o [1]
  .text              ro code   0x800'ee84     0x4  startup_stm32f407xx.o [1]
  .text              ro code   0x800'ee88     0x4  startup_stm32f407xx.o [1]
  .text              ro code   0x800'ee8c     0x4  startup_stm32f407xx.o [1]
  .text              ro code   0x800'ee90     0x4  startup_stm32f407xx.o [1]
  .text              ro code   0x800'ee94     0x4  startup_stm32f407xx.o [1]
  .text              ro code   0x800'ee98     0x4  startup_stm32f407xx.o [1]
  .text              ro code   0x800'ee9c     0x4  startup_stm32f407xx.o [1]
  .text              ro code   0x800'eea0     0x4  startup_stm32f407xx.o [1]
  .text              ro code   0x800'eea4     0x4  startup_stm32f407xx.o [1]
  .text              ro code   0x800'eea8     0x4  startup_stm32f407xx.o [1]
  .text              ro code   0x800'eeac     0x4  startup_stm32f407xx.o [1]
  .text              ro code   0x800'eeb0     0x4  startup_stm32f407xx.o [1]
  .text              ro code   0x800'eeb4     0x4  startup_stm32f407xx.o [1]
  .text              ro code   0x800'eeb8     0x4  startup_stm32f407xx.o [1]
  .rodata            const     0x800'eebc     0x0  zero_init3.o [4]
  .rodata            const     0x800'eebc     0x0  copy_init3.o [4]
  Initializer bytes  const     0x800'eebc    0xc0  <for P4 s0>
                             - 0x800'ef7c  0xedf4

"P4", part 1 of 3:                           0xc0
  P4 s0                       0x2000'0000    0xc0  <Init block>
    .data            inited   0x2000'0000    0x48  xlocale_c.o [2]
    .data            inited   0x2000'0048    0x38  xlocale_c.o [2]
    .data            inited   0x2000'0080    0x14  my_malloc.o [1]
    .data            inited   0x2000'0094     0x4  adc_cfg.o [1]
    .data            inited   0x2000'0098     0x4  adc_cfg.o [1]
    .data            inited   0x2000'009c     0x4  isp_cfg.o [1]
    .data            inited   0x2000'00a0     0x4  jtag_cfg.o [1]
    .data            inited   0x2000'00a4     0x4  rtc_cfg.o [1]
    .data            inited   0x2000'00a8     0x4  system_stm32f4xx.o [1]
    .data            inited   0x2000'00ac     0x4  systick_cfg.o [1]
    .data            inited   0x2000'00b0     0x4  timer_cfg.o [1]
    .data            inited   0x2000'00b4     0x4  usart_cfg.o [1]
    .data            inited   0x2000'00b8     0x4  wm8510_cfg.o [1]
    .data            inited   0x2000'00bc     0x1  crc_cfg.o [1]
    .data            inited   0x2000'00bd     0x1  stm32f4xx_hal.o [1]
    .data            inited   0x2000'00be     0x1  task_manage.o [1]
                            - 0x2000'00c0    0xc0

"P4", part 2 of 3:                         0x2fb0
  .bss               zero     0x2000'00c0  0x2800  my_malloc.o [1]
  .bss               zero     0x2000'28c0   0x280  my_malloc.o [1]
  .bss               zero     0x2000'2b40   0x200  usart_cfg.o [1]
  .bss               zero     0x2000'2d40    0x7c  usart_cfg.o [1]
  .bss               zero     0x2000'2dbc    0x78  isp_cfg.o [1]
  .bss               zero     0x2000'2e34    0x6c  wm8510_cfg.o [1]
  .bss               zero     0x2000'2ea0    0x54  jtag_cfg.o [1]
  .bss               zero     0x2000'2ef4    0x44  usart_task.o [1]
  .bss               zero     0x2000'2f38    0x44  usart_task.o [1]
  .bss               zero     0x2000'2f7c    0x2c  adc_cfg.o [1]
  .bss               zero     0x2000'2fa8    0x2c  adc_cfg.o [1]
  .bss               zero     0x2000'2fd4    0x28  systick_cfg.o [1]
  .bss               zero     0x2000'2ffc    0x24  timer_cfg.o [1]
  .bss               zero     0x2000'3020    0x20  stm32_cfg.o [1]
  .bss               zero     0x2000'3040    0x18  rtc_cfg.o [1]
  .bss               zero     0x2000'3058     0x4  isp_cfg.o [1]
  .bss               zero     0x2000'305c     0x4  led_cfg.o [1]
  .bss               zero     0x2000'3060     0x4  random_cfg.o [1]
  .bss               zero     0x2000'3064     0x4  stm32f4xx_hal.o [1]
  .bss               zero     0x2000'3068     0x4  xfail_s.o [2]
  .bss               zero     0x2000'306c     0x1  usart_cfg.o [1]
  .bss               zero     0x2000'306d     0x1  usart_cfg.o [1]
                            - 0x2000'306e  0x2fae

"P4", part 3 of 3:                         0x2000
  CSTACK                      0x2000'3070  0x2000  <Block>
    CSTACK           uninit   0x2000'3070  0x2000  <Block tail>
                            - 0x2000'5070  0x2000

Unused ranges:

         From           To      Size
         ----           --      ----
   0x800'ef7c   0x807'ffff  0x7'1084
  0x2000'5070  0x2001'bfff  0x1'6f90
  0x2001'c000  0x2001'ffff    0x4000


*******************************************************************************
*** INIT TABLE
***

          Address      Size
          -------      ----
Zero (__iar_zero_init3)
    1 destination range, total size 0x2fae:
          0x2000'00c0  0x2fae

Copy (__iar_copy_init3)
    1 source range, total size 0xc0 (100% of destination):
           0x800'eebc    0xc0
    1 destination range, total size 0xbf:
          0x2000'0000    0xbf



*******************************************************************************
*** MODULE SUMMARY
***

    Module                 ro code  ro data  rw data
    ------                 -------  -------  -------
command line/config:
    ------------------------------------------------
    Total:

H:\STM32Project\NewProject\STM32F407\STM32F407VET6\STM32F407VET6Project\EWARM\STM32F407VET6Project\Obj: [1]
    adc_cfg.o                1'584       16       96
    adc_lib.o                   52
    adc_task.o                  52
    complier_lib.o             324
    crc_cfg.o                  334    1'025        1
    crc_lib.o                   86
    crc_task.o                  86
    css_cfg.o                  180
    css_lib.o                   16
    css_task.o                  16
    dac_cfg.o                  536
    dac_lib.o                   38
    dac_task.o                  38
    delay_cfg.o                134
    delay_lib.o                 24
    delay_task.o                24
    gpio_cfg.o               1'644
    gpio_lib.o                  26
    gpio_task.o                 26
    i2c_cfg.o                  480
    i2c_lib.o                  118
    i2c_task.o                  86
    isp_cfg.o                4'894        4      128
    isp_lib.o                1'252
    isp_task.o               2'140
    iwdg_cfg.o                  28
    iwdg_lib.o                   8
    iwdg_task.o                  8
    jtag_cfg.o              10'056        4       88
    jtag_lib.o               1'276
    jtag_task.o              2'110
    led_cfg.o                  132                 4
    led_lib.o                    8
    led_task.o                   8
    main.o                   1'092       96
    my_malloc.o                356       20   10'900
    power_cfg.o                216
    power_lib.o                 18
    power_task.o                18
    pvd_cfg.o                    2
    pvd_lib.o                    8
    pvd_task.o                   8
    random_cfg.o               436                 4
    random_lib.o                22
    random_task.o               22
    rtc_cfg.o                1'576       44       28
    rtc_lib.o                   46
    rtc_task.o                  46
    spi_cfg.o                1'704
    spi_lib.o                  162
    spi_task.o                 162
    startup_stm32f407xx.o      692
    stm32_cfg.o                974                32
    stm32f4xx_hal.o             24        1        5
    stm32f4xx_it.o             328        8
    stm32f4xx_ll_adc.o         524
    stm32f4xx_ll_crc.o          68
    stm32f4xx_ll_dac.o         148
    stm32f4xx_ll_dma.o         844        8
    stm32f4xx_ll_gpio.o        420
    stm32f4xx_ll_rcc.o         336
    stm32f4xx_ll_rng.o          44
    stm32f4xx_ll_rtc.o       1'066
    stm32f4xx_ll_spi.o         284
    stm32f4xx_ll_tim.o         448
    stm32f4xx_ll_usart.o     1'100
    stm32f4xx_ll_utils.o        12
    system_stm32f4xx.o          96       28        4
    systick_cfg.o            1'160        4       44
    systick_lib.o               68
    systick_task.o              68
    task_manage.o              292       33        1
    timer_cfg.o              1'592        4       40
    timer_lib.o                  8
    timer_task.o                 8
    usart_cfg.o              6'018      116      642
    usart_lib.o                268
    usart_task.o               230               136
    wm8510_cfg.o               636        4      112
    wm8510_lib.o                26
    wm8510_task.o               26
    ------------------------------------------------
    Total:                  51'526    1'415   12'265

dl7M_tlf.a: [2]
    abort.o                      6
    exit.o                       4
    low_level_init.o             4
    vsnprint.o                  60
    xencoding_8859_1.o          30
    xfail_s.o                   64                 4
    xlocale_c.o                124      133      128
    xmbcurmax.o                 10
    xprintffull.o            4'294
    xsnprout.o                  26
    ------------------------------------------------
    Total:                   4'622      133      132

m7M_tls.a: [3]
    DblAdd.o                   378
    DblCmpGe.o                  46
    DblCmpLe.o                  46
    DblDiv.o                   582
    DblMul.o                   418
    DblSub.o                   226
    DblToS32.o                  58
    DblToU32.o                  40
    S32ToDbl.o                  34
    U32ToDbl.o                  26
    fpinit_M.o                  34
    frexp.o                    112
    ldexp.o                    314
    ------------------------------------------------
    Total:                   2'314

rt7M_tl.a: [4]
    ABImemcpy.o                166
    ABImemset.o                102
    I64DivMod.o                560
    I64DivZer.o                  2
    cexit.o                     10
    cmain.o                     30
    copy_init3.o                46
    cstartup_M.o                12
    data_init.o                 40
    memchr.o                    88
    strchr.o                    22
    strlen.o                    54
    zero_init3.o                58
    ------------------------------------------------
    Total:                   1'190

shb_l.a: [5]
    exit.o                      20
    ------------------------------------------------
    Total:                      20

    Gaps                        47        4
    Linker created                       37    8'192
----------------------------------------------------
    Grand Total:            59'719    1'589   20'589


*******************************************************************************
*** ENTRY LIST
***

Entry                       Address    Size  Type      Object
-----                       -------    ----  ----      ------
.iar.init_table$$Base    0x800'ec80           --   Gb  - Linker created -
.iar.init_table$$Limit   0x800'eca4           --   Gb  - Linker created -
?main                    0x800'ecc5          Code  Gb  cmain.o [4]
ADCLib_ADCTask_START     0x800'aa1b     0xc  Code  Gb  adc_lib.o [1]
ADCLib_ADCTask_STOP      0x800'aa27     0xc  Code  Gb  adc_lib.o [1]
ADCLib_ADC_Init          0x800'aa13     0x8  Code  Gb  adc_lib.o [1]
ADCLib_GetChipPower      0x800'aa3f     0x8  Code  Gb  adc_lib.o [1]
ADCLib_HandleChannelVal
                         0x800'aa33     0xc  Code  Gb  adc_lib.o [1]
ADCTask_ADCTask_START    0x800'a8d5     0xc  Code  Gb  adc_task.o [1]
ADCTask_ADCTask_STOP     0x800'a8e1     0xc  Code  Gb  adc_task.o [1]
ADCTask_ADC_Init         0x800'a8cd     0x8  Code  Gb  adc_task.o [1]
ADCTask_GetChipPower     0x800'a8f9     0x8  Code  Gb  adc_task.o [1]
ADCTask_HandleChannelVal
                         0x800'a8ed     0xc  Code  Gb  adc_task.o [1]
ADC_ADC1Task_Init        0x800'b039     0xe  Code  Gb  adc_cfg.o [1]
ADC_ADC1_DMA_Init        0x800'aebb    0xa6  Code  Gb  adc_cfg.o [1]
ADC_ADC1_DMA_Restart     0x800'af61    0x30  Code  Gb  adc_cfg.o [1]
ADC_ADC1_DMA_Stop        0x800'af91    0x28  Code  Gb  adc_cfg.o [1]
ADC_ADC1_Init            0x800'ae13    0xa8  Code  Gb  adc_cfg.o [1]
ADC_ADC3_DMA_Restart     0x800'afb9    0x2c  Code  Gb  adc_cfg.o [1]
ADC_ADC3_DMA_Stop        0x800'afe5    0x2a  Code  Gb  adc_cfg.o [1]
ADC_ADCTask_Init         0x800'b047     0xa  Code  Gb  adc_cfg.o [1]
ADC_ADCTask_START        0x800'b05d    0x5e  Code  Gb  adc_cfg.o [1]
ADC_ADCTask_STOP         0x800'b0bb    0x42  Code  Gb  adc_cfg.o [1]
ADC_ADC_Init             0x800'b051     0xc  Code  Gb  adc_cfg.o [1]
ADC_Clock                0x800'ad9b    0x78  Code  Gb  adc_cfg.o [1]
ADC_GPIO_Init            0x800'ad65    0x36  Code  Gb  adc_cfg.o [1]
ADC_GetChipPower         0x800'b155    0x16  Code  Gb  adc_cfg.o [1]
ADC_HandleChannelVal     0x800'b0fd    0x58  Code  Gb  adc_cfg.o [1]
ADC_SoftStart            0x800'b00f    0x2a  Code  Gb  adc_cfg.o [1]
AHBPrescTable            0x800'ed34    0x10  Data  Gb  system_stm32f4xx.o [1]
APBPrescTable            0x800'ed90     0x8  Data  Gb  system_stm32f4xx.o [1]
BusFault_Handler         0x800'e753     0x2  Code  Gb  stm32f4xx_it.o [1]
CRCLib_CRC16             0x800'6345    0x10  Code  Gb  crc_lib.o [1]
CRCLib_CRC32             0x800'6335    0x10  Code  Gb  crc_lib.o [1]
CRCLib_CRC8              0x800'6355    0x16  Code  Gb  crc_lib.o [1]
CRCLib_CheckSum          0x800'636b    0x10  Code  Gb  crc_lib.o [1]
CRCLib_Enable            0x800'632d     0x8  Code  Gb  crc_lib.o [1]
CRCLib_Init              0x800'6325     0x8  Code  Gb  crc_lib.o [1]
CRCTask_CRC16            0x800'5b1b    0x10  Code  Gb  crc_task.o [1]
CRCTask_CRC32            0x800'5b0b    0x10  Code  Gb  crc_task.o [1]
CRCTask_CRC8             0x800'5b2b    0x16  Code  Gb  crc_task.o [1]
CRCTask_CheckSum         0x800'5b41    0x10  Code  Gb  crc_task.o [1]
CRCTask_Enable           0x800'5b03     0x8  Code  Gb  crc_task.o [1]
CRCTask_Init             0x800'5afb     0x8  Code  Gb  crc_task.o [1]
CRC_CRC16_Table          0x800'7865    0x32  Code  Gb  crc_cfg.o [1]
CRC_CRC32_CRC            0x800'7855    0x10  Code  Gb  crc_cfg.o [1]
CRC_CRC32_HWCRC          0x800'7823    0x32  Code  Gb  crc_cfg.o [1]
CRC_CRC32_HWReSet        0x800'7819     0xa  Code  Gb  crc_cfg.o [1]
CRC_CRC8_Table           0x800'7897    0x44  Code  Gb  crc_cfg.o [1]
CRC_CheckSum             0x800'78f5    0x1e  Code  Gb  crc_cfg.o [1]
CRC_DeInit               0x800'7803    0x10  Code  Gb  crc_cfg.o [1]
CRC_Enable               0x800'7813     0x6  Code  Gb  crc_cfg.o [1]
CRC_Init                 0x800'77ed    0x16  Code  Gb  crc_cfg.o [1]
CSSLib_NMI_IRQ           0x800'e851     0x8  Code  Gb  css_lib.o [1]
CSSLib_RCC_IRQ           0x800'e859     0x8  Code  Gb  css_lib.o [1]
CSSTask_NMI_IRQ          0x800'e839     0x8  Code  Gb  css_task.o [1]
CSSTask_RCC_IRQ          0x800'e841     0x8  Code  Gb  css_task.o [1]
CSS_NMI_IRQ              0x800'e8e9    0x18  Code  Gb  css_cfg.o [1]
CSS_RCC_IRQ              0x800'e901    0x1c  Code  Gb  css_cfg.o [1]
CSTACK$$Base            0x2000'3070           --   Gb  - Linker created -
CSTACK$$Limit           0x2000'5070           --   Gb  - Linker created -
CacheMore                0x800'7919    0x28  Code  Lc  xlocale_c.o [2]
CalcAvgWordFromIndex     0x800'390d    0x60  Code  Gb  complier_lib.o [1]
CompareByte              0x800'3975    0x30  Code  Gb  complier_lib.o [1]
DACLib_ChannelMV         0x800'b4cb    0x12  Code  Gb  dac_lib.o [1]
DACLib_Init              0x800'b4b7    0x14  Code  Gb  dac_lib.o [1]
DACTask_ChannelMV        0x800'b4a5    0x12  Code  Gb  dac_task.o [1]
DACTask_Init             0x800'b491    0x14  Code  Gb  dac_task.o [1]
DAC_ChannelMV            0x800'b6c1    0x18  Code  Gb  dac_cfg.o [1]
DAC_ChannelUV            0x800'b64f    0x72  Code  Gb  dac_cfg.o [1]
DAC_Channel_Init         0x800'b5ab    0x62  Code  Gb  dac_cfg.o [1]
DAC_Clock                0x800'b589    0x22  Code  Gb  dac_cfg.o [1]
DAC_GPIO_Init            0x800'b537    0x52  Code  Gb  dac_cfg.o [1]
DAC_Init                 0x800'b60d    0x42  Code  Gb  dac_cfg.o [1]
DMA2_Stream0_IRQHandler
                         0x800'e79b    0x32  Code  Gb  stm32f4xx_it.o [1]
DMA2_Stream1_IRQHandler
                         0x800'e7cd     0x2  Code  Gb  stm32f4xx_it.o [1]
DMA2_Stream2_IRQHandler
                         0x800'e7d1    0x24  Code  Gb  stm32f4xx_it.o [1]
DMA2_Stream7_IRQHandler
                         0x800'e7f5    0x24  Code  Gb  stm32f4xx_it.o [1]
DebugMon_Handler         0x800'e759     0x2  Code  Gb  stm32f4xx_it.o [1]
DecToBcd                 0x800'3861    0x2c  Code  Gb  complier_lib.o [1]
DelayLib_ms              0x800'aa59     0xc  Code  Gb  delay_lib.o [1]
DelayNLib_us             0x800'aa65     0xc  Code  Gb  delay_lib.o [1]
DelayN_ms                0x800'320f    0x20  Code  Gb  delay_cfg.o [1]
DelayN_us                0x800'31e9    0x26  Code  Gb  delay_cfg.o [1]
DelayTask_ms             0x800'a91f     0xc  Code  Gb  delay_task.o [1]
DelayTask_us             0x800'a913     0xc  Code  Gb  delay_task.o [1]
Delay_ms                 0x800'31c9    0x20  Code  Gb  delay_cfg.o [1]
Delay_nop                0x800'3231    0x1e  Code  Gb  delay_cfg.o [1]
DescSortWord             0x800'388d    0x7c  Code  Gb  complier_lib.o [1]
GPIOLib_Clock            0x800'39a5    0x12  Code  Gb  gpio_lib.o [1]
GPIOLib_Init             0x800'39b7     0x8  Code  Gb  gpio_lib.o [1]
GPIOTask_Clock           0x800'28d1    0x12  Code  Gb  gpio_task.o [1]
GPIOTask_Init            0x800'28e3     0x8  Code  Gb  gpio_task.o [1]
GPIO_Clock               0x800'2bf5   0x2d4  Code  Gb  gpio_cfg.o [1]
GPIO_Init                0x800'2ec9    0x54  Code  Gb  gpio_cfg.o [1]
GPIO_ReadInputPort       0x800'3143    0x86  Code  Gb  gpio_cfg.o [1]
GPIO_ResetOutputPins     0x800'304b    0x7c  Code  Gb  gpio_cfg.o [1]
GPIO_SetOutputPin        0x800'2fcf    0x7c  Code  Gb  gpio_cfg.o [1]
GPIO_SetPinMode          0x800'2f4d    0x82  Code  Gb  gpio_cfg.o [1]
GPIO_TogglePin           0x800'30c7    0x7c  Code  Gb  gpio_cfg.o [1]
HAL_IncTick              0x800'ecf9    0x18  Code  Wk  stm32f4xx_hal.o [1]
HASH_RNG_IRQHandler      0x800'e77b     0x8  Code  Gb  stm32f4xx_it.o [1]
HardFault_Handler        0x800'e749     0x8  Code  Gb  stm32f4xx_it.o [1]
HardFault_IRQTask        0x800'3b91    0x12  Code  Gb  stm32_cfg.o [1]
HardFault_Msg            0x800'3b4d    0x3e  Code  Gb  stm32_cfg.o [1]
I2CLib_MSW_Init          0x800'e29b    0x14  Code  Gb  i2c_lib.o [1]
I2CLib_MSW_ReadACK       0x800'e2f3     0xc  Code  Gb  i2c_lib.o [1]
I2CLib_MSW_START         0x800'e2af    0x38  Code  Gb  i2c_lib.o [1]
I2CLib_MSW_STOP          0x800'e2e7     0xc  Code  Gb  i2c_lib.o [1]
I2CLib_MSW_SendByte      0x800'e2ff    0x12  Code  Gb  i2c_lib.o [1]
I2CTask_MHW_Init         0x800'e245     0x6  Code  Gb  i2c_task.o [1]
I2CTask_MSW_Init         0x800'e24b    0x14  Code  Gb  i2c_task.o [1]
I2CTask_MSW_ReadACK      0x800'e27d     0xc  Code  Gb  i2c_task.o [1]
I2CTask_MSW_START        0x800'e25f    0x12  Code  Gb  i2c_task.o [1]
I2CTask_MSW_STOP         0x800'e271     0xc  Code  Gb  i2c_task.o [1]
I2CTask_MSW_SendByte     0x800'e289    0x12  Code  Gb  i2c_task.o [1]
I2C_MSW_Init             0x800'e311    0x88  Code  Gb  i2c_cfg.o [1]
I2C_MSW_ReadACK          0x800'e435    0x42  Code  Gb  i2c_cfg.o [1]
I2C_MSW_START            0x800'e399    0x52  Code  Gb  i2c_cfg.o [1]
I2C_MSW_STOP             0x800'e3eb    0x4a  Code  Gb  i2c_cfg.o [1]
I2C_MSW_SendBit          0x800'e477    0x42  Code  Gb  i2c_cfg.o [1]
I2C_MSW_SendByte         0x800'e4b9    0x2e  Code  Gb  i2c_cfg.o [1]
ISPLib_CheckChipEepromEmpty
                         0x800'a85f    0x5e  Code  Gb  isp_lib.o [1]
ISPLib_CheckChipFlashEmpty
                         0x800'a7f3    0x6c  Code  Gb  isp_lib.o [1]
ISPLib_EnterProgAndConfigInfo
                         0x800'a413    0x2c  Code  Gb  isp_lib.o [1]
ISPLib_EraseChip         0x800'a44b    0x48  Code  Gb  isp_lib.o [1]
ISPLib_ExitProg          0x800'a43f     0xc  Code  Gb  isp_lib.o [1]
ISPLib_Init              0x800'a3e9    0x18  Code  Gb  isp_lib.o [1]
ISPLib_ReadChipCalibration
                         0x800'a4df    0x5c  Code  Gb  isp_lib.o [1]
ISPLib_ReadChipEepromAddr
                         0x800'a6f1    0x6a  Code  Gb  isp_lib.o [1]
ISPLib_ReadChipFlashAddr
                         0x800'a75b    0x70  Code  Gb  isp_lib.o [1]
ISPLib_ReadChipFuse      0x800'a53b    0x5c  Code  Gb  isp_lib.o [1]
ISPLib_ReadChipID        0x800'a493    0x4c  Code  Gb  isp_lib.o [1]
ISPLib_ReadChipLock      0x800'a597    0x4c  Code  Gb  isp_lib.o [1]
ISPLib_ReadChipRom       0x800'a5e3    0x64  Code  Gb  isp_lib.o [1]
ISPLib_SetConfigInfo     0x800'a8bd    0x10  Code  Gb  isp_lib.o [1]
ISPLib_SetProgClock      0x800'a401    0x12  Code  Gb  isp_lib.o [1]
ISPLib_WriteChipFlashPage
                         0x800'a7cb    0x28  Code  Gb  isp_lib.o [1]
ISPLib_WriteChipFuse     0x800'a647    0x5c  Code  Gb  isp_lib.o [1]
ISPLib_WriteChipLock     0x800'a6a3    0x4e  Code  Gb  isp_lib.o [1]
ISPTask_CheckChipEepromEmpty
                         0x800'9d2d    0x18  Code  Gb  isp_task.o [1]
ISPTask_CheckChipFlashEmpty
                         0x800'9d09    0x24  Code  Gb  isp_task.o [1]
ISPTask_EnterProgAndConfigInfo
                         0x800'9bb7    0x16  Code  Gb  isp_task.o [1]
ISPTask_EraseChip        0x800'9bd9     0xc  Code  Gb  isp_task.o [1]
ISPTask_ExitProg         0x800'9bcd     0xc  Code  Gb  isp_task.o [1]
ISPTask_Init             0x800'9b8d    0x18  Code  Gb  isp_task.o [1]
ISPTask_ReadChipCalibration
                         0x800'9bf5    0x16  Code  Gb  isp_task.o [1]
ISPTask_ReadChipEepromAddr
                         0x800'9c75    0x22  Code  Gb  isp_task.o [1]
ISPTask_ReadChipFlashAddr
                         0x800'9cb9    0x28  Code  Gb  isp_task.o [1]
ISPTask_ReadChipFuse     0x800'9c0b    0x16  Code  Gb  isp_task.o [1]
ISPTask_ReadChipID       0x800'9be5    0x10  Code  Gb  isp_task.o [1]
ISPTask_ReadChipLock     0x800'9c21    0x10  Code  Gb  isp_task.o [1]
ISPTask_ReadChipPower    0x800'9d55    0x1c  Code  Gb  isp_task.o [1]
ISPTask_ReadChipRom      0x800'9c31    0x1c  Code  Gb  isp_task.o [1]
ISPTask_SetConfigInfo    0x800'9d45    0x10  Code  Gb  isp_task.o [1]
ISPTask_SetProgClock     0x800'9ba5    0x12  Code  Gb  isp_task.o [1]
ISPTask_USARTCmd_ChildTask
                         0x800'a27b   0x10c  Code  Gb  isp_task.o [1]
ISPTask_USARTCmd_EraseChip
                         0x800'9e29    0xba  Code  Gb  isp_task.o [1]
ISPTask_USARTCmd_OpenAndClose
                         0x800'9dc9    0x60  Code  Gb  isp_task.o [1]
ISPTask_USARTCmd_ParentTask_New
                         0x800'a38d    0x46  Code  Gb  isp_task.o [1]
ISPTask_USARTCmd_ReadChipCalibration
                         0x800'9f01    0x32  Code  Gb  isp_task.o [1]
ISPTask_USARTCmd_ReadChipEeprom
                         0x800'a195    0x70  Code  Gb  isp_task.o [1]
ISPTask_USARTCmd_ReadChipFlash
                         0x800'a093    0x7e  Code  Gb  isp_task.o [1]
ISPTask_USARTCmd_ReadChipFuseAndLock
                         0x800'9f33    0x5e  Code  Gb  isp_task.o [1]
ISPTask_USARTCmd_ReadChipID
                         0x800'9ee3    0x1e  Code  Gb  isp_task.o [1]
ISPTask_USARTCmd_ReadChipRom
                         0x800'9fcb    0x60  Code  Gb  isp_task.o [1]
ISPTask_USARTCmd_SetProgClok
                         0x800'a02b    0x68  Code  Gb  isp_task.o [1]
ISPTask_USARTCmd_Task    0x800'a3d3    0x16  Code  Gb  isp_task.o [1]
ISPTask_USARTCmd_WriteChipEeprom
                         0x800'a205    0x76  Code  Gb  isp_task.o [1]
ISPTask_USARTCmd_WriteChipFlashPage
                         0x800'a111    0x84  Code  Gb  isp_task.o [1]
ISPTask_USARTCmd_WriteChipFuse
                         0x800'9f91    0x22  Code  Gb  isp_task.o [1]
ISPTask_USARTCmd_WriteChipLock
                         0x800'9fb3    0x18  Code  Gb  isp_task.o [1]
ISPTask_WriteChipEeprom
                         0x800'9c97    0x22  Code  Gb  isp_task.o [1]
ISPTask_WriteChipFlashPage
                         0x800'9ce1    0x28  Code  Gb  isp_task.o [1]
ISPTask_WriteChipFuse    0x800'9c4d    0x16  Code  Gb  isp_task.o [1]
ISPTask_WriteChipLock    0x800'9c63    0x12  Code  Gb  isp_task.o [1]
ISPTask_WriteChipPower   0x800'9d71    0x58  Code  Gb  isp_task.o [1]
ISP_AddWatch             0x800'861b    0x4c  Code  Gb  isp_cfg.o [1]
ISP_AddWatchDevice0      0x800'85f9     0xe  Code  Gb  isp_cfg.o [1]
ISP_AddWatchDevice1      0x800'8607     0xa  Code  Gb  isp_cfg.o [1]
ISP_AddWatchDevice2      0x800'8611     0xa  Code  Gb  isp_cfg.o [1]
ISP_CheckChipEepromEmpty
                         0x800'91bd    0x92  Code  Gb  isp_cfg.o [1]
ISP_CheckChipFlashEmpty
                         0x800'9103    0xba  Code  Gb  isp_cfg.o [1]
ISP_DeInit               0x800'81b7    0x1e  Code  Gb  isp_cfg.o [1]
ISP_Device0_Init         0x800'8041    0xa2  Code  Gb  isp_cfg.o [1]
ISP_Device1_Init         0x800'80e3     0x6  Code  Gb  isp_cfg.o [1]
ISP_Device2_Init         0x800'80e9     0x6  Code  Gb  isp_cfg.o [1]
ISP_EnterProg            0x800'84e3    0xa8  Code  Gb  isp_cfg.o [1]
ISP_EraseChip            0x800'8789    0x44  Code  Gb  isp_cfg.o [1]
ISP_ExitProg             0x800'858b    0x32  Code  Gb  isp_cfg.o [1]
ISP_HW_Init              0x800'7f65    0x94  Code  Gb  isp_cfg.o [1]
ISP_HW_SendCmd           0x800'8429    0x5a  Code  Gb  isp_cfg.o [1]
ISP_Init                 0x800'80ef    0xc8  Code  Gb  isp_cfg.o [1]
ISP_PreEnterProg         0x800'8483    0x60  Code  Gb  isp_cfg.o [1]
ISP_ReadChipCalibration
                         0x800'8819    0x56  Code  Gb  isp_cfg.o [1]
ISP_ReadChipEepromAddr   0x800'8acb    0x6a  Code  Gb  isp_cfg.o [1]
ISP_ReadChipEepromLongAddr
                         0x800'8b35    0x26  Code  Gb  isp_cfg.o [1]
ISP_ReadChipFlashAddr    0x800'8e03    0xf0  Code  Gb  isp_cfg.o [1]
ISP_ReadChipFlashLongAddr
                         0x800'8ef3    0x2c  Code  Gb  isp_cfg.o [1]
ISP_ReadChipFuse         0x800'886f    0x90  Code  Gb  isp_cfg.o [1]
ISP_ReadChipID           0x800'87cd    0x4c  Code  Gb  isp_cfg.o [1]
ISP_ReadChipLock         0x800'88ff    0x22  Code  Gb  isp_cfg.o [1]
ISP_ReadChipRom          0x800'8921    0x98  Code  Gb  isp_cfg.o [1]
ISP_ReadReady            0x800'86d5    0xb4  Code  Gb  isp_cfg.o [1]
ISP_RefreshWatch         0x800'86af    0x14  Code  Gb  isp_cfg.o [1]
ISP_RemoveWatch          0x800'8667    0x48  Code  Gb  isp_cfg.o [1]
ISP_SEND_CMD            0x2000'3058     0x4  Data  Gb  isp_cfg.o [1]
ISP_SW_Init              0x800'7ff9    0x48  Code  Gb  isp_cfg.o [1]
ISP_SW_SendCmd           0x800'83cd    0x5a  Code  Gb  isp_cfg.o [1]
ISP_SetClock             0x800'81d5   0x1c8  Code  Gb  isp_cfg.o [1]
ISP_SetConfigInfo        0x800'924f    0x34  Code  Gb  isp_cfg.o [1]
ISP_SetIntervalTime      0x800'86c3    0x12  Code  Gb  isp_cfg.o [1]
ISP_SetProgClock         0x800'839d    0x2e  Code  Gb  isp_cfg.o [1]
ISP_UpdateChipEepromAddr
                         0x800'8c3f    0x52  Code  Gb  isp_cfg.o [1]
ISP_UpdateChipEepromLongAddr
                         0x800'8cad    0x1a  Code  Gb  isp_cfg.o [1]
ISP_UpdateChipEepromPage
                         0x800'8bf5    0x4a  Code  Gb  isp_cfg.o [1]
ISP_UpdateChipFlashAddr
                         0x800'8fb3    0x72  Code  Gb  isp_cfg.o [1]
ISP_UpdateChipFlashLongAddr
                         0x800'903d    0x1e  Code  Gb  isp_cfg.o [1]
ISP_UpdateChipFlashPage
                         0x800'8f1f    0x94  Code  Gb  isp_cfg.o [1]
ISP_UpdateExternAddr     0x800'8dd3    0x30  Code  Gb  isp_cfg.o [1]
ISP_WatchTask            0x800'85bd    0x3c  Code  Gb  isp_cfg.o [1]
ISP_WriteChipEeprom      0x800'8d8d    0x46  Code  Gb  isp_cfg.o [1]
ISP_WriteChipEepromAddr
                         0x800'8b5b    0x9a  Code  Gb  isp_cfg.o [1]
ISP_WriteChipEepromPage
                         0x800'8cc7    0xc2  Code  Gb  isp_cfg.o [1]
ISP_WriteChipFlashPage   0x800'905b    0xa8  Code  Gb  isp_cfg.o [1]
ISP_WriteChipFuse        0x800'89b9    0xca  Code  Gb  isp_cfg.o [1]
ISP_WriteChipLock        0x800'8a83    0x48  Code  Gb  isp_cfg.o [1]
IWDGLib_Reset            0x800'3deb     0x8  Code  Gb  iwdg_lib.o [1]
IWDGTask_Reset           0x800'36f5     0x8  Code  Gb  iwdg_task.o [1]
IWDG_Reset               0x800'4281     0xc  Code  Gb  iwdg_cfg.o [1]
JTAGLib_CheckChipEepromEmpty
                         0x800'c463    0x50  Code  Gb  jtag_lib.o [1]
JTAGLib_CheckChipFlashEmpty
                         0x800'c3fd    0x66  Code  Gb  jtag_lib.o [1]
JTAGLib_EnterProgAndConfigInfo
                         0x800'bfd3    0x28  Code  Gb  jtag_lib.o [1]
JTAGLib_EraseChip        0x800'bffb    0x44  Code  Gb  jtag_lib.o [1]
JTAGLib_ExitProg         0x800'bfc7     0xc  Code  Gb  jtag_lib.o [1]
JTAGLib_ReadChipCalibration
                         0x800'c087    0x4e  Code  Gb  jtag_lib.o [1]
JTAGLib_ReadChipEepromAddr
                         0x800'c261    0x64  Code  Gb  jtag_lib.o [1]
JTAGLib_ReadChipFlashAddr
                         0x800'c329    0x6a  Code  Gb  jtag_lib.o [1]
JTAGLib_ReadChipFuse     0x800'c0d5    0x4e  Code  Gb  jtag_lib.o [1]
JTAGLib_ReadChipID       0x800'c03f    0x48  Code  Gb  jtag_lib.o [1]
JTAGLib_ReadChipLock     0x800'c123    0x48  Code  Gb  jtag_lib.o [1]
JTAGLib_ReadChipRom      0x800'c16b    0x5e  Code  Gb  jtag_lib.o [1]
JTAGLib_SetConfigInfo    0x800'c4b3    0x10  Code  Gb  jtag_lib.o [1]
JTAGLib_WriteChipEeprom
                         0x800'c2c5    0x64  Code  Gb  jtag_lib.o [1]
JTAGLib_WriteChipFlashPage
                         0x800'c393    0x6a  Code  Gb  jtag_lib.o [1]
JTAGLib_WriteChipFuse    0x800'c1c9    0x4e  Code  Gb  jtag_lib.o [1]
JTAGLib_WriteChipLock    0x800'c217    0x4a  Code  Gb  jtag_lib.o [1]
JTAGTask_CheckChipEepromEmpty
                         0x800'b905    0x18  Code  Gb  jtag_task.o [1]
JTAGTask_CheckChipFlashEmpty
                         0x800'b8e1    0x24  Code  Gb  jtag_task.o [1]
JTAGTask_EnterProgAndConfigInfo
                         0x800'b79b    0x16  Code  Gb  jtag_task.o [1]
JTAGTask_EraseChip       0x800'b7b1     0xc  Code  Gb  jtag_task.o [1]
JTAGTask_ExitProg        0x800'b78f     0xc  Code  Gb  jtag_task.o [1]
JTAGTask_ReadChipCalibration
                         0x800'b7cd    0x16  Code  Gb  jtag_task.o [1]
JTAGTask_ReadChipEepromAddr
                         0x800'b84d    0x22  Code  Gb  jtag_task.o [1]
JTAGTask_ReadChipFlashAddr
                         0x800'b891    0x28  Code  Gb  jtag_task.o [1]
JTAGTask_ReadChipFuse    0x800'b7e3    0x16  Code  Gb  jtag_task.o [1]
JTAGTask_ReadChipID      0x800'b7bd    0x10  Code  Gb  jtag_task.o [1]
JTAGTask_ReadChipLock    0x800'b7f9    0x10  Code  Gb  jtag_task.o [1]
JTAGTask_ReadChipPower   0x800'b92d    0x1c  Code  Gb  jtag_task.o [1]
JTAGTask_ReadChipRom     0x800'b809    0x1c  Code  Gb  jtag_task.o [1]
JTAGTask_SetConfigInfo   0x800'b91d    0x10  Code  Gb  jtag_task.o [1]
JTAGTask_SetProgClock    0x800'b789     0x6  Code  Gb  jtag_task.o [1]
JTAGTask_USARTCmd_ChildTask
                         0x800'be53   0x10c  Code  Gb  jtag_task.o [1]
JTAGTask_USARTCmd_EraseChip
                         0x800'ba01    0xba  Code  Gb  jtag_task.o [1]
JTAGTask_USARTCmd_OpenAndClose
                         0x800'b9a1    0x60  Code  Gb  jtag_task.o [1]
JTAGTask_USARTCmd_ParentTask_New
                         0x800'bf65    0x4c  Code  Gb  jtag_task.o [1]
JTAGTask_USARTCmd_ReadChipCalibration
                         0x800'bad9    0x32  Code  Gb  jtag_task.o [1]
JTAGTask_USARTCmd_ReadChipEeprom
                         0x800'bd6d    0x70  Code  Gb  jtag_task.o [1]
JTAGTask_USARTCmd_ReadChipFlash
                         0x800'bc6b    0x7e  Code  Gb  jtag_task.o [1]
JTAGTask_USARTCmd_ReadChipFuseAndLock
                         0x800'bb0b    0x5e  Code  Gb  jtag_task.o [1]
JTAGTask_USARTCmd_ReadChipID
                         0x800'babb    0x1e  Code  Gb  jtag_task.o [1]
JTAGTask_USARTCmd_ReadChipRom
                         0x800'bba3    0x60  Code  Gb  jtag_task.o [1]
JTAGTask_USARTCmd_SetProgClok
                         0x800'bc03    0x68  Code  Gb  jtag_task.o [1]
JTAGTask_USARTCmd_Task   0x800'bfb1    0x16  Code  Gb  jtag_task.o [1]
JTAGTask_USARTCmd_WriteChipEeprom
                         0x800'bddd    0x76  Code  Gb  jtag_task.o [1]
JTAGTask_USARTCmd_WriteChipFlashPage
                         0x800'bce9    0x84  Code  Gb  jtag_task.o [1]
JTAGTask_USARTCmd_WriteChipFuse
                         0x800'bb69    0x22  Code  Gb  jtag_task.o [1]
JTAGTask_USARTCmd_WriteChipLock
                         0x800'bb8b    0x18  Code  Gb  jtag_task.o [1]
JTAGTask_WriteChipEeprom
                         0x800'b86f    0x22  Code  Gb  jtag_task.o [1]
JTAGTask_WriteChipFlashPage
                         0x800'b8b9    0x28  Code  Gb  jtag_task.o [1]
JTAGTask_WriteChipFuse   0x800'b825    0x16  Code  Gb  jtag_task.o [1]
JTAGTask_WriteChipLock   0x800'b83b    0x12  Code  Gb  jtag_task.o [1]
JTAGTask_WriteChipPower
                         0x800'b949    0x58  Code  Gb  jtag_task.o [1]
JTAG_AddWatchDevice0     0x800'1a8d     0xc  Code  Gb  jtag_cfg.o [1]
JTAG_AddWatchDevice1     0x800'1a99     0xa  Code  Gb  jtag_cfg.o [1]
JTAG_AddWatchDevice2     0x800'1aa3     0xa  Code  Gb  jtag_cfg.o [1]
JTAG_CheckChipEepromEmpty
                         0x800'2809    0x92  Code  Gb  jtag_cfg.o [1]
JTAG_CheckChipFlashEmpty
                         0x800'274f    0xba  Code  Gb  jtag_cfg.o [1]
JTAG_Device0_Init        0x800'0189    0x3c  Code  Gb  jtag_cfg.o [1]
JTAG_Device1_Init        0x800'01c5     0x6  Code  Gb  jtag_cfg.o [1]
JTAG_Device2_Init        0x800'01cb     0xa  Code  Gb  jtag_cfg.o [1]
JTAG_EnterProg           0x800'19e1    0x44  Code  Gb  jtag_cfg.o [1]
JTAG_EraseChip           0x800'1bc9    0x5c  Code  Gb  jtag_cfg.o [1]
JTAG_ExitProg            0x800'1a25    0x28  Code  Gb  jtag_cfg.o [1]
JTAG_GPIO_DeInit         0x800'02b3    0xa6  Code  Gb  jtag_cfg.o [1]
JTAG_GPIO_Init           0x800'01d5    0xde  Code  Gb  jtag_cfg.o [1]
JTAG_Init                0x800'0359    0x76  Code  Gb  jtag_cfg.o [1]
JTAG_ReadChipCalibration
                         0x800'1c9d    0x82  Code  Gb  jtag_cfg.o [1]
JTAG_ReadChipEepromAddr
                         0x800'2103    0xd4  Code  Gb  jtag_cfg.o [1]
JTAG_ReadChipEepromLongAddr
                         0x800'21d7    0x26  Code  Gb  jtag_cfg.o [1]
JTAG_ReadChipFlashAddr   0x800'2403   0x110  Code  Gb  jtag_cfg.o [1]
JTAG_ReadChipFlashLongAddr
                         0x800'2513    0x2c  Code  Gb  jtag_cfg.o [1]
JTAG_ReadChipFuse        0x800'1d1f    0xb6  Code  Gb  jtag_cfg.o [1]
JTAG_ReadChipID          0x800'1c25    0x78  Code  Gb  jtag_cfg.o [1]
JTAG_ReadChipLock        0x800'1dd5    0x52  Code  Gb  jtag_cfg.o [1]
JTAG_ReadChipRom         0x800'1e27    0xee  Code  Gb  jtag_cfg.o [1]
JTAG_RefreshWatch        0x800'1aed    0x16  Code  Gb  jtag_cfg.o [1]
JTAG_RemoveWatch         0x800'1aad    0x40  Code  Gb  jtag_cfg.o [1]
JTAG_RunCaptureDR        0x800'0b73   0x552  Code  Gb  jtag_cfg.o [1]
JTAG_RunCaptureIR        0x800'10c5   0x69a  Code  Gb  jtag_cfg.o [1]
JTAG_RunSelectDRScan     0x800'07f7   0x37c  Code  Gb  jtag_cfg.o [1]
JTAG_RunTestIdle         0x800'0433   0x3c4  Code  Gb  jtag_cfg.o [1]
JTAG_RunTestlogicReset   0x800'03ed    0x46  Code  Gb  jtag_cfg.o [1]
JTAG_SetConfigInfo       0x800'289b    0x36  Code  Gb  jtag_cfg.o [1]
JTAG_SetIntervalTime     0x800'1b03    0x14  Code  Gb  jtag_cfg.o [1]
JTAG_ShiftDR_BIT         0x800'1811    0x9e  Code  Gb  jtag_cfg.o [1]
JTAG_ShiftIR_BIT         0x800'175f    0xb2  Code  Gb  jtag_cfg.o [1]
JTAG_TAPClear            0x800'18d3    0x3a  Code  Gb  jtag_cfg.o [1]
JTAG_TAPExit             0x800'1987    0x5a  Code  Gb  jtag_cfg.o [1]
JTAG_TAPPreEnter         0x800'190d    0x32  Code  Gb  jtag_cfg.o [1]
JTAG_TAPReset            0x800'18af    0x24  Code  Gb  jtag_cfg.o [1]
JTAG_TapNoOperationCommand
                         0x800'193f    0x48  Code  Gb  jtag_cfg.o [1]
JTAG_UpdateChipEeprom    0x800'22cb    0x48  Code  Gb  jtag_cfg.o [1]
JTAG_UpdateChipEepromPage
                         0x800'21fd    0xce  Code  Gb  jtag_cfg.o [1]
JTAG_UpdateChipFlash     0x800'2669    0x48  Code  Gb  jtag_cfg.o [1]
JTAG_UpdateChipFlashPage
                         0x800'253f   0x12a  Code  Gb  jtag_cfg.o [1]
JTAG_WaitPollChipComplete
                         0x800'1b17    0x9c  Code  Gb  jtag_cfg.o [1]
JTAG_WatchTask           0x800'1a4d    0x40  Code  Gb  jtag_cfg.o [1]
JTAG_WriteChipEeprom     0x800'23e1    0x22  Code  Gb  jtag_cfg.o [1]
JTAG_WriteChipEepromPage
                         0x800'2313    0xce  Code  Gb  jtag_cfg.o [1]
JTAG_WriteChipFlashPage
                         0x800'26b1    0x9e  Code  Gb  jtag_cfg.o [1]
JTAG_WriteChipFuse       0x800'1f15   0x164  Code  Gb  jtag_cfg.o [1]
JTAG_WriteChipLock       0x800'2079    0x8a  Code  Gb  jtag_cfg.o [1]
LEDLib_Init              0x800'dd5b     0x8  Code  Gb  led_lib.o [1]
[...]
SysRTC_SoftRTCTask       0x800'd111    0x16  Code  Gb  rtc_cfg.o [1]
SysRTC_WatchTask         0x800'd0ef    0x22  Code  Gb  rtc_cfg.o [1]
SysTickLib_1msIncTick    0x800'426f     0x8  Code  Gb  systick_lib.o [1]
SysTickLib_CreateTickTask
                         0x800'423b     0xc  Code  Gb  systick_lib.o [1]
SysTickLib_DecTick       0x800'4247     0xc  Code  Gb  systick_lib.o [1]
SysTickLib_GetTick       0x800'4253     0x8  Code  Gb  systick_lib.o [1]
SysTickLib_IRQTask       0x800'425b     0x8  Code  Gb  systick_lib.o [1]
SysTickLib_Init          0x800'4233     0x8  Code  Gb  systick_lib.o [1]
SysTickLib_WaitusTick    0x800'4263     0xc  Code  Gb  systick_lib.o [1]
SysTickTask_1msIncTick   0x800'3de3     0x8  Code  Gb  systick_task.o [1]
SysTickTask_CreateTickTask
                         0x800'3daf     0xc  Code  Gb  systick_task.o [1]
SysTickTask_DecTick      0x800'3dbb     0xc  Code  Gb  systick_task.o [1]
SysTickTask_GetTick      0x800'3dc7     0x8  Code  Gb  systick_task.o [1]
SysTickTask_IRQTask      0x800'3dcf     0x8  Code  Gb  systick_task.o [1]
SysTickTask_Init         0x800'3da7     0x8  Code  Gb  systick_task.o [1]
SysTickTask_WaitusTick   0x800'3dd7     0xc  Code  Gb  systick_task.o [1]
SysTick_1msIncTick       0x800'3683    0x42  Code  Gb  systick_cfg.o [1]
SysTick_CreateTickTask   0x800'33db    0xbe  Code  Gb  systick_cfg.o [1]
SysTick_DecTick          0x800'35a7    0x50  Code  Gb  systick_cfg.o [1]
SysTick_DeleteTickTask   0x800'3499    0x7e  Code  Gb  systick_cfg.o [1]
SysTick_GetTick          0x800'35f7     0x8  Code  Gb  systick_cfg.o [1]
SysTick_Handler          0x800'e75d     0x8  Code  Gb  stm32f4xx_it.o [1]
SysTick_IRQTask          0x800'35ff    0x3a  Code  Gb  systick_cfg.o [1]
SysTick_PollTickTask     0x800'3517    0x90  Code  Gb  systick_cfg.o [1]
SysTick_Resume           0x800'3339    0x10  Code  Gb  systick_cfg.o [1]
SysTick_StructInit       0x800'3349    0x40  Code  Gb  systick_cfg.o [1]
SysTick_Suspend          0x800'3329    0x10  Code  Gb  systick_cfg.o [1]
SysTick_WaitusTick       0x800'3639    0x4a  Code  Gb  systick_cfg.o [1]
SysTick_msInit           0x800'3389    0x52  Code  Gb  systick_cfg.o [1]
Sys_Init                 0x800'da0d    0xb8  Code  Gb  main.o [1]
SystemClock_Config       0x800'd8e3    0x9c  Code  Gb  main.o [1]
SystemCoreClock         0x2000'00a8     0x4  Data  Gb  system_stm32f4xx.o [1]
SystemInit               0x800'eb81    0x40  Code  Gb  system_stm32f4xx.o [1]
TIM2_IRQHandler          0x800'e7cf     0x2  Code  Gb  stm32f4xx_it.o [1]
Task_Manage              0x800'dc31    0xae  Code  Gb  task_manage.o [1]
Task_Manage_1            0x800'dbd1    0x10  Code  Gb  task_manage.o [1]
Task_Manage_2            0x800'dbe1    0x10  Code  Gb  task_manage.o [1]
Task_Manage_3            0x800'dbf1     0x4  Code  Gb  task_manage.o [1]
Task_Manage_4            0x800'dbf5     0x4  Code  Gb  task_manage.o [1]
Task_Manage_Step         0x800'dbf9    0x38  Code  Gb  task_manage.o [1]
TimerLib_Init            0x800'dd39     0x8  Code  Gb  timer_lib.o [1]
TimerTask_Init           0x800'dba5     0x8  Code  Gb  timer_task.o [1]
Timer_CalcFreqMode_DeInit
                         0x800'c61f     0xc  Code  Gb  timer_cfg.o [1]
Timer_CalcFreqMode_Init
                         0x800'c53d    0xe2  Code  Gb  timer_cfg.o [1]
Timer_Clock              0x800'c633   0x47a  Code  Gb  timer_cfg.o [1]
Timer_Init               0x800'c62b     0x8  Code  Gb  timer_cfg.o [1]
USART1_ConfigInit        0x800'55e3    0xf0  Code  Gb  usart_cfg.o [1]
USART1_IRQHandler        0x800'e76f     0xc  Code  Gb  stm32f4xx_it.o [1]
USART1_Init              0x800'56d3    0x60  Code  Gb  usart_cfg.o [1]
USART1_RX_BUFFER        0x2000'2ef4    0x44  Data  Gb  usart_task.o [1]
USART1_Read_DMA_Init     0x800'587d    0xac  Code  Gb  usart_cfg.o [1]
USART1_TX_BUFFER        0x2000'2f38    0x44  Data  Gb  usart_task.o [1]
USART1_Write_DMA_Init    0x800'5929    0xa2  Code  Gb  usart_cfg.o [1]
USART2_Init              0x800'5733     0x6  Code  Gb  usart_cfg.o [1]
USART3_Init              0x800'5739     0x6  Code  Gb  usart_cfg.o [1]
USARTLib_CRCTask_Read    0x800'ab3b     0xc  Code  Gb  usart_lib.o [1]
USARTLib_DeviceID        0x800'aaf9     0xc  Code  Gb  usart_lib.o [1]
USARTLib_FillMode_AddByte
                         0x800'ab17    0x12  Code  Gb  usart_lib.o [1]
USARTLib_FillMode_Init   0x800'ab05    0x12  Code  Gb  usart_lib.o [1]
USARTLib_FillMode_SetResultFlag
                         0x800'ab29    0x12  Code  Gb  usart_lib.o [1]
USARTLib_FillMode_WriteSTART
                         0x800'ab47    0x12  Code  Gb  usart_lib.o [1]
USARTLib_GetState        0x800'aadb     0xc  Code  Gb  usart_lib.o [1]
USARTLib_IRQTask         0x800'ab59     0xc  Code  Gb  usart_lib.o [1]
USARTLib_Init            0x800'aa71    0x5e  Code  Gb  usart_lib.o [1]
USARTLib_Read_DMA_IRQTask
                         0x800'ab65     0xc  Code  Gb  usart_lib.o [1]
USARTLib_Read_Init       0x800'aacf     0xc  Code  Gb  usart_lib.o [1]
USARTLib_TimeTask_OverFlow
                         0x800'aae7    0x12  Code  Gb  usart_lib.o [1]
USARTLib_Write_DMA_IRQTask
                         0x800'ab71     0xc  Code  Gb  usart_lib.o [1]
USARTTask_CRCTask_Read   0x800'a9c5     0xc  Code  Gb  usart_task.o [1]
USARTTask_DeviceID       0x800'a9e3     0xc  Code  Gb  usart_task.o [1]
USARTTask_FillMode_AddByte
                         0x800'a9a1    0x12  Code  Gb  usart_task.o [1]
USARTTask_FillMode_Init
                         0x800'a98f    0x12  Code  Gb  usart_task.o [1]
USARTTask_FillMode_SetResultFlag
                         0x800'a9b3    0x12  Code  Gb  usart_task.o [1]
USARTTask_FillMode_WriteSTART
                         0x800'a9d1    0x12  Code  Gb  usart_task.o [1]
USARTTask_GetState       0x800'a975     0xc  Code  Gb  usart_task.o [1]
USARTTask_IRQTask        0x800'a9ef     0xc  Code  Gb  usart_task.o [1]
USARTTask_Init           0x800'a92d    0x3c  Code  Gb  usart_task.o [1]
USARTTask_Read_DMA_IRQTask
                         0x800'a9fb     0xc  Code  Gb  usart_task.o [1]
USARTTask_Read_Init      0x800'a969     0xc  Code  Gb  usart_task.o [1]
USARTTask_TimeTask_OverFlow
                         0x800'a981     0xe  Code  Gb  usart_task.o [1]
USARTTask_Write_DMA_IRQTask
                         0x800'aa07     0xc  Code  Gb  usart_task.o [1]
USART_485GPIOInit        0x800'4875    0x2a  Code  Gb  usart_cfg.o [1]
USART_CRCTask_Read       0x800'4de5   0x1e8  Code  Gb  usart_cfg.o [1]
USART_CRCTask_Write      0x800'4fcd    0xfa  Code  Gb  usart_cfg.o [1]
USART_ClearOverFlow      0x800'5187     0xa  Code  Gb  usart_cfg.o [1]
USART_Clock              0x800'53c1   0x20a  Code  Gb  usart_cfg.o [1]
USART_DMA_IDLETask       0x800'5a6b    0x62  Code  Gb  usart_cfg.o [1]
USART_DeviceID           0x800'5215    0x20  Code  Gb  usart_cfg.o [1]
USART_FillMode_AddByte   0x800'4db9    0x20  Code  Gb  usart_cfg.o [1]
USART_FillMode_Init      0x800'4d1d    0x9c  Code  Gb  usart_cfg.o [1]
USART_FillMode_SetResultFlag
                         0x800'4dd9     0xc  Code  Gb  usart_cfg.o [1]
USART_FillMode_WriteSTART
                         0x800'50c7    0xc0  Code  Gb  usart_cfg.o [1]
USART_GetState           0x800'5191     0x4  Code  Gb  usart_cfg.o [1]
USART_IRQTask            0x800'573f   0x13e  Code  Gb  usart_cfg.o [1]
USART_ITPrintf_TCTask    0x800'5343    0x38  Code  Gb  usart_cfg.o [1]
USART_ITRead_16BitsTask
                         0x800'4aa9   0x13a  Code  Gb  usart_cfg.o [1]
USART_ITRead_16BitsTask::tempVal
                        0x2000'306d     0x1  Data  Lc  usart_cfg.o [1]
USART_ITRead_8BitsTask   0x800'49b7    0xf2  Code  Gb  usart_cfg.o [1]
USART_ITRead_8BitsTask::tempVal
                        0x2000'306c     0x1  Data  Lc  usart_cfg.o [1]
USART_ITRead_Task        0x800'4c11    0x26  Code  Gb  usart_cfg.o [1]
USART_ITWrite_TCTask     0x800'4cc7    0x56  Code  Gb  usart_cfg.o [1]
USART_ITWrite_TXETask    0x800'4c37    0x90  Code  Gb  usart_cfg.o [1]
USART_IT_TCTask          0x800'5381    0x34  Code  Gb  usart_cfg.o [1]
USART_Init               0x800'47cb    0x7c  Code  Gb  usart_cfg.o [1]
USART_ParamInit          0x800'55cb    0x18  Code  Gb  usart_cfg.o [1]
USART_Printf             0x800'52c1    0x82  Code  Gb  usart_cfg.o [1]
USART_PrintfResume       0x800'52ab    0x16  Code  Gb  usart_cfg.o [1]
USART_PrintfSuspend      0x800'5235    0x76  Code  Gb  usart_cfg.o [1]
USART_Read_DMA_IRQTask   0x800'5acd    0x12  Code  Gb  usart_cfg.o [1]
USART_Read_DMA_RESTART   0x800'5a1b    0x1c  Code  Gb  usart_cfg.o [1]
USART_Read_DMA_STOP      0x800'59f5    0x26  Code  Gb  usart_cfg.o [1]
USART_Read_Init          0x800'5195    0x46  Code  Gb  usart_cfg.o [1]
USART_StructInit         0x800'46ef    0xdc  Code  Gb  usart_cfg.o [1]
USART_TXGPIOInit         0x800'4847    0x2e  Code  Gb  usart_cfg.o [1]
USART_TimeTask_OverFlow
                         0x800'4903    0xb4  Code  Gb  usart_cfg.o [1]
USART_TimeTick_Init      0x800'489f    0x18  Code  Gb  usart_cfg.o [1]
USART_TimeTick_OverFlow
                         0x800'48b7    0x4c  Code  Gb  usart_cfg.o [1]
USART_Write_DMA_IRQTask
                         0x800'5adf    0x1c  Code  Gb  usart_cfg.o [1]
USART_Write_DMA_RESTART
                         0x800'5a4b    0x20  Code  Gb  usart_cfg.o [1]
USART_Write_DMA_SetMemoryAddress
                         0x800'5a37    0x14  Code  Gb  usart_cfg.o [1]
USART_Write_Init         0x800'51db    0x3a  Code  Gb  usart_cfg.o [1]
UsageFault_Handler       0x800'e755     0x2  Code  Gb  stm32f4xx_it.o [1]
WM8510Lib_I2C_Init       0x800'dd41    0x1a  Code  Gb  wm8510_lib.o [1]
WM8510Task_I2C_Init      0x800'dbad    0x1a  Code  Gb  wm8510_task.o [1]
WM8510_HWI2C_WriteReg    0x800'e15b     0x6  Code  Gb  wm8510_cfg.o [1]
WM8510_I2C_Device0_Init
                         0x800'dfa7    0x78  Code  Gb  wm8510_cfg.o [1]
WM8510_I2C_Device1_Init
                         0x800'e01f     0x6  Code  Gb  wm8510_cfg.o [1]
WM8510_I2C_Device2_Init
                         0x800'e025     0x6  Code  Gb  wm8510_cfg.o [1]
WM8510_I2C_Init          0x800'e02b    0x8c  Code  Gb  wm8510_cfg.o [1]
WM8510_I2C_ParamsInit    0x800'df19    0x8e  Code  Gb  wm8510_cfg.o [1]
WM8510_I2C_START         0x800'e0b7    0x30  Code  Gb  wm8510_cfg.o [1]
WM8510_I2C_SendCMD       0x800'e161    0x26  Code  Gb  wm8510_cfg.o [1]
WM8510_SWI2C_WriteReg    0x800'e0e7    0x74  Code  Gb  wm8510_cfg.o [1]
WWDG_IRQHandler          0x800'e765     0xa  Code  Gb  stm32f4xx_it.o [1]
_Encoding_8859_1_Mbrlen
                         0x800'3261     0x2  Code  Gb  xencoding_8859_1.o [2]
_Encoding_8859_1_Wctomb
                         0x800'324f    0x12  Code  Gb  xencoding_8859_1.o [2]
_Error_Handler           0x800'3b49     0x2  Code  Gb  stm32_cfg.o [1]
_LitobFull               0x800'728f   0x10a  Code  Lc  xprintffull.o [2]
_Locale_lconv           0x2000'0048    0x38  Data  Lc  xlocale_c.o [2]
_PrintfFull              0x800'637d   0xcc4  Code  Gb  xprintffull.o [2]
_PutcharsFull            0x800'7401    0x2e  Code  Lc  xprintffull.o [2]
_PutstrFull              0x800'71cf    0xc0  Code  Lc  xprintffull.o [2]
_PuttxtFull              0x800'70c3   0x10c  Code  Lc  xprintffull.o [2]
_SNProut                 0x800'39bf    0x1a  Code  Gb  xsnprout.o [2]
__NVIC_EnableIRQ         0x800'ab89    0x20  Code  Lc  adc_cfg.o [1]
__NVIC_EnableIRQ         0x800'dd6f    0x1e  Code  Lc  random_cfg.o [1]
__NVIC_EnableIRQ         0x800'4385    0x20  Code  Lc  usart_cfg.o [1]
__NVIC_GetPriorityGrouping
                         0x800'ab7d     0xc  Code  Lc  adc_cfg.o [1]
__NVIC_GetPriorityGrouping
                         0x800'd733     0xc  Code  Lc  main.o [1]
__NVIC_GetPriorityGrouping
                         0x800'dd65     0xa  Code  Lc  random_cfg.o [1]
__NVIC_GetPriorityGrouping
                         0x800'328f     0xc  Code  Lc  systick_cfg.o [1]
__NVIC_GetPriorityGrouping
                         0x800'4379     0xc  Code  Lc  usart_cfg.o [1]
__NVIC_SetPriority       0x800'aba9    0x30  Code  Lc  adc_cfg.o [1]
__NVIC_SetPriority       0x800'd73f    0x30  Code  Lc  main.o [1]
__NVIC_SetPriority       0x800'dd8d    0x2c  Code  Lc  random_cfg.o [1]
__NVIC_SetPriority       0x800'329b    0x30  Code  Lc  systick_cfg.o [1]
__NVIC_SetPriority       0x800'43a5    0x30  Code  Lc  usart_cfg.o [1]
__NVIC_SetPriorityGrouping
                         0x800'd711    0x22  Code  Lc  main.o [1]
__NVIC_SetPriorityGrouping
                         0x800'326d    0x22  Code  Lc  systick_cfg.o [1]
__NVIC_SystemReset       0x800'e869    0x1a  Code  Lc  css_cfg.o [1]
__NVIC_SystemReset       0x800'ccbd    0x1e  Code  Lc  rtc_cfg.o [1]
__aeabi_cdcmple          0x800'7b91          Code  Gb  DblCmpLe.o [3]
__aeabi_cdrcmple         0x800'7bc1          Code  Gb  DblCmpGe.o [3]
__aeabi_d2iz             0x800'41f9          Code  Gb  DblToS32.o [3]
__aeabi_d2uiz            0x800'7d2d          Code  Gb  DblToU32.o [3]
__aeabi_dadd             0x800'3e11          Code  Gb  DblAdd.o [3]
__aeabi_ddiv             0x800'3fb1          Code  Gb  DblDiv.o [3]
__aeabi_dmul             0x800'7d55          Code  Gb  DblMul.o [3]
__aeabi_dsub             0x800'4295          Code  Gb  DblSub.o [3]
__aeabi_i2d              0x800'3f8d          Code  Gb  S32ToDbl.o [3]
__aeabi_ldiv0            0x800'7f01          Code  Gb  I64DivZer.o [4]
__aeabi_memcpy           0x800'7a79          Code  Gb  ABImemcpy.o [4]
__aeabi_memcpy4          0x800'7a99          Code  Gb  ABImemcpy.o [4]
__aeabi_memcpy8          0x800'7a99          Code  Gb  ABImemcpy.o [4]
__aeabi_memset           0x800'2925          Code  Gb  ABImemset.o [4]
__aeabi_ui2d             0x800'3df5          Code  Gb  U32ToDbl.o [3]
__aeabi_uldivmod         0x800'7445          Code  Gb  I64DivMod.o [4]
__cmain                  0x800'ecc5          Code  Gb  cmain.o [4]
__exit                   0x800'7f51    0x14  Code  Gb  exit.o [5]
__iar_Fail_s             0x800'79a9    0x1c  Code  Gb  xfail_s.o [2]
__iar_Mbcurmax           0x800'7ef7     0xa  Code  Gb  xmbcurmax.o [2]
__iar_Memchr             0x800'7a21          Code  Gb  memchr.o [4]
__iar_Memset             0x800'2925          Code  Gb  ABImemset.o [4]
__iar_Memset_word        0x800'292d          Code  Gb  ABImemset.o [4]
__iar_Strchr             0x800'7991          Code  Gb  strchr.o [4]
__iar_copy_init3         0x800'298b    0x2e  Code  Gb  copy_init3.o [4]
__iar_dadd               0x800'42a5          Code  Gb  DblSub.o [3]
__iar_data_init3         0x800'ec35    0x28  Code  Gb  data_init.o [4]
__iar_dsub               0x800'3e21          Code  Gb  DblAdd.o [3]
__iar_dsubStart          0x800'3e33          Code  Gb  DblAdd.o [3]
__iar_frexp              0x800'7b2d          Code  Gb  frexp.o [3]
__iar_frexpl             0x800'7b2d          Code  Gb  frexp.o [3]
__iar_globLocale        0x2000'0000    0x48  Data  Lc  xlocale_c.o [2]
__iar_global_Locale      0x800'7915     0x4  Code  Gb  xlocale_c.o [2]
__iar_init_vfp           0x800'ec5d          Code  Gb  fpinit_M.o [3]
__iar_ldexp64            0x800'7bf1          Code  Gb  ldexp.o [3]
__iar_program_start      0x800'ed6d          Code  Gb  cstartup_M.o [4]
__iar_scalbln64          0x800'7bf1          Code  Gb  ldexp.o [3]
__iar_scalbn64           0x800'7bf1          Code  Gb  ldexp.o [3]
__iar_softfp___iar_frexp64
                         0x800'7b21          Code  Gb  frexp.o [3]
__iar_softfp_frexp       0x800'7b21          Code  Gb  frexp.o [3]
__iar_softfp_frexpl      0x800'7b21          Code  Gb  frexp.o [3]
__iar_zero_init3         0x800'28eb    0x3a  Code  Gb  zero_init3.o [4]
__low_level_init         0x800'ece3     0x4  Code  Gb  low_level_init.o [2]
__vector_table           0x800'0000          Data  Gb  startup_stm32f407xx.o [1]
_call_main               0x800'ecd1          Code  Gb  cmain.o [4]
_exit                    0x800'eced          Code  Gb  cexit.o [4]
_gLocale_mblen           0x800'797d     0x4  Code  Gb  xlocale_c.o [2]
_gLocale_mblenInt        0x800'7941    0x2c  Code  Gb  xlocale_c.o [2]
_gLocale_wctomb          0x800'7981     0x4  Code  Gb  xlocale_c.o [2]
_gLocale_wctombInt       0x800'7979     0x4  Code  Gb  xlocale_c.o [2]
_irq_disable             0x800'3b41     0x4  Code  Gb  stm32_cfg.o [1]
_irq_enable              0x800'3b45     0x4  Code  Gb  stm32_cfg.o [1]
_main                    0x800'ecdf          Code  Gb  cmain.o [4]
abort                    0x800'7f49     0x6  Code  Gb  abort.o [2]
crc16Table               0x800'e4f0   0x200  Data  Gb  crc_cfg.o [1]
crc8Table07              0x800'e920   0x100  Data  Gb  crc_cfg.o [1]
crc8Table31              0x800'ea20   0x100  Data  Gb  crc_cfg.o [1]
exit                     0x800'ece7     0x4  Code  Gb  exit.o [2]
g_ABChannelADC          0x2000'2f7c    0x2c  Data  Gb  adc_cfg.o [1]
g_CDChannelADC          0x2000'2fa8    0x2c  Data  Gb  adc_cfg.o [1]
g_CRCIsEnable           0x2000'00bc     0x1  Data  Gb  crc_cfg.o [1]
g_CalcFreq              0x2000'2ffc    0x24  Data  Gb  timer_cfg.o [1]
g_HASH_RNG_Val          0x2000'3060     0x4  Data  Gb  random_cfg.o [1]
g_HardFaultErrMsg       0x2000'3020    0x20  Data  Gb  stm32_cfg.o [1]
g_IspDevice0            0x2000'2dbc    0x78  Data  Gb  isp_cfg.o [1]
g_JtagDevice0           0x2000'2ea0    0x54  Data  Gb  jtag_cfg.o [1]
g_MemMap                0x2000'28c0   0x280  Data  Gb  my_malloc.o [1]
g_MemPool               0x2000'00c0  0x2800  Data  Gb  my_malloc.o [1]
g_MonthDaysTab           0x800'ed24    0x10  Data  Gb  rtc_cfg.o [1]
g_MyMallocDev           0x2000'0080    0x14  Data  Gb  my_malloc.o [1]
g_PrintfBuffer          0x2000'2b40   0x200  Data  Gb  usart_cfg.o [1]
g_SysSoftRTC            0x2000'3040    0x18  Data  Gb  rtc_cfg.o [1]
g_SysTick               0x2000'2fd4    0x28  Data  Gb  systick_cfg.o [1]
g_TaskMangeIndex        0x2000'00be     0x1  Data  Gb  task_manage.o [1]
g_Usart1                0x2000'2d40    0x7c  Data  Gb  usart_cfg.o [1]
g_Wm8510Device0         0x2000'2e34    0x6c  Data  Gb  wm8510_cfg.o [1]
ldexp                    0x800'7bf1          Code  Gb  ldexp.o [3]
ldexpl                   0x800'7bf1          Code  Gb  ldexp.o [3]
localeconv               0x800'7985     0x4  Code  Gb  xlocale_c.o [2]
main                     0x800'dac5    0x22  Code  Gb  main.o [1]
memchr                   0x800'7a21          Code  Gb  memchr.o [4]
pABChannelADC           0x2000'0094     0x4  Data  Gb  adc_cfg.o [1]
pCDChannelADC           0x2000'0098     0x4  Data  Gb  adc_cfg.o [1]
pCalcFreq               0x2000'00b0     0x4  Data  Gb  timer_cfg.o [1]
pIspDevice0             0x2000'009c     0x4  Data  Gb  isp_cfg.o [1]
pJtagDevice0            0x2000'00a0     0x4  Data  Gb  jtag_cfg.o [1]
pSysSoftRTC             0x2000'00a4     0x4  Data  Gb  rtc_cfg.o [1]
pSysTick                0x2000'00ac     0x4  Data  Gb  systick_cfg.o [1]
pUsart1                 0x2000'00b4     0x4  Data  Gb  usart_cfg.o [1]
pWm8510Device0          0x2000'00b8     0x4  Data  Gb  wm8510_cfg.o [1]
scalbln                  0x800'7bf1          Code  Gb  ldexp.o [3]
scalblnl                 0x800'7bf1          Code  Gb  ldexp.o [3]
scalbn                   0x800'7bf1          Code  Gb  ldexp.o [3]
scalbnl                  0x800'7bf1          Code  Gb  ldexp.o [3]
scale                    0x800'7399    0x46  Code  Lc  xprintffull.o [2]
sec_hand                0x2000'3068     0x4  Data  Lc  xfail_s.o [2]
strchr                   0x800'7991          Code  Gb  strchr.o [4]
strlen                   0x800'79e9          Code  Gb  strlen.o [4]
uwTick                  0x2000'3064     0x4  Data  Gb  stm32f4xx_hal.o [1]
uwTickFreq              0x2000'00bd     0x1  Data  Gb  stm32f4xx_hal.o [1]
vsnprintf                0x800'5b51    0x3c  Code  Gb  vsnprint.o [2]


[1] = H:\STM32Project\NewProject\STM32F407\STM32F407VET6\STM32F407VET6Project\EWARM\STM32F407VET6Project\Obj
[2] = dl7M_tlf.a
[3] = m7M_tls.a
[4] = rt7M_tl.a
[5] = shb_l.a

  59'719 bytes of readonly  code memory
   1'589 bytes of readonly  data memory
  20'589 bytes of readwrite data memory

Errors: none
Warnings: none
