###############################################################################
#
# IAR ELF Linker V8.40.1.212/W32 for ARM                  06/Jan/2020  20:21:43
# Copyright 2007-2019 IAR Systems AB.
#
#    Output file  =
#        I:\STM32Project\NewProject\STM32F407\STM32F407VET6\STM32F407VET6Project\EWARM\STM32F407VET6Project\Exe\STM32F407VET6Project.out
#    Map file     =
#        I:\STM32Project\NewProject\STM32F407\STM32F407VET6\STM32F407VET6Project\EWARM\STM32F407VET6Project\List\STM32F407VET6Project.map
#    Command line =
#        -f C:\Users\Admin\AppData\Local\Temp\EW693E.tmp
#        (I:\STM32Project\NewProject\STM32F407\STM32F407VET6\STM32F407VET6Project\EWARM\STM32F407VET6Project\Obj\ad5593_cfg.o
#        I:\STM32Project\NewProject\STM32F407\STM32F407VET6\STM32F407VET6Project\EWARM\STM32F407VET6Project\Obj\ad5593_lib.o
#        I:\STM32Project\NewProject\STM32F407\STM32F407VET6\STM32F407VET6Project\EWARM\STM32F407VET6Project\Obj\ad5593_task.o
#        I:\STM32Project\NewProject\STM32F407\STM32F407VET6\STM32F407VET6Project\EWARM\STM32F407VET6Project\Obj\adc_cfg.o
#        I:\STM32Project\NewProject\STM32F407\STM32F407VET6\STM32F407VET6Project\EWARM\STM32F407VET6Project\Obj\adc_lib.o
#        I:\STM32Project\NewProject\STM32F407\STM32F407VET6\STM32F407VET6Project\EWARM\STM32F407VET6Project\Obj\adc_task.o
#        I:\STM32Project\NewProject\STM32F407\STM32F407VET6\STM32F407VET6Project\EWARM\STM32F407VET6Project\Obj\ads1256_cfg.o
#        I:\STM32Project\NewProject\STM32F407\STM32F407VET6\STM32F407VET6Project\EWARM\STM32F407VET6Project\Obj\ads1256_lib.o
#        I:\STM32Project\NewProject\STM32F407\STM32F407VET6\STM32F407VET6Project\EWARM\STM32F407VET6Project\Obj\ads1256_task.o
#        I:\STM32Project\NewProject\STM32F407\STM32F407VET6\STM32F407VET6Project\EWARM\STM32F407VET6Project\Obj\ads868x_cfg.o
#        I:\STM32Project\NewProject\STM32F407\STM32F407VET6\STM32F407VET6Project\EWARM\STM32F407VET6Project\Obj\ads868x_lib.o
#        I:\STM32Project\NewProject\STM32F407\STM32F407VET6\STM32F407VET6Project\EWARM\STM32F407VET6Project\Obj\ads868x_task.o
#        I:\STM32Project\NewProject\STM32F407\STM32F407VET6\STM32F407VET6Project\EWARM\STM32F407VET6Project\Obj\ads869x_cfg.o
#        I:\STM32Project\NewProject\STM32F407\STM32F407VET6\STM32F407VET6Project\EWARM\STM32F407VET6Project\Obj\ads869x_lib.o
#        I:\STM32Project\NewProject\STM32F407\STM32F407VET6\STM32F407VET6Project\EWARM\STM32F407VET6Project\Obj\ads869x_task.o
#        I:\STM32Project\NewProject\STM32F407\STM32F407VET6\STM32F407VET6Project\EWARM\STM32F407VET6Project\Obj\aht10_cfg.o
#        I:\STM32Project\NewProject\STM32F407\STM32F407VET6\STM32F407VET6Project\EWARM\STM32F407VET6Project\Obj\aht10_lib.o
#        I:\STM32Project\NewProject\STM32F407\STM32F407VET6\STM32F407VET6Project\EWARM\STM32F407VET6Project\Obj\aht10_task.o
#        I:\STM32Project\NewProject\STM32F407\STM32F407VET6\STM32F407VET6Project\EWARM\STM32F407VET6Project\Obj\at24cxx_cfg.o
#        I:\STM32Project\NewProject\STM32F407\STM32F407VET6\STM32F407VET6Project\EWARM\STM32F407VET6Project\Obj\at24cxx_lib.o
#        I:\STM32Project\NewProject\STM32F407\STM32F407VET6\STM32F407VET6Project\EWARM\STM32F407VET6Project\Obj\at24cxx_task.o
#        I:\STM32Project\NewProject\STM32F407\STM32F407VET6\STM32F407VET6Project\EWARM\STM32F407VET6Project\Obj\bkp_cfg.o
#        I:\STM32Project\NewProject\STM32F407\STM32F407VET6\STM32F407VET6Project\EWARM\STM32F407VET6Project\Obj\bkp_lib.o
#        I:\STM32Project\NewProject\STM32F407\STM32F407VET6\STM32F407VET6Project\EWARM\STM32F407VET6Project\Obj\bkp_task.o
#        I:\STM32Project\NewProject\STM32F407\STM32F407VET6\STM32F407VET6Project\EWARM\STM32F407VET6Project\Obj\complier_cfg.o
#        I:\STM32Project\NewProject\STM32F407\STM32F407VET6\STM32F407VET6Project\EWARM\STM32F407VET6Project\Obj\complier_lib.o
#        I:\STM32Project\NewProject\STM32F407\STM32F407VET6\STM32F407VET6Project\EWARM\STM32F407VET6Project\Obj\crc_cfg.o
#        I:\STM32Project\NewProject\STM32F407\STM32F407VET6\STM32F407VET6Project\EWARM\STM32F407VET6Project\Obj\crc_lib.o
#        I:\STM32Project\NewProject\STM32F407\STM32F407VET6\STM32F407VET6Project\EWARM\STM32F407VET6Project\Obj\crc_task.o
#        I:\STM32Project\NewProject\STM32F407\STM32F407VET6\STM32F407VET6Project\EWARM\STM32F407VET6Project\Obj\css_cfg.o
#        I:\STM32Project\NewProject\STM32F407\STM32F407VET6\STM32F407VET6Project\EWARM\STM32F407VET6Project\Obj\css_lib.o
#        I:\STM32Project\NewProject\STM32F407\STM32F407VET6\STM32F407VET6Project\EWARM\STM32F407VET6Project\Obj\css_task.o
#        I:\STM32Project\NewProject\STM32F407\STM32F407VET6\STM32F407VET6Project\EWARM\STM32F407VET6Project\Obj\dac_cfg.o
#        I:\STM32Project\NewProject\STM32F407\STM32F407VET6\STM32F407VET6Project\EWARM\STM32F407VET6Project\Obj\dac_lib.o
#        I:\STM32Project\NewProject\STM32F407\STM32F407VET6\STM32F407VET6Project\EWARM\STM32F407VET6Project\Obj\dac_task.o
#        I:\STM32Project\NewProject\STM32F407\STM32F407VET6\STM32F407VET6Project\EWARM\STM32F407VET6Project\Obj\data_bus.o
#        I:\STM32Project\NewProject\STM32F407\STM32F407VET6\STM32F407VET6Project\EWARM\STM32F407VET6Project\Obj\decode_cfg.o
#        I:\STM32Project\NewProject\STM32F407\STM32F407VET6\STM32F407VET6Project\EWARM\STM32F407VET6Project\Obj\decode_lib.o
#        I:\STM32Project\NewProject\STM32F407\STM32F407VET6\STM32F407VET6Project\EWARM\STM32F407VET6Project\Obj\decode_task.o
#        I:\STM32Project\NewProject\STM32F407\STM32F407VET6\STM32F407VET6Project\EWARM\STM32F407VET6Project\Obj\delay_cfg.o
#        I:\STM32Project\NewProject\STM32F407\STM32F407VET6\STM32F407VET6Project\EWARM\STM32F407VET6Project\Obj\delay_lib.o
#        I:\STM32Project\NewProject\STM32F407\STM32F407VET6\STM32F407VET6Project\EWARM\STM32F407VET6Project\Obj\delay_task.o
#        I:\STM32Project\NewProject\STM32F407\STM32F407VET6\STM32F407VET6Project\EWARM\STM32F407VET6Project\Obj\dht11_cfg.o
#        I:\STM32Project\NewProject\STM32F407\STM32F407VET6\STM32F407VET6Project\EWARM\STM32F407VET6Project\Obj\dht11_lib.o
#        I:\STM32Project\NewProject\STM32F407\STM32F407VET6\STM32F407VET6Project\EWARM\STM32F407VET6Project\Obj\dht11_task.o
#        I:\STM32Project\NewProject\STM32F407\STM32F407VET6\STM32F407VET6Project\EWARM\STM32F407VET6Project\Obj\ds1302_cfg.o
#        I:\STM32Project\NewProject\STM32F407\STM32F407VET6\STM32F407VET6Project\EWARM\STM32F407VET6Project\Obj\ds1302_lib.o
#        I:\STM32Project\NewProject\STM32F407\STM32F407VET6\STM32F407VET6Project\EWARM\STM32F407VET6Project\Obj\ds1302_task.o
#        I:\STM32Project\NewProject\STM32F407\STM32F407VET6\STM32F407VET6Project\EWARM\STM32F407VET6Project\Obj\ds18b20_cfg.o
#        I:\STM32Project\NewProject\STM32F407\STM32F407VET6\STM32F407VET6Project\EWARM\STM32F407VET6Project\Obj\ds18b20_lib.o
#        I:\STM32Project\NewProject\STM32F407\STM32F407VET6\STM32F407VET6Project\EWARM\STM32F407VET6Project\Obj\ds18b20_task.o
#        I:\STM32Project\NewProject\STM32F407\STM32F407VET6\STM32F407VET6Project\EWARM\STM32F407VET6Project\Obj\eeprom_cfg.o
#        I:\STM32Project\NewProject\STM32F407\STM32F407VET6\STM32F407VET6Project\EWARM\STM32F407VET6Project\Obj\eeprom_lib.o
#        I:\STM32Project\NewProject\STM32F407\STM32F407VET6\STM32F407VET6Project\EWARM\STM32F407VET6Project\Obj\eeprom_task.o
#        I:\STM32Project\NewProject\STM32F407\STM32F407VET6\STM32F407VET6Project\EWARM\STM32F407VET6Project\Obj\enc28j60_cfg.o
#        I:\STM32Project\NewProject\STM32F407\STM32F407VET6\STM32F407VET6Project\EWARM\STM32F407VET6Project\Obj\enc28j60_lib.o
#        I:\STM32Project\NewProject\STM32F407\STM32F407VET6\STM32F407VET6Project\EWARM\STM32F407VET6Project\Obj\enc28j60_task.o
#        I:\STM32Project\NewProject\STM32F407\STM32F407VET6\STM32F407VET6Project\EWARM\STM32F407VET6Project\Obj\flash_cfg.o
#        I:\STM32Project\NewProject\STM32F407\STM32F407VET6\STM32F407VET6Project\EWARM\STM32F407VET6Project\Obj\flash_lib.o
#        I:\STM32Project\NewProject\STM32F407\STM32F407VET6\STM32F407VET6Project\EWARM\STM32F407VET6Project\Obj\flash_task.o
#        I:\STM32Project\NewProject\STM32F407\STM32F407VET6\STM32F407VET6Project\EWARM\STM32F407VET6Project\Obj\gpio_cfg.o
#        I:\STM32Project\NewProject\STM32F407\STM32F407VET6\STM32F407VET6Project\EWARM\STM32F407VET6Project\Obj\gpio_lib.o
#        I:\STM32Project\NewProject\STM32F407\STM32F407VET6\STM32F407VET6Project\EWARM\STM32F407VET6Project\Obj\gpio_task.o
#        I:\STM32Project\NewProject\STM32F407\STM32F407VET6\STM32F407VET6Project\EWARM\STM32F407VET6Project\Obj\hmc830_cfg.o
#        I:\STM32Project\NewProject\STM32F407\STM32F407VET6\STM32F407VET6Project\EWARM\STM32F407VET6Project\Obj\hmc830_lib.o
#        I:\STM32Project\NewProject\STM32F407\STM32F407VET6\STM32F407VET6Project\EWARM\STM32F407VET6Project\Obj\hmc830_task.o
#        I:\STM32Project\NewProject\STM32F407\STM32F407VET6\STM32F407VET6Project\EWARM\STM32F407VET6Project\Obj\hvpp_cfg.o
#        I:\STM32Project\NewProject\STM32F407\STM32F407VET6\STM32F407VET6Project\EWARM\STM32F407VET6Project\Obj\hvpp_lib.o
#        I:\STM32Project\NewProject\STM32F407\STM32F407VET6\STM32F407VET6Project\EWARM\STM32F407VET6Project\Obj\hvpp_task.o
#        I:\STM32Project\NewProject\STM32F407\STM32F407VET6\STM32F407VET6Project\EWARM\STM32F407VET6Project\Obj\hvsp_cfg.o
#        I:\STM32Project\NewProject\STM32F407\STM32F407VET6\STM32F407VET6Project\EWARM\STM32F407VET6Project\Obj\hvsp_lib.o
#        I:\STM32Project\NewProject\STM32F407\STM32F407VET6\STM32F407VET6Project\EWARM\STM32F407VET6Project\Obj\hvsp_task.o
#        I:\STM32Project\NewProject\STM32F407\STM32F407VET6\STM32F407VET6Project\EWARM\STM32F407VET6Project\Obj\hw_cfg.o
#        I:\STM32Project\NewProject\STM32F407\STM32F407VET6\STM32F407VET6Project\EWARM\STM32F407VET6Project\Obj\i2c_cfg.o
#        I:\STM32Project\NewProject\STM32F407\STM32F407VET6\STM32F407VET6Project\EWARM\STM32F407VET6Project\Obj\i2c_lib.o
#        I:\STM32Project\NewProject\STM32F407\STM32F407VET6\STM32F407VET6Project\EWARM\STM32F407VET6Project\Obj\i2c_task.o
#        I:\STM32Project\NewProject\STM32F407\STM32F407VET6\STM32F407VET6Project\EWARM\STM32F407VET6Project\Obj\iap_cfg.o
#        I:\STM32Project\NewProject\STM32F407\STM32F407VET6\STM32F407VET6Project\EWARM\STM32F407VET6Project\Obj\iap_lib.o
#        I:\STM32Project\NewProject\STM32F407\STM32F407VET6\STM32F407VET6Project\EWARM\STM32F407VET6Project\Obj\iap_task.o
#        I:\STM32Project\NewProject\STM32F407\STM32F407VET6\STM32F407VET6Project\EWARM\STM32F407VET6Project\Obj\ina226_cfg.o
#        I:\STM32Project\NewProject\STM32F407\STM32F407VET6\STM32F407VET6Project\EWARM\STM32F407VET6Project\Obj\ina226_lib.o
#        I:\STM32Project\NewProject\STM32F407\STM32F407VET6\STM32F407VET6Project\EWARM\STM32F407VET6Project\Obj\ina226_task.o
#        I:\STM32Project\NewProject\STM32F407\STM32F407VET6\STM32F407VET6Project\EWARM\STM32F407VET6Project\Obj\isp_cfg.o
#        I:\STM32Project\NewProject\STM32F407\STM32F407VET6\STM32F407VET6Project\EWARM\STM32F407VET6Project\Obj\isp_lib.o
#        I:\STM32Project\NewProject\STM32F407\STM32F407VET6\STM32F407VET6Project\EWARM\STM32F407VET6Project\Obj\isp_task.o
#        I:\STM32Project\NewProject\STM32F407\STM32F407VET6\STM32F407VET6Project\EWARM\STM32F407VET6Project\Obj\iwdg_cfg.o
#        I:\STM32Project\NewProject\STM32F407\STM32F407VET6\STM32F407VET6Project\EWARM\STM32F407VET6Project\Obj\iwdg_lib.o
#        I:\STM32Project\NewProject\STM32F407\STM32F407VET6\STM32F407VET6Project\EWARM\STM32F407VET6Project\Obj\iwdg_task.o
#        I:\STM32Project\NewProject\STM32F407\STM32F407VET6\STM32F407VET6Project\EWARM\STM32F407VET6Project\Obj\jtag_cfg.o
#        I:\STM32Project\NewProject\STM32F407\STM32F407VET6\STM32F407VET6Project\EWARM\STM32F407VET6Project\Obj\jtag_lib.o
#        I:\STM32Project\NewProject\STM32F407\STM32F407VET6\STM32F407VET6Project\EWARM\STM32F407VET6Project\Obj\jtag_task.o
#        I:\STM32Project\NewProject\STM32F407\STM32F407VET6\STM32F407VET6Project\EWARM\STM32F407VET6Project\Obj\kalman_filter.o
#        I:\STM32Project\NewProject\STM32F407\STM32F407VET6\STM32F407VET6Project\EWARM\STM32F407VET6Project\Obj\key_cfg.o
#        I:\STM32Project\NewProject\STM32F407\STM32F407VET6\STM32F407VET6Project\EWARM\STM32F407VET6Project\Obj\key_lib.o
#        I:\STM32Project\NewProject\STM32F407\STM32F407VET6\STM32F407VET6Project\EWARM\STM32F407VET6Project\Obj\key_task.o
#        I:\STM32Project\NewProject\STM32F407\STM32F407VET6\STM32F407VET6Project\EWARM\STM32F407VET6Project\Obj\lcd1602_cfg.o
#        I:\STM32Project\NewProject\STM32F407\STM32F407VET6\STM32F407VET6Project\EWARM\STM32F407VET6Project\Obj\lcd1602_lib.o
#        I:\STM32Project\NewProject\STM32F407\STM32F407VET6\STM32F407VET6Project\EWARM\STM32F407VET6Project\Obj\lcd1602_task.o
#        I:\STM32Project\NewProject\STM32F407\STM32F407VET6\STM32F407VET6Project\EWARM\STM32F407VET6Project\Obj\led_cfg.o
#        I:\STM32Project\NewProject\STM32F407\STM32F407VET6\STM32F407VET6Project\EWARM\STM32F407VET6Project\Obj\led_lib.o
#        I:\STM32Project\NewProject\STM32F407\STM32F407VET6\STM32F407VET6Project\EWARM\STM32F407VET6Project\Obj\led_task.o
#        I:\STM32Project\NewProject\STM32F407\STM32F407VET6\STM32F407VET6Project\EWARM\STM32F407VET6Project\Obj\lin_cfg.o
#        I:\STM32Project\NewProject\STM32F407\STM32F407VET6\STM32F407VET6Project\EWARM\STM32F407VET6Project\Obj\lin_lib.o
#        I:\STM32Project\NewProject\STM32F407\STM32F407VET6\STM32F407VET6Project\EWARM\STM32F407VET6Project\Obj\lin_task.o
#        I:\STM32Project\NewProject\STM32F407\STM32F407VET6\STM32F407VET6Project\EWARM\STM32F407VET6Project\Obj\main.o
#        I:\STM32Project\NewProject\STM32F407\STM32F407VET6\STM32F407VET6Project\EWARM\STM32F407VET6Project\Obj\max961x_cfg.o
#        I:\STM32Project\NewProject\STM32F407\STM32F407VET6\STM32F407VET6Project\EWARM\STM32F407VET6Project\Obj\max961x_lib.o
#        I:\STM32Project\NewProject\STM32F407\STM32F407VET6\STM32F407VET6Project\EWARM\STM32F407VET6Project\Obj\max961x_task.o
#        I:\STM32Project\NewProject\STM32F407\STM32F407VET6\STM32F407VET6Project\EWARM\STM32F407VET6Project\Obj\mco_cfg.o
#        I:\STM32Project\NewProject\STM32F407\STM32F407VET6\STM32F407VET6Project\EWARM\STM32F407VET6Project\Obj\mobus_slave_cfg.o
#        I:\STM32Project\NewProject\STM32F407\STM32F407VET6\STM32F407VET6Project\EWARM\STM32F407VET6Project\Obj\mobus_slave_lib.o
#        I:\STM32Project\NewProject\STM32F407\STM32F407VET6\STM32F407VET6Project\EWARM\STM32F407VET6Project\Obj\mobus_slave_task.o
#        I:\STM32Project\NewProject\STM32F407\STM32F407VET6\STM32F407VET6Project\EWARM\STM32F407VET6Project\Obj\modbus_master_cfg.o
#        I:\STM32Project\NewProject\STM32F407\STM32F407VET6\STM32F407VET6Project\EWARM\STM32F407VET6Project\Obj\modbus_master_lib.o
#        I:\STM32Project\NewProject\STM32F407\STM32F407VET6\STM32F407VET6Project\EWARM\STM32F407VET6Project\Obj\modbus_master_task.o
#        I:\STM32Project\NewProject\STM32F407\STM32F407VET6\STM32F407VET6Project\EWARM\STM32F407VET6Project\Obj\my_malloc.o
#        I:\STM32Project\NewProject\STM32F407\STM32F407VET6\STM32F407VET6Project\EWARM\STM32F407VET6Project\Obj\nrf2401_cfg.o
#        I:\STM32Project\NewProject\STM32F407\STM32F407VET6\STM32F407VET6Project\EWARM\STM32F407VET6Project\Obj\nrf2401_lib.o
#        I:\STM32Project\NewProject\STM32F407\STM32F407VET6\STM32F407VET6Project\EWARM\STM32F407VET6Project\Obj\nrf2401_task.o
#        I:\STM32Project\NewProject\STM32F407\STM32F407VET6\STM32F407VET6Project\EWARM\STM32F407VET6Project\Obj\oled_cfg.o
#        I:\STM32Project\NewProject\STM32F407\STM32F407VET6\STM32F407VET6Project\EWARM\STM32F407VET6Project\Obj\oled_lib.o
#        I:\STM32Project\NewProject\STM32F407\STM32F407VET6\STM32F407VET6Project\EWARM\STM32F407VET6Project\Obj\oled_task.o
#        I:\STM32Project\NewProject\STM32F407\STM32F407VET6\STM32F407VET6Project\EWARM\STM32F407VET6Project\Obj\one_wire_cfg.o
#        I:\STM32Project\NewProject\STM32F407\STM32F407VET6\STM32F407VET6Project\EWARM\STM32F407VET6Project\Obj\one_wire_lib.o
#        I:\STM32Project\NewProject\STM32F407\STM32F407VET6\STM32F407VET6Project\EWARM\STM32F407VET6Project\Obj\one_wire_task.o
#        I:\STM32Project\NewProject\STM32F407\STM32F407VET6\STM32F407VET6Project\EWARM\STM32F407VET6Project\Obj\pcf8563_cfg.o
#        I:\STM32Project\NewProject\STM32F407\STM32F407VET6\STM32F407VET6Project\EWARM\STM32F407VET6Project\Obj\pcf8563_lib.o
#        I:\STM32Project\NewProject\STM32F407\STM32F407VET6\STM32F407VET6Project\EWARM\STM32F407VET6Project\Obj\pcf8563_task.o
#        I:\STM32Project\NewProject\STM32F407\STM32F407VET6\STM32F407VET6Project\EWARM\STM32F407VET6Project\Obj\pid_cfg.o
#        I:\STM32Project\NewProject\STM32F407\STM32F407VET6\STM32F407VET6Project\EWARM\STM32F407VET6Project\Obj\pid_lib.o
#        I:\STM32Project\NewProject\STM32F407\STM32F407VET6\STM32F407VET6Project\EWARM\STM32F407VET6Project\Obj\pid_task.o
#        I:\STM32Project\NewProject\STM32F407\STM32F407VET6\STM32F407VET6Project\EWARM\STM32F407VET6Project\Obj\power_cfg.o
#        I:\STM32Project\NewProject\STM32F407\STM32F407VET6\STM32F407VET6Project\EWARM\STM32F407VET6Project\Obj\power_lib.o
#        I:\STM32Project\NewProject\STM32F407\STM32F407VET6\STM32F407VET6Project\EWARM\STM32F407VET6Project\Obj\power_task.o
#        I:\STM32Project\NewProject\STM32F407\STM32F407VET6\STM32F407VET6Project\EWARM\STM32F407VET6Project\Obj\pvd_cfg.o
#        I:\STM32Project\NewProject\STM32F407\STM32F407VET6\STM32F407VET6Project\EWARM\STM32F407VET6Project\Obj\pvd_lib.o
#        I:\STM32Project\NewProject\STM32F407\STM32F407VET6\STM32F407VET6Project\EWARM\STM32F407VET6Project\Obj\pvd_task.o
#        I:\STM32Project\NewProject\STM32F407\STM32F407VET6\STM32F407VET6Project\EWARM\STM32F407VET6Project\Obj\random_cfg.o
#        I:\STM32Project\NewProject\STM32F407\STM32F407VET6\STM32F407VET6Project\EWARM\STM32F407VET6Project\Obj\random_lib.o
#        I:\STM32Project\NewProject\STM32F407\STM32F407VET6\STM32F407VET6Project\EWARM\STM32F407VET6Project\Obj\random_task.o
#        I:\STM32Project\NewProject\STM32F407\STM32F407VET6\STM32F407VET6Project\EWARM\STM32F407VET6Project\Obj\rfask_cfg.o
#        I:\STM32Project\NewProject\STM32F407\STM32F407VET6\STM32F407VET6Project\EWARM\STM32F407VET6Project\Obj\rfask_eeprom.o
#        I:\STM32Project\NewProject\STM32F407\STM32F407VET6\STM32F407VET6Project\EWARM\STM32F407VET6Project\Obj\rfask_lib.o
#        I:\STM32Project\NewProject\STM32F407\STM32F407VET6\STM32F407VET6Project\EWARM\STM32F407VET6Project\Obj\rfask_task.o
#        I:\STM32Project\NewProject\STM32F407\STM32F407VET6\STM32F407VET6Project\EWARM\STM32F407VET6Project\Obj\rfaskhw_cfg.o
#        I:\STM32Project\NewProject\STM32F407\STM32F407VET6\STM32F407VET6Project\EWARM\STM32F407VET6Project\Obj\rtc_cfg.o
#        I:\STM32Project\NewProject\STM32F407\STM32F407VET6\STM32F407VET6Project\EWARM\STM32F407VET6Project\Obj\rtc_lib.o
#        I:\STM32Project\NewProject\STM32F407\STM32F407VET6\STM32F407VET6Project\EWARM\STM32F407VET6Project\Obj\rtc_task.o
#        I:\STM32Project\NewProject\STM32F407\STM32F407VET6\STM32F407VET6Project\EWARM\STM32F407VET6Project\Obj\sdio_cfg.o
#        I:\STM32Project\NewProject\STM32F407\STM32F407VET6\STM32F407VET6Project\EWARM\STM32F407VET6Project\Obj\sdio_lib.o
#        I:\STM32Project\NewProject\STM32F407\STM32F407VET6\STM32F407VET6Project\EWARM\STM32F407VET6Project\Obj\sdio_task.o
#        I:\STM32Project\NewProject\STM32F407\STM32F407VET6\STM32F407VET6Project\EWARM\STM32F407VET6Project\Obj\sht2x_cfg.o
#        I:\STM32Project\NewProject\STM32F407\STM32F407VET6\STM32F407VET6Project\EWARM\STM32F407VET6Project\Obj\sht2x_lib.o
#        I:\STM32Project\NewProject\STM32F407\STM32F407VET6\STM32F407VET6Project\EWARM\STM32F407VET6Project\Obj\sht2x_task.o
#        I:\STM32Project\NewProject\STM32F407\STM32F407VET6\STM32F407VET6Project\EWARM\STM32F407VET6Project\Obj\si5351a_cfg.o
#        I:\STM32Project\NewProject\STM32F407\STM32F407VET6\STM32F407VET6Project\EWARM\STM32F407VET6Project\Obj\si5351a_lib.o
#        I:\STM32Project\NewProject\STM32F407\STM32F407VET6\STM32F407VET6Project\EWARM\STM32F407VET6Project\Obj\si5351a_task.o
#        I:\STM32Project\NewProject\STM32F407\STM32F407VET6\STM32F407VET6Project\EWARM\STM32F407VET6Project\Obj\smbus_cfg.o
#        I:\STM32Project\NewProject\STM32F407\STM32F407VET6\STM32F407VET6Project\EWARM\STM32F407VET6Project\Obj\smbus_lib.o
#        I:\STM32Project\NewProject\STM32F407\STM32F407VET6\STM32F407VET6Project\EWARM\STM32F407VET6Project\Obj\smbus_task.o
#        I:\STM32Project\NewProject\STM32F407\STM32F407VET6\STM32F407VET6Project\EWARM\STM32F407VET6Project\Obj\spi_cfg.o
#        I:\STM32Project\NewProject\STM32F407\STM32F407VET6\STM32F407VET6Project\EWARM\STM32F407VET6Project\Obj\spi_lib.o
#        I:\STM32Project\NewProject\STM32F407\STM32F407VET6\STM32F407VET6Project\EWARM\STM32F407VET6Project\Obj\spi_task.o
#        I:\STM32Project\NewProject\STM32F407\STM32F407VET6\STM32F407VET6Project\EWARM\STM32F407VET6Project\Obj\startup_stm32f407xx.o
#        I:\STM32Project\NewProject\STM32F407\STM32F407VET6\STM32F407VET6Project\EWARM\STM32F407VET6Project\Obj\stm32_cfg.o
#        I:\STM32Project\NewProject\STM32F407\STM32F407VET6\STM32F407VET6Project\EWARM\STM32F407VET6Project\Obj\stm32f4xx_hal.o
#        I:\STM32Project\NewProject\STM32F407\STM32F407VET6\STM32F407VET6Project\EWARM\STM32F407VET6Project\Obj\stm32f4xx_hal_cortex.o
#        I:\STM32Project\NewProject\STM32F407\STM32F407VET6\STM32F407VET6Project\EWARM\STM32F407VET6Project\Obj\stm32f4xx_hal_gpio.o
#        I:\STM32Project\NewProject\STM32F407\STM32F407VET6\STM32F407VET6Project\EWARM\STM32F407VET6Project\Obj\stm32f4xx_hal_rcc.o
#        I:\STM32Project\NewProject\STM32F407\STM32F407VET6\STM32F407VET6Project\EWARM\STM32F407VET6Project\Obj\stm32f4xx_it.o
#        I:\STM32Project\NewProject\STM32F407\STM32F407VET6\STM32F407VET6Project\EWARM\STM32F407VET6Project\Obj\stm32f4xx_ll_adc.o
#        I:\STM32Project\NewProject\STM32F407\STM32F407VET6\STM32F407VET6Project\EWARM\STM32F407VET6Project\Obj\stm32f4xx_ll_crc.o
#        I:\STM32Project\NewProject\STM32F407\STM32F407VET6\STM32F407VET6Project\EWARM\STM32F407VET6Project\Obj\stm32f4xx_ll_dac.o
#        I:\STM32Project\NewProject\STM32F407\STM32F407VET6\STM32F407VET6Project\EWARM\STM32F407VET6Project\Obj\stm32f4xx_ll_dma.o
#        I:\STM32Project\NewProject\STM32F407\STM32F407VET6\STM32F407VET6Project\EWARM\STM32F407VET6Project\Obj\stm32f4xx_ll_dma2d.o
#        I:\STM32Project\NewProject\STM32F407\STM32F407VET6\STM32F407VET6Project\EWARM\STM32F407VET6Project\Obj\stm32f4xx_ll_gpio.o
#        I:\STM32Project\NewProject\STM32F407\STM32F407VET6\STM32F407VET6Project\EWARM\STM32F407VET6Project\Obj\stm32f4xx_ll_i2c.o
#        I:\STM32Project\NewProject\STM32F407\STM32F407VET6\STM32F407VET6Project\EWARM\STM32F407VET6Project\Obj\stm32f4xx_ll_pwr.o
#        I:\STM32Project\NewProject\STM32F407\STM32F407VET6\STM32F407VET6Project\EWARM\STM32F407VET6Project\Obj\stm32f4xx_ll_rcc.o
#        I:\STM32Project\NewProject\STM32F407\STM32F407VET6\STM32F407VET6Project\EWARM\STM32F407VET6Project\Obj\stm32f4xx_ll_rng.o
#        I:\STM32Project\NewProject\STM32F407\STM32F407VET6\STM32F407VET6Project\EWARM\STM32F407VET6Project\Obj\stm32f4xx_ll_rtc.o
#        I:\STM32Project\NewProject\STM32F407\STM32F407VET6\STM32F407VET6Project\EWARM\STM32F407VET6Project\Obj\stm32f4xx_ll_spi.o
#        I:\STM32Project\NewProject\STM32F407\STM32F407VET6\STM32F407VET6Project\EWARM\STM32F407VET6Project\Obj\stm32f4xx_ll_tim.o
#        I:\STM32Project\NewProject\STM32F407\STM32F407VET6\STM32F407VET6Project\EWARM\STM32F407VET6Project\Obj\stm32f4xx_ll_usart.o
#        I:\STM32Project\NewProject\STM32F407\STM32F407VET6\STM32F407VET6Project\EWARM\STM32F407VET6Project\Obj\stm32f4xx_ll_utils.o
#        I:\STM32Project\NewProject\STM32F407\STM32F407VET6\STM32F407VET6Project\EWARM\STM32F407VET6Project\Obj\system_stm32f4xx.o
#        I:\STM32Project\NewProject\STM32F407\STM32F407VET6\STM32F407VET6Project\EWARM\STM32F407VET6Project\Obj\systick_cfg.o
#        I:\STM32Project\NewProject\STM32F407\STM32F407VET6\STM32F407VET6Project\EWARM\STM32F407VET6Project\Obj\systick_lib.o
#        I:\STM32Project\NewProject\STM32F407\STM32F407VET6\STM32F407VET6Project\EWARM\STM32F407VET6Project\Obj\systick_task.o
#        I:\STM32Project\NewProject\STM32F407\STM32F407VET6\STM32F407VET6Project\EWARM\STM32F407VET6Project\Obj\task_manage.o
#        I:\STM32Project\NewProject\STM32F407\STM32F407VET6\STM32F407VET6Project\EWARM\STM32F407VET6Project\Obj\timer_cfg.o
#        I:\STM32Project\NewProject\STM32F407\STM32F407VET6\STM32F407VET6Project\EWARM\STM32F407VET6Project\Obj\timer_lib.o
#        I:\STM32Project\NewProject\STM32F407\STM32F407VET6\STM32F407VET6Project\EWARM\STM32F407VET6Project\Obj\timer_task.o
#        I:\STM32Project\NewProject\STM32F407\STM32F407VET6\STM32F407VET6Project\EWARM\STM32F407VET6Project\Obj\usart_cfg.o
#        I:\STM32Project\NewProject\STM32F407\STM32F407VET6\STM32F407VET6Project\EWARM\STM32F407VET6Project\Obj\usart_lib.o
#        I:\STM32Project\NewProject\STM32F407\STM32F407VET6\STM32F407VET6Project\EWARM\STM32F407VET6Project\Obj\usart_task.o
#        I:\STM32Project\NewProject\STM32F407\STM32F407VET6\STM32F407VET6Project\EWARM\STM32F407VET6Project\Obj\w25qxx_cfg.o
#        I:\STM32Project\NewProject\STM32F407\STM32F407VET6\STM32F407VET6Project\EWARM\STM32F407VET6Project\Obj\w25qxx_lib.o
#        I:\STM32Project\NewProject\STM32F407\STM32F407VET6\STM32F407VET6Project\EWARM\STM32F407VET6Project\Obj\w25qxx_task.o
#        I:\STM32Project\NewProject\STM32F407\STM32F407VET6\STM32F407VET6Project\EWARM\STM32F407VET6Project\Obj\w5500_cfg.o
#        I:\STM32Project\NewProject\STM32F407\STM32F407VET6\STM32F407VET6Project\EWARM\STM32F407VET6Project\Obj\w5500_lib.o
#        I:\STM32Project\NewProject\STM32F407\STM32F407VET6\STM32F407VET6Project\EWARM\STM32F407VET6Project\Obj\w5500_task.o
#        I:\STM32Project\NewProject\STM32F407\STM32F407VET6\STM32F407VET6Project\EWARM\STM32F407VET6Project\Obj\wm8510_cfg.o
#        I:\STM32Project\NewProject\STM32F407\STM32F407VET6\STM32F407VET6Project\EWARM\STM32F407VET6Project\Obj\wm8510_lib.o
#        I:\STM32Project\NewProject\STM32F407\STM32F407VET6\STM32F407VET6Project\EWARM\STM32F407VET6Project\Obj\wm8510_task.o
#        I:\STM32Project\NewProject\STM32F407\STM32F407VET6\STM32F407VET6Project\EWARM\STM32F407VET6Project\Obj\wwdg_cfg.o
#        I:\STM32Project\NewProject\STM32F407\STM32F407VET6\STM32F407VET6Project\EWARM\STM32F407VET6Project\Obj\wwdg_lib.o
#        I:\STM32Project\NewProject\STM32F407\STM32F407VET6\STM32F407VET6Project\EWARM\STM32F407VET6Project\Obj\wwdg_task.o
#        --redirect _Printf=_PrintfFull --redirect _Scanf=_ScanfFull
#        --no_out_extension -o
#        I:\STM32Project\NewProject\STM32F407\STM32F407VET6\STM32F407VET6Project\EWARM\STM32F407VET6Project\Exe\STM32F407VET6Project.out
#        --map
#        I:\STM32Project\NewProject\STM32F407\STM32F407VET6\STM32F407VET6Project\EWARM\STM32F407VET6Project\List\STM32F407VET6Project.map
#        --config "D:\Program Files (x86)\IAR Systems\Embedded Workbench
#        8.3\arm\config\linker\ST\stm32f407xE.icf" --semihosting --entry
#        __iar_program_start --vfe --text_out locale)
#
###############################################################################

*******************************************************************************
*** RUNTIME MODEL ATTRIBUTES
***

CppFlavor       = *
__SystemLibrary = DLib
__dlib_version  = 6


*******************************************************************************
*** HEAP SELECTION
***

The basic heap was selected because no calls to memory allocation
functions were found in the application outside of system library
functions, and there are calls to deallocation functions in the
application.


*******************************************************************************
*** PLACEMENT SUMMARY
***

"A0":  place at address 0x800'0000 { ro section .intvec };
"P1":  place in [from 0x800'0000 to 0x807'ffff] { ro };
define block CSTACK with size = 8K, alignment = 8 { };
define block HEAP with size = 8K, alignment = 8 { };
"P4":  place in [from 0x2000'0000 to 0x2001'bfff] |
                [from 0x2001'c000 to 0x2001'ffff] {
          rw, block CSTACK, block HEAP };
initialize by copy { rw };

No sections matched the following patterns:

  ro section application_specific_ro  in "P2"
  section .backup_sram                in "P5"
  section .ccram                      in "P3"


  Section            Kind         Address    Size  Object
  -------            ----         -------    ----  ------
"A0":                                       0x188
  .intvec            ro code   0x800'0000   0x188  startup_stm32f407xx.o [1]
                             - 0x800'0188   0x188

"P1":                                      0x9228
  .text              ro code   0x800'0188  0x1774  usart_cfg.o [1]
  .text              ro code   0x800'18fc   0x534  gpio_cfg.o [1]
  .text              ro code   0x800'1e30     0x8  iwdg_task.o [1]
  .text              ro code   0x800'1e38    0x56  crc_task.o [1]
  .text              ro code   0x800'1e8e    0x3a  zero_init3.o [4]
  .text              ro code   0x800'1ec8    0x3c  vsnprint.o [2]
  .text              ro code   0x800'1f04    0x1a  gpio_task.o [1]
  .text              ro code   0x800'1f1e    0x2e  copy_init3.o [4]
  .text              ro code   0x800'1f4c    0x66  ABImemset.o [4]
  .text              ro code   0x800'1fb2    0x1e  xencoding_8859_1.o [2]
  .text              ro code   0x800'1fd0   0x1a4  stm32f4xx_ll_gpio.o [1]
  .text              ro code   0x800'2174   0x44c  stm32f4xx_ll_usart.o [1]
  .text              ro code   0x800'25c0   0x360  stm32_cfg.o [1]
  .text              ro code   0x800'2920   0x34c  stm32f4xx_ll_dma.o [1]
  .text              ro code   0x800'2c6c     0x8  iwdg_lib.o [1]
  .text              ro code   0x800'2c74    0x56  crc_lib.o [1]
  .text              ro code   0x800'2cca    0x1a  xsnprout.o [2]
  .text              ro code   0x800'2ce4  0x10c6  xprintffull.o [2]
  .text              ro code   0x800'3daa    0x1a  gpio_lib.o [1]
  .text              ro code   0x800'3dc4   0x230  I64DivMod.o [4]
  .text              ro code   0x800'3ff4   0x150  stm32f4xx_ll_rcc.o [1]
  .text              ro code   0x800'4144    0x1c  iwdg_cfg.o [1]
  .text              ro code   0x800'4160   0x14e  crc_cfg.o [1]
  .rodata            const     0x800'42ae     0x2  xlocale_c.o [2]
  .text              ro code   0x800'42b0    0x7c  xlocale_c.o [2]
  .text              ro code   0x800'432c    0x16  strchr.o [4]
  .rodata            const     0x800'4342     0x2  xlocale_c.o [2]
  .text              ro code   0x800'4344    0x40  xfail_s.o [2]
  .text              ro code   0x800'4384    0x36  strlen.o [4]
  .rodata            const     0x800'43ba     0x1  xlocale_c.o [2]
  .text              ro code   0x800'43bc    0x58  memchr.o [4]
  .text              ro code   0x800'4414    0xa6  ABImemcpy.o [4]
  .text              ro code   0x800'44bc    0x70  frexp.o [3]
  .text              ro code   0x800'452c    0x2e  DblCmpLe.o [3]
  .text              ro code   0x800'455c    0x2e  DblCmpGe.o [3]
  .text              ro code   0x800'458c   0x13a  ldexp.o [3]
  .text              ro code   0x800'46c8    0x3a  DblToS32.o [3]
  .text              ro code   0x800'4704    0x22  S32ToDbl.o [3]
  .text              ro code   0x800'4728    0xe2  DblSub.o [3]
  .text              ro code   0x800'480c   0x246  DblDiv.o [3]
  .text              ro code   0x800'4a54    0x28  DblToU32.o [3]
  .text              ro code   0x800'4a7c    0x1a  U32ToDbl.o [3]
  .text              ro code   0x800'4a98   0x1a2  DblMul.o [3]
  .text              ro code   0x800'4c3a     0xa  xmbcurmax.o [2]
  .text              ro code   0x800'4c44     0x2  I64DivZer.o [4]
  .text              ro code   0x800'4c48    0x44  stm32f4xx_ll_crc.o [1]
  .text              ro code   0x800'4c8c     0x6  abort.o [2]
  .text              ro code   0x800'4c94   0x17a  DblAdd.o [3]
  .text              ro code   0x800'4e10    0x14  exit.o [5]
  .text              ro code   0x800'4e24   0xbd0  timer_cfg.o [1]
  .text              ro code   0x800'59f4   0x2a4  stm32f4xx_ll_tim.o [1]
  .text              ro code   0x800'5c98    0x50  systick_task.o [1]
  .text              ro code   0x800'5ce8    0x48  FltToDbl.o [3]
  .text              ro code   0x800'5d30    0x68  DblToFlt.o [3]
  .text              ro code   0x800'5d98    0x50  systick_lib.o [1]
  .text              ro code   0x800'5de8   0x488  systick_cfg.o [1]
  .text              ro code   0x800'6270   0x618  adc_cfg.o [1]
  .text              ro code   0x800'6888   0x20c  stm32f4xx_ll_adc.o [1]
  .text              ro code   0x800'6a94    0xe8  complier_lib.o [1]
  .text              ro code   0x800'6b7c   0x508  main.o [1]
  .text              ro code   0x800'7084     0xc  stm32f4xx_ll_utils.o [1]
  .text              ro code   0x800'7090    0x74  my_malloc.o [1]
  .text              ro code   0x800'7104    0x28  rtc_task.o [1]
  .text              ro code   0x800'712c    0x16  random_task.o [1]
  .text              ro code   0x800'7142    0x16  timer_task.o [1]
  .text              ro code   0x800'7158    0x18  isp_task.o [1]
  .text              ro code   0x800'7170    0x1a  wm8510_task.o [1]
  .text              ro code   0x800'718a     0x8  led_task.o [1]
  .text              ro code   0x800'7192    0x26  dac_task.o [1]
  .text              ro code   0x800'71b8   0x134  data_bus.o [1]
  .text              ro code   0x800'72ec    0x12  power_task.o [1]
  .text              ro code   0x800'72fe    0x18  delay_task.o [1]
  .text              ro code   0x800'7318    0x2c  adc_task.o [1]
  .text              ro code   0x800'7344   0x258  usart_task.o [1]
  .text              ro code   0x800'759c    0x28  rtc_lib.o [1]
  .text              ro code   0x800'75c4    0x16  random_lib.o [1]
  .text              ro code   0x800'75da    0x16  timer_lib.o [1]
  .text              ro code   0x800'75f0    0x18  isp_lib.o [1]
  .text              ro code   0x800'7608    0x1a  wm8510_lib.o [1]
  .text              ro code   0x800'7622     0x8  led_lib.o [1]
  .text              ro code   0x800'762a    0x26  dac_lib.o [1]
  .text              ro code   0x800'7650    0x12  power_lib.o [1]
  .text              ro code   0x800'7662    0x18  delay_lib.o [1]
  .text              ro code   0x800'767a    0x2c  adc_lib.o [1]
  .text              ro code   0x800'76a6   0x124  usart_lib.o [1]
  .text              ro code   0x800'77cc   0x404  rtc_cfg.o [1]
  .text              ro code   0x800'7bd0   0x1b4  random_cfg.o [1]
  .text              ro code   0x800'7d84   0x194  isp_cfg.o [1]
  .text              ro code   0x800'7f18   0x27c  wm8510_cfg.o [1]
  .text              ro code   0x800'8194    0x84  led_cfg.o [1]
  .text              ro code   0x800'8218   0x218  dac_cfg.o [1]
  .text              ro code   0x800'8430    0xd4  power_cfg.o [1]
  .text              ro code   0x800'8504    0x86  delay_cfg.o [1]
  .text              ro code   0x800'858c    0x2c  stm32f4xx_ll_rng.o [1]
  .text              ro code   0x800'85b8    0x56  i2c_task.o [1]
  .text              ro code   0x800'8610    0x94  stm32f4xx_ll_dac.o [1]
  .text              ro code   0x800'86a4    0x76  i2c_lib.o [1]
  .text              ro code   0x800'871c   0x1e4  i2c_cfg.o [1]
  .rodata            const     0x800'8900   0x200  crc_cfg.o [1]
  .text              ro code   0x800'8b00   0x148  stm32f4xx_it.o [1]
  .text              ro code   0x800'8c48    0x10  css_task.o [1]
  .text              ro code   0x800'8c58     0x8  pvd_task.o [1]
  .text              ro code   0x800'8c60    0x10  css_lib.o [1]
  .text              ro code   0x800'8c70     0x8  pvd_lib.o [1]
  .text              ro code   0x800'8c78    0xb4  css_cfg.o [1]
  .text              ro code   0x800'8d2c     0x2  pvd_cfg.o [1]
  .rodata            const     0x800'8d30   0x100  crc_cfg.o [1]
  .rodata            const     0x800'8e30   0x100  crc_cfg.o [1]
  .rodata            const     0x800'8f30    0x60  main.o [1]
  .text              ro code   0x800'8f90    0x60  system_stm32f4xx.o [1]
  .text              ro code   0x800'8ff0    0x28  data_init.o [4]
  .text              ro code   0x800'9018    0x22  fpinit_M.o [3]
  .iar.init_table    const     0x800'903c    0x24  - Linker created -
  .rodata            const     0x800'9060    0x20  usart_cfg.o [1]
  .rodata            const     0x800'9080    0x20  usart_cfg.o [1]
  .rodata            const     0x800'90a0    0x20  usart_task.o [1]
  .text              ro code   0x800'90c0    0x1e  cmain.o [4]
  .text              ro code   0x800'90de     0x4  low_level_init.o [2]
  .text              ro code   0x800'90e2     0x4  exit.o [2]
  .text              ro code   0x800'90e8     0xa  cexit.o [4]
  .rodata            const     0x800'90f4    0x18  main.o [1]
  .rodata            const     0x800'910c    0x18  usart_cfg.o [1]
  .text              ro code   0x800'9124    0x18  stm32f4xx_hal.o [1]
  .rodata            const     0x800'913c    0x10  rtc_cfg.o [1]
  .rodata            const     0x800'914c    0x10  system_stm32f4xx.o [1]
  .text              ro code   0x800'915c    0x10  startup_stm32f407xx.o [1]
  .rodata            const     0x800'916c     0xc  rtc_cfg.o [1]
  .rodata            const     0x800'9178     0xc  rtc_cfg.o [1]
  .text              ro code   0x800'9184     0xc  cstartup_M.o [4]
  .rodata            const     0x800'9190     0x8  adc_cfg.o [1]
  .rodata            const     0x800'9198     0x8  stm32f4xx_it.o [1]
  .rodata            const     0x800'91a0     0x8  stm32f4xx_ll_dma.o [1]
  .rodata            const     0x800'91a8     0x8  system_stm32f4xx.o [1]
  .rodata            const     0x800'91b0     0x8  timer_cfg.o [1]
  .rodata            const     0x800'91b8     0x8  timer_cfg.o [1]
  .rodata            const     0x800'91c0     0x8  timer_cfg.o [1]
  .rodata            const     0x800'91c8     0x8  usart_cfg.o [1]
  .rodata            const     0x800'91d0     0x4  my_malloc.o [1]
  .rodata            const     0x800'91d4     0x4  my_malloc.o [1]
  .text              ro code   0x800'91d8     0x4  startup_stm32f407xx.o [1]
  .text              ro code   0x800'91dc     0x4  startup_stm32f407xx.o [1]
  .text              ro code   0x800'91e0     0x4  startup_stm32f407xx.o [1]
  .text              ro code   0x800'91e4     0x4  startup_stm32f407xx.o [1]
  .text              ro code   0x800'91e8     0x4  startup_stm32f407xx.o [1]
  .text              ro code   0x800'91ec     0x4  startup_stm32f407xx.o [1]
  .text              ro code   0x800'91f0     0x4  startup_stm32f407xx.o [1]
  .text              ro code   0x800'91f4     0x4  startup_stm32f407xx.o [1]
  .text              ro code   0x800'91f8     0x4  startup_stm32f407xx.o [1]
  .text              ro code   0x800'91fc     0x4  startup_stm32f407xx.o [1]
  .text              ro code   0x800'9200     0x4  startup_stm32f407xx.o [1]
  .text              ro code   0x800'9204     0x4  startup_stm32f407xx.o [1]
  .text              ro code   0x800'9208     0x4  startup_stm32f407xx.o [1]
  .text              ro code   0x800'920c     0x4  startup_stm32f407xx.o [1]
  .text              ro code   0x800'9210     0x4  startup_stm32f407xx.o [1]
  .text              ro code   0x800'9214     0x4  startup_stm32f407xx.o [1]
  .text              ro code   0x800'9218     0x4  startup_stm32f407xx.o [1]
  .text              ro code   0x800'921c     0x4  startup_stm32f407xx.o [1]
  .text              ro code   0x800'9220     0x4  startup_stm32f407xx.o [1]
  .text              ro code   0x800'9224     0x4  startup_stm32f407xx.o [1]
  .text              ro code   0x800'9228     0x4  startup_stm32f407xx.o [1]
  .text              ro code   0x800'922c     0x4  startup_stm32f407xx.o [1]
  .text              ro code   0x800'9230     0x4  startup_stm32f407xx.o [1]
  .text              ro code   0x800'9234     0x4  startup_stm32f407xx.o [1]
  .text              ro code   0x800'9238     0x4  startup_stm32f407xx.o [1]
  .text              ro code   0x800'923c     0x4  startup_stm32f407xx.o [1]
  .text              ro code   0x800'9240     0x4  startup_stm32f407xx.o [1]
  .text              ro code   0x800'9244     0x4  startup_stm32f407xx.o [1]
  .text              ro code   0x800'9248     0x4  startup_stm32f407xx.o [1]
  .text              ro code   0x800'924c     0x4  startup_stm32f407xx.o [1]
  .text              ro code   0x800'9250     0x4  startup_stm32f407xx.o [1]
  .text              ro code   0x800'9254     0x4  startup_stm32f407xx.o [1]
  .text              ro code   0x800'9258     0x4  startup_stm32f407xx.o [1]
  .text              ro code   0x800'925c     0x4  startup_stm32f407xx.o [1]
  .text              ro code   0x800'9260     0x4  startup_stm32f407xx.o [1]
  .text              ro code   0x800'9264     0x4  startup_stm32f407xx.o [1]
  .text              ro code   0x800'9268     0x4  startup_stm32f407xx.o [1]
  .text              ro code   0x800'926c     0x4  startup_stm32f407xx.o [1]
  .text              ro code   0x800'9270     0x4  startup_stm32f407xx.o [1]
  .text              ro code   0x800'9274     0x4  startup_stm32f407xx.o [1]
  .text              ro code   0x800'9278     0x4  startup_stm32f407xx.o [1]
  .text              ro code   0x800'927c     0x4  startup_stm32f407xx.o [1]
  .text              ro code   0x800'9280     0x4  startup_stm32f407xx.o [1]
  .text              ro code   0x800'9284     0x4  startup_stm32f407xx.o [1]
  .text              ro code   0x800'9288     0x4  startup_stm32f407xx.o [1]
  .text              ro code   0x800'928c     0x4  startup_stm32f407xx.o [1]
  .text              ro code   0x800'9290     0x4  startup_stm32f407xx.o [1]
  .text              ro code   0x800'9294     0x4  startup_stm32f407xx.o [1]
  .text              ro code   0x800'9298     0x4  startup_stm32f407xx.o [1]
  .text              ro code   0x800'929c     0x4  startup_stm32f407xx.o [1]
  .text              ro code   0x800'92a0     0x4  startup_stm32f407xx.o [1]
  .text              ro code   0x800'92a4     0x4  startup_stm32f407xx.o [1]
  .text              ro code   0x800'92a8     0x4  startup_stm32f407xx.o [1]
  .text              ro code   0x800'92ac     0x4  startup_stm32f407xx.o [1]
  .text              ro code   0x800'92b0     0x4  startup_stm32f407xx.o [1]
  .text              ro code   0x800'92b4     0x4  startup_stm32f407xx.o [1]
  .text              ro code   0x800'92b8     0x4  startup_stm32f407xx.o [1]
  .text              ro code   0x800'92bc     0x4  startup_stm32f407xx.o [1]
  .text              ro code   0x800'92c0     0x4  startup_stm32f407xx.o [1]
  .text              ro code   0x800'92c4     0x4  startup_stm32f407xx.o [1]
  .text              ro code   0x800'92c8     0x4  startup_stm32f407xx.o [1]
  .text              ro code   0x800'92cc     0x4  startup_stm32f407xx.o [1]
  .text              ro code   0x800'92d0     0x4  startup_stm32f407xx.o [1]
  .text              ro code   0x800'92d4     0x4  startup_stm32f407xx.o [1]
  .text              ro code   0x800'92d8     0x4  startup_stm32f407xx.o [1]
  .text              ro code   0x800'92dc     0x4  startup_stm32f407xx.o [1]
  .text              ro code   0x800'92e0     0x4  startup_stm32f407xx.o [1]
  .text              ro code   0x800'92e4     0x4  startup_stm32f407xx.o [1]
  .text              ro code   0x800'92e8     0x4  startup_stm32f407xx.o [1]
  .text              ro code   0x800'92ec     0x4  startup_stm32f407xx.o [1]
  .text              ro code   0x800'92f0     0x4  startup_stm32f407xx.o [1]
  .rodata            const     0x800'92f4     0x0  zero_init3.o [4]
  .rodata            const     0x800'92f4     0x0  copy_init3.o [4]
  Initializer bytes  const     0x800'92f4    0xbc  <for P4 s0>
                             - 0x800'93b0  0x9228

"P4", part 1 of 3:                           0xbc
  P4 s0                       0x2000'0000    0xbc  <Init block>
    .data            inited   0x2000'0000    0x48  xlocale_c.o [2]
    .data            inited   0x2000'0048    0x38  xlocale_c.o [2]
    .data            inited   0x2000'0080    0x14  my_malloc.o [1]
    .data            inited   0x2000'0094     0x4  adc_cfg.o [1]
    .data            inited   0x2000'0098     0x4  adc_cfg.o [1]
    .data            inited   0x2000'009c     0x4  isp_cfg.o [1]
    .data            inited   0x2000'00a0     0x4  rtc_cfg.o [1]
    .data            inited   0x2000'00a4     0x4  system_stm32f4xx.o [1]
    .data            inited   0x2000'00a8     0x4  systick_cfg.o [1]
    .data            inited   0x2000'00ac     0x4  timer_cfg.o [1]
    .data            inited   0x2000'00b0     0x4  usart_cfg.o [1]
    .data            inited   0x2000'00b4     0x4  wm8510_cfg.o [1]
    .data            inited   0x2000'00b8     0x1  crc_cfg.o [1]
    .data            inited   0x2000'00b9     0x1  stm32f4xx_hal.o [1]
                            - 0x2000'00bc    0xbc

"P4", part 2 of 3:                         0x2f5c
  .bss               zero     0x2000'00bc  0x2800  my_malloc.o [1]
  .bss               zero     0x2000'28bc   0x280  my_malloc.o [1]
  .bss               zero     0x2000'2b3c   0x200  usart_cfg.o [1]
  .bss               zero     0x2000'2d3c    0x80  usart_cfg.o [1]
  .bss               zero     0x2000'2dbc    0x78  isp_cfg.o [1]
  .bss               zero     0x2000'2e34    0x6c  wm8510_cfg.o [1]
  .bss               zero     0x2000'2ea0    0x44  usart_task.o [1]
  .bss               zero     0x2000'2ee4    0x44  usart_task.o [1]
  .bss               zero     0x2000'2f28    0x2c  adc_cfg.o [1]
  .bss               zero     0x2000'2f54    0x2c  adc_cfg.o [1]
  .bss               zero     0x2000'2f80    0x28  systick_cfg.o [1]
  .bss               zero     0x2000'2fa8    0x24  timer_cfg.o [1]
  .bss               zero     0x2000'2fcc    0x20  stm32_cfg.o [1]
  .bss               zero     0x2000'2fec    0x18  rtc_cfg.o [1]
  .bss               zero     0x2000'3004     0x4  led_cfg.o [1]
  .bss               zero     0x2000'3008     0x4  random_cfg.o [1]
  .bss               zero     0x2000'300c     0x4  stm32f4xx_hal.o [1]
  .bss               zero     0x2000'3010     0x4  xfail_s.o [2]
  .bss               zero     0x2000'3014     0x1  timer_cfg.o [1]
  .bss               zero     0x2000'3015     0x1  timer_cfg.o [1]
  .bss               zero     0x2000'3016     0x1  usart_cfg.o [1]
  .bss               zero     0x2000'3017     0x1  usart_cfg.o [1]
                            - 0x2000'3018  0x2f5c

"P4", part 3 of 3:                         0x2000
  CSTACK                      0x2000'3018  0x2000  <Block>
    CSTACK           uninit   0x2000'3018  0x2000  <Block tail>
                            - 0x2000'5018  0x2000

Unused ranges:

         From           To      Size
         ----           --      ----
   0x800'93b0   0x807'ffff  0x7'6c50
  0x2000'5018  0x2001'bfff  0x1'6fe8
  0x2001'c000  0x2001'ffff    0x4000


*******************************************************************************
*** INIT TABLE
***

          Address      Size
          -------      ----
Zero (__iar_zero_init3)
    1 destination range, total size 0x2f5c:
          0x2000'00bc  0x2f5c

Copy (__iar_copy_init3)
    1 source range, total size 0xbc (101% of destination):
           0x800'92f4    0xbc
    1 destination range, total size 0xba:
          0x2000'0000    0xba



*******************************************************************************
*** MODULE SUMMARY
***

    Module                 ro code  ro data  rw data
    ------                 -------  -------  -------
command line/config:
    ------------------------------------------------
    Total:

I:\STM32Project\NewProject\STM32F407\STM32F407VET6\STM32F407VET6Project\EWARM\STM32F407VET6Project\Obj: [1]
    adc_cfg.o                1'560       16       96
    adc_lib.o                   44
    adc_task.o                  44
    complier_lib.o             232
    crc_cfg.o                  334    1'025        1
    crc_lib.o                   86
    crc_task.o                  86
    css_cfg.o                  180
    css_lib.o                   16
    css_task.o                  16
    dac_cfg.o                  536
    dac_lib.o                   38
    dac_task.o                  38
    data_bus.o                 308
    delay_cfg.o                134
    delay_lib.o                 24
    delay_task.o                24
    gpio_cfg.o               1'332
    gpio_lib.o                  26
    gpio_task.o                 26
    i2c_cfg.o                  484
    i2c_lib.o                  118
    i2c_task.o                  86
    isp_cfg.o                  404        4      124
    isp_lib.o                   24
    isp_task.o                  24
    iwdg_cfg.o                  28
    iwdg_lib.o                   8
    iwdg_task.o                  8
    led_cfg.o                  132                 4
    led_lib.o                    8
    led_task.o                   8
    main.o                   1'288      120
    my_malloc.o                116       28   10'900
    power_cfg.o                212
    power_lib.o                 18
    power_task.o                18
    pvd_cfg.o                    2
    pvd_lib.o                    8
    pvd_task.o                   8
    random_cfg.o               436                 4
    random_lib.o                22
    random_task.o               22
    rtc_cfg.o                1'028       44       28
    rtc_lib.o                   40
    rtc_task.o                  40
    startup_stm32f407xx.o      692
    stm32_cfg.o                864                32
    stm32f4xx_hal.o             24        1        5
    stm32f4xx_it.o             328        8
    stm32f4xx_ll_adc.o         524
    stm32f4xx_ll_crc.o          68
    stm32f4xx_ll_dac.o         148
    stm32f4xx_ll_dma.o         844        8
    stm32f4xx_ll_gpio.o        420
    stm32f4xx_ll_rcc.o         336
    stm32f4xx_ll_rng.o          44
    stm32f4xx_ll_tim.o         676
    stm32f4xx_ll_usart.o     1'100
    stm32f4xx_ll_utils.o        12
    system_stm32f4xx.o          96       28        4
    systick_cfg.o            1'160        4       44
    systick_lib.o               80
    systick_task.o              80
    timer_cfg.o              3'024       28       42
    timer_lib.o                 22
    timer_task.o                22
    usart_cfg.o              6'004      100      646
    usart_lib.o                292
    usart_task.o               600       32      136
    wm8510_cfg.o               636        4      112
    wm8510_lib.o                26
    wm8510_task.o               26
    ------------------------------------------------
    Total:                  27'822    1'450   12'178

dl7M_tlf.a: [2]
    abort.o                      6
    exit.o                       4
    low_level_init.o             4
    vsnprint.o                  60
    xencoding_8859_1.o          30
    xfail_s.o                   64                 4
    xlocale_c.o                124      133      128
    xmbcurmax.o                 10
    xprintffull.o            4'294
    xsnprout.o                  26
    ------------------------------------------------
    Total:                   4'622      133      132

m7M_tls.a: [3]
    DblAdd.o                   378
    DblCmpGe.o                  46
    DblCmpLe.o                  46
    DblDiv.o                   582
    DblMul.o                   418
    DblSub.o                   226
    DblToFlt.o                 104
    DblToS32.o                  58
    DblToU32.o                  40
    FltToDbl.o                  72
    S32ToDbl.o                  34
    U32ToDbl.o                  26
    fpinit_M.o                  34
    frexp.o                    112
    ldexp.o                    314
    ------------------------------------------------
    Total:                   2'490

rt7M_tl.a: [4]
    ABImemcpy.o                166
    ABImemset.o                102
    I64DivMod.o                560
    I64DivZer.o                  2
    cexit.o                     10
    cmain.o                     30
    copy_init3.o                46
    cstartup_M.o                12
    data_init.o                 40
    memchr.o                    88
    strchr.o                    22
    strlen.o                    54
    zero_init3.o                58
    ------------------------------------------------
    Total:                   1'190

shb_l.a: [5]
    exit.o                      20
    ------------------------------------------------
    Total:                      20

    Gaps                        37        6
    Linker created                       38    8'192
----------------------------------------------------
    Grand Total:            36'181    1'627   20'502


*******************************************************************************
*** ENTRY LIST
***

Entry                       Address    Size  Type      Object
-----                       -------    ----  ----      ------
.iar.init_table$$Base    0x800'903c           --   Gb  - Linker created -
.iar.init_table$$Limit   0x800'9060           --   Gb  - Linker created -
?main                    0x800'90c1          Code  Gb  cmain.o [4]
ADCLib_ADCTask_START     0x800'7683     0xc  Code  Gb  adc_lib.o [1]
ADCLib_ADCTask_STOP      0x800'768f     0xc  Code  Gb  adc_lib.o [1]
ADCLib_ADC_Init          0x800'767b     0x8  Code  Gb  adc_lib.o [1]
ADCLib_HandleChannelVal
                         0x800'769b     0xc  Code  Gb  adc_lib.o [1]
ADCTask_ADCTask_START    0x800'7321     0xc  Code  Gb  adc_task.o [1]
ADCTask_ADCTask_STOP     0x800'732d     0xc  Code  Gb  adc_task.o [1]
ADCTask_ADC_Init         0x800'7319     0x8  Code  Gb  adc_task.o [1]
ADCTask_HandleChannelVal
                         0x800'7339     0xc  Code  Gb  adc_task.o [1]
ADC_ADC1Task_Init        0x800'672d     0xe  Code  Gb  adc_cfg.o [1]
ADC_ADC1_DMA_Init        0x800'65af    0xa6  Code  Gb  adc_cfg.o [1]
ADC_ADC1_DMA_Restart     0x800'6655    0x30  Code  Gb  adc_cfg.o [1]
ADC_ADC1_DMA_Stop        0x800'6685    0x28  Code  Gb  adc_cfg.o [1]
ADC_ADC1_Init            0x800'6507    0xa8  Code  Gb  adc_cfg.o [1]
ADC_ADC3_DMA_Restart     0x800'66ad    0x2c  Code  Gb  adc_cfg.o [1]
ADC_ADC3_DMA_Stop        0x800'66d9    0x2a  Code  Gb  adc_cfg.o [1]
ADC_ADCTask_Init         0x800'673b     0xa  Code  Gb  adc_cfg.o [1]
ADC_ADCTask_START        0x800'6751    0x5e  Code  Gb  adc_cfg.o [1]
ADC_ADCTask_STOP         0x800'67af    0x42  Code  Gb  adc_cfg.o [1]
ADC_ADC_Init             0x800'6745     0xc  Code  Gb  adc_cfg.o [1]
ADC_Clock                0x800'648f    0x78  Code  Gb  adc_cfg.o [1]
ADC_GPIO_Init            0x800'6459    0x36  Code  Gb  adc_cfg.o [1]
ADC_HandleChannelVal     0x800'67f1    0x58  Code  Gb  adc_cfg.o [1]
ADC_SoftStart            0x800'6703    0x2a  Code  Gb  adc_cfg.o [1]
AHBPrescTable            0x800'914c    0x10  Data  Gb  system_stm32f4xx.o [1]
APBPrescTable            0x800'91a8     0x8  Data  Gb  system_stm32f4xx.o [1]
BusFault_Handler         0x800'8b63     0x2  Code  Gb  stm32f4xx_it.o [1]
CRCLib_CRC16             0x800'2c95    0x10  Code  Gb  crc_lib.o [1]
CRCLib_CRC32             0x800'2c85    0x10  Code  Gb  crc_lib.o [1]
CRCLib_CRC8              0x800'2ca5    0x16  Code  Gb  crc_lib.o [1]
CRCLib_CheckSum          0x800'2cbb    0x10  Code  Gb  crc_lib.o [1]
CRCLib_Enable            0x800'2c7d     0x8  Code  Gb  crc_lib.o [1]
CRCLib_Init              0x800'2c75     0x8  Code  Gb  crc_lib.o [1]
CRCTask_CRC16            0x800'1e59    0x10  Code  Gb  crc_task.o [1]
CRCTask_CRC32            0x800'1e49    0x10  Code  Gb  crc_task.o [1]
CRCTask_CRC8             0x800'1e69    0x16  Code  Gb  crc_task.o [1]
CRCTask_CheckSum         0x800'1e7f    0x10  Code  Gb  crc_task.o [1]
CRCTask_Enable           0x800'1e41     0x8  Code  Gb  crc_task.o [1]
CRCTask_Init             0x800'1e39     0x8  Code  Gb  crc_task.o [1]
CRC_CRC16_Table          0x800'4201    0x32  Code  Gb  crc_cfg.o [1]
CRC_CRC32_CRC            0x800'41f1    0x10  Code  Gb  crc_cfg.o [1]
CRC_CRC32_HWCRC          0x800'41bf    0x32  Code  Gb  crc_cfg.o [1]
CRC_CRC32_HWReSet        0x800'41b5     0xa  Code  Gb  crc_cfg.o [1]
CRC_CRC8_Table           0x800'4233    0x44  Code  Gb  crc_cfg.o [1]
CRC_CheckSum             0x800'4291    0x1e  Code  Gb  crc_cfg.o [1]
CRC_DeInit               0x800'419f    0x10  Code  Gb  crc_cfg.o [1]
CRC_Enable               0x800'41af     0x6  Code  Gb  crc_cfg.o [1]
CRC_Init                 0x800'4189    0x16  Code  Gb  crc_cfg.o [1]
CSSLib_NMI_IRQ           0x800'8c61     0x8  Code  Gb  css_lib.o [1]
CSSLib_RCC_IRQ           0x800'8c69     0x8  Code  Gb  css_lib.o [1]
CSSTask_NMI_IRQ          0x800'8c49     0x8  Code  Gb  css_task.o [1]
CSSTask_RCC_IRQ          0x800'8c51     0x8  Code  Gb  css_task.o [1]
CSS_NMI_IRQ              0x800'8cf9    0x18  Code  Gb  css_cfg.o [1]
CSS_RCC_IRQ              0x800'8d11    0x1c  Code  Gb  css_cfg.o [1]
CSTACK$$Base            0x2000'3018           --   Gb  - Linker created -
CSTACK$$Limit           0x2000'5018           --   Gb  - Linker created -
CacheMore                0x800'42b5    0x28  Code  Lc  xlocale_c.o [2]
CalcAvgWordFromIndex     0x800'6b15    0x60  Code  Gb  complier_lib.o [1]
DACLib_ChannelMV         0x800'763f    0x12  Code  Gb  dac_lib.o [1]
DACLib_Init              0x800'762b    0x14  Code  Gb  dac_lib.o [1]
DACTask_ChannelMV        0x800'71a7    0x12  Code  Gb  dac_task.o [1]
DACTask_Init             0x800'7193    0x14  Code  Gb  dac_task.o [1]
DAC_ChannelMV            0x800'83fd    0x18  Code  Gb  dac_cfg.o [1]
DAC_ChannelUV            0x800'838b    0x72  Code  Gb  dac_cfg.o [1]
DAC_Channel_Init         0x800'82e7    0x62  Code  Gb  dac_cfg.o [1]
DAC_Clock                0x800'82c5    0x22  Code  Gb  dac_cfg.o [1]
DAC_GPIO_Init            0x800'8273    0x52  Code  Gb  dac_cfg.o [1]
DAC_Init                 0x800'8349    0x42  Code  Gb  dac_cfg.o [1]
DMA2_Stream0_IRQHandler
                         0x800'8bab    0x32  Code  Gb  stm32f4xx_it.o [1]
DMA2_Stream1_IRQHandler
                         0x800'8bdd     0x2  Code  Gb  stm32f4xx_it.o [1]
DMA2_Stream2_IRQHandler
                         0x800'8be1    0x24  Code  Gb  stm32f4xx_it.o [1]
DMA2_Stream7_IRQHandler
                         0x800'8c05    0x24  Code  Gb  stm32f4xx_it.o [1]
DataBus_Init             0x800'71bd    0xbc  Code  Gb  data_bus.o [1]
DataBus_Read             0x800'7279    0x6c  Code  Gb  data_bus.o [1]
DebugMon_Handler         0x800'8b69     0x2  Code  Gb  stm32f4xx_it.o [1]
DelayLib_ms              0x800'7663     0xc  Code  Gb  delay_lib.o [1]
DelayNLib_us             0x800'766f     0xc  Code  Gb  delay_lib.o [1]
DelayN_ms                0x800'854b    0x20  Code  Gb  delay_cfg.o [1]
DelayN_us                0x800'8525    0x26  Code  Gb  delay_cfg.o [1]
DelayTask_ms             0x800'730b     0xc  Code  Gb  delay_task.o [1]
DelayTask_us             0x800'72ff     0xc  Code  Gb  delay_task.o [1]
Delay_ms                 0x800'8505    0x20  Code  Gb  delay_cfg.o [1]
Delay_nop                0x800'856d    0x1e  Code  Gb  delay_cfg.o [1]
DescSortWord             0x800'6a95    0x7c  Code  Gb  complier_lib.o [1]
GPIOLib_Clock            0x800'3dab    0x12  Code  Gb  gpio_lib.o [1]
GPIOLib_Init             0x800'3dbd     0x8  Code  Gb  gpio_lib.o [1]
GPIOTask_Clock           0x800'1f05    0x12  Code  Gb  gpio_task.o [1]
GPIOTask_Init            0x800'1f17     0x8  Code  Gb  gpio_task.o [1]
GPIO_Clock               0x800'1963   0x2d4  Code  Gb  gpio_cfg.o [1]
GPIO_Init                0x800'1c37    0x54  Code  Gb  gpio_cfg.o [1]
GPIO_ResetOutputPins     0x800'1d39    0x7c  Code  Gb  gpio_cfg.o [1]
GPIO_SetOutputPin        0x800'1cbd    0x7c  Code  Gb  gpio_cfg.o [1]
GPIO_TogglePin           0x800'1db5    0x7c  Code  Gb  gpio_cfg.o [1]
HAL_IncTick              0x800'9125    0x18  Code  Wk  stm32f4xx_hal.o [1]
HASH_RNG_IRQHandler      0x800'8b8b     0x8  Code  Gb  stm32f4xx_it.o [1]
HardFault_Handler        0x800'8b59     0x8  Code  Gb  stm32f4xx_it.o [1]
HardFault_IRQTask        0x800'274d    0x12  Code  Gb  stm32_cfg.o [1]
HardFault_Msg            0x800'2709    0x3e  Code  Gb  stm32_cfg.o [1]
I2CLib_MSW_Init          0x800'86a5    0x14  Code  Gb  i2c_lib.o [1]
I2CLib_MSW_ReadACK       0x800'86fd     0xc  Code  Gb  i2c_lib.o [1]
I2CLib_MSW_START         0x800'86b9    0x38  Code  Gb  i2c_lib.o [1]
I2CLib_MSW_STOP          0x800'86f1     0xc  Code  Gb  i2c_lib.o [1]
I2CLib_MSW_SendByte      0x800'8709    0x12  Code  Gb  i2c_lib.o [1]
I2CTask_MHW_Init         0x800'85b9     0x6  Code  Gb  i2c_task.o [1]
I2CTask_MSW_Init         0x800'85bf    0x14  Code  Gb  i2c_task.o [1]
I2CTask_MSW_ReadACK      0x800'85f1     0xc  Code  Gb  i2c_task.o [1]
I2CTask_MSW_START        0x800'85d3    0x12  Code  Gb  i2c_task.o [1]
I2CTask_MSW_STOP         0x800'85e5     0xc  Code  Gb  i2c_task.o [1]
I2CTask_MSW_SendByte     0x800'85fd    0x12  Code  Gb  i2c_task.o [1]
I2C_MSW_Init             0x800'8721    0x88  Code  Gb  i2c_cfg.o [1]
I2C_MSW_ReadACK          0x800'8845    0x42  Code  Gb  i2c_cfg.o [1]
I2C_MSW_START            0x800'87a9    0x52  Code  Gb  i2c_cfg.o [1]
I2C_MSW_STOP             0x800'87fb    0x4a  Code  Gb  i2c_cfg.o [1]
I2C_MSW_SendBit          0x800'8887    0x42  Code  Gb  i2c_cfg.o [1]
I2C_MSW_SendByte         0x800'88c9    0x2e  Code  Gb  i2c_cfg.o [1]
ISPLib_Init              0x800'75f1    0x18  Code  Gb  isp_lib.o [1]
ISPTask_Init             0x800'7159    0x18  Code  Gb  isp_task.o [1]
ISP_Device0_Init         0x800'7d85    0xa2  Code  Gb  isp_cfg.o [1]
ISP_Device1_Init         0x800'7e27     0x6  Code  Gb  isp_cfg.o [1]
ISP_Device2_Init         0x800'7e2d     0x6  Code  Gb  isp_cfg.o [1]
ISP_Init                 0x800'7e33    0xc8  Code  Gb  isp_cfg.o [1]
IWDGLib_Reset            0x800'2c6d     0x8  Code  Gb  iwdg_lib.o [1]
IWDGTask_Reset           0x800'1e31     0x8  Code  Gb  iwdg_task.o [1]
IWDG_Reset               0x800'414d     0xc  Code  Gb  iwdg_cfg.o [1]
LEDLib_Init              0x800'7623     0x8  Code  Gb  led_lib.o [1]
LEDTask_Init             0x800'718b     0x8  Code  Gb  led_task.o [1]
LEDWork_Init             0x800'8195    0x4e  Code  Gb  led_cfg.o [1]
LEDWork_Task             0x800'81e5    0x22  Code  Gb  led_cfg.o [1]
LEDWork_Task::ledCount  0x2000'3004     0x4  Data  Lc  led_cfg.o [1]
LED_Init                 0x800'8211     0x8  Code  Gb  led_cfg.o [1]
LL_ADC_ClearFlag_OVR     0x800'63a7     0x8  Code  Lc  adc_cfg.o [1]
LL_ADC_CommonInit        0x800'68c7    0x60  Code  Gb  stm32f4xx_ll_adc.o [1]
LL_ADC_DeInit            0x800'6927    0xae  Code  Gb  stm32f4xx_ll_adc.o [1]
LL_ADC_Disable           0x800'6393     0xa  Code  Lc  adc_cfg.o [1]
LL_ADC_Disable           0x800'68b5     0xa  Code  Lc  stm32f4xx_ll_adc.o [1]
LL_ADC_Enable            0x800'6389     0xa  Code  Lc  adc_cfg.o [1]
LL_ADC_INJ_SetTriggerSource
                         0x800'68a5    0x10  Code  Lc  stm32f4xx_ll_adc.o [1]
LL_ADC_Init              0x800'69d5    0x3a  Code  Gb  stm32f4xx_ll_adc.o [1]
LL_ADC_IsEnabled         0x800'68bf     0x8  Code  Lc  stm32f4xx_ll_adc.o [1]
LL_ADC_REG_Init          0x800'6a0f    0x5e  Code  Gb  stm32f4xx_ll_adc.o [1]
LL_ADC_REG_SetSequencerLength
                         0x800'6899     0xc  Code  Lc  stm32f4xx_ll_adc.o [1]
LL_ADC_REG_SetSequencerRanks
                         0x800'630d    0x36  Code  Lc  adc_cfg.o [1]
LL_ADC_REG_SetTriggerSource
                         0x800'6889    0x10  Code  Lc  stm32f4xx_ll_adc.o [1]
LL_ADC_REG_StartConversionSWStart
                         0x800'639d     0xa  Code  Lc  adc_cfg.o [1]
LL_ADC_SetChannelSamplingTime
                         0x800'6343    0x46  Code  Lc  adc_cfg.o [1]
LL_AHB1_GRP1_DisableClock
                         0x800'1915     0xc  Code  Lc  gpio_cfg.o [1]
LL_AHB1_GRP1_EnableClock
                         0x800'63af    0x18  Code  Lc  adc_cfg.o [1]
LL_AHB1_GRP1_EnableClock
                         0x800'4161    0x16  Code  Lc  crc_cfg.o [1]
LL_AHB1_GRP1_EnableClock
                         0x800'18fd    0x18  Code  Lc  gpio_cfg.o [1]
LL_AHB1_GRP1_EnableClock
                         0x800'0225    0x18  Code  Lc  usart_cfg.o [1]
LL_AHB1_GRP1_ForceReset
                         0x800'1921     0xc  Code  Lc  gpio_cfg.o [1]
LL_AHB1_GRP1_ForceReset
                         0x800'4c49     0xa  Code  Lc  stm32f4xx_ll_crc.o [1]
LL_AHB1_GRP1_ForceReset
                         0x800'2921     0xa  Code  Lc  stm32f4xx_ll_dma.o [1]
LL_AHB1_GRP1_ReleaseReset
                         0x800'192d     0xc  Code  Lc  gpio_cfg.o [1]
LL_AHB1_GRP1_ReleaseReset
                         0x800'4c53     0xa  Code  Lc  stm32f4xx_ll_crc.o [1]
LL_AHB1_GRP1_ReleaseReset
                         0x800'292b     0xa  Code  Lc  stm32f4xx_ll_dma.o [1]
LL_AHB2_GRP1_EnableClock
                         0x800'7c65    0x16  Code  Lc  random_cfg.o [1]
LL_AHB2_GRP1_ForceReset
                         0x800'858d     0xa  Code  Lc  stm32f4xx_ll_rng.o [1]
LL_AHB2_GRP1_ReleaseReset
                         0x800'8597     0xa  Code  Lc  stm32f4xx_ll_rng.o [1]
LL_APB1_GRP1_DisableClock
                         0x800'822f     0xa  Code  Lc  dac_cfg.o [1]
LL_APB1_GRP1_DisableClock
                         0x800'4e3d     0xc  Code  Lc  timer_cfg.o [1]
LL_APB1_GRP1_DisableClock
                         0x800'0255     0xc  Code  Lc  usart_cfg.o [1]
LL_APB1_GRP1_EnableClock
                         0x800'8219    0x16  Code  Lc  dac_cfg.o [1]
LL_APB1_GRP1_EnableClock
                         0x800'6c1b    0x18  Code  Lc  main.o [1]
LL_APB1_GRP1_EnableClock
                         0x800'4e25    0x18  Code  Lc  timer_cfg.o [1]
LL_APB1_GRP1_EnableClock
                         0x800'023d    0x18  Code  Lc  usart_cfg.o [1]
LL_APB1_GRP1_ForceReset
                         0x800'59f5     0xc  Code  Lc  stm32f4xx_ll_tim.o [1]
LL_APB1_GRP1_ForceReset
                         0x800'2175     0xc  Code  Lc  stm32f4xx_ll_usart.o [1]
LL_APB1_GRP1_ForceReset
                         0x800'4e49     0xc  Code  Lc  timer_cfg.o [1]
LL_APB1_GRP1_ForceReset
                         0x800'0261     0xc  Code  Lc  usart_cfg.o [1]
LL_APB1_GRP1_ReleaseReset
                         0x800'5a01     0xc  Code  Lc  stm32f4xx_ll_tim.o [1]
LL_APB1_GRP1_ReleaseReset
                         0x800'2181     0xc  Code  Lc  stm32f4xx_ll_usart.o [1]
LL_APB1_GRP1_ReleaseReset
                         0x800'4e55     0xc  Code  Lc  timer_cfg.o [1]
LL_APB1_GRP1_ReleaseReset
                         0x800'026d     0xc  Code  Lc  usart_cfg.o [1]
LL_APB2_GRP1_DisableClock
                         0x800'63df     0xc  Code  Lc  adc_cfg.o [1]
LL_APB2_GRP1_DisableClock
                         0x800'4e79     0xc  Code  Lc  timer_cfg.o [1]
LL_APB2_GRP1_DisableClock
                         0x800'0291     0xc  Code  Lc  usart_cfg.o [1]
LL_APB2_GRP1_EnableClock
                         0x800'63c7    0x18  Code  Lc  adc_cfg.o [1]
LL_APB2_GRP1_EnableClock
                         0x800'1939    0x18  Code  Lc  gpio_cfg.o [1]
LL_APB2_GRP1_EnableClock
                         0x800'4e61    0x18  Code  Lc  timer_cfg.o [1]
LL_APB2_GRP1_EnableClock
                         0x800'0279    0x18  Code  Lc  usart_cfg.o [1]
LL_APB2_GRP1_ForceReset
                         0x800'5a0d     0xc  Code  Lc  stm32f4xx_ll_tim.o [1]
LL_APB2_GRP1_ForceReset
                         0x800'218d     0xc  Code  Lc  stm32f4xx_ll_usart.o [1]
LL_APB2_GRP1_ForceReset
                         0x800'4e85     0xc  Code  Lc  timer_cfg.o [1]
LL_APB2_GRP1_ForceReset
                         0x800'029d     0xc  Code  Lc  usart_cfg.o [1]
LL_APB2_GRP1_ReleaseReset
                         0x800'5a19     0xc  Code  Lc  stm32f4xx_ll_tim.o [1]
LL_APB2_GRP1_ReleaseReset
                         0x800'2199     0xc  Code  Lc  stm32f4xx_ll_usart.o [1]
LL_APB2_GRP1_ReleaseReset
                         0x800'4e91     0xc  Code  Lc  timer_cfg.o [1]
LL_APB2_GRP1_ReleaseReset
                         0x800'02a9     0xc  Code  Lc  usart_cfg.o [1]
LL_CRC_DeInit            0x800'4c5d    0x28  Code  Gb  stm32f4xx_ll_crc.o [1]
LL_CRC_FeedData32        0x800'4181     0x4  Code  Lc  crc_cfg.o [1]
LL_CRC_ReadData32        0x800'4185     0x4  Code  Lc  crc_cfg.o [1]
LL_CRC_ResetCRCCalculationUnit
                         0x800'4177     0xa  Code  Lc  crc_cfg.o [1]
LL_DAC_ConvertData12RightAligned
                         0x800'824d    0x26  Code  Lc  dac_cfg.o [1]
LL_DAC_Enable            0x800'8239    0x14  Code  Lc  dac_cfg.o [1]
LL_DAC_Init              0x800'8635    0x70  Code  Gb  stm32f4xx_ll_dac.o [1]
LL_DAC_IsEnabled         0x800'8611    0x24  Code  Lc  stm32f4xx_ll_dac.o [1]
LL_DMA_ClearFlag         0x800'27fb   0x126  Code  Gb  stm32_cfg.o [1]
LL_DMA_ClearFlag_DME0    0x800'2675     0x6  Code  Lc  stm32_cfg.o [1]
LL_DMA_ClearFlag_DME1    0x800'267b     0x8  Code  Lc  stm32_cfg.o [1]
LL_DMA_ClearFlag_DME2    0x800'2683     0x8  Code  Lc  stm32_cfg.o [1]
LL_DMA_ClearFlag_DME3    0x800'268b     0x8  Code  Lc  stm32_cfg.o [1]
LL_DMA_ClearFlag_DME4    0x800'2693     0x6  Code  Lc  stm32_cfg.o [1]
LL_DMA_ClearFlag_DME5    0x800'2699     0x8  Code  Lc  stm32_cfg.o [1]
LL_DMA_ClearFlag_DME6    0x800'26a1     0x8  Code  Lc  stm32_cfg.o [1]
LL_DMA_ClearFlag_DME7    0x800'26a9     0x8  Code  Lc  stm32_cfg.o [1]
LL_DMA_ClearFlag_FE0     0x800'26b1     0x6  Code  Lc  stm32_cfg.o [1]
LL_DMA_ClearFlag_FE1     0x800'26b7     0x6  Code  Lc  stm32_cfg.o [1]
LL_DMA_ClearFlag_FE2     0x800'26bd     0x8  Code  Lc  stm32_cfg.o [1]
LL_DMA_ClearFlag_FE3     0x800'26c5     0x8  Code  Lc  stm32_cfg.o [1]
LL_DMA_ClearFlag_FE4     0x800'26cd     0x6  Code  Lc  stm32_cfg.o [1]
LL_DMA_ClearFlag_FE5     0x800'26d3     0x6  Code  Lc  stm32_cfg.o [1]
LL_DMA_ClearFlag_FE6     0x800'26d9     0x8  Code  Lc  stm32_cfg.o [1]
LL_DMA_ClearFlag_FE7     0x800'26e1     0x8  Code  Lc  stm32_cfg.o [1]
LL_DMA_ClearFlag_HT0     0x800'25c1     0x6  Code  Lc  stm32_cfg.o [1]
LL_DMA_ClearFlag_HT1     0x800'6433     0x8  Code  Lc  adc_cfg.o [1]
LL_DMA_ClearFlag_HT1     0x800'25c7     0x8  Code  Lc  stm32_cfg.o [1]
LL_DMA_ClearFlag_HT2     0x800'25cf     0x8  Code  Lc  stm32_cfg.o [1]
LL_DMA_ClearFlag_HT3     0x800'25d7     0x8  Code  Lc  stm32_cfg.o [1]
LL_DMA_ClearFlag_HT4     0x800'25df     0x6  Code  Lc  stm32_cfg.o [1]
LL_DMA_ClearFlag_HT5     0x800'25e5     0x8  Code  Lc  stm32_cfg.o [1]
LL_DMA_ClearFlag_HT6     0x800'25ed     0x8  Code  Lc  stm32_cfg.o [1]
LL_DMA_ClearFlag_HT7     0x800'25f5     0x8  Code  Lc  stm32_cfg.o [1]
LL_DMA_ClearFlag_TC0     0x800'25fd     0x6  Code  Lc  stm32_cfg.o [1]
LL_DMA_ClearFlag_TC1     0x800'643b     0x8  Code  Lc  adc_cfg.o [1]
LL_DMA_ClearFlag_TC1     0x800'2603     0x8  Code  Lc  stm32_cfg.o [1]
LL_DMA_ClearFlag_TC2     0x800'260b     0x8  Code  Lc  stm32_cfg.o [1]
LL_DMA_ClearFlag_TC3     0x800'2613     0x8  Code  Lc  stm32_cfg.o [1]
LL_DMA_ClearFlag_TC4     0x800'261b     0x6  Code  Lc  stm32_cfg.o [1]
LL_DMA_ClearFlag_TC5     0x800'2621     0x8  Code  Lc  stm32_cfg.o [1]
LL_DMA_ClearFlag_TC6     0x800'2629     0x8  Code  Lc  stm32_cfg.o [1]
LL_DMA_ClearFlag_TC7     0x800'2631     0x8  Code  Lc  stm32_cfg.o [1]
LL_DMA_ClearFlag_TE0     0x800'2639     0x6  Code  Lc  stm32_cfg.o [1]
LL_DMA_ClearFlag_TE1     0x800'263f     0x8  Code  Lc  stm32_cfg.o [1]
LL_DMA_ClearFlag_TE2     0x800'2647     0x8  Code  Lc  stm32_cfg.o [1]
LL_DMA_ClearFlag_TE3     0x800'264f     0x8  Code  Lc  stm32_cfg.o [1]
LL_DMA_ClearFlag_TE4     0x800'2657     0x6  Code  Lc  stm32_cfg.o [1]
LL_DMA_ClearFlag_TE5     0x800'265d     0x8  Code  Lc  stm32_cfg.o [1]
LL_DMA_ClearFlag_TE6     0x800'2665     0x8  Code  Lc  stm32_cfg.o [1]
LL_DMA_ClearFlag_TE7     0x800'266d     0x8  Code  Lc  stm32_cfg.o [1]
LL_DMA_ConfigFifo        0x800'29cb    0x1e  Code  Lc  stm32f4xx_ll_dma.o [1]
LL_DMA_ConfigTransfer    0x800'2949    0x1a  Code  Lc  stm32f4xx_ll_dma.o [1]
LL_DMA_DeInit            0x800'29fd   0x198  Code  Gb  stm32f4xx_ll_dma.o [1]
LL_DMA_DisableStream     0x800'6401    0x16  Code  Lc  adc_cfg.o [1]
LL_DMA_DisableStream     0x800'2935    0x14  Code  Lc  stm32f4xx_ll_dma.o [1]
LL_DMA_DisableStream     0x800'02cb    0x16  Code  Lc  usart_cfg.o [1]
LL_DMA_EnableIT_TC       0x800'6443    0x16  Code  Lc  adc_cfg.o [1]
LL_DMA_EnableIT_TC       0x800'030b    0x16  Code  Lc  usart_cfg.o [1]
LL_DMA_EnableStream      0x800'63eb    0x16  Code  Lc  adc_cfg.o [1]
LL_DMA_EnableStream      0x800'02b5    0x16  Code  Lc  usart_cfg.o [1]
LL_DMA_GetDataLength     0x800'02fd     0xe  Code  Lc  usart_cfg.o [1]
LL_DMA_Init              0x800'2bed    0x80  Code  Gb  stm32f4xx_ll_dma.o [1]
LL_DMA_IsActiveFlag_TC0
                         0x800'8b01     0xa  Code  Lc  stm32f4xx_it.o [1]
LL_DMA_IsActiveFlag_TC2
                         0x800'8b0b     0xa  Code  Lc  stm32f4xx_it.o [1]
LL_DMA_IsActiveFlag_TC7
                         0x800'8b15     0xa  Code  Lc  stm32f4xx_it.o [1]
LL_DMA_IsEnabledIT_TC    0x800'8b1f    0x10  Code  Lc  stm32f4xx_it.o [1]
LL_DMA_SetChannelSelection
                         0x800'297d    0x1a  Code  Lc  stm32f4xx_ll_dma.o [1]
LL_DMA_SetDataLength     0x800'6417    0x1c  Code  Lc  adc_cfg.o [1]
LL_DMA_SetDataLength     0x800'2963    0x1a  Code  Lc  stm32f4xx_ll_dma.o [1]
LL_DMA_SetDataLength     0x800'02e1    0x1c  Code  Lc  usart_cfg.o [1]
LL_DMA_SetMemoryAddress
                         0x800'29e9     0xa  Code  Lc  stm32f4xx_ll_dma.o [1]
LL_DMA_SetMemoryBurstxfer
                         0x800'2997    0x1a  Code  Lc  stm32f4xx_ll_dma.o [1]
LL_DMA_SetPeriphAddress
                         0x800'29f3     0xa  Code  Lc  stm32f4xx_ll_dma.o [1]
LL_DMA_SetPeriphBurstxfer
                         0x800'29b1    0x1a  Code  Lc  stm32f4xx_ll_dma.o [1]
LL_EXTI_ClearFlag_0_31   0x800'8b2f     0x6  Code  Lc  stm32f4xx_it.o [1]
LL_FLASH_EnableDataCache
                         0x800'6d59     0xc  Code  Lc  main.o [1]
LL_FLASH_EnableInstCache
                         0x800'6d4d     0xc  Code  Lc  main.o [1]
LL_FLASH_EnablePrefetch
                         0x800'6d41     0xc  Code  Lc  main.o [1]
LL_FLASH_GetLatency      0x800'6d37     0xa  Code  Lc  main.o [1]
LL_FLASH_SetLatency      0x800'6d29     0xe  Code  Lc  main.o [1]
LL_GPIO_Init             0x800'20e7    0x8e  Code  Gb  stm32f4xx_ll_gpio.o [1]
LL_GPIO_ReadInputPort    0x800'71b9     0x4  Code  Lc  data_bus.o [1]
LL_GPIO_ReadInputPort    0x800'871d     0x4  Code  Lc  i2c_cfg.o [1]
LL_GPIO_ResetOutputPin   0x800'1955     0x6  Code  Lc  gpio_cfg.o [1]
LL_GPIO_ResetOutputPin   0x800'26ed     0x6  Code  Lc  stm32_cfg.o [1]
LL_GPIO_ResetOutputPins
                         0x800'2793    0x34  Code  Gb  stm32_cfg.o [1]
LL_GPIO_SetAFPin_0_7     0x800'2083    0x2e  Code  Lc  stm32f4xx_ll_gpio.o [1]
LL_GPIO_SetAFPin_8_15    0x800'20b1    0x36  Code  Lc  stm32f4xx_ll_gpio.o [1]
LL_GPIO_SetOutputPin     0x800'1951     0x4  Code  Lc  gpio_cfg.o [1]
LL_GPIO_SetOutputPin     0x800'26e9     0x4  Code  Lc  stm32_cfg.o [1]
LL_GPIO_SetOutputPins    0x800'275f    0x34  Code  Gb  stm32_cfg.o [1]
LL_GPIO_SetPinMode       0x800'1fd1    0x2e  Code  Lc  stm32f4xx_ll_gpio.o [1]
LL_GPIO_SetPinMode       0x800'0321    0x2e  Code  Lc  usart_cfg.o [1]
LL_GPIO_SetPinOutputType
                         0x800'1fff    0x28  Code  Lc  stm32f4xx_ll_gpio.o [1]
LL_GPIO_SetPinPull       0x800'2055    0x2e  Code  Lc  stm32f4xx_ll_gpio.o [1]
LL_GPIO_SetPinSpeed      0x800'2027    0x2e  Code  Lc  stm32f4xx_ll_gpio.o [1]
LL_GPIO_TogglePin        0x800'195b     0x8  Code  Lc  gpio_cfg.o [1]
LL_GPIO_TogglePin        0x800'26f3     0x8  Code  Lc  stm32_cfg.o [1]
LL_GPIO_TogglePins       0x800'27c7    0x34  Code  Gb  stm32_cfg.o [1]
LL_IWDG_ReloadCounter    0x800'4145     0x8  Code  Lc  iwdg_cfg.o [1]
LL_InitTick              0x800'5e87    0x1e  Code  Lc  systick_cfg.o [1]
LL_PWR_EnableBkUpAccess
                         0x800'6c63     0xe  Code  Lc  main.o [1]
LL_PWR_IsActiveFlag_PVDO
                         0x800'8b35     0xc  Code  Lc  stm32f4xx_it.o [1]
LL_PWR_SetRegulVoltageScaling
                         0x800'6c53    0x10  Code  Lc  main.o [1]
LL_RCC_ClearFlag_HSECSS
                         0x800'8cab     0xc  Code  Lc  css_cfg.o [1]
LL_RCC_ClearFlag_HSERDY
                         0x800'8c9f     0xc  Code  Lc  css_cfg.o [1]
LL_RCC_DisableIT_HSERDY
                         0x800'8cdb     0xc  Code  Lc  css_cfg.o [1]
LL_RCC_EnableIT_HSERDY   0x800'8ccf     0xc  Code  Lc  css_cfg.o [1]
LL_RCC_GetAHBPrescaler   0x800'3fff     0xa  Code  Lc  stm32f4xx_ll_rcc.o [1]
LL_RCC_GetAPB1Prescaler
                         0x800'4009     0xa  Code  Lc  stm32f4xx_ll_rcc.o [1]
LL_RCC_GetAPB2Prescaler
                         0x800'4013     0xa  Code  Lc  stm32f4xx_ll_rcc.o [1]
LL_RCC_GetSysClkSource   0x800'6cb9     0xc  Code  Lc  main.o [1]
LL_RCC_GetSysClkSource   0x800'3ff5     0xa  Code  Lc  stm32f4xx_ll_rcc.o [1]
LL_RCC_GetSystemClocksFreq
                         0x800'4045    0x24  Code  Gb  stm32f4xx_ll_rcc.o [1]
LL_RCC_HSE_Enable        0x800'8c93     0xc  Code  Lc  css_cfg.o [1]
LL_RCC_HSE_Enable        0x800'6c71     0xe  Code  Lc  main.o [1]
LL_RCC_HSE_IsReady       0x800'6c7f     0xe  Code  Lc  main.o [1]
LL_RCC_IsActiveFlag_HSECSS
                         0x800'8cc3     0xc  Code  Lc  css_cfg.o [1]
LL_RCC_IsActiveFlag_HSERDY
                         0x800'8cb7     0xc  Code  Lc  css_cfg.o [1]
LL_RCC_LSI_Enable        0x800'6c8d     0xe  Code  Lc  main.o [1]
LL_RCC_LSI_IsReady       0x800'6c9b     0xe  Code  Lc  main.o [1]
LL_RCC_PLL_ConfigDomain_SYS
                         0x800'6d07    0x22  Code  Lc  main.o [1]
LL_RCC_PLL_Enable        0x800'6cef     0xc  Code  Lc  main.o [1]
LL_RCC_PLL_GetDivider    0x800'403b     0xa  Code  Lc  stm32f4xx_ll_rcc.o [1]
LL_RCC_PLL_GetMainSource
                         0x800'401d     0xa  Code  Lc  stm32f4xx_ll_rcc.o [1]
LL_RCC_PLL_GetN          0x800'4027     0xa  Code  Lc  stm32f4xx_ll_rcc.o [1]
LL_RCC_PLL_GetP          0x800'4031     0xa  Code  Lc  stm32f4xx_ll_rcc.o [1]
LL_RCC_PLL_IsReady       0x800'6cfb     0xc  Code  Lc  main.o [1]
LL_RCC_SetAHBPrescaler   0x800'6cc5     0xe  Code  Lc  main.o [1]
LL_RCC_SetAPB1Prescaler
                         0x800'6cd3     0xe  Code  Lc  main.o [1]
LL_RCC_SetAPB2Prescaler
                         0x800'6ce1     0xe  Code  Lc  main.o [1]
LL_RCC_SetSysClkSource   0x800'6ca9    0x10  Code  Lc  main.o [1]
LL_RNG_ClearFlag_CEIS    0x800'7cab     0x8  Code  Lc  random_cfg.o [1]
LL_RNG_ClearFlag_SEIS    0x800'7cb3     0x8  Code  Lc  random_cfg.o [1]
LL_RNG_DeInit            0x800'85a5    0x14  Code  Gb  stm32f4xx_ll_rng.o [1]
LL_RNG_Disable           0x800'7c85     0xa  Code  Lc  random_cfg.o [1]
LL_RNG_Enable            0x800'7c7b     0xa  Code  Lc  random_cfg.o [1]
LL_RNG_EnableIT          0x800'7cbb     0xa  Code  Lc  random_cfg.o [1]
LL_RNG_IsActiveFlag_CEIS
                         0x800'7c97     0xa  Code  Lc  random_cfg.o [1]
LL_RNG_IsActiveFlag_DRDY
                         0x800'7c8f     0x8  Code  Lc  random_cfg.o [1]
LL_RNG_IsActiveFlag_SEIS
                         0x800'7ca1     0xa  Code  Lc  random_cfg.o [1]
LL_RNG_ReadRandData32    0x800'7cc5     0x4  Code  Lc  random_cfg.o [1]
LL_SYSTICK_SetClkSource
                         0x800'6c33    0x20  Code  Lc  main.o [1]
LL_SetSystemCoreClock    0x800'7085     0x6  Code  Gb  stm32f4xx_ll_utils.o [1]
LL_TIM_CC_DisableChannel
                         0x800'4ec3     0x8  Code  Lc  timer_cfg.o [1]
LL_TIM_ClearFlag_TRIG    0x800'505b     0x8  Code  Lc  timer_cfg.o [1]
LL_TIM_ClearFlag_UPDATE
                         0x800'504b     0x8  Code  Lc  timer_cfg.o [1]
LL_TIM_DeInit            0x800'5a3b   0x152  Code  Gb  stm32f4xx_ll_tim.o [1]
LL_TIM_DisableCounter    0x800'4ea7     0xa  Code  Lc  timer_cfg.o [1]
LL_TIM_DisableDMAReq_TRIG
                         0x800'5077     0xa  Code  Lc  timer_cfg.o [1]
LL_TIM_DisableIT_TRIG    0x800'506d     0xa  Code  Lc  timer_cfg.o [1]
LL_TIM_DisableMasterSlaveMode
[...]
SysTickLib_1msIncTick    0x800'5de1     0x8  Code  Gb  systick_lib.o [1]
SysTickLib_CreateTickTask
                         0x800'5da1     0xc  Code  Gb  systick_lib.o [1]
SysTickLib_DecTick       0x800'5db9     0xc  Code  Gb  systick_lib.o [1]
SysTickLib_DeleteTickTask
                         0x800'5dad     0xc  Code  Gb  systick_lib.o [1]
SysTickLib_GetTick       0x800'5dc5     0x8  Code  Gb  systick_lib.o [1]
SysTickLib_IRQTask       0x800'5dcd     0x8  Code  Gb  systick_lib.o [1]
SysTickLib_Init          0x800'5d99     0x8  Code  Gb  systick_lib.o [1]
SysTickLib_WaitusTick    0x800'5dd5     0xc  Code  Gb  systick_lib.o [1]
SysTickTask_1msIncTick   0x800'5ce1     0x8  Code  Gb  systick_task.o [1]
SysTickTask_CreateTickTask
                         0x800'5ca1     0xc  Code  Gb  systick_task.o [1]
SysTickTask_DecTick      0x800'5cb9     0xc  Code  Gb  systick_task.o [1]
SysTickTask_DeleteTickTask
                         0x800'5cad     0xc  Code  Gb  systick_task.o [1]
SysTickTask_GetTick      0x800'5cc5     0x8  Code  Gb  systick_task.o [1]
SysTickTask_IRQTask      0x800'5ccd     0x8  Code  Gb  systick_task.o [1]
SysTickTask_Init         0x800'5c99     0x8  Code  Gb  systick_task.o [1]
SysTickTask_WaitusTick   0x800'5cd5     0xc  Code  Gb  systick_task.o [1]
SysTick_1msIncTick       0x800'61ff    0x42  Code  Gb  systick_cfg.o [1]
SysTick_CreateTickTask   0x800'5f57    0xbe  Code  Gb  systick_cfg.o [1]
SysTick_DecTick          0x800'6123    0x50  Code  Gb  systick_cfg.o [1]
SysTick_DeleteTickTask   0x800'6015    0x7e  Code  Gb  systick_cfg.o [1]
SysTick_GetTick          0x800'6173     0x8  Code  Gb  systick_cfg.o [1]
SysTick_Handler          0x800'8b6d     0x8  Code  Gb  stm32f4xx_it.o [1]
SysTick_IRQTask          0x800'617b    0x3a  Code  Gb  systick_cfg.o [1]
SysTick_PollTickTask     0x800'6093    0x90  Code  Gb  systick_cfg.o [1]
SysTick_Resume           0x800'5eb5    0x10  Code  Gb  systick_cfg.o [1]
SysTick_StructInit       0x800'5ec5    0x40  Code  Gb  systick_cfg.o [1]
SysTick_Suspend          0x800'5ea5    0x10  Code  Gb  systick_cfg.o [1]
SysTick_WaitusTick       0x800'61b5    0x4a  Code  Gb  systick_cfg.o [1]
SysTick_msInit           0x800'5f05    0x52  Code  Gb  systick_cfg.o [1]
Sys_Init                 0x800'6e8f    0xae  Code  Gb  main.o [1]
SystemClock_Config       0x800'6d65    0x9c  Code  Gb  main.o [1]
SystemCoreClock         0x2000'00a4     0x4  Data  Gb  system_stm32f4xx.o [1]
SystemInit               0x800'8f91    0x40  Code  Gb  system_stm32f4xx.o [1]
TIM2_IRQHandler          0x800'8bdf     0x2  Code  Gb  stm32f4xx_it.o [1]
TimerLib_CalcFreq_Task   0x800'75e3     0xe  Code  Gb  timer_lib.o [1]
TimerLib_Init            0x800'75db     0x8  Code  Gb  timer_lib.o [1]
TimerTask_CalcFreq_Task
                         0x800'714b     0xe  Code  Gb  timer_task.o [1]
TimerTask_Init           0x800'7143     0x8  Code  Gb  timer_task.o [1]
Timer_CalcFreqMode_DeInit
                         0x800'5163     0xc  Code  Gb  timer_cfg.o [1]
Timer_CalcFreqMode_Init
                         0x800'5081    0xe2  Code  Gb  timer_cfg.o [1]
Timer_CalcFreqMode_PreInit
                         0x800'516f    0xe8  Code  Gb  timer_cfg.o [1]
Timer_CalcFreq_Init      0x800'5257   0x17a  Code  Gb  timer_cfg.o [1]
Timer_CalcFreq_Init::nCount
                        0x2000'3014     0x1  Data  Lc  timer_cfg.o [1]
Timer_CalcFreq_Init::nOverCount
                        0x2000'3015     0x1  Data  Lc  timer_cfg.o [1]
Timer_CalcFreq_Task      0x800'53d1   0x12c  Code  Gb  timer_cfg.o [1]
Timer_Clock              0x800'5505   0x47a  Code  Gb  timer_cfg.o [1]
Timer_Init               0x800'54fd     0x8  Code  Gb  timer_cfg.o [1]
USART1_ConfigInit        0x800'140b    0xe8  Code  Gb  usart_cfg.o [1]
USART1_IRQHandler        0x800'8b7f     0xc  Code  Gb  stm32f4xx_it.o [1]
USART1_Init              0x800'14f3    0x60  Code  Gb  usart_cfg.o [1]
USART1_RX_BUFFER        0x2000'2ea0    0x44  Data  Gb  usart_task.o [1]
USART1_Read_DMA_Init     0x800'169d    0xac  Code  Gb  usart_cfg.o [1]
USART1_TX_BUFFER        0x2000'2ee4    0x44  Data  Gb  usart_task.o [1]
USART1_Write_DMA_Init    0x800'1749    0xa2  Code  Gb  usart_cfg.o [1]
USART2_Init              0x800'1553     0x6  Code  Gb  usart_cfg.o [1]
USART3_Init              0x800'1559     0x6  Code  Gb  usart_cfg.o [1]
USARTLib_CRCTask_Read    0x800'7789     0xc  Code  Gb  usart_lib.o [1]
USARTLib_DeviceID        0x800'7759     0xc  Code  Gb  usart_lib.o [1]
USARTLib_FillMode_AddByte
                         0x800'7777    0x12  Code  Gb  usart_lib.o [1]
USARTLib_FillMode_Init   0x800'7765    0x12  Code  Gb  usart_lib.o [1]
USARTLib_FillMode_WriteSTART
                         0x800'7795    0x12  Code  Gb  usart_lib.o [1]
USARTLib_GetReadState    0x800'773b     0xc  Code  Gb  usart_lib.o [1]
USARTLib_IRQTask         0x800'77a7     0xc  Code  Gb  usart_lib.o [1]
USARTLib_Init            0x800'76a7    0x5e  Code  Gb  usart_lib.o [1]
USARTLib_ParamInit       0x800'7705    0x2a  Code  Gb  usart_lib.o [1]
USARTLib_Read_DMA_IRQTask
                         0x800'77b3     0xc  Code  Gb  usart_lib.o [1]
USARTLib_Read_Init       0x800'772f     0xc  Code  Gb  usart_lib.o [1]
USARTLib_TimeOVFTask     0x800'7747    0x12  Code  Gb  usart_lib.o [1]
USARTLib_Write_DMA_IRQTask
                         0x800'77bf     0xc  Code  Gb  usart_lib.o [1]
USARTTask_CRCTask_Read   0x800'73e3     0xc  Code  Gb  usart_task.o [1]
USARTTask_DebugFreqTask
                         0x800'7431   0x156  Code  Gb  usart_task.o [1]
USARTTask_DeviceID       0x800'7401     0xc  Code  Gb  usart_task.o [1]
USARTTask_FillMode_AddByte
                         0x800'73d1    0x12  Code  Gb  usart_task.o [1]
USARTTask_FillMode_Init
                         0x800'73bf    0x12  Code  Gb  usart_task.o [1]
USARTTask_FillMode_WriteSTART
                         0x800'73ef    0x12  Code  Gb  usart_task.o [1]
USARTTask_GetReadState   0x800'73a5     0xc  Code  Gb  usart_task.o [1]
USARTTask_IRQTask        0x800'740d     0xc  Code  Gb  usart_task.o [1]
USARTTask_Init           0x800'7345    0x54  Code  Gb  usart_task.o [1]
USARTTask_Read_DMA_IRQTask
                         0x800'7419     0xc  Code  Gb  usart_task.o [1]
USARTTask_Read_Init      0x800'7399     0xc  Code  Gb  usart_task.o [1]
USARTTask_TimeOVFTask    0x800'73b1     0xe  Code  Gb  usart_task.o [1]
USARTTask_Write_DMA_IRQTask
                         0x800'7425     0xc  Code  Gb  usart_task.o [1]
USART_485GPIOInit        0x800'0681    0x2a  Code  Gb  usart_cfg.o [1]
USART_CRCTask_Read       0x800'0c41   0x1e8  Code  Gb  usart_cfg.o [1]
USART_CRCTask_Write      0x800'0e29    0xfa  Code  Gb  usart_cfg.o [1]
USART_ClearOVF           0x800'0fd3    0x1c  Code  Gb  usart_cfg.o [1]
USART_Clock              0x800'11e9   0x20a  Code  Gb  usart_cfg.o [1]
USART_DMA_IDLETask       0x800'1871    0x5e  Code  Gb  usart_cfg.o [1]
USART_DeviceID           0x800'107d    0x20  Code  Gb  usart_cfg.o [1]
USART_FillMode_AddByte   0x800'0c21    0x20  Code  Gb  usart_cfg.o [1]
USART_FillMode_Init      0x800'0b8d    0x94  Code  Gb  usart_cfg.o [1]
USART_FillMode_WriteSTART
                         0x800'0f23    0xb0  Code  Gb  usart_cfg.o [1]
USART_GPIOInit           0x800'0653    0x2e  Code  Gb  usart_cfg.o [1]
USART_GetReadState       0x800'0fef     0x6  Code  Gb  usart_cfg.o [1]
USART_IRQTask            0x800'155f   0x13e  Code  Gb  usart_cfg.o [1]
USART_ITPrintf_TCTask    0x800'116b    0x38  Code  Gb  usart_cfg.o [1]
USART_ITRead_16BitsTask
                         0x800'0919   0x13a  Code  Gb  usart_cfg.o [1]
USART_ITRead_16BitsTask::tempVal
                        0x2000'3017     0x1  Data  Lc  usart_cfg.o [1]
USART_ITRead_8BitsTask   0x800'0827    0xf2  Code  Gb  usart_cfg.o [1]
USART_ITRead_8BitsTask::tempVal
                        0x2000'3016     0x1  Data  Lc  usart_cfg.o [1]
USART_ITRead_Task        0x800'0a81    0x26  Code  Gb  usart_cfg.o [1]
USART_ITWrite_TCTask     0x800'0b37    0x56  Code  Gb  usart_cfg.o [1]
USART_ITWrite_TXETask    0x800'0aa7    0x90  Code  Gb  usart_cfg.o [1]
USART_IT_TCTask          0x800'11a9    0x34  Code  Gb  usart_cfg.o [1]
USART_Init               0x800'05db    0x78  Code  Gb  usart_cfg.o [1]
USART_ParamInit          0x800'13f3    0x18  Code  Gb  usart_cfg.o [1]
USART_Printf             0x800'110b    0x60  Code  Gb  usart_cfg.o [1]
USART_PrintfResume       0x800'10f5    0x16  Code  Gb  usart_cfg.o [1]
USART_PrintfSuspend      0x800'109d    0x58  Code  Gb  usart_cfg.o [1]
USART_Read_DMA_IRQTask   0x800'18cf    0x12  Code  Gb  usart_cfg.o [1]
USART_Read_DMA_RESTART   0x800'183b    0x1c  Code  Gb  usart_cfg.o [1]
USART_Read_DMA_STOP      0x800'1815    0x26  Code  Gb  usart_cfg.o [1]
USART_Read_Init          0x800'0ff5    0x4a  Code  Gb  usart_cfg.o [1]
USART_StructInit         0x800'04f3    0xe8  Code  Gb  usart_cfg.o [1]
USART_TimeOVFTask        0x800'077d    0xaa  Code  Gb  usart_cfg.o [1]
USART_TimeTick_Init      0x800'06ab    0x2e  Code  Gb  usart_cfg.o [1]
USART_TimeTick_OVF       0x800'06d9    0xa4  Code  Gb  usart_cfg.o [1]
USART_Write_DMA_IRQTask
                         0x800'18e1    0x1c  Code  Gb  usart_cfg.o [1]
USART_Write_DMA_RESTART
                         0x800'1857    0x1a  Code  Gb  usart_cfg.o [1]
USART_Write_Init         0x800'103f    0x3e  Code  Gb  usart_cfg.o [1]
UsageFault_Handler       0x800'8b65     0x2  Code  Gb  stm32f4xx_it.o [1]
WM8510Lib_I2C_Init       0x800'7609    0x1a  Code  Gb  wm8510_lib.o [1]
WM8510Task_I2C_Init      0x800'7171    0x1a  Code  Gb  wm8510_task.o [1]
WM8510_HWI2C_WriteReg    0x800'815b     0x6  Code  Gb  wm8510_cfg.o [1]
WM8510_I2C_Device0_Init
                         0x800'7fa7    0x78  Code  Gb  wm8510_cfg.o [1]
WM8510_I2C_Device1_Init
                         0x800'801f     0x6  Code  Gb  wm8510_cfg.o [1]
WM8510_I2C_Device2_Init
                         0x800'8025     0x6  Code  Gb  wm8510_cfg.o [1]
WM8510_I2C_Init          0x800'802b    0x8c  Code  Gb  wm8510_cfg.o [1]
WM8510_I2C_ParamsInit    0x800'7f19    0x8e  Code  Gb  wm8510_cfg.o [1]
WM8510_I2C_START         0x800'80b7    0x30  Code  Gb  wm8510_cfg.o [1]
WM8510_I2C_SendCMD       0x800'8161    0x26  Code  Gb  wm8510_cfg.o [1]
WM8510_SWI2C_WriteReg    0x800'80e7    0x74  Code  Gb  wm8510_cfg.o [1]
WWDG_IRQHandler          0x800'8b75     0xa  Code  Gb  stm32f4xx_it.o [1]
_Encoding_8859_1_Mbrlen
                         0x800'1fc5     0x2  Code  Gb  xencoding_8859_1.o [2]
_Encoding_8859_1_Wctomb
                         0x800'1fb3    0x12  Code  Gb  xencoding_8859_1.o [2]
_Error_Handler           0x800'2705     0x2  Code  Gb  stm32_cfg.o [1]
_LitobFull               0x800'3bf7   0x10a  Code  Lc  xprintffull.o [2]
_Locale_lconv           0x2000'0048    0x38  Data  Lc  xlocale_c.o [2]
_PrintfFull              0x800'2ce5   0xcc4  Code  Gb  xprintffull.o [2]
_PutcharsFull            0x800'3d69    0x2e  Code  Lc  xprintffull.o [2]
_PutstrFull              0x800'3b37    0xc0  Code  Lc  xprintffull.o [2]
_PuttxtFull              0x800'3a2b   0x10c  Code  Lc  xprintffull.o [2]
_SNProut                 0x800'2ccb    0x1a  Code  Gb  xsnprout.o [2]
__NVIC_EnableIRQ         0x800'627d    0x20  Code  Lc  adc_cfg.o [1]
__NVIC_EnableIRQ         0x800'7bdb    0x1e  Code  Lc  random_cfg.o [1]
__NVIC_EnableIRQ         0x800'0195    0x20  Code  Lc  usart_cfg.o [1]
__NVIC_GetPriorityGrouping
                         0x800'6271     0xc  Code  Lc  adc_cfg.o [1]
__NVIC_GetPriorityGrouping
                         0x800'6b9f     0xc  Code  Lc  main.o [1]
__NVIC_GetPriorityGrouping
                         0x800'7bd1     0xa  Code  Lc  random_cfg.o [1]
__NVIC_GetPriorityGrouping
                         0x800'5e0b     0xc  Code  Lc  systick_cfg.o [1]
__NVIC_GetPriorityGrouping
                         0x800'0189     0xc  Code  Lc  usart_cfg.o [1]
__NVIC_SetPriority       0x800'629d    0x30  Code  Lc  adc_cfg.o [1]
__NVIC_SetPriority       0x800'6bab    0x30  Code  Lc  main.o [1]
__NVIC_SetPriority       0x800'7bf9    0x2c  Code  Lc  random_cfg.o [1]
__NVIC_SetPriority       0x800'5e17    0x30  Code  Lc  systick_cfg.o [1]
__NVIC_SetPriority       0x800'01b5    0x30  Code  Lc  usart_cfg.o [1]
__NVIC_SetPriorityGrouping
                         0x800'6b7d    0x22  Code  Lc  main.o [1]
__NVIC_SetPriorityGrouping
                         0x800'5de9    0x22  Code  Lc  systick_cfg.o [1]
__NVIC_SystemReset       0x800'8c79    0x1a  Code  Lc  css_cfg.o [1]
__NVIC_SystemReset       0x800'77cd    0x1e  Code  Lc  rtc_cfg.o [1]
__aeabi_cdcmple          0x800'452d          Code  Gb  DblCmpLe.o [3]
__aeabi_cdrcmple         0x800'455d          Code  Gb  DblCmpGe.o [3]
__aeabi_d2f              0x800'5d31          Code  Gb  DblToFlt.o [3]
__aeabi_d2iz             0x800'46c9          Code  Gb  DblToS32.o [3]
__aeabi_d2uiz            0x800'4a55          Code  Gb  DblToU32.o [3]
__aeabi_dadd             0x800'4c95          Code  Gb  DblAdd.o [3]
__aeabi_ddiv             0x800'480d          Code  Gb  DblDiv.o [3]
__aeabi_dmul             0x800'4a99          Code  Gb  DblMul.o [3]
__aeabi_dsub             0x800'4729          Code  Gb  DblSub.o [3]
__aeabi_f2d              0x800'5ce9          Code  Gb  FltToDbl.o [3]
__aeabi_i2d              0x800'4705          Code  Gb  S32ToDbl.o [3]
__aeabi_ldiv0            0x800'4c45          Code  Gb  I64DivZer.o [4]
__aeabi_memcpy           0x800'4415          Code  Gb  ABImemcpy.o [4]
__aeabi_memcpy4          0x800'4435          Code  Gb  ABImemcpy.o [4]
__aeabi_memcpy8          0x800'4435          Code  Gb  ABImemcpy.o [4]
__aeabi_memset           0x800'1f4d          Code  Gb  ABImemset.o [4]
__aeabi_ui2d             0x800'4a7d          Code  Gb  U32ToDbl.o [3]
__aeabi_uldivmod         0x800'3dc5          Code  Gb  I64DivMod.o [4]
__cmain                  0x800'90c1          Code  Gb  cmain.o [4]
__exit                   0x800'4e11    0x14  Code  Gb  exit.o [5]
__iar_Fail_s             0x800'4345    0x1c  Code  Gb  xfail_s.o [2]
__iar_Mbcurmax           0x800'4c3b     0xa  Code  Gb  xmbcurmax.o [2]
__iar_Memchr             0x800'43bd          Code  Gb  memchr.o [4]
__iar_Memset             0x800'1f4d          Code  Gb  ABImemset.o [4]
__iar_Memset_word        0x800'1f55          Code  Gb  ABImemset.o [4]
__iar_Strchr             0x800'432d          Code  Gb  strchr.o [4]
__iar_copy_init3         0x800'1f1f    0x2e  Code  Gb  copy_init3.o [4]
__iar_dadd               0x800'4739          Code  Gb  DblSub.o [3]
__iar_data_init3         0x800'8ff1    0x28  Code  Gb  data_init.o [4]
__iar_dsub               0x800'4ca5          Code  Gb  DblAdd.o [3]
__iar_dsubStart          0x800'4cb7          Code  Gb  DblAdd.o [3]
__iar_frexp              0x800'44c9          Code  Gb  frexp.o [3]
__iar_frexpl             0x800'44c9          Code  Gb  frexp.o [3]
__iar_globLocale        0x2000'0000    0x48  Data  Lc  xlocale_c.o [2]
__iar_global_Locale      0x800'42b1     0x4  Code  Gb  xlocale_c.o [2]
__iar_init_vfp           0x800'9019          Code  Gb  fpinit_M.o [3]
__iar_ldexp64            0x800'458d          Code  Gb  ldexp.o [3]
__iar_program_start      0x800'9185          Code  Gb  cstartup_M.o [4]
__iar_scalbln64          0x800'458d          Code  Gb  ldexp.o [3]
__iar_scalbn64           0x800'458d          Code  Gb  ldexp.o [3]
__iar_softfp___iar_frexp64
                         0x800'44bd          Code  Gb  frexp.o [3]
__iar_softfp_frexp       0x800'44bd          Code  Gb  frexp.o [3]
__iar_softfp_frexpl      0x800'44bd          Code  Gb  frexp.o [3]
__iar_zero_init3         0x800'1e8f    0x3a  Code  Gb  zero_init3.o [4]
__low_level_init         0x800'90df     0x4  Code  Gb  low_level_init.o [2]
__vector_table           0x800'0000          Data  Gb  startup_stm32f407xx.o [1]
_call_main               0x800'90cd          Code  Gb  cmain.o [4]
_exit                    0x800'90e9          Code  Gb  cexit.o [4]
_gLocale_mblen           0x800'4319     0x4  Code  Gb  xlocale_c.o [2]
_gLocale_mblenInt        0x800'42dd    0x2c  Code  Gb  xlocale_c.o [2]
_gLocale_wctomb          0x800'431d     0x4  Code  Gb  xlocale_c.o [2]
_gLocale_wctombInt       0x800'4315     0x4  Code  Gb  xlocale_c.o [2]
_irq_disable             0x800'26fd     0x4  Code  Gb  stm32_cfg.o [1]
_irq_enable              0x800'2701     0x4  Code  Gb  stm32_cfg.o [1]
_main                    0x800'90db          Code  Gb  cmain.o [4]
abort                    0x800'4c8d     0x6  Code  Gb  abort.o [2]
crc16Table               0x800'8900   0x200  Data  Gb  crc_cfg.o [1]
crc8Table07              0x800'8d30   0x100  Data  Gb  crc_cfg.o [1]
crc8Table31              0x800'8e30   0x100  Data  Gb  crc_cfg.o [1]
exit                     0x800'90e3     0x4  Code  Gb  exit.o [2]
g_ABChannelADC          0x2000'2f28    0x2c  Data  Gb  adc_cfg.o [1]
g_CDChannelADC          0x2000'2f54    0x2c  Data  Gb  adc_cfg.o [1]
g_CRCIsEnable           0x2000'00b8     0x1  Data  Gb  crc_cfg.o [1]
g_CalcFreq              0x2000'2fa8    0x24  Data  Gb  timer_cfg.o [1]
g_HASH_RNG_Val          0x2000'3008     0x4  Data  Gb  random_cfg.o [1]
g_HardFaultErrMsg       0x2000'2fcc    0x20  Data  Gb  stm32_cfg.o [1]
g_IspDevice0            0x2000'2dbc    0x78  Data  Gb  isp_cfg.o [1]
g_MemMap                0x2000'28bc   0x280  Data  Gb  my_malloc.o [1]
g_MemPool               0x2000'00bc  0x2800  Data  Gb  my_malloc.o [1]
g_MemTableSize           0x800'91d0     0x4  Data  Gb  my_malloc.o [1]
g_MemTotalSize           0x800'91d4     0x4  Data  Gb  my_malloc.o [1]
g_MonthDaysTab           0x800'913c    0x10  Data  Gb  rtc_cfg.o [1]
g_MyMallcoDev           0x2000'0080    0x14  Data  Gb  my_malloc.o [1]
g_PrintfBuffer          0x2000'2b3c   0x200  Data  Gb  usart_cfg.o [1]
g_SysSoftRTC            0x2000'2fec    0x18  Data  Gb  rtc_cfg.o [1]
g_SysTick               0x2000'2f80    0x28  Data  Gb  systick_cfg.o [1]
g_Usart1                0x2000'2d3c    0x80  Data  Gb  usart_cfg.o [1]
g_Wm8510Device0         0x2000'2e34    0x6c  Data  Gb  wm8510_cfg.o [1]
ldexp                    0x800'458d          Code  Gb  ldexp.o [3]
ldexpl                   0x800'458d          Code  Gb  ldexp.o [3]
localeconv               0x800'4321     0x4  Code  Gb  xlocale_c.o [2]
main                     0x800'6f3d    0xd2  Code  Gb  main.o [1]
memchr                   0x800'43bd          Code  Gb  memchr.o [4]
pABChannelADC           0x2000'0094     0x4  Data  Gb  adc_cfg.o [1]
pCDChannelADC           0x2000'0098     0x4  Data  Gb  adc_cfg.o [1]
pCalcFreq               0x2000'00ac     0x4  Data  Gb  timer_cfg.o [1]
pIspDevice0             0x2000'009c     0x4  Data  Gb  isp_cfg.o [1]
pSysSoftRTC             0x2000'00a0     0x4  Data  Gb  rtc_cfg.o [1]
pSysTick                0x2000'00a8     0x4  Data  Gb  systick_cfg.o [1]
pUsart1                 0x2000'00b0     0x4  Data  Gb  usart_cfg.o [1]
pWm8510Device0          0x2000'00b4     0x4  Data  Gb  wm8510_cfg.o [1]
scalbln                  0x800'458d          Code  Gb  ldexp.o [3]
scalblnl                 0x800'458d          Code  Gb  ldexp.o [3]
scalbn                   0x800'458d          Code  Gb  ldexp.o [3]
scalbnl                  0x800'458d          Code  Gb  ldexp.o [3]
scale                    0x800'3d01    0x46  Code  Lc  xprintffull.o [2]
sec_hand                0x2000'3010     0x4  Data  Lc  xfail_s.o [2]
strchr                   0x800'432d          Code  Gb  strchr.o [4]
strlen                   0x800'4385          Code  Gb  strlen.o [4]
uwTick                  0x2000'300c     0x4  Data  Gb  stm32f4xx_hal.o [1]
uwTickFreq              0x2000'00b9     0x1  Data  Gb  stm32f4xx_hal.o [1]
vsnprintf                0x800'1ec9    0x3c  Code  Gb  vsnprint.o [2]


[1] = I:\STM32Project\NewProject\STM32F407\STM32F407VET6\STM32F407VET6Project\EWARM\STM32F407VET6Project\Obj
[2] = dl7M_tlf.a
[3] = m7M_tls.a
[4] = rt7M_tl.a
[5] = shb_l.a

  36'181 bytes of readonly  code memory
   1'627 bytes of readonly  data memory
  20'502 bytes of readwrite data memory

Errors: none
Warnings: none
