###############################################################################
#
# IAR ELF Linker V8.32.3.193/W32 for ARM                  15/Jun/2019  22:30:28
# Copyright 2007-2019 IAR Systems AB.
#
#    Output file  =  
#        E:\STM32_MCU\STM32F407\STM32F407VET6\STM32F407VET6Project\EWARM\STM32F407VET6Project\Exe\STM32F407VET6Project.out
#    Map file     =  
#        E:\STM32_MCU\STM32F407\STM32F407VET6\STM32F407VET6Project\EWARM\STM32F407VET6Project\List\STM32F407VET6Project.map
#    Command line =  
#        -f C:\Users\Harry\AppData\Local\Temp\EW374E.tmp
#        (E:\STM32_MCU\STM32F407\STM32F407VET6\STM32F407VET6Project\EWARM\STM32F407VET6Project\Obj\ad5593_cfg.o
#        E:\STM32_MCU\STM32F407\STM32F407VET6\STM32F407VET6Project\EWARM\STM32F407VET6Project\Obj\ad5593_lib.o
#        E:\STM32_MCU\STM32F407\STM32F407VET6\STM32F407VET6Project\EWARM\STM32F407VET6Project\Obj\ad5593_task.o
#        E:\STM32_MCU\STM32F407\STM32F407VET6\STM32F407VET6Project\EWARM\STM32F407VET6Project\Obj\adc_cfg.o
#        E:\STM32_MCU\STM32F407\STM32F407VET6\STM32F407VET6Project\EWARM\STM32F407VET6Project\Obj\adc_lib.o
#        E:\STM32_MCU\STM32F407\STM32F407VET6\STM32F407VET6Project\EWARM\STM32F407VET6Project\Obj\adc_task.o
#        E:\STM32_MCU\STM32F407\STM32F407VET6\STM32F407VET6Project\EWARM\STM32F407VET6Project\Obj\ads1256_cfg.o
#        E:\STM32_MCU\STM32F407\STM32F407VET6\STM32F407VET6Project\EWARM\STM32F407VET6Project\Obj\ads1256_lib.o
#        E:\STM32_MCU\STM32F407\STM32F407VET6\STM32F407VET6Project\EWARM\STM32F407VET6Project\Obj\ads1256_task.o
#        E:\STM32_MCU\STM32F407\STM32F407VET6\STM32F407VET6Project\EWARM\STM32F407VET6Project\Obj\ads868x_cfg.o
#        E:\STM32_MCU\STM32F407\STM32F407VET6\STM32F407VET6Project\EWARM\STM32F407VET6Project\Obj\ads868x_lib.o
#        E:\STM32_MCU\STM32F407\STM32F407VET6\STM32F407VET6Project\EWARM\STM32F407VET6Project\Obj\ads868x_task.o
#        E:\STM32_MCU\STM32F407\STM32F407VET6\STM32F407VET6Project\EWARM\STM32F407VET6Project\Obj\ads869x_cfg.o
#        E:\STM32_MCU\STM32F407\STM32F407VET6\STM32F407VET6Project\EWARM\STM32F407VET6Project\Obj\ads869x_lib.o
#        E:\STM32_MCU\STM32F407\STM32F407VET6\STM32F407VET6Project\EWARM\STM32F407VET6Project\Obj\ads869x_task.o
#        E:\STM32_MCU\STM32F407\STM32F407VET6\STM32F407VET6Project\EWARM\STM32F407VET6Project\Obj\at24cxx_cfg.o
#        E:\STM32_MCU\STM32F407\STM32F407VET6\STM32F407VET6Project\EWARM\STM32F407VET6Project\Obj\at24cxx_lib.o
#        E:\STM32_MCU\STM32F407\STM32F407VET6\STM32F407VET6Project\EWARM\STM32F407VET6Project\Obj\at24cxx_task.o
#        E:\STM32_MCU\STM32F407\STM32F407VET6\STM32F407VET6Project\EWARM\STM32F407VET6Project\Obj\bkp_cfg.o
#        E:\STM32_MCU\STM32F407\STM32F407VET6\STM32F407VET6Project\EWARM\STM32F407VET6Project\Obj\bkp_lib.o
#        E:\STM32_MCU\STM32F407\STM32F407VET6\STM32F407VET6Project\EWARM\STM32F407VET6Project\Obj\bkp_task.o
#        E:\STM32_MCU\STM32F407\STM32F407VET6\STM32F407VET6Project\EWARM\STM32F407VET6Project\Obj\complier_cfg.o
#        E:\STM32_MCU\STM32F407\STM32F407VET6\STM32F407VET6Project\EWARM\STM32F407VET6Project\Obj\complier_lib.o
#        E:\STM32_MCU\STM32F407\STM32F407VET6\STM32F407VET6Project\EWARM\STM32F407VET6Project\Obj\crc_cfg.o
#        E:\STM32_MCU\STM32F407\STM32F407VET6\STM32F407VET6Project\EWARM\STM32F407VET6Project\Obj\crc_lib.o
#        E:\STM32_MCU\STM32F407\STM32F407VET6\STM32F407VET6Project\EWARM\STM32F407VET6Project\Obj\crc_task.o
#        E:\STM32_MCU\STM32F407\STM32F407VET6\STM32F407VET6Project\EWARM\STM32F407VET6Project\Obj\css_cfg.o
#        E:\STM32_MCU\STM32F407\STM32F407VET6\STM32F407VET6Project\EWARM\STM32F407VET6Project\Obj\css_lib.o
#        E:\STM32_MCU\STM32F407\STM32F407VET6\STM32F407VET6Project\EWARM\STM32F407VET6Project\Obj\css_task.o
#        E:\STM32_MCU\STM32F407\STM32F407VET6\STM32F407VET6Project\EWARM\STM32F407VET6Project\Obj\dac_cfg.o
#        E:\STM32_MCU\STM32F407\STM32F407VET6\STM32F407VET6Project\EWARM\STM32F407VET6Project\Obj\dac_lib.o
#        E:\STM32_MCU\STM32F407\STM32F407VET6\STM32F407VET6Project\EWARM\STM32F407VET6Project\Obj\dac_task.o
#        E:\STM32_MCU\STM32F407\STM32F407VET6\STM32F407VET6Project\EWARM\STM32F407VET6Project\Obj\decode_cfg.o
#        E:\STM32_MCU\STM32F407\STM32F407VET6\STM32F407VET6Project\EWARM\STM32F407VET6Project\Obj\decode_lib.o
#        E:\STM32_MCU\STM32F407\STM32F407VET6\STM32F407VET6Project\EWARM\STM32F407VET6Project\Obj\decode_task.o
#        E:\STM32_MCU\STM32F407\STM32F407VET6\STM32F407VET6Project\EWARM\STM32F407VET6Project\Obj\delay_cfg.o
#        E:\STM32_MCU\STM32F407\STM32F407VET6\STM32F407VET6Project\EWARM\STM32F407VET6Project\Obj\delay_lib.o
#        E:\STM32_MCU\STM32F407\STM32F407VET6\STM32F407VET6Project\EWARM\STM32F407VET6Project\Obj\delay_task.o
#        E:\STM32_MCU\STM32F407\STM32F407VET6\STM32F407VET6Project\EWARM\STM32F407VET6Project\Obj\dht11_cfg.o
#        E:\STM32_MCU\STM32F407\STM32F407VET6\STM32F407VET6Project\EWARM\STM32F407VET6Project\Obj\dht11_lib.o
#        E:\STM32_MCU\STM32F407\STM32F407VET6\STM32F407VET6Project\EWARM\STM32F407VET6Project\Obj\dht11_task.o
#        E:\STM32_MCU\STM32F407\STM32F407VET6\STM32F407VET6Project\EWARM\STM32F407VET6Project\Obj\ds1302_cfg.o
#        E:\STM32_MCU\STM32F407\STM32F407VET6\STM32F407VET6Project\EWARM\STM32F407VET6Project\Obj\ds1302_lib.o
#        E:\STM32_MCU\STM32F407\STM32F407VET6\STM32F407VET6Project\EWARM\STM32F407VET6Project\Obj\ds1302_task.o
#        E:\STM32_MCU\STM32F407\STM32F407VET6\STM32F407VET6Project\EWARM\STM32F407VET6Project\Obj\ds18b20_cfg.o
#        E:\STM32_MCU\STM32F407\STM32F407VET6\STM32F407VET6Project\EWARM\STM32F407VET6Project\Obj\ds18b20_lib.o
#        E:\STM32_MCU\STM32F407\STM32F407VET6\STM32F407VET6Project\EWARM\STM32F407VET6Project\Obj\ds18b20_task.o
#        E:\STM32_MCU\STM32F407\STM32F407VET6\STM32F407VET6Project\EWARM\STM32F407VET6Project\Obj\eeprom_cfg.o
#        E:\STM32_MCU\STM32F407\STM32F407VET6\STM32F407VET6Project\EWARM\STM32F407VET6Project\Obj\eeprom_lib.o
#        E:\STM32_MCU\STM32F407\STM32F407VET6\STM32F407VET6Project\EWARM\STM32F407VET6Project\Obj\eeprom_task.o
#        E:\STM32_MCU\STM32F407\STM32F407VET6\STM32F407VET6Project\EWARM\STM32F407VET6Project\Obj\flash_cfg.o
#        E:\STM32_MCU\STM32F407\STM32F407VET6\STM32F407VET6Project\EWARM\STM32F407VET6Project\Obj\flash_lib.o
#        E:\STM32_MCU\STM32F407\STM32F407VET6\STM32F407VET6Project\EWARM\STM32F407VET6Project\Obj\flash_task.o
#        E:\STM32_MCU\STM32F407\STM32F407VET6\STM32F407VET6Project\EWARM\STM32F407VET6Project\Obj\gpio_cfg.o
#        E:\STM32_MCU\STM32F407\STM32F407VET6\STM32F407VET6Project\EWARM\STM32F407VET6Project\Obj\gpio_lib.o
#        E:\STM32_MCU\STM32F407\STM32F407VET6\STM32F407VET6Project\EWARM\STM32F407VET6Project\Obj\gpio_task.o
#        E:\STM32_MCU\STM32F407\STM32F407VET6\STM32F407VET6Project\EWARM\STM32F407VET6Project\Obj\hmc830_cfg.o
#        E:\STM32_MCU\STM32F407\STM32F407VET6\STM32F407VET6Project\EWARM\STM32F407VET6Project\Obj\hmc830_lib.o
#        E:\STM32_MCU\STM32F407\STM32F407VET6\STM32F407VET6Project\EWARM\STM32F407VET6Project\Obj\hmc830_task.o
#        E:\STM32_MCU\STM32F407\STM32F407VET6\STM32F407VET6Project\EWARM\STM32F407VET6Project\Obj\i2c_cfg.o
#        E:\STM32_MCU\STM32F407\STM32F407VET6\STM32F407VET6Project\EWARM\STM32F407VET6Project\Obj\i2c_lib.o
#        E:\STM32_MCU\STM32F407\STM32F407VET6\STM32F407VET6Project\EWARM\STM32F407VET6Project\Obj\i2c_task.o
#        E:\STM32_MCU\STM32F407\STM32F407VET6\STM32F407VET6Project\EWARM\STM32F407VET6Project\Obj\iap_cfg.o
#        E:\STM32_MCU\STM32F407\STM32F407VET6\STM32F407VET6Project\EWARM\STM32F407VET6Project\Obj\iap_lib.o
#        E:\STM32_MCU\STM32F407\STM32F407VET6\STM32F407VET6Project\EWARM\STM32F407VET6Project\Obj\iap_task.o
#        E:\STM32_MCU\STM32F407\STM32F407VET6\STM32F407VET6Project\EWARM\STM32F407VET6Project\Obj\isp_cfg.o
#        E:\STM32_MCU\STM32F407\STM32F407VET6\STM32F407VET6Project\EWARM\STM32F407VET6Project\Obj\isp_lib.o
#        E:\STM32_MCU\STM32F407\STM32F407VET6\STM32F407VET6Project\EWARM\STM32F407VET6Project\Obj\isp_task.o
#        E:\STM32_MCU\STM32F407\STM32F407VET6\STM32F407VET6Project\EWARM\STM32F407VET6Project\Obj\iwdg_cfg.o
#        E:\STM32_MCU\STM32F407\STM32F407VET6\STM32F407VET6Project\EWARM\STM32F407VET6Project\Obj\iwdg_lib.o
#        E:\STM32_MCU\STM32F407\STM32F407VET6\STM32F407VET6Project\EWARM\STM32F407VET6Project\Obj\iwdg_task.o
#        E:\STM32_MCU\STM32F407\STM32F407VET6\STM32F407VET6Project\EWARM\STM32F407VET6Project\Obj\kalman_filter.o
#        E:\STM32_MCU\STM32F407\STM32F407VET6\STM32F407VET6Project\EWARM\STM32F407VET6Project\Obj\key_cfg.o
#        E:\STM32_MCU\STM32F407\STM32F407VET6\STM32F407VET6Project\EWARM\STM32F407VET6Project\Obj\key_lib.o
#        E:\STM32_MCU\STM32F407\STM32F407VET6\STM32F407VET6Project\EWARM\STM32F407VET6Project\Obj\key_task.o
#        E:\STM32_MCU\STM32F407\STM32F407VET6\STM32F407VET6Project\EWARM\STM32F407VET6Project\Obj\lcd1602_cfg.o
#        E:\STM32_MCU\STM32F407\STM32F407VET6\STM32F407VET6Project\EWARM\STM32F407VET6Project\Obj\lcd1602_lib.o
#        E:\STM32_MCU\STM32F407\STM32F407VET6\STM32F407VET6Project\EWARM\STM32F407VET6Project\Obj\lcd1602_task.o
#        E:\STM32_MCU\STM32F407\STM32F407VET6\STM32F407VET6Project\EWARM\STM32F407VET6Project\Obj\led_cfg.o
#        E:\STM32_MCU\STM32F407\STM32F407VET6\STM32F407VET6Project\EWARM\STM32F407VET6Project\Obj\led_lib.o
#        E:\STM32_MCU\STM32F407\STM32F407VET6\STM32F407VET6Project\EWARM\STM32F407VET6Project\Obj\led_task.o
#        E:\STM32_MCU\STM32F407\STM32F407VET6\STM32F407VET6Project\EWARM\STM32F407VET6Project\Obj\main.o
#        E:\STM32_MCU\STM32F407\STM32F407VET6\STM32F407VET6Project\EWARM\STM32F407VET6Project\Obj\my_malloc.o
#        E:\STM32_MCU\STM32F407\STM32F407VET6\STM32F407VET6Project\EWARM\STM32F407VET6Project\Obj\nrf2401_cfg.o
#        E:\STM32_MCU\STM32F407\STM32F407VET6\STM32F407VET6Project\EWARM\STM32F407VET6Project\Obj\nrf2401_lib.o
#        E:\STM32_MCU\STM32F407\STM32F407VET6\STM32F407VET6Project\EWARM\STM32F407VET6Project\Obj\nrf2401_task.o
#        E:\STM32_MCU\STM32F407\STM32F407VET6\STM32F407VET6Project\EWARM\STM32F407VET6Project\Obj\oled_cfg.o
#        E:\STM32_MCU\STM32F407\STM32F407VET6\STM32F407VET6Project\EWARM\STM32F407VET6Project\Obj\oled_lib.o
#        E:\STM32_MCU\STM32F407\STM32F407VET6\STM32F407VET6Project\EWARM\STM32F407VET6Project\Obj\oled_task.o
#        E:\STM32_MCU\STM32F407\STM32F407VET6\STM32F407VET6Project\EWARM\STM32F407VET6Project\Obj\one_wire_cfg.o
#        E:\STM32_MCU\STM32F407\STM32F407VET6\STM32F407VET6Project\EWARM\STM32F407VET6Project\Obj\one_wire_lib.o
#        E:\STM32_MCU\STM32F407\STM32F407VET6\STM32F407VET6Project\EWARM\STM32F407VET6Project\Obj\one_wire_task.o
#        E:\STM32_MCU\STM32F407\STM32F407VET6\STM32F407VET6Project\EWARM\STM32F407VET6Project\Obj\pcf8563_cfg.o
#        E:\STM32_MCU\STM32F407\STM32F407VET6\STM32F407VET6Project\EWARM\STM32F407VET6Project\Obj\pcf8563_lib.o
#        E:\STM32_MCU\STM32F407\STM32F407VET6\STM32F407VET6Project\EWARM\STM32F407VET6Project\Obj\pcf8563_task.o
#        E:\STM32_MCU\STM32F407\STM32F407VET6\STM32F407VET6Project\EWARM\STM32F407VET6Project\Obj\pid_cfg.o
#        E:\STM32_MCU\STM32F407\STM32F407VET6\STM32F407VET6Project\EWARM\STM32F407VET6Project\Obj\pid_lib.o
#        E:\STM32_MCU\STM32F407\STM32F407VET6\STM32F407VET6Project\EWARM\STM32F407VET6Project\Obj\pid_task.o
#        E:\STM32_MCU\STM32F407\STM32F407VET6\STM32F407VET6Project\EWARM\STM32F407VET6Project\Obj\pvd_cfg.o
#        E:\STM32_MCU\STM32F407\STM32F407VET6\STM32F407VET6Project\EWARM\STM32F407VET6Project\Obj\pvd_lib.o
#        E:\STM32_MCU\STM32F407\STM32F407VET6\STM32F407VET6Project\EWARM\STM32F407VET6Project\Obj\pvd_task.o
#        E:\STM32_MCU\STM32F407\STM32F407VET6\STM32F407VET6Project\EWARM\STM32F407VET6Project\Obj\random_cfg.o
#        E:\STM32_MCU\STM32F407\STM32F407VET6\STM32F407VET6Project\EWARM\STM32F407VET6Project\Obj\random_lib.o
#        E:\STM32_MCU\STM32F407\STM32F407VET6\STM32F407VET6Project\EWARM\STM32F407VET6Project\Obj\random_task.o
#        E:\STM32_MCU\STM32F407\STM32F407VET6\STM32F407VET6Project\EWARM\STM32F407VET6Project\Obj\rfask_cfg.o
#        E:\STM32_MCU\STM32F407\STM32F407VET6\STM32F407VET6Project\EWARM\STM32F407VET6Project\Obj\rfask_lib.o
#        E:\STM32_MCU\STM32F407\STM32F407VET6\STM32F407VET6Project\EWARM\STM32F407VET6Project\Obj\rfask_task.o
#        E:\STM32_MCU\STM32F407\STM32F407VET6\STM32F407VET6Project\EWARM\STM32F407VET6Project\Obj\rfaskhw_cfg.o
#        E:\STM32_MCU\STM32F407\STM32F407VET6\STM32F407VET6Project\EWARM\STM32F407VET6Project\Obj\rtc_cfg.o
#        E:\STM32_MCU\STM32F407\STM32F407VET6\STM32F407VET6Project\EWARM\STM32F407VET6Project\Obj\rtc_lib.o
#        E:\STM32_MCU\STM32F407\STM32F407VET6\STM32F407VET6Project\EWARM\STM32F407VET6Project\Obj\rtc_task.o
#        E:\STM32_MCU\STM32F407\STM32F407VET6\STM32F407VET6Project\EWARM\STM32F407VET6Project\Obj\sht2x_cfg.o
#        E:\STM32_MCU\STM32F407\STM32F407VET6\STM32F407VET6Project\EWARM\STM32F407VET6Project\Obj\sht2x_lib.o
#        E:\STM32_MCU\STM32F407\STM32F407VET6\STM32F407VET6Project\EWARM\STM32F407VET6Project\Obj\sht2x_task.o
#        E:\STM32_MCU\STM32F407\STM32F407VET6\STM32F407VET6Project\EWARM\STM32F407VET6Project\Obj\spi_cfg.o
#        E:\STM32_MCU\STM32F407\STM32F407VET6\STM32F407VET6Project\EWARM\STM32F407VET6Project\Obj\spi_lib.o
#        E:\STM32_MCU\STM32F407\STM32F407VET6\STM32F407VET6Project\EWARM\STM32F407VET6Project\Obj\spi_task.o
#        E:\STM32_MCU\STM32F407\STM32F407VET6\STM32F407VET6Project\EWARM\STM32F407VET6Project\Obj\startup_stm32f407xx.o
#        E:\STM32_MCU\STM32F407\STM32F407VET6\STM32F407VET6Project\EWARM\STM32F407VET6Project\Obj\stm32_cfg.o
#        E:\STM32_MCU\STM32F407\STM32F407VET6\STM32F407VET6Project\EWARM\STM32F407VET6Project\Obj\stm32f4xx_hal.o
#        E:\STM32_MCU\STM32F407\STM32F407VET6\STM32F407VET6Project\EWARM\STM32F407VET6Project\Obj\stm32f4xx_hal_cortex.o
#        E:\STM32_MCU\STM32F407\STM32F407VET6\STM32F407VET6Project\EWARM\STM32F407VET6Project\Obj\stm32f4xx_hal_gpio.o
#        E:\STM32_MCU\STM32F407\STM32F407VET6\STM32F407VET6Project\EWARM\STM32F407VET6Project\Obj\stm32f4xx_hal_rcc.o
#        E:\STM32_MCU\STM32F407\STM32F407VET6\STM32F407VET6Project\EWARM\STM32F407VET6Project\Obj\stm32f4xx_it.o
#        E:\STM32_MCU\STM32F407\STM32F407VET6\STM32F407VET6Project\EWARM\STM32F407VET6Project\Obj\stm32f4xx_ll_adc.o
#        E:\STM32_MCU\STM32F407\STM32F407VET6\STM32F407VET6Project\EWARM\STM32F407VET6Project\Obj\stm32f4xx_ll_crc.o
#        E:\STM32_MCU\STM32F407\STM32F407VET6\STM32F407VET6Project\EWARM\STM32F407VET6Project\Obj\stm32f4xx_ll_dac.o
#        E:\STM32_MCU\STM32F407\STM32F407VET6\STM32F407VET6Project\EWARM\STM32F407VET6Project\Obj\stm32f4xx_ll_dma.o
#        E:\STM32_MCU\STM32F407\STM32F407VET6\STM32F407VET6Project\EWARM\STM32F407VET6Project\Obj\stm32f4xx_ll_dma2d.o
#        E:\STM32_MCU\STM32F407\STM32F407VET6\STM32F407VET6Project\EWARM\STM32F407VET6Project\Obj\stm32f4xx_ll_gpio.o
#        E:\STM32_MCU\STM32F407\STM32F407VET6\STM32F407VET6Project\EWARM\STM32F407VET6Project\Obj\stm32f4xx_ll_i2c.o
#        E:\STM32_MCU\STM32F407\STM32F407VET6\STM32F407VET6Project\EWARM\STM32F407VET6Project\Obj\stm32f4xx_ll_pwr.o
#        E:\STM32_MCU\STM32F407\STM32F407VET6\STM32F407VET6Project\EWARM\STM32F407VET6Project\Obj\stm32f4xx_ll_rcc.o
#        E:\STM32_MCU\STM32F407\STM32F407VET6\STM32F407VET6Project\EWARM\STM32F407VET6Project\Obj\stm32f4xx_ll_rng.o
#        E:\STM32_MCU\STM32F407\STM32F407VET6\STM32F407VET6Project\EWARM\STM32F407VET6Project\Obj\stm32f4xx_ll_rtc.o
#        E:\STM32_MCU\STM32F407\STM32F407VET6\STM32F407VET6Project\EWARM\STM32F407VET6Project\Obj\stm32f4xx_ll_spi.o
#        E:\STM32_MCU\STM32F407\STM32F407VET6\STM32F407VET6Project\EWARM\STM32F407VET6Project\Obj\stm32f4xx_ll_tim.o
#        E:\STM32_MCU\STM32F407\STM32F407VET6\STM32F407VET6Project\EWARM\STM32F407VET6Project\Obj\stm32f4xx_ll_usart.o
#        E:\STM32_MCU\STM32F407\STM32F407VET6\STM32F407VET6Project\EWARM\STM32F407VET6Project\Obj\stm32f4xx_ll_utils.o
#        E:\STM32_MCU\STM32F407\STM32F407VET6\STM32F407VET6Project\EWARM\STM32F407VET6Project\Obj\system_stm32f4xx.o
#        E:\STM32_MCU\STM32F407\STM32F407VET6\STM32F407VET6Project\EWARM\STM32F407VET6Project\Obj\systick_cfg.o
#        E:\STM32_MCU\STM32F407\STM32F407VET6\STM32F407VET6Project\EWARM\STM32F407VET6Project\Obj\systick_lib.o
#        E:\STM32_MCU\STM32F407\STM32F407VET6\STM32F407VET6Project\EWARM\STM32F407VET6Project\Obj\systick_task.o
#        E:\STM32_MCU\STM32F407\STM32F407VET6\STM32F407VET6Project\EWARM\STM32F407VET6Project\Obj\timer_cfg.o
#        E:\STM32_MCU\STM32F407\STM32F407VET6\STM32F407VET6Project\EWARM\STM32F407VET6Project\Obj\timer_lib.o
#        E:\STM32_MCU\STM32F407\STM32F407VET6\STM32F407VET6Project\EWARM\STM32F407VET6Project\Obj\timer_task.o
#        E:\STM32_MCU\STM32F407\STM32F407VET6\STM32F407VET6Project\EWARM\STM32F407VET6Project\Obj\usart_cfg.o
#        E:\STM32_MCU\STM32F407\STM32F407VET6\STM32F407VET6Project\EWARM\STM32F407VET6Project\Obj\usart_lib.o
#        E:\STM32_MCU\STM32F407\STM32F407VET6\STM32F407VET6Project\EWARM\STM32F407VET6Project\Obj\usart_task.o
#        E:\STM32_MCU\STM32F407\STM32F407VET6\STM32F407VET6Project\EWARM\STM32F407VET6Project\Obj\w25qxx_cfg.o
#        E:\STM32_MCU\STM32F407\STM32F407VET6\STM32F407VET6Project\EWARM\STM32F407VET6Project\Obj\w25qxx_lib.o
#        E:\STM32_MCU\STM32F407\STM32F407VET6\STM32F407VET6Project\EWARM\STM32F407VET6Project\Obj\w25qxx_task.o
#        E:\STM32_MCU\STM32F407\STM32F407VET6\STM32F407VET6Project\EWARM\STM32F407VET6Project\Obj\wm8510_cfg.o
#        E:\STM32_MCU\STM32F407\STM32F407VET6\STM32F407VET6Project\EWARM\STM32F407VET6Project\Obj\wm8510_lib.o
#        E:\STM32_MCU\STM32F407\STM32F407VET6\STM32F407VET6Project\EWARM\STM32F407VET6Project\Obj\wm8510_task.o
#        E:\STM32_MCU\STM32F407\STM32F407VET6\STM32F407VET6Project\EWARM\STM32F407VET6Project\Obj\wwdg_cfg.o
#        E:\STM32_MCU\STM32F407\STM32F407VET6\STM32F407VET6Project\EWARM\STM32F407VET6Project\Obj\wwdg_lib.o
#        E:\STM32_MCU\STM32F407\STM32F407VET6\STM32F407VET6Project\EWARM\STM32F407VET6Project\Obj\wwdg_task.o
#        --redirect _Printf=_PrintfFull --redirect _Scanf=_ScanfFull
#        --no_out_extension -o
#        E:\STM32_MCU\STM32F407\STM32F407VET6\STM32F407VET6Project\EWARM\STM32F407VET6Project\Exe\STM32F407VET6Project.out
#        --map
#        E:\STM32_MCU\STM32F407\STM32F407VET6\STM32F407VET6Project\EWARM\STM32F407VET6Project\List\STM32F407VET6Project.map
#        --config "D:\Program Files (x86)\IAR Systems\Embedded Workbench
#        8.2\arm\config\linker\ST\stm32f407xE.icf" --semihosting --entry
#        __iar_program_start --vfe --text_out locale)
#
###############################################################################

*******************************************************************************
*** RUNTIME MODEL ATTRIBUTES
***

CppFlavor       = *
__SystemLibrary = DLib
__dlib_version  = 6


*******************************************************************************
*** HEAP SELECTION
***

The basic heap was selected because no calls to memory allocation
functions were found in the application outside of system library
functions, and there are calls to deallocation functions in the
application.


*******************************************************************************
*** PLACEMENT SUMMARY
***

"A0":  place at 0x800'0000 { ro section .intvec };
"P1":  place in [from 0x800'0000 to 0x807'ffff] { ro };
define block CSTACK with size = 8K, alignment = 8 { };
define block HEAP with size = 8K, alignment = 8 { };
"P4":  place in [from 0x2000'0000 to 0x2001'bfff] |
                [from 0x2001'c000 to 0x2001'ffff] {
          rw, block CSTACK, block HEAP };
initialize by copy { rw };

No sections matched the following patterns:

  ro section application_specific_ro  in "P2"
  section .backup_sram                in "P5"
  section .ccram                      in "P3"


  Section            Kind         Address    Size  Object
  -------            ----         -------    ----  ------
"A0":                                       0x188
  .intvec            ro code   0x800'0000   0x188  startup_stm32f407xx.o [1]
                             - 0x800'0188   0x188

"P1":                                      0x63f0
  .text              ro code   0x800'0188   0xf46  xprintffull.o [2]
  .text              ro code   0x800'10ce    0x3a  zero_init3.o [4]
  .text              ro code   0x800'1108    0x78  xlocale_c.o [2]
  .text              ro code   0x800'1180    0x16  strchr.o [4]
  .text              ro code   0x800'1196    0x1e  xencoding_8859_1.o [2]
  .text              ro code   0x800'11b4    0x40  xfail_s.o [2]
  .text              ro code   0x800'11f4    0x36  strlen.o [4]
  .text              ro code   0x800'122a    0x1a  xsnprout.o [2]
  .text              ro code   0x800'1244    0x58  memchr.o [4]
  .text              ro code   0x800'129c     0xa  xmbcurmax.o [2]
  .text              ro code   0x800'12a8    0xa6  ABImemcpy.o [4]
  .text              ro code   0x800'1350   0x230  I64DivMod.o [4]
  .text              ro code   0x800'1580   0x1a2  DblMul.o [3]
  .text              ro code   0x800'1724    0x70  frexp.o [3]
  .text              ro code   0x800'1794    0x2e  DblCmpLe.o [3]
  .text              ro code   0x800'17c4    0x2e  DblCmpGe.o [3]
  .text              ro code   0x800'17f4   0x13a  ldexp.o [3]
  .text              ro code   0x800'1930    0x3a  DblToS32.o [3]
  .text              ro code   0x800'196c    0x22  S32ToDbl.o [3]
  .text              ro code   0x800'1990    0xe2  DblSub.o [3]
  .text              ro code   0x800'1a74   0x246  DblDiv.o [3]
  .text              ro code   0x800'1cbc    0x28  DblToU32.o [3]
  .text              ro code   0x800'1ce4    0x1a  U32ToDbl.o [3]
  .text              ro code   0x800'1cfe     0x6  abort.o [2]
  .text              ro code   0x800'1d04     0x2  I64DivZer.o [4]
  .text              ro code   0x800'1d08   0x17a  DblAdd.o [3]
  .text              ro code   0x800'1e84    0x14  exit.o [5]
  .text              ro code   0x800'1e98   0xee8  ads869x_cfg.o [1]
  .text              ro code   0x800'2d80    0x1a  gpio_task.o [1]
  .text              ro code   0x800'2d9c     0x6  ABImemclr4.o [4]
  .text              ro code   0x800'2da4   0x19a  stm32f4xx_ll_gpio.o [1]
  .text              ro code   0x800'2f3e    0xa8  spi_task.o [1]
  .text              ro code   0x800'2fe8    0x48  FltToDbl.o [3]
  .text              ro code   0x800'3030   0x10c  complier_lib.o [1]
  .text              ro code   0x800'313c    0xe4  kalman_filter.o [1]
  .text              ro code   0x800'3220    0x1a  gpio_lib.o [1]
  .text              ro code   0x800'323c    0x32  ABImemset48.o [4]
  .text              ro code   0x800'326e    0xa8  spi_lib.o [1]
  .text              ro code   0x800'3318    0x68  DblToFlt.o [3]
  .text              ro code   0x800'3380   0x1d0  gpio_cfg.o [1]
  .text              ro code   0x800'3550   0x63e  spi_cfg.o [1]
  .text              ro code   0x800'3b90   0x11c  stm32f4xx_ll_spi.o [1]
  .text              ro code   0x800'3cac   0x9e8  usart_cfg.o [1]
  .text              ro code   0x800'4694     0x8  iwdg_task.o [1]
  .text              ro code   0x800'469c    0x3c  vsnprint.o [2]
  .text              ro code   0x800'46d8   0x2cc  stm32f4xx_ll_usart.o [1]
  .text              ro code   0x800'49a4     0x8  iwdg_lib.o [1]
  .text              ro code   0x800'49ac   0x150  stm32f4xx_ll_rcc.o [1]
  .text              ro code   0x800'4afc    0x1c  iwdg_cfg.o [1]
  .text              ro code   0x800'4b18   0x5b0  main.o [1]
  .text              ro code   0x800'50c8    0x5e  stm32_cfg.o [1]
  .text              ro code   0x800'5128     0xc  stm32f4xx_ll_utils.o [1]
  .text              ro code   0x800'5134    0x74  my_malloc.o [1]
  .text              ro code   0x800'51a8    0x44  systick_task.o [1]
  .text              ro code   0x800'51ec    0x10  crc_task.o [1]
  .text              ro code   0x800'51fc     0x8  led_task.o [1]
  .text              ro code   0x800'5204    0x14  dac_task.o [1]
  .text              ro code   0x800'5218    0x8e  usart_task.o [1]
  .text              ro code   0x800'52a6    0x18  delay_task.o [1]
  .text              ro code   0x800'52be    0x32  rtc_task.o [1]
  .text              ro code   0x800'52f0    0x66  ABImemset.o [4]
  .text              ro code   0x800'5356    0x44  systick_lib.o [1]
  .text              ro code   0x800'539a    0x10  crc_lib.o [1]
  .text              ro code   0x800'53aa     0x8  led_lib.o [1]
  .text              ro code   0x800'53b2    0x14  dac_lib.o [1]
  .text              ro code   0x800'53c6    0xc4  usart_lib.o [1]
  .text              ro code   0x800'548a    0x18  delay_lib.o [1]
  .text              ro code   0x800'54a2    0x1c  rtc_lib.o [1]
  .text              ro code   0x800'54c0   0x2ac  systick_cfg.o [1]
  .text              ro code   0x800'576c    0x50  crc_cfg.o [1]
  .text              ro code   0x800'57bc    0x90  led_cfg.o [1]
  .text              ro code   0x800'584c   0x1ac  dac_cfg.o [1]
  .text              ro code   0x800'59f8    0x50  delay_cfg.o [1]
  .text              ro code   0x800'5a48   0x1c2  rtc_cfg.o [1]
  .text              ro code   0x800'5c0c    0x44  stm32f4xx_ll_crc.o [1]
  .text              ro code   0x800'5c50    0x94  stm32f4xx_ll_dac.o [1]
  .text              ro code   0x800'5ce4   0x234  stm32f4xx_it.o [1]
  .text              ro code   0x800'5f18    0x10  css_task.o [1]
  .text              ro code   0x800'5f28     0x8  decode_task.o [1]
  .text              ro code   0x800'5f30     0x8  pvd_task.o [1]
  .text              ro code   0x800'5f38    0x10  css_lib.o [1]
  .text              ro code   0x800'5f48     0x8  decode_lib.o [1]
  .text              ro code   0x800'5f50     0x8  pvd_lib.o [1]
  .text              ro code   0x800'5f58    0xb4  css_cfg.o [1]
  .text              ro code   0x800'600c   0x104  decode_cfg.o [1]
  .text              ro code   0x800'6110     0x2  pvd_cfg.o [1]
  .text              ro code   0x800'6114    0x60  system_stm32f4xx.o [1]
  .rodata            const     0x800'6174    0x54  main.o [1]
  .text              ro code   0x800'61c8    0x2c  copy_init3.o [4]
  .text              ro code   0x800'61f4    0x28  data_init.o [4]
  .text              ro code   0x800'621c    0x22  fpinit_M.o [3]
  .iar.init_table    const     0x800'6240    0x24  - Linker created -
  .text              ro code   0x800'6264    0x1e  cmain.o [4]
  .text              ro code   0x800'6282     0x4  low_level_init.o [2]
  .text              ro code   0x800'6286     0x4  exit.o [2]
  .text              ro code   0x800'628c     0xa  cexit.o [4]
  .rodata            const     0x800'6298    0x18  main.o [1]
  .rodata            const     0x800'62b0    0x18  main.o [1]
  .rodata            const     0x800'62c8    0x18  main.o [1]
  .rodata            const     0x800'62e0    0x18  main.o [1]
  .rodata            const     0x800'62f8    0x18  usart_cfg.o [1]
  .text              ro code   0x800'6310    0x18  stm32f4xx_hal.o [1]
  .rodata            const     0x800'6328    0x14  main.o [1]
  .rodata            const     0x800'633c    0x10  main.o [1]
  .rodata            const     0x800'634c    0x10  rtc_cfg.o [1]
  .rodata            const     0x800'635c    0x10  system_stm32f4xx.o [1]
  .text              ro code   0x800'636c    0x10  startup_stm32f407xx.o [1]
  .text              ro code   0x800'637c     0xc  cstartup_M.o [4]
  .rodata            const     0x800'6388     0x8  stm32f4xx_it.o [1]
  .rodata            const     0x800'6390     0x8  system_stm32f4xx.o [1]
  .rodata            const     0x800'6398     0x6  xlocale_c.o [2]
  .rodata            const     0x800'63a0     0x4  my_malloc.o [1]
  .rodata            const     0x800'63a4     0x4  my_malloc.o [1]
  .text              ro code   0x800'63a8     0x4  startup_stm32f407xx.o [1]
  .text              ro code   0x800'63ac     0x4  startup_stm32f407xx.o [1]
  .text              ro code   0x800'63b0     0x4  startup_stm32f407xx.o [1]
  .text              ro code   0x800'63b4     0x4  startup_stm32f407xx.o [1]
  .text              ro code   0x800'63b8     0x4  startup_stm32f407xx.o [1]
  .text              ro code   0x800'63bc     0x4  startup_stm32f407xx.o [1]
  .text              ro code   0x800'63c0     0x4  startup_stm32f407xx.o [1]
  .text              ro code   0x800'63c4     0x4  startup_stm32f407xx.o [1]
  .text              ro code   0x800'63c8     0x4  startup_stm32f407xx.o [1]
  .text              ro code   0x800'63cc     0x4  startup_stm32f407xx.o [1]
  .text              ro code   0x800'63d0     0x4  startup_stm32f407xx.o [1]
  .text              ro code   0x800'63d4     0x4  startup_stm32f407xx.o [1]
  .text              ro code   0x800'63d8     0x4  startup_stm32f407xx.o [1]
  .text              ro code   0x800'63dc     0x4  startup_stm32f407xx.o [1]
  .text              ro code   0x800'63e0     0x4  startup_stm32f407xx.o [1]
  .text              ro code   0x800'63e4     0x4  startup_stm32f407xx.o [1]
  .text              ro code   0x800'63e8     0x4  startup_stm32f407xx.o [1]
  .text              ro code   0x800'63ec     0x4  startup_stm32f407xx.o [1]
  .text              ro code   0x800'63f0     0x4  startup_stm32f407xx.o [1]
  .text              ro code   0x800'63f4     0x4  startup_stm32f407xx.o [1]
  .text              ro code   0x800'63f8     0x4  startup_stm32f407xx.o [1]
  .text              ro code   0x800'63fc     0x4  startup_stm32f407xx.o [1]
  .text              ro code   0x800'6400     0x4  startup_stm32f407xx.o [1]
  .text              ro code   0x800'6404     0x4  startup_stm32f407xx.o [1]
  .text              ro code   0x800'6408     0x4  startup_stm32f407xx.o [1]
  .text              ro code   0x800'640c     0x4  startup_stm32f407xx.o [1]
  .text              ro code   0x800'6410     0x4  startup_stm32f407xx.o [1]
  .text              ro code   0x800'6414     0x4  startup_stm32f407xx.o [1]
  .text              ro code   0x800'6418     0x4  startup_stm32f407xx.o [1]
  .text              ro code   0x800'641c     0x4  startup_stm32f407xx.o [1]
  .text              ro code   0x800'6420     0x4  startup_stm32f407xx.o [1]
  .text              ro code   0x800'6424     0x4  startup_stm32f407xx.o [1]
  .text              ro code   0x800'6428     0x4  startup_stm32f407xx.o [1]
  .text              ro code   0x800'642c     0x4  startup_stm32f407xx.o [1]
  .text              ro code   0x800'6430     0x4  startup_stm32f407xx.o [1]
  .text              ro code   0x800'6434     0x4  startup_stm32f407xx.o [1]
  .text              ro code   0x800'6438     0x4  startup_stm32f407xx.o [1]
  .text              ro code   0x800'643c     0x4  startup_stm32f407xx.o [1]
  .text              ro code   0x800'6440     0x4  startup_stm32f407xx.o [1]
  .text              ro code   0x800'6444     0x4  startup_stm32f407xx.o [1]
  .text              ro code   0x800'6448     0x4  startup_stm32f407xx.o [1]
  .text              ro code   0x800'644c     0x4  startup_stm32f407xx.o [1]
  .text              ro code   0x800'6450     0x4  startup_stm32f407xx.o [1]
  .text              ro code   0x800'6454     0x4  startup_stm32f407xx.o [1]
  .text              ro code   0x800'6458     0x4  startup_stm32f407xx.o [1]
  .text              ro code   0x800'645c     0x4  startup_stm32f407xx.o [1]
  .text              ro code   0x800'6460     0x4  startup_stm32f407xx.o [1]
  .text              ro code   0x800'6464     0x4  startup_stm32f407xx.o [1]
  .text              ro code   0x800'6468     0x4  startup_stm32f407xx.o [1]
  .text              ro code   0x800'646c     0x4  startup_stm32f407xx.o [1]
  .text              ro code   0x800'6470     0x4  startup_stm32f407xx.o [1]
  .text              ro code   0x800'6474     0x4  startup_stm32f407xx.o [1]
  .text              ro code   0x800'6478     0x4  startup_stm32f407xx.o [1]
  .text              ro code   0x800'647c     0x4  startup_stm32f407xx.o [1]
  .text              ro code   0x800'6480     0x4  startup_stm32f407xx.o [1]
  .text              ro code   0x800'6484     0x4  startup_stm32f407xx.o [1]
  .text              ro code   0x800'6488     0x4  startup_stm32f407xx.o [1]
  .text              ro code   0x800'648c     0x4  startup_stm32f407xx.o [1]
  .text              ro code   0x800'6490     0x4  startup_stm32f407xx.o [1]
  .text              ro code   0x800'6494     0x4  startup_stm32f407xx.o [1]
  .text              ro code   0x800'6498     0x4  startup_stm32f407xx.o [1]
  .text              ro code   0x800'649c     0x4  startup_stm32f407xx.o [1]
  .text              ro code   0x800'64a0     0x4  startup_stm32f407xx.o [1]
  .text              ro code   0x800'64a4     0x4  startup_stm32f407xx.o [1]
  .text              ro code   0x800'64a8     0x4  startup_stm32f407xx.o [1]
  .text              ro code   0x800'64ac     0x4  startup_stm32f407xx.o [1]
  .text              ro code   0x800'64b0     0x4  startup_stm32f407xx.o [1]
  .text              ro code   0x800'64b4     0x4  startup_stm32f407xx.o [1]
  .text              ro code   0x800'64b8     0x4  startup_stm32f407xx.o [1]
  .text              ro code   0x800'64bc     0x4  startup_stm32f407xx.o [1]
  .text              ro code   0x800'64c0     0x4  startup_stm32f407xx.o [1]
  .text              ro code   0x800'64c4     0x4  startup_stm32f407xx.o [1]
  .text              ro code   0x800'64c8     0x4  startup_stm32f407xx.o [1]
  .rodata            const     0x800'64cc     0x0  zero_init3.o [4]
  .rodata            const     0x800'64cc     0x0  copy_init3.o [4]
  Initializer bytes  const     0x800'64cc    0xac  <for P4 s0>
                             - 0x800'6578  0x63f0

"P4", part 1 of 3:                           0xac
  P4 s0                       0x2000'0000    0xac  <Init block>
    .data            inited   0x2000'0000    0x48  xlocale_c.o [2]
    .data            inited   0x2000'0048    0x38  xlocale_c.o [2]
    .data            inited   0x2000'0080    0x14  my_malloc.o [1]
    .data            inited   0x2000'0094     0x4  ads869x_cfg.o [1]
    .data            inited   0x2000'0098     0x4  rtc_cfg.o [1]
    .data            inited   0x2000'009c     0x4  system_stm32f4xx.o [1]
    .data            inited   0x2000'00a0     0x4  systick_cfg.o [1]
    .data            inited   0x2000'00a4     0x4  usart_cfg.o [1]
    .data            inited   0x2000'00a8     0x1  crc_cfg.o [1]
    .data            inited   0x2000'00a9     0x1  stm32f4xx_hal.o [1]
                            - 0x2000'00ac    0xac

"P4", part 2 of 3:                         0x3158
  .bss               zero     0x2000'00ac  0x2800  my_malloc.o [1]
  .bss               zero     0x2000'28ac   0x400  usart_cfg.o [1]
  .bss               zero     0x2000'2cac   0x280  my_malloc.o [1]
  .bss               zero     0x2000'2f30   0x170  ads869x_cfg.o [1]
  .bss               zero     0x2000'30a0    0x60  usart_cfg.o [1]
  .bss               zero     0x2000'3100    0x44  usart_task.o [1]
  .bss               zero     0x2000'3144    0x44  usart_task.o [1]
  .bss               zero     0x2000'3188    0x20  stm32_cfg.o [1]
  .bss               zero     0x2000'31a8    0x18  rtc_cfg.o [1]
  .bss               zero     0x2000'31c0    0x14  systick_cfg.o [1]
  .bss               zero     0x2000'31d4    0x10  decode_cfg.o [1]
  .bss               zero     0x2000'31e4     0x4  ads869x_cfg.o [1]
  .bss               zero     0x2000'31e8     0x4  ads869x_cfg.o [1]
  .bss               zero     0x2000'31ec     0x4  decode_cfg.o [1]
  .bss               zero     0x2000'31f0     0x4  led_cfg.o [1]
  .bss               zero     0x2000'31f4     0x4  random_cfg.o [1]
  .bss               zero     0x2000'31f8     0x4  stm32f4xx_hal.o [1]
  .bss               zero     0x2000'31fc     0x4  xfail_s.o [2]
  .bss               zero     0x2000'3200     0x1  usart_cfg.o [1]
  .bss               zero     0x2000'3201     0x1  usart_cfg.o [1]
                            - 0x2000'3202  0x3156

"P4", part 3 of 3:                         0x2000
  CSTACK                      0x2000'3208  0x2000  <Block>
    CSTACK           uninit   0x2000'3208  0x2000  <Block tail>
                            - 0x2000'5208  0x2000

Unused ranges:

         From           To      Size
         ----           --      ----
   0x800'6578   0x807'ffff  0x7'9a88
  0x2000'3204  0x2000'3207       0x4
  0x2000'5208  0x2001'bfff  0x1'6df8
  0x2001'c000  0x2001'ffff    0x4000


*******************************************************************************
*** INIT TABLE
***

          Address      Size
          -------      ----
Zero (__iar_zero_init3)
    1 destination range, total size 0x3156:
          0x2000'00ac  0x3156

Copy (__iar_copy_init3)
    1 source range, total size 0xac (101% of destination):
           0x800'64cc    0xac
    1 destination range, total size 0xaa:
          0x2000'0000    0xaa



*******************************************************************************
*** MODULE SUMMARY
***

    Module                 ro code  ro data  rw data
    ------                 -------  -------  -------
command line/config:
    ------------------------------------------------
    Total:

E:\STM32_MCU\STM32F407\STM32F407VET6\STM32F407VET6Project\EWARM\STM32F407VET6Project\Obj: [1]
    ads869x_cfg.o            3 816        4      380
    complier_lib.o             268
    crc_cfg.o                   80        1        1
    crc_lib.o                   16
    crc_task.o                  16
    css_cfg.o                  180
    css_lib.o                   16
    css_task.o                  16
    dac_cfg.o                  428
    dac_lib.o                   20
    dac_task.o                  20
    decode_cfg.o               260                20
    decode_lib.o                 8
    decode_task.o                8
    delay_cfg.o                 80
    delay_lib.o                 24
    delay_task.o                24
    gpio_cfg.o                 464
    gpio_lib.o                  26
    gpio_task.o                 26
    iwdg_cfg.o                  28
    iwdg_lib.o                   8
    iwdg_task.o                  8
    kalman_filter.o            228
    led_cfg.o                  144                 4
    led_lib.o                    8
    led_task.o                   8
    main.o                   1 456      216
    my_malloc.o                116       28   10 900
    pvd_cfg.o                    2
    pvd_lib.o                    8
    pvd_task.o                   8
    random_cfg.o                                   4
    rtc_cfg.o                  450       20       28
    rtc_lib.o                   28
    rtc_task.o                  50
    spi_cfg.o                1 598
    spi_lib.o                  168
    spi_task.o                 168
    startup_stm32f407xx.o      700
    stm32_cfg.o                 94                32
    stm32f4xx_hal.o             24        1        5
    stm32f4xx_it.o             564        8
    stm32f4xx_ll_crc.o          68
    stm32f4xx_ll_dac.o         148
    stm32f4xx_ll_gpio.o        410
    stm32f4xx_ll_rcc.o         336
    stm32f4xx_ll_spi.o         284
    stm32f4xx_ll_usart.o       716
    stm32f4xx_ll_utils.o        12
    system_stm32f4xx.o          96       28        4
    systick_cfg.o              684        4       24
    systick_lib.o               68
    systick_task.o              68
    usart_cfg.o              2 536       28    1 126
    usart_lib.o                196
    usart_task.o               142               136
    ------------------------------------------------
    Total:                  17 426      338   12 664

dl7M_tlf.a: [2]
    abort.o                      6
    exit.o                       4
    low_level_init.o             4
    vsnprint.o                  60
    xencoding_8859_1.o          30
    xfail_s.o                   64                 4
    xlocale_c.o                120      134      128
    xmbcurmax.o                 10
    xprintffull.o            3 910
    xsnprout.o                  26
    ------------------------------------------------
    Total:                   4 234      134      132

m7M_tls.a: [3]
    DblAdd.o                   378
    DblCmpGe.o                  46
    DblCmpLe.o                  46
    DblDiv.o                   582
    DblMul.o                   418
    DblSub.o                   226
    DblToFlt.o                 104
    DblToS32.o                  58
    DblToU32.o                  40
    FltToDbl.o                  72
    S32ToDbl.o                  34
    U32ToDbl.o                  26
    fpinit_M.o                  34
    frexp.o                    112
    ldexp.o                    314
    ------------------------------------------------
    Total:                   2 490

rt7M_tl.a: [4]
    ABImemclr4.o                 6
    ABImemcpy.o                166
    ABImemset.o                102
    ABImemset48.o               50
    I64DivMod.o                560
    I64DivZer.o                  2
    cexit.o                     10
    cmain.o                     30
    copy_init3.o                44
    cstartup_M.o                12
    data_init.o                 40
    memchr.o                    88
    strchr.o                    22
    strlen.o                    54
    zero_init3.o                58
    ------------------------------------------------
    Total:                   1 244

shb_l.a: [5]
    exit.o                      20
    ------------------------------------------------
    Total:                      20

    Gaps                        46        6        4
    Linker created                       38    8 192
----------------------------------------------------
    Grand Total:            25 460      516   20 992


*******************************************************************************
*** ENTRY LIST
***

Entry                       Address    Size  Type      Object
-----                       -------    ----  ----      ------
.iar.init_table$$Base    0x800'6240           --   Gb  - Linker created -
.iar.init_table$$Limit   0x800'6264           --   Gb  - Linker created -
?main                    0x800'6265          Code  Gb  cmain.o [4]
ADS869X_SPI_AUTORST      0x800'236d    0x10  Code  Gb  ads869x_cfg.o [1]
ADS869X_SPI_CalcChannelPower
                         0x800'2635   0x37e  Code  Gb  ads869x_cfg.o [1]
ADS869X_SPI_CalibrationChannelErr
                         0x800'2c61    0x66  Code  Gb  ads869x_cfg.o [1]
ADS869X_SPI_ChannelRange
                         0x800'2481   0x1b2  Code  Gb  ads869x_cfg.o [1]
ADS869X_SPI_ConfigInit   0x800'2cc7    0xba  Code  Gb  ads869x_cfg.o [1]
ADS869X_SPI_Device0_Init
                         0x800'1ea3   0x134  Code  Gb  ads869x_cfg.o [1]
ADS869X_SPI_Device1_Init
                         0x800'1fd7     0x2  Code  Gb  ads869x_cfg.o [1]
ADS869X_SPI_Device2_Init
                         0x800'1fd9     0x2  Code  Gb  ads869x_cfg.o [1]
ADS869X_SPI_GetManualChannelNSampleResult
                         0x800'2af7    0x9a  Code  Gb  ads869x_cfg.o [1]
ADS869X_SPI_GetManualChannelResult
                         0x800'29e9   0x10e  Code  Gb  ads869x_cfg.o [1]
ADS869X_SPI_HW_Init      0x800'1fdb    0x8e  Code  Gb  ads869x_cfg.o [1]
ADS869X_SPI_HW_SendArray
                         0x800'20ef    0x1c  Code  Gb  ads869x_cfg.o [1]
ADS869X_SPI_HW_SendCmd   0x800'20d7    0x18  Code  Gb  ads869x_cfg.o [1]
ADS869X_SPI_HardReset    0x800'2301    0x38  Code  Gb  ads869x_cfg.o [1]
ADS869X_SPI_Init         0x800'210b    0xc8  Code  Gb  ads869x_cfg.o [1]
ADS869X_SPI_KalmanFilterGetManualChannelNSampleResult
                         0x800'2b91    0xc6  Code  Gb  ads869x_cfg.o [1]
ADS869X_SPI_ManualChannel
                         0x800'237d    0x12  Code  Gb  ads869x_cfg.o [1]
ADS869X_SPI_ReadFeature
                         0x800'23c3    0x36  Code  Gb  ads869x_cfg.o [1]
ADS869X_SPI_ReadProgramReg
                         0x800'2293    0x6e  Code  Gb  ads869x_cfg.o [1]
ADS869X_SPI_Reset        0x800'2349    0x24  Code  Gb  ads869x_cfg.o [1]
ADS869X_SPI_SEND_ARRAY  0x2000'31e8     0x4  Data  Gb  ads869x_cfg.o [1]
ADS869X_SPI_SEND_CMD    0x2000'31e4     0x4  Data  Gb  ads869x_cfg.o [1]
ADS869X_SPI_SW_Init      0x800'2069    0x3a  Code  Gb  ads869x_cfg.o [1]
ADS869X_SPI_SW_SendArray
                         0x800'20bb    0x1c  Code  Gb  ads869x_cfg.o [1]
ADS869X_SPI_SW_SendCmd   0x800'20a3    0x18  Code  Gb  ads869x_cfg.o [1]
ADS869X_SPI_SoftReset    0x800'2339    0x10  Code  Gb  ads869x_cfg.o [1]
ADS869X_SPI_WriteAUTOSEQEN
                         0x800'238f    0x16  Code  Gb  ads869x_cfg.o [1]
ADS869X_SPI_WriteChannelRange
                         0x800'23f9    0x88  Code  Gb  ads869x_cfg.o [1]
ADS869X_SPI_WriteCommandReg
                         0x800'21d3    0x5c  Code  Gb  ads869x_cfg.o [1]
ADS869X_SPI_WriteFeature
                         0x800'23a5    0x1e  Code  Gb  ads869x_cfg.o [1]
ADS869X_SPI_WriteProgramReg
                         0x800'222f    0x64  Code  Gb  ads869x_cfg.o [1]
AHBPrescTable            0x800'635c    0x10  Data  Gb  system_stm32f4xx.o [1]
APBPrescTable            0x800'6390     0x8  Data  Gb  system_stm32f4xx.o [1]
AscSortFun3              0x800'3031    0xa4  Code  Gb  complier_lib.o [1]
BusFault_Handler         0x800'5dc9     0x2  Code  Gb  stm32f4xx_it.o [1]
CRCLib_Enable            0x800'53a3     0x8  Code  Gb  crc_lib.o [1]
CRCLib_Init              0x800'539b     0x8  Code  Gb  crc_lib.o [1]
CRCTask_Enable           0x800'51f5     0x8  Code  Gb  crc_task.o [1]
CRCTask_Init             0x800'51ed     0x8  Code  Gb  crc_task.o [1]
CRC_DeInit               0x800'5799    0x10  Code  Gb  crc_cfg.o [1]
CRC_Enable               0x800'57a9     0x6  Code  Gb  crc_cfg.o [1]
CRC_Init                 0x800'5783    0x16  Code  Gb  crc_cfg.o [1]
CSSLib_NMI_IRQ           0x800'5f39     0x8  Code  Gb  css_lib.o [1]
CSSLib_RCC_IRQ           0x800'5f41     0x8  Code  Gb  css_lib.o [1]
CSSTask_NMI_IRQ          0x800'5f19     0x8  Code  Gb  css_task.o [1]
CSSTask_RCC_IRQ          0x800'5f21     0x8  Code  Gb  css_task.o [1]
CSS_NMI_IRQ              0x800'5fd9    0x18  Code  Gb  css_cfg.o [1]
CSS_RCC_IRQ              0x800'5ff1    0x1c  Code  Gb  css_cfg.o [1]
CSTACK$$Base            0x2000'3208           --   Gb  - Linker created -
CSTACK$$Limit           0x2000'5208           --   Gb  - Linker created -
CacheMore                0x800'110d    0x24  Code  Lc  xlocale_c.o [2]
CalcAvgFun5              0x800'30d5    0x5e  Code  Gb  complier_lib.o [1]
DACLib_DAC_WriteVoltageMV
                         0x800'53bb     0xc  Code  Gb  dac_lib.o [1]
DACLib_Init              0x800'53b3     0x8  Code  Gb  dac_lib.o [1]
DACTask_DAC_WriteVoltageMV
                         0x800'520d     0xc  Code  Gb  dac_task.o [1]
DACTask_Init             0x800'5205     0x8  Code  Gb  dac_task.o [1]
DAC_Clock                0x800'58d7    0x22  Code  Gb  dac_cfg.o [1]
DAC_DAC1_Init            0x800'58f9    0x3e  Code  Gb  dac_cfg.o [1]
DAC_DAC2_Init            0x800'5937    0x3e  Code  Gb  dac_cfg.o [1]
DAC_DAC_WriteVoltageMV   0x800'59cb    0x12  Code  Gb  dac_cfg.o [1]
DAC_DAC_WriteVoltageUV   0x800'598d    0x3e  Code  Gb  dac_cfg.o [1]
DAC_GPIO_Init            0x800'58a7    0x30  Code  Gb  dac_cfg.o [1]
DAC_Init                 0x800'5975    0x18  Code  Gb  dac_cfg.o [1]
DMA2_Stream0_IRQHandler
                         0x800'5ea3    0x18  Code  Gb  stm32f4xx_it.o [1]
DMA2_Stream1_IRQHandler
                         0x800'5ebb    0x18  Code  Gb  stm32f4xx_it.o [1]
DebugMon_Handler         0x800'5dcf     0x2  Code  Gb  stm32f4xx_it.o [1]
DecodeLib_IRQTask        0x800'5f49     0x8  Code  Gb  decode_lib.o [1]
DecodeTask_IRQTask       0x800'5f29     0x8  Code  Gb  decode_task.o [1]
Decode_IRQTask           0x800'6065    0xa4  Code  Gb  decode_cfg.o [1]
DelayLib_ms              0x800'548b     0xc  Code  Gb  delay_lib.o [1]
DelayNLib_us             0x800'5497     0xc  Code  Gb  delay_lib.o [1]
DelayN_ms                0x800'5a29    0x20  Code  Gb  delay_cfg.o [1]
DelayN_us                0x800'5a19    0x10  Code  Gb  delay_cfg.o [1]
DelayTask_ms             0x800'52b3     0xc  Code  Gb  delay_task.o [1]
DelayTask_us             0x800'52a7     0xc  Code  Gb  delay_task.o [1]
Delay_ms                 0x800'59f9    0x20  Code  Gb  delay_cfg.o [1]
GPIOLib_Clock            0x800'3221    0x12  Code  Gb  gpio_lib.o [1]
GPIOLib_Init             0x800'3233     0x8  Code  Gb  gpio_lib.o [1]
GPIOTask_Clock           0x800'2d81    0x12  Code  Gb  gpio_task.o [1]
GPIOTask_Init            0x800'2d93     0x8  Code  Gb  gpio_task.o [1]
GPIO_Clock               0x800'33b7   0x11a  Code  Gb  gpio_cfg.o [1]
GPIO_Init                0x800'34d1    0x54  Code  Gb  gpio_cfg.o [1]
HAL_IncTick              0x800'6311    0x18  Code  Wk  stm32f4xx_hal.o [1]
HASH_RNG_IRQHandler      0x800'5e5d    0x46  Code  Gb  stm32f4xx_it.o [1]
HardFault_ErrIRQ         0x800'5115    0x12  Code  Gb  stm32_cfg.o [1]
HardFault_ErrMsg         0x800'50d1    0x3e  Code  Gb  stm32_cfg.o [1]
HardFault_Handler        0x800'5dbf     0x8  Code  Gb  stm32f4xx_it.o [1]
IWDGLib_Reset            0x800'49a5     0x8  Code  Gb  iwdg_lib.o [1]
IWDGTask_Reset           0x800'4695     0x8  Code  Gb  iwdg_task.o [1]
IWDG_Reset               0x800'4b05     0xc  Code  Gb  iwdg_cfg.o [1]
KalmanOneFilter_Filter   0x800'315b    0xba  Code  Gb  kalman_filter.o [1]
KalmanOneFilter_Init     0x800'313d    0x1e  Code  Gb  kalman_filter.o [1]
LEDLib_Init              0x800'53ab     0x8  Code  Gb  led_lib.o [1]
LEDTask_Init             0x800'51fd     0x8  Code  Gb  led_task.o [1]
LEDWork_Init             0x800'57cb    0x4e  Code  Gb  led_cfg.o [1]
LEDWork_Task             0x800'5819    0x24  Code  Gb  led_cfg.o [1]
LEDWork_Task::ledCount  0x2000'31f0     0x4  Data  Lc  led_cfg.o [1]
LED_Init                 0x800'5845     0x8  Code  Gb  led_cfg.o [1]
LL_AHB1_GRP1_DisableClock
                         0x800'3397     0xa  Code  Lc  gpio_cfg.o [1]
LL_AHB1_GRP1_EnableClock
                         0x800'576d    0x16  Code  Lc  crc_cfg.o [1]
LL_AHB1_GRP1_EnableClock
                         0x800'3381    0x16  Code  Lc  gpio_cfg.o [1]
LL_AHB1_GRP1_ForceReset
                         0x800'5c0d     0xa  Code  Lc  stm32f4xx_ll_crc.o [1]
LL_AHB1_GRP1_ReleaseReset
                         0x800'5c17     0xa  Code  Lc  stm32f4xx_ll_crc.o [1]
LL_APB1_GRP1_DisableClock
                         0x800'5863     0xa  Code  Lc  dac_cfg.o [1]
LL_APB1_GRP1_DisableClock
                         0x800'3569     0xc  Code  Lc  spi_cfg.o [1]
LL_APB1_GRP1_DisableClock
                         0x800'3d61     0xc  Code  Lc  usart_cfg.o [1]
LL_APB1_GRP1_EnableClock
                         0x800'584d    0x16  Code  Lc  dac_cfg.o [1]
LL_APB1_GRP1_EnableClock
                         0x800'4bb7    0x18  Code  Lc  main.o [1]
LL_APB1_GRP1_EnableClock
                         0x800'3551    0x18  Code  Lc  spi_cfg.o [1]
LL_APB1_GRP1_EnableClock
                         0x800'3d49    0x18  Code  Lc  usart_cfg.o [1]
LL_APB1_GRP1_ForceReset
                         0x800'3ba3     0xa  Code  Lc  stm32f4xx_ll_spi.o [1]
LL_APB1_GRP1_ForceReset
                         0x800'4811     0xa  Code  Lc  stm32f4xx_ll_usart.o [1]
LL_APB1_GRP1_ReleaseReset
                         0x800'3bad     0xa  Code  Lc  stm32f4xx_ll_spi.o [1]
LL_APB1_GRP1_ReleaseReset
                         0x800'481b     0xa  Code  Lc  stm32f4xx_ll_usart.o [1]
LL_APB2_GRP1_DisableClock
                         0x800'358d     0xc  Code  Lc  spi_cfg.o [1]
LL_APB2_GRP1_DisableClock
                         0x800'3d85     0xc  Code  Lc  usart_cfg.o [1]
LL_APB2_GRP1_EnableClock
                         0x800'33a1    0x16  Code  Lc  gpio_cfg.o [1]
LL_APB2_GRP1_EnableClock
                         0x800'3575    0x18  Code  Lc  spi_cfg.o [1]
LL_APB2_GRP1_EnableClock
                         0x800'3d6d    0x18  Code  Lc  usart_cfg.o [1]
LL_APB2_GRP1_ForceReset
                         0x800'3bb7     0xa  Code  Lc  stm32f4xx_ll_spi.o [1]
LL_APB2_GRP1_ForceReset
                         0x800'4825     0xa  Code  Lc  stm32f4xx_ll_usart.o [1]
LL_APB2_GRP1_ReleaseReset
                         0x800'3bc1     0xa  Code  Lc  stm32f4xx_ll_spi.o [1]
LL_APB2_GRP1_ReleaseReset
                         0x800'482f     0xa  Code  Lc  stm32f4xx_ll_usart.o [1]
LL_CRC_DeInit            0x800'5c21    0x28  Code  Gb  stm32f4xx_ll_crc.o [1]
LL_DAC_ConvertData12RightAligned
                         0x800'5881    0x26  Code  Lc  dac_cfg.o [1]
LL_DAC_Enable            0x800'586d    0x14  Code  Lc  dac_cfg.o [1]
LL_DAC_Init              0x800'5c75    0x70  Code  Gb  stm32f4xx_ll_dac.o [1]
LL_DAC_IsEnabled         0x800'5c51    0x24  Code  Lc  stm32f4xx_ll_dac.o [1]
LL_DMA_IsActiveFlag_TC0
                         0x800'5ce5     0xa  Code  Lc  stm32f4xx_it.o [1]
LL_DMA_IsEnabledIT_TC    0x800'5cef    0x10  Code  Lc  stm32f4xx_it.o [1]
LL_EXTI_ClearFlag_0_31   0x800'5cff     0x6  Code  Lc  stm32f4xx_it.o [1]
LL_FLASH_EnableDataCache
                         0x800'4d5f     0xc  Code  Lc  main.o [1]
LL_FLASH_EnableInstCache
                         0x800'4d53     0xc  Code  Lc  main.o [1]
LL_FLASH_EnablePrefetch
                         0x800'4d47     0xc  Code  Lc  main.o [1]
LL_FLASH_GetLatency      0x800'4d3d     0xa  Code  Lc  main.o [1]
LL_FLASH_SetLatency      0x800'4d2f     0xe  Code  Lc  main.o [1]
LL_GPIO_Init             0x800'2ea5    0x9a  Code  Gb  stm32f4xx_ll_gpio.o [1]
LL_GPIO_IsInputPinSet    0x800'3599    0x12  Code  Lc  spi_cfg.o [1]
LL_GPIO_ResetOutputPin   0x800'1e9d     0x6  Code  Lc  ads869x_cfg.o [1]
LL_GPIO_ResetOutputPin   0x800'57bd     0x6  Code  Lc  led_cfg.o [1]
LL_GPIO_ResetOutputPin   0x800'35af     0x6  Code  Lc  spi_cfg.o [1]
LL_GPIO_ResetOutputPin   0x800'3dc3     0x6  Code  Lc  usart_cfg.o [1]
LL_GPIO_SetAFPin_0_7     0x800'2e41    0x2e  Code  Lc  stm32f4xx_ll_gpio.o [1]
LL_GPIO_SetAFPin_8_15    0x800'2e6f    0x36  Code  Lc  stm32f4xx_ll_gpio.o [1]
LL_GPIO_SetOutputPin     0x800'1e99     0x4  Code  Lc  ads869x_cfg.o [1]
LL_GPIO_SetOutputPin     0x800'35ab     0x4  Code  Lc  spi_cfg.o [1]
LL_GPIO_SetOutputPin     0x800'3dbf     0x4  Code  Lc  usart_cfg.o [1]
LL_GPIO_SetPinMode       0x800'2da5    0x2e  Code  Lc  stm32f4xx_ll_gpio.o [1]
LL_GPIO_SetPinMode       0x800'3d91    0x2e  Code  Lc  usart_cfg.o [1]
LL_GPIO_SetPinOutputType
                         0x800'2dd3    0x12  Code  Lc  stm32f4xx_ll_gpio.o [1]
LL_GPIO_SetPinPull       0x800'2e13    0x2e  Code  Lc  stm32f4xx_ll_gpio.o [1]
LL_GPIO_SetPinSpeed      0x800'2de5    0x2e  Code  Lc  stm32f4xx_ll_gpio.o [1]
LL_GPIO_TogglePin        0x800'57c3     0x8  Code  Lc  led_cfg.o [1]
LL_IWDG_ReloadCounter    0x800'4afd     0x8  Code  Lc  iwdg_cfg.o [1]
LL_InitTick              0x800'555f    0x18  Code  Lc  systick_cfg.o [1]
LL_PWR_EnableBkUpAccess
                         0x800'4bff     0xe  Code  Lc  main.o [1]
LL_PWR_IsActiveFlag_PVDO
                         0x800'5d05     0xc  Code  Lc  stm32f4xx_it.o [1]
LL_PWR_SetRegulVoltageScaling
                         0x800'4bef    0x10  Code  Lc  main.o [1]
LL_RCC_ClearFlag_HSECSS
                         0x800'5f8b     0xc  Code  Lc  css_cfg.o [1]
LL_RCC_ClearFlag_HSERDY
                         0x800'5f7f     0xc  Code  Lc  css_cfg.o [1]
LL_RCC_DisableIT_HSERDY
                         0x800'5fbb     0xc  Code  Lc  css_cfg.o [1]
LL_RCC_EnableIT_HSERDY   0x800'5faf     0xc  Code  Lc  css_cfg.o [1]
LL_RCC_EnableRTC         0x800'4ca1     0xe  Code  Lc  main.o [1]
LL_RCC_ForceBackupDomainReset
                         0x800'4caf     0xe  Code  Lc  main.o [1]
LL_RCC_GetAHBPrescaler   0x800'49b7     0xa  Code  Lc  stm32f4xx_ll_rcc.o [1]
LL_RCC_GetAPB1Prescaler
                         0x800'49c1     0xa  Code  Lc  stm32f4xx_ll_rcc.o [1]
LL_RCC_GetAPB2Prescaler
                         0x800'49cb     0xa  Code  Lc  stm32f4xx_ll_rcc.o [1]
LL_RCC_GetSysClkSource   0x800'4c55     0xc  Code  Lc  main.o [1]
LL_RCC_GetSysClkSource   0x800'49ad     0xa  Code  Lc  stm32f4xx_ll_rcc.o [1]
LL_RCC_GetSystemClocksFreq
                         0x800'49fd    0x24  Code  Gb  stm32f4xx_ll_rcc.o [1]
LL_RCC_HSE_Enable        0x800'5f73     0xc  Code  Lc  css_cfg.o [1]
LL_RCC_HSE_Enable        0x800'4c0d     0xe  Code  Lc  main.o [1]
LL_RCC_HSE_IsReady       0x800'4c1b     0xe  Code  Lc  main.o [1]
LL_RCC_IsActiveFlag_HSECSS
                         0x800'5fa3     0xc  Code  Lc  css_cfg.o [1]
LL_RCC_IsActiveFlag_HSERDY
                         0x800'5f97     0xc  Code  Lc  css_cfg.o [1]
LL_RCC_LSI_Enable        0x800'4c29     0xe  Code  Lc  main.o [1]
LL_RCC_LSI_IsReady       0x800'4c37     0xe  Code  Lc  main.o [1]
LL_RCC_PLL_ConfigDomain_48M
                         0x800'4d15    0x1a  Code  Lc  main.o [1]
LL_RCC_PLL_ConfigDomain_SYS
                         0x800'4cf3    0x22  Code  Lc  main.o [1]
LL_RCC_PLL_Enable        0x800'4cdb     0xc  Code  Lc  main.o [1]
LL_RCC_PLL_GetDivider    0x800'49f3     0xa  Code  Lc  stm32f4xx_ll_rcc.o [1]
LL_RCC_PLL_GetMainSource
                         0x800'49d5     0xa  Code  Lc  stm32f4xx_ll_rcc.o [1]
LL_RCC_PLL_GetN          0x800'49df     0xa  Code  Lc  stm32f4xx_ll_rcc.o [1]
LL_RCC_PLL_GetP          0x800'49e9     0xa  Code  Lc  stm32f4xx_ll_rcc.o [1]
LL_RCC_PLL_IsReady       0x800'4ce7     0xc  Code  Lc  main.o [1]
LL_RCC_ReleaseBackupDomainReset
                         0x800'4cbd     0xe  Code  Lc  main.o [1]
LL_RCC_SetAHBPrescaler   0x800'4c61    0x10  Code  Lc  main.o [1]
LL_RCC_SetAPB1Prescaler
                         0x800'4c71    0x10  Code  Lc  main.o [1]
LL_RCC_SetAPB2Prescaler
                         0x800'4c81    0x10  Code  Lc  main.o [1]
LL_RCC_SetRTCClockSource
                         0x800'4c91    0x10  Code  Lc  main.o [1]
LL_RCC_SetRTC_HSEPrescaler
                         0x800'4ccb    0x10  Code  Lc  main.o [1]
LL_RCC_SetSysClkSource   0x800'4c45    0x10  Code  Lc  main.o [1]
LL_RNG_ClearFlag_CEIS    0x800'5d41     0x8  Code  Lc  stm32f4xx_it.o [1]
LL_RNG_ClearFlag_SEIS    0x800'5d49     0x8  Code  Lc  stm32f4xx_it.o [1]
LL_RNG_Disable           0x800'5d1b     0xa  Code  Lc  stm32f4xx_it.o [1]
LL_RNG_Enable            0x800'5d11     0xa  Code  Lc  stm32f4xx_it.o [1]
LL_RNG_IsActiveFlag_CEIS
                         0x800'5d2d     0xa  Code  Lc  stm32f4xx_it.o [1]
LL_RNG_IsActiveFlag_DRDY
                         0x800'5d25     0x8  Code  Lc  stm32f4xx_it.o [1]
LL_RNG_IsActiveFlag_SEIS
                         0x800'5d37     0xa  Code  Lc  stm32f4xx_it.o [1]
LL_RNG_ReadRandData32    0x800'5d51     0x4  Code  Lc  stm32f4xx_it.o [1]
LL_SPI_DeInit            0x800'3bcb    0x5a  Code  Gb  stm32f4xx_ll_spi.o [1]
LL_SPI_Enable            0x800'35b5     0xa  Code  Lc  spi_cfg.o [1]
LL_SPI_Init              0x800'3c25    0x6e  Code  Gb  stm32f4xx_ll_spi.o [1]
LL_SPI_IsActiveFlag_RXNE
                         0x800'35cb     0x8  Code  Lc  spi_cfg.o [1]
LL_SPI_IsActiveFlag_TXE
                         0x800'35d3     0xa  Code  Lc  spi_cfg.o [1]
LL_SPI_IsEnabled         0x800'3b91     0xa  Code  Lc  stm32f4xx_ll_spi.o [1]
LL_SPI_ReceiveData8      0x800'35dd     0x6  Code  Lc  spi_cfg.o [1]
LL_SPI_SetCRCPolynomial
                         0x800'3b9b     0x8  Code  Lc  stm32f4xx_ll_spi.o [1]
LL_SPI_SetStandard       0x800'35bf     0xc  Code  Lc  spi_cfg.o [1]
LL_SPI_TransmitData8     0x800'35e3     0x4  Code  Lc  spi_cfg.o [1]
LL_SYSTICK_SetClkSource
                         0x800'4bcf    0x20  Code  Lc  main.o [1]
LL_SetSystemCoreClock    0x800'5129     0x6  Code  Gb  stm32f4xx_ll_utils.o [1]
LL_TIM_ClearFlag_CC1     0x800'601d     0x8  Code  Lc  decode_cfg.o [1]
LL_TIM_ClearFlag_CC2     0x800'602f     0x8  Code  Lc  decode_cfg.o [1]
LL_TIM_ClearFlag_CC3     0x800'6041     0x8  Code  Lc  decode_cfg.o [1]
LL_TIM_ClearFlag_CC4     0x800'6053     0x8  Code  Lc  decode_cfg.o [1]
LL_TIM_IC_GetCaptureCH1
                         0x800'600d     0x4  Code  Lc  decode_cfg.o [1]
LL_TIM_IC_GetCaptureCH2
                         0x800'6011     0x4  Code  Lc  decode_cfg.o [1]
LL_TIM_IC_GetCaptureCH3
                         0x800'6015     0x4  Code  Lc  decode_cfg.o [1]
LL_TIM_IC_GetCaptureCH4
                         0x800'6019     0x4  Code  Lc  decode_cfg.o [1]
LL_TIM_IsActiveFlag_CC1
                         0x800'6025     0xa  Code  Lc  decode_cfg.o [1]
LL_TIM_IsActiveFlag_CC2
                         0x800'6037     0xa  Code  Lc  decode_cfg.o [1]
LL_TIM_IsActiveFlag_CC3
                         0x800'6049     0xa  Code  Lc  decode_cfg.o [1]
LL_TIM_IsActiveFlag_CC4
                         0x800'605b     0xa  Code  Lc  decode_cfg.o [1]
LL_USART_ClearFlag_RXNE
                         0x800'5d7b     0x8  Code  Lc  stm32f4xx_it.o [1]
LL_USART_ClearFlag_TC    0x800'5d73     0x8  Code  Lc  stm32f4xx_it.o [1]
LL_USART_ClearFlag_TC    0x800'3df9     0x8  Code  Lc  usart_cfg.o [1]
LL_USART_ConfigAsyncMode
                         0x800'3dd3    0x12  Code  Lc  usart_cfg.o [1]
LL_USART_DeInit          0x800'4839    0x98  Code  Gb  stm32f4xx_ll_usart.o [1]
LL_USART_DisableIT_TC    0x800'3e15     0xa  Code  Lc  usart_cfg.o [1]
LL_USART_DisableIT_TXE   0x800'3e1f     0xa  Code  Lc  usart_cfg.o [1]
LL_USART_Enable          0x800'3dc9     0xa  Code  Lc  usart_cfg.o [1]
LL_USART_EnableIT_RXNE   0x800'3e01     0xa  Code  Lc  usart_cfg.o [1]
LL_USART_EnableIT_TC     0x800'3e0b     0xa  Code  Lc  usart_cfg.o [1]
LL_USART_Init            0x800'48d1    0xac  Code  Gb  stm32f4xx_ll_usart.o [1]
LL_USART_IsActiveFlag_RXNE
                         0x800'5d55     0xa  Code  Lc  stm32f4xx_it.o [1]
LL_USART_IsActiveFlag_TC
                         0x800'5d5f     0xa  Code  Lc  stm32f4xx_it.o [1]
LL_USART_IsActiveFlag_TC
                         0x800'3de5     0xa  Code  Lc  usart_cfg.o [1]
LL_USART_IsActiveFlag_TXE
                         0x800'5d69     0xa  Code  Lc  stm32f4xx_it.o [1]
LL_USART_IsActiveFlag_TXE
                         0x800'3def     0xa  Code  Lc  usart_cfg.o [1]
LL_USART_IsEnabled       0x800'46d9     0xa  Code  Lc  stm32f4xx_ll_usart.o [1]
LL_USART_IsEnabledIT_RXNE
                         0x800'5d83     0xa  Code  Lc  stm32f4xx_it.o [1]
LL_USART_IsEnabledIT_TC
                         0x800'5d8d     0xa  Code  Lc  stm32f4xx_it.o [1]
LL_USART_IsEnabledIT_TC
                         0x800'3e29     0xa  Code  Lc  usart_cfg.o [1]
LL_USART_IsEnabledIT_TXE
                         0x800'5d97     0xa  Code  Lc  stm32f4xx_it.o [1]
LL_USART_IsEnabledIT_TXE
                         0x800'3e33     0xa  Code  Lc  usart_cfg.o [1]
LL_USART_ReceiveData8    0x800'5da1     0x6  Code  Lc  stm32f4xx_it.o [1]
LL_USART_SetBaudRate     0x800'46fb   0x116  Code  Lc  stm32f4xx_ll_usart.o [1]
LL_USART_SetHWFlowCtrl   0x800'46ef     0xc  Code  Lc  stm32f4xx_ll_usart.o [1]
LL_USART_SetStopBitsLength
                         0x800'46e3     0xc  Code  Lc  stm32f4xx_ll_usart.o [1]
LL_USART_TransmitData8   0x800'3e3d     0x8  Code  Lc  usart_cfg.o [1]
LL_WWDG_ClearFlag_EWKUP
                         0x800'5da7     0x8  Code  Lc  stm32f4xx_it.o [1]
LoadInt                  0x800'034b    0x7a  Code  Lc  xprintffull.o [2]
MemManage_Handler        0x800'5dc7     0x2  Code  Gb  stm32f4xx_it.o [1]
MyMemInit                0x800'514b    0x24  Code  Gb  my_malloc.o [1]
MyMemset                 0x800'5135    0x16  Code  Gb  my_malloc.o [1]
MyMemusedRate            0x800'516f    0x2e  Code  Gb  my_malloc.o [1]
NMI_Handler              0x800'5daf     0x8  Code  Gb  stm32f4xx_it.o [1]
NVIC_EncodePriority      0x800'4b77    0x40  Code  Lc  main.o [1]
NVIC_EncodePriority      0x800'551f    0x40  Code  Lc  systick_cfg.o [1]
NVIC_EncodePriority      0x800'3d09    0x40  Code  Lc  usart_cfg.o [1]
NVIC_Init                0x800'4e33    0x8e  Code  Gb  main.o [1]
PVDLib_IRQTask           0x800'5f51     0x8  Code  Gb  pvd_lib.o [1]
PVDTask_IRQTask          0x800'5f31     0x8  Code  Gb  pvd_task.o [1]
PVD_IRQHandler           0x800'5f01    0x18  Code  Gb  stm32f4xx_it.o [1]
PVD_IRQTask              0x800'6111     0x2  Code  Gb  pvd_cfg.o [1]
PendSV_Handler           0x800'5dd1     0x2  Code  Gb  stm32f4xx_it.o [1]
RCC_GetHCLKClockFreq     0x800'4a4b    0x16  Code  Gb  stm32f4xx_ll_rcc.o [1]
RCC_GetPCLK1ClockFreq    0x800'4a61    0x14  Code  Gb  stm32f4xx_ll_rcc.o [1]
RCC_GetPCLK2ClockFreq    0x800'4a75    0x14  Code  Gb  stm32f4xx_ll_rcc.o [1]
RCC_GetSystemClockFreq   0x800'4a21    0x2a  Code  Gb  stm32f4xx_ll_rcc.o [1]
RCC_IRQHandler           0x800'5db7     0x8  Code  Gb  stm32f4xx_it.o [1]
RCC_PLL_GetFreqDomain_SYS
                         0x800'4a89    0x5a  Code  Gb  stm32f4xx_ll_rcc.o [1]
Region$$Table$$Base      0x800'6240           --   Gb  - Linker created -
Region$$Table$$Limit     0x800'6264           --   Gb  - Linker created -
SPILib_DeInit            0x800'32ab     0xc  Code  Gb  spi_lib.o [1]
SPILib_MHW_GPIO_Init     0x800'3293     0xc  Code  Gb  spi_lib.o [1]
SPILib_MHW_PollMode_Init
                         0x800'326f    0x24  Code  Gb  spi_lib.o [1]
SPILib_MHW_PollMode_WriteAndReadByte
                         0x800'32b7    0x16  Code  Gb  spi_lib.o [1]
SPILib_MHW_PollMode_WriteAndReadData
                         0x800'32cd    0x1a  Code  Gb  spi_lib.o [1]
SPILib_MSW_GPIO_Init     0x800'329f     0xc  Code  Gb  spi_lib.o [1]
SPILib_MSW_WriteAndReadByteMSB
                         0x800'32e7    0x16  Code  Gb  spi_lib.o [1]
SPILib_MSW_WriteAndReadDataMSB
                         0x800'32fd    0x1a  Code  Gb  spi_lib.o [1]
SPITask_DeInit           0x800'2f7b     0xc  Code  Gb  spi_task.o [1]
SPITask_MHW_GPIO_Init    0x800'2f63     0xc  Code  Gb  spi_task.o [1]
SPITask_MHW_PollMode_Init
                         0x800'2f3f    0x24  Code  Gb  spi_task.o [1]
SPITask_MHW_PollMode_WriteAndReadByte
                         0x800'2f87    0x16  Code  Gb  spi_task.o [1]
SPITask_MHW_PollMode_WriteAndReadData
                         0x800'2f9d    0x1a  Code  Gb  spi_task.o [1]
SPITask_MSW_GPIO_Init    0x800'2f6f     0xc  Code  Gb  spi_task.o [1]
SPITask_MSW_WriteAndReadByteMSB
                         0x800'2fb7    0x16  Code  Gb  spi_task.o [1]
SPITask_MSW_WriteAndReadDataMSB
                         0x800'2fcd    0x1a  Code  Gb  spi_task.o [1]
SPI_Clock                0x800'37f3    0x74  Code  Gb  spi_cfg.o [1]
SPI_DeInit               0x800'37d3    0x20  Code  Gb  spi_cfg.o [1]
SPI_GPIO_DeInit          0x800'375b    0x78  Code  Gb  spi_cfg.o [1]
SPI_MHW_GPIO_Init        0x800'3619    0xa6  Code  Gb  spi_cfg.o [1]
SPI_MHW_PollMode_Init    0x800'35e7    0x32  Code  Gb  spi_cfg.o [1]
SPI_MHW_PollMode_WriteAndReadByte
                         0x800'3867    0xb2  Code  Gb  spi_cfg.o [1]
SPI_MHW_PollMode_WriteAndReadData
                         0x800'3919    0xda  Code  Gb  spi_cfg.o [1]
SPI_MSW_BitMSB           0x800'3a0d    0x3a  Code  Gb  spi_cfg.o [1]
SPI_MSW_GPIO_Init        0x800'36bf    0x9c  Code  Gb  spi_cfg.o [1]
SPI_MSW_WriteAndReadBitMSB
                         0x800'3a47    0x96  Code  Gb  spi_cfg.o [1]
SPI_MSW_WriteAndReadByteMSB
                         0x800'3add    0x56  Code  Gb  spi_cfg.o [1]
SPI_MSW_WriteAndReadDataMSB
                         0x800'3b33    0x5c  Code  Gb  spi_cfg.o [1]
STREAM_OFFSET_TAB        0x800'6388     0x8  Data  Lc  stm32f4xx_it.o [1]
SVC_Handler              0x800'5dcd     0x2  Code  Gb  stm32f4xx_it.o [1]
SysRTCLib_SoftBuildHandle
                         0x800'54a3    0x10  Code  Gb  rtc_lib.o [1]
SysRTCLib_SoftWatch      0x800'54b3     0xc  Code  Gb  rtc_lib.o [1]
SysRTCTask_SoftBuildHandle
                         0x800'52bf    0x10  Code  Gb  rtc_task.o [1]
SysRTCTask_SoftBuildTask
                         0x800'52db    0x16  Code  Gb  rtc_task.o [1]
SysRTCTask_SoftWatch     0x800'52cf     0xc  Code  Gb  rtc_task.o [1]
SysRTC_RealTimeSoftWatch
                         0x800'5b81    0x5a  Code  Gb  rtc_cfg.o [1]
SysRTC_RefreshSoftWatch
                         0x800'5bdb     0xe  Code  Gb  rtc_cfg.o [1]
SysRTC_SoftBuildHandle   0x800'5a63   0x110  Code  Gb  rtc_cfg.o [1]
SysRTC_SoftWatch         0x800'5be9    0x22  Code  Gb  rtc_cfg.o [1]
SysTickLib_1msIncTick    0x800'5393     0x8  Code  Gb  systick_lib.o [1]
SysTickLib_DecTick       0x800'536b     0xc  Code  Gb  systick_lib.o [1]
SysTickLib_FuncTick      0x800'535f     0xc  Code  Gb  systick_lib.o [1]
SysTickLib_GetTick       0x800'5377     0x8  Code  Gb  systick_lib.o [1]
SysTickLib_IRQTick       0x800'537f     0x8  Code  Gb  systick_lib.o [1]
SysTickLib_Init          0x800'5357     0x8  Code  Gb  systick_lib.o [1]
SysTickLib_WaitusTick    0x800'5387     0xc  Code  Gb  systick_lib.o [1]
SysTickTask_1msIncTick   0x800'51e5     0x8  Code  Gb  systick_task.o [1]
SysTickTask_DecTick      0x800'51bd     0xc  Code  Gb  systick_task.o [1]
SysTickTask_FuncTick     0x800'51b1     0xc  Code  Gb  systick_task.o [1]
SysTickTask_GetTick      0x800'51c9     0x8  Code  Gb  systick_task.o [1]
SysTickTask_IRQTick      0x800'51d1     0x8  Code  Gb  systick_task.o [1]
SysTickTask_Init         0x800'51a9     0x8  Code  Gb  systick_task.o [1]
SysTickTask_WaitusTick   0x800'51d9     0xc  Code  Gb  systick_task.o [1]
SysTick_1msIncTick       0x800'56fb    0x42  Code  Gb  systick_cfg.o [1]
SysTick_DecTick          0x800'5609    0x50  Code  Gb  systick_cfg.o [1]
SysTick_FuncTick         0x800'55f7    0x12  Code  Gb  systick_cfg.o [1]
SysTick_GetTick          0x800'5659     0x8  Code  Gb  systick_cfg.o [1]
SysTick_Handler          0x800'5dd3     0x8  Code  Gb  stm32f4xx_it.o [1]
SysTick_IRQTick          0x800'5661    0x52  Code  Gb  systick_cfg.o [1]
SysTick_Init             0x800'55ad    0x4a  Code  Gb  systick_cfg.o [1]
SysTick_Resume           0x800'5585     0xe  Code  Gb  systick_cfg.o [1]
SysTick_StructInit       0x800'5593    0x1a  Code  Gb  systick_cfg.o [1]
SysTick_Suspend          0x800'5577     0xe  Code  Gb  systick_cfg.o [1]
SysTick_WaitusTick       0x800'56b3    0x48  Code  Gb  systick_cfg.o [1]
Sys_Init                 0x800'4ec1    0x5a  Code  Gb  main.o [1]
SystemClock_Config       0x800'4d6b    0xc8  Code  Gb  main.o [1]
SystemCoreClock         0x2000'009c     0x4  Data  Gb  system_stm32f4xx.o [1]
SystemInit               0x800'6115    0x40  Code  Gb  system_stm32f4xx.o [1]
TIM2_IRQHandler          0x800'5ef9     0x8  Code  Gb  stm32f4xx_it.o [1]
USART1_IRQHandler        0x800'5de5    0x78  Code  Gb  stm32f4xx_it.o [1]
USART1_Init              0x800'4569    0xf4  Code  Gb  usart_cfg.o [1]
USART1_RX_BUFFER        0x2000'3100    0x44  Data  Gb  usart_task.o [1]
USART1_TX_BUFFER        0x2000'3144    0x44  Data  Gb  usart_task.o [1]
USART2_Init              0x800'4689     0x6  Code  Gb  usart_cfg.o [1]
USART3_Init              0x800'468f     0x6  Code  Gb  usart_cfg.o [1]
USARTLib_DeviceInit      0x800'542f    0x32  Code  Gb  usart_lib.o [1]
USARTLib_ITRead_Task     0x800'5461    0x12  Code  Gb  usart_lib.o [1]
USARTLib_ITWrite_TCTask
                         0x800'547f     0xc  Code  Gb  usart_lib.o [1]
USARTLib_ITWrite_TXETask
                         0x800'5473     0xc  Code  Gb  usart_lib.o [1]
USARTLib_Init            0x800'53c7    0x68  Code  Gb  usart_lib.o [1]
USARTTask_ITRead_Task    0x800'527d    0x12  Code  Gb  usart_task.o [1]
USARTTask_ITWrite_TCTask
                         0x800'529b     0xc  Code  Gb  usart_task.o [1]
USARTTask_ITWrite_TXETask
                         0x800'528f     0xc  Code  Gb  usart_task.o [1]
USARTTask_Init           0x800'5219    0x64  Code  Gb  usart_task.o [1]
USART_485GPIOInit        0x800'3faf    0x2a  Code  Gb  usart_cfg.o [1]
USART_ClearOVF           0x800'4369    0x1c  Code  Gb  usart_cfg.o [1]
USART_Clock              0x800'446f    0xda  Code  Gb  usart_cfg.o [1]
USART_DeviceInit         0x800'4551    0x18  Code  Gb  usart_cfg.o [1]
USART_GPIOInit           0x800'3f81    0x2e  Code  Gb  usart_cfg.o [1]
USART_ITRead_16BitsTask
                         0x800'40f9   0x13a  Code  Gb  usart_cfg.o [1]
USART_ITRead_16BitsTask::tempVal
                        0x2000'3201     0x1  Data  Lc  usart_cfg.o [1]
USART_ITRead_8BitsTask   0x800'4007    0xf2  Code  Gb  usart_cfg.o [1]
USART_ITRead_8BitsTask::tempVal
                        0x2000'3200     0x1  Data  Lc  usart_cfg.o [1]
USART_ITRead_Task        0x800'4251    0x26  Code  Gb  usart_cfg.o [1]
USART_ITWrite_TCTask     0x800'431d    0x4c  Code  Gb  usart_cfg.o [1]
USART_ITWrite_TXETask    0x800'42a1    0x7c  Code  Gb  usart_cfg.o [1]
USART_Init               0x800'3f0b    0x76  Code  Gb  usart_cfg.o [1]
USART_PollMode_WriteByte
                         0x800'4277    0x2a  Code  Gb  usart_cfg.o [1]
USART_Printf             0x800'43bf    0xb0  Code  Gb  usart_cfg.o [1]
USART_StructInit         0x800'3e45    0xc6  Code  Gb  usart_cfg.o [1]
USART_TimeTick_Init      0x800'3fd9    0x2e  Code  Gb  usart_cfg.o [1]
USART_WriteInit          0x800'4385    0x3a  Code  Gb  usart_cfg.o [1]
UsageFault_Handler       0x800'5dcb     0x2  Code  Gb  stm32f4xx_it.o [1]
WWDG_IRQHandler          0x800'5ddb     0xa  Code  Gb  stm32f4xx_it.o [1]
_Encoding_8859_1_Mbrlen
                         0x800'11a9     0x2  Code  Gb  xencoding_8859_1.o [2]
_Encoding_8859_1_Wctomb
                         0x800'1197    0x12  Code  Gb  xencoding_8859_1.o [2]
_Error_Handler           0x800'50cd     0x2  Code  Gb  stm32_cfg.o [1]
_GenldFull               0x800'0da9   0x274  Code  Lc  xprintffull.o [2]
_LdtobFull               0x800'09a5   0x3d6  Code  Lc  xprintffull.o [2]
_LitobFull               0x800'0855   0x10a  Code  Lc  xprintffull.o [2]
_Locale_lconv           0x2000'0048    0x38  Data  Lc  xlocale_c.o [2]
_PrintfFull              0x800'0189   0x1aa  Code  Gb  xprintffull.o [2]
_PutcharsFull            0x800'101d    0x2e  Code  Lc  xprintffull.o [2]
_PutfldFull              0x800'03c5   0x2d4  Code  Lc  xprintffull.o [2]
_PutstrFull              0x800'078f    0xc6  Code  Lc  xprintffull.o [2]
_PuttxtFull              0x800'0699    0xf6  Code  Lc  xprintffull.o [2]
_SNProut                 0x800'122b    0x1a  Code  Gb  xsnprout.o [2]
__NVIC_EnableIRQ         0x800'3cb9    0x20  Code  Lc  usart_cfg.o [1]
__NVIC_GetPriorityGrouping
                         0x800'4b3b     0xc  Code  Lc  main.o [1]
__NVIC_GetPriorityGrouping
                         0x800'54e3     0xc  Code  Lc  systick_cfg.o [1]
__NVIC_GetPriorityGrouping
                         0x800'3cad     0xc  Code  Lc  usart_cfg.o [1]
__NVIC_SetPriority       0x800'4b47    0x30  Code  Lc  main.o [1]
__NVIC_SetPriority       0x800'54ef    0x30  Code  Lc  systick_cfg.o [1]
__NVIC_SetPriority       0x800'3cd9    0x30  Code  Lc  usart_cfg.o [1]
__NVIC_SetPriorityGrouping
                         0x800'4b19    0x22  Code  Lc  main.o [1]
__NVIC_SetPriorityGrouping
                         0x800'54c1    0x22  Code  Lc  systick_cfg.o [1]
__NVIC_SystemReset       0x800'5f59    0x1a  Code  Lc  css_cfg.o [1]
__NVIC_SystemReset       0x800'5a49    0x1a  Code  Lc  rtc_cfg.o [1]
__aeabi_cdcmple          0x800'1795          Code  Gb  DblCmpLe.o [3]
__aeabi_cdrcmple         0x800'17c5          Code  Gb  DblCmpGe.o [3]
__aeabi_d2f              0x800'3319          Code  Gb  DblToFlt.o [3]
__aeabi_d2iz             0x800'1931          Code  Gb  DblToS32.o [3]
__aeabi_d2uiz            0x800'1cbd          Code  Gb  DblToU32.o [3]
__aeabi_dadd             0x800'1d09          Code  Gb  DblAdd.o [3]
__aeabi_ddiv             0x800'1a75          Code  Gb  DblDiv.o [3]
__aeabi_dmul             0x800'1581          Code  Gb  DblMul.o [3]
__aeabi_dsub             0x800'1991          Code  Gb  DblSub.o [3]
__aeabi_f2d              0x800'2fe9          Code  Gb  FltToDbl.o [3]
__aeabi_i2d              0x800'196d          Code  Gb  S32ToDbl.o [3]
__aeabi_ldiv0            0x800'1d05          Code  Gb  I64DivZer.o [4]
__aeabi_memclr4          0x800'2d9d          Code  Gb  ABImemclr4.o [4]
__aeabi_memcpy           0x800'12a9          Code  Gb  ABImemcpy.o [4]
__aeabi_memcpy4          0x800'12c9          Code  Gb  ABImemcpy.o [4]
__aeabi_memcpy8          0x800'12c9          Code  Gb  ABImemcpy.o [4]
__aeabi_memset           0x800'52f1          Code  Gb  ABImemset.o [4]
__aeabi_ui2d             0x800'1ce5          Code  Gb  U32ToDbl.o [3]
__aeabi_uldivmod         0x800'1351          Code  Gb  I64DivMod.o [4]
__cmain                  0x800'6265          Code  Gb  cmain.o [4]
__exit                   0x800'1e85    0x14  Code  Gb  exit.o [5]
__iar_Fail_s             0x800'11b5    0x1c  Code  Gb  xfail_s.o [2]
__iar_Mbcurmax           0x800'129d     0xa  Code  Gb  xmbcurmax.o [2]
__iar_Memchr             0x800'1245          Code  Gb  memchr.o [4]
__iar_Memset             0x800'52f1          Code  Gb  ABImemset.o [4]
__iar_Memset4_word       0x800'323d          Code  Gb  ABImemset48.o [4]
__iar_Memset8_word       0x800'323d          Code  Gb  ABImemset48.o [4]
__iar_Memset_word        0x800'52f9          Code  Gb  ABImemset.o [4]
__iar_Strchr             0x800'1181          Code  Gb  strchr.o [4]
__iar_copy_init3         0x800'61c9    0x2c  Code  Gb  copy_init3.o [4]
__iar_dadd               0x800'19a1          Code  Gb  DblSub.o [3]
__iar_data_init3         0x800'61f5    0x28  Code  Gb  data_init.o [4]
__iar_dsub               0x800'1d19          Code  Gb  DblAdd.o [3]
__iar_dsubStart          0x800'1d2b          Code  Gb  DblAdd.o [3]
__iar_frexp              0x800'1731          Code  Gb  frexp.o [3]
__iar_frexpl             0x800'1731          Code  Gb  frexp.o [3]
__iar_globLocale        0x2000'0000    0x48  Data  Lc  xlocale_c.o [2]
__iar_global_Locale      0x800'1109     0x4  Code  Gb  xlocale_c.o [2]
__iar_init_vfp           0x800'621d          Code  Gb  fpinit_M.o [3]
__iar_ldexp64            0x800'17f5          Code  Gb  ldexp.o [3]
__iar_program_start      0x800'637d          Code  Gb  cstartup_M.o [4]
__iar_scalbln64          0x800'17f5          Code  Gb  ldexp.o [3]
__iar_scalbn64           0x800'17f5          Code  Gb  ldexp.o [3]
__iar_softfp___iar_frexp64
                         0x800'1725          Code  Gb  frexp.o [3]
__iar_softfp_frexp       0x800'1725          Code  Gb  frexp.o [3]
__iar_softfp_frexpl      0x800'1725          Code  Gb  frexp.o [3]
__iar_zero_init3         0x800'10cf    0x3a  Code  Gb  zero_init3.o [4]
__low_level_init         0x800'6283     0x4  Code  Gb  low_level_init.o [2]
__vector_table           0x800'0000          Data  Gb  startup_stm32f407xx.o [1]
_call_main               0x800'6271          Code  Gb  cmain.o [4]
_exit                    0x800'628d          Code  Gb  cexit.o [4]
_gLocale_mblen           0x800'116d     0x4  Code  Gb  xlocale_c.o [2]
_gLocale_mblenInt        0x800'1131    0x2c  Code  Gb  xlocale_c.o [2]
_gLocale_wctomb          0x800'1171     0x4  Code  Gb  xlocale_c.o [2]
_gLocale_wctombInt       0x800'1169     0x4  Code  Gb  xlocale_c.o [2]
_irq_disable             0x800'50c9     0x4  Code  Gb  stm32_cfg.o [1]
_main                    0x800'627f          Code  Gb  cmain.o [4]
abort                    0x800'1cff     0x6  Code  Gb  abort.o [2]
exit                     0x800'6287     0x4  Code  Gb  exit.o [2]
g_ADS869XDevice0        0x2000'2f30   0x170  Data  Gb  ads869x_cfg.o [1]
g_CRCIsEnable           0x2000'00a8     0x1  Data  Gb  crc_cfg.o [1]
g_DecodeICPCount        0x2000'31d4    0x10  Data  Gb  decode_cfg.o [1]
g_DecodeICPEvent        0x2000'31ec     0x4  Data  Gb  decode_cfg.o [1]
g_HASH_RNG_Val          0x2000'31f4     0x4  Data  Gb  random_cfg.o [1]
g_HardFaultErrMsg       0x2000'3188    0x20  Data  Gb  stm32_cfg.o [1]
g_MemMap                0x2000'2cac   0x280  Data  Gb  my_malloc.o [1]
g_MemPool               0x2000'00ac  0x2800  Data  Gb  my_malloc.o [1]
g_MemTableSize           0x800'63a0     0x4  Data  Gb  my_malloc.o [1]
g_MemTotalSize           0x800'63a4     0x4  Data  Gb  my_malloc.o [1]
g_MonthDaysTab           0x800'634c    0x10  Data  Gb  rtc_cfg.o [1]
g_MyaMallcoDev          0x2000'0080    0x14  Data  Gb  my_malloc.o [1]
g_SysSoftRTC            0x2000'31a8    0x18  Data  Gb  rtc_cfg.o [1]
g_SysTick               0x2000'31c0    0x14  Data  Gb  systick_cfg.o [1]
g_USART1                0x2000'30a0    0x60  Data  Gb  usart_cfg.o [1]
ldexp                    0x800'17f5          Code  Gb  ldexp.o [3]
ldexpl                   0x800'17f5          Code  Gb  ldexp.o [3]
localeconv               0x800'1175     0x4  Code  Gb  xlocale_c.o [2]
main                     0x800'4f1b   0x132  Code  Gb  main.o [1]
memchr                   0x800'1245          Code  Gb  memchr.o [4]
pADS869XDevice0         0x2000'0094     0x4  Data  Gb  ads869x_cfg.o [1]
pSysSoftRTC             0x2000'0098     0x4  Data  Gb  rtc_cfg.o [1]
pSysTick                0x2000'00a0     0x4  Data  Gb  systick_cfg.o [1]
pUSART1                 0x2000'00a4     0x4  Data  Gb  usart_cfg.o [1]
printfBuffer            0x2000'28ac   0x400  Data  Gb  usart_cfg.o [1]
scalbln                  0x800'17f5          Code  Gb  ldexp.o [3]
scalblnl                 0x800'17f5          Code  Gb  ldexp.o [3]
scalbn                   0x800'17f5          Code  Gb  ldexp.o [3]
scalbnl                  0x800'17f5          Code  Gb  ldexp.o [3]
scale                    0x800'095f    0x46  Code  Lc  xprintffull.o [2]
sec_hand                0x2000'31fc     0x4  Data  Lc  xfail_s.o [2]
strchr                   0x800'1181          Code  Gb  strchr.o [4]
strlen                   0x800'11f5          Code  Gb  strlen.o [4]
uwTick                  0x2000'31f8     0x4  Data  Gb  stm32f4xx_hal.o [1]
uwTickFreq              0x2000'00a9     0x1  Data  Gb  stm32f4xx_hal.o [1]
vsnprintf                0x800'469d    0x3c  Code  Gb  vsnprint.o [2]


[1] = E:\STM32_MCU\STM32F407\STM32F407VET6\STM32F407VET6Project\EWARM\STM32F407VET6Project\Obj
[2] = dl7M_tlf.a
[3] = m7M_tls.a
[4] = rt7M_tl.a
[5] = shb_l.a

  25 460 bytes of readonly  code memory
     516 bytes of readonly  data memory
  20 992 bytes of readwrite data memory

Errors: none
Warnings: none
