###############################################################################
#
# IAR ELF Linker V8.40.1.212/W32 for ARM                  10/Jan/2020  18:45:26
# Copyright 2007-2019 IAR Systems AB.
#
#    Output file  =
#        I:\STM32Project\NewProject\STM32F407\STM32F407VET6\STM32F407VET6Project\EWARM\STM32F407VET6Project\Exe\STM32F407VET6Project.out
#    Map file     =
#        I:\STM32Project\NewProject\STM32F407\STM32F407VET6\STM32F407VET6Project\EWARM\STM32F407VET6Project\List\STM32F407VET6Project.map
#    Command line =
#        -f C:\Users\Admin\AppData\Local\Temp\EW9C16.tmp
#        (I:\STM32Project\NewProject\STM32F407\STM32F407VET6\STM32F407VET6Project\EWARM\STM32F407VET6Project\Obj\ad5593_cfg.o
#        I:\STM32Project\NewProject\STM32F407\STM32F407VET6\STM32F407VET6Project\EWARM\STM32F407VET6Project\Obj\ad5593_lib.o
#        I:\STM32Project\NewProject\STM32F407\STM32F407VET6\STM32F407VET6Project\EWARM\STM32F407VET6Project\Obj\ad5593_task.o
#        I:\STM32Project\NewProject\STM32F407\STM32F407VET6\STM32F407VET6Project\EWARM\STM32F407VET6Project\Obj\adc_cfg.o
#        I:\STM32Project\NewProject\STM32F407\STM32F407VET6\STM32F407VET6Project\EWARM\STM32F407VET6Project\Obj\adc_lib.o
#        I:\STM32Project\NewProject\STM32F407\STM32F407VET6\STM32F407VET6Project\EWARM\STM32F407VET6Project\Obj\adc_task.o
#        I:\STM32Project\NewProject\STM32F407\STM32F407VET6\STM32F407VET6Project\EWARM\STM32F407VET6Project\Obj\ads1256_cfg.o
#        I:\STM32Project\NewProject\STM32F407\STM32F407VET6\STM32F407VET6Project\EWARM\STM32F407VET6Project\Obj\ads1256_lib.o
#        I:\STM32Project\NewProject\STM32F407\STM32F407VET6\STM32F407VET6Project\EWARM\STM32F407VET6Project\Obj\ads1256_task.o
#        I:\STM32Project\NewProject\STM32F407\STM32F407VET6\STM32F407VET6Project\EWARM\STM32F407VET6Project\Obj\ads868x_cfg.o
#        I:\STM32Project\NewProject\STM32F407\STM32F407VET6\STM32F407VET6Project\EWARM\STM32F407VET6Project\Obj\ads868x_lib.o
#        I:\STM32Project\NewProject\STM32F407\STM32F407VET6\STM32F407VET6Project\EWARM\STM32F407VET6Project\Obj\ads868x_task.o
#        I:\STM32Project\NewProject\STM32F407\STM32F407VET6\STM32F407VET6Project\EWARM\STM32F407VET6Project\Obj\ads869x_cfg.o
#        I:\STM32Project\NewProject\STM32F407\STM32F407VET6\STM32F407VET6Project\EWARM\STM32F407VET6Project\Obj\ads869x_lib.o
#        I:\STM32Project\NewProject\STM32F407\STM32F407VET6\STM32F407VET6Project\EWARM\STM32F407VET6Project\Obj\ads869x_task.o
#        I:\STM32Project\NewProject\STM32F407\STM32F407VET6\STM32F407VET6Project\EWARM\STM32F407VET6Project\Obj\aht10_cfg.o
#        I:\STM32Project\NewProject\STM32F407\STM32F407VET6\STM32F407VET6Project\EWARM\STM32F407VET6Project\Obj\aht10_lib.o
#        I:\STM32Project\NewProject\STM32F407\STM32F407VET6\STM32F407VET6Project\EWARM\STM32F407VET6Project\Obj\aht10_task.o
#        I:\STM32Project\NewProject\STM32F407\STM32F407VET6\STM32F407VET6Project\EWARM\STM32F407VET6Project\Obj\at24cxx_cfg.o
#        I:\STM32Project\NewProject\STM32F407\STM32F407VET6\STM32F407VET6Project\EWARM\STM32F407VET6Project\Obj\at24cxx_lib.o
#        I:\STM32Project\NewProject\STM32F407\STM32F407VET6\STM32F407VET6Project\EWARM\STM32F407VET6Project\Obj\at24cxx_task.o
#        I:\STM32Project\NewProject\STM32F407\STM32F407VET6\STM32F407VET6Project\EWARM\STM32F407VET6Project\Obj\bkp_cfg.o
#        I:\STM32Project\NewProject\STM32F407\STM32F407VET6\STM32F407VET6Project\EWARM\STM32F407VET6Project\Obj\bkp_lib.o
#        I:\STM32Project\NewProject\STM32F407\STM32F407VET6\STM32F407VET6Project\EWARM\STM32F407VET6Project\Obj\bkp_task.o
#        I:\STM32Project\NewProject\STM32F407\STM32F407VET6\STM32F407VET6Project\EWARM\STM32F407VET6Project\Obj\complier_cfg.o
#        I:\STM32Project\NewProject\STM32F407\STM32F407VET6\STM32F407VET6Project\EWARM\STM32F407VET6Project\Obj\complier_lib.o
#        I:\STM32Project\NewProject\STM32F407\STM32F407VET6\STM32F407VET6Project\EWARM\STM32F407VET6Project\Obj\crc_cfg.o
#        I:\STM32Project\NewProject\STM32F407\STM32F407VET6\STM32F407VET6Project\EWARM\STM32F407VET6Project\Obj\crc_lib.o
#        I:\STM32Project\NewProject\STM32F407\STM32F407VET6\STM32F407VET6Project\EWARM\STM32F407VET6Project\Obj\crc_task.o
#        I:\STM32Project\NewProject\STM32F407\STM32F407VET6\STM32F407VET6Project\EWARM\STM32F407VET6Project\Obj\css_cfg.o
#        I:\STM32Project\NewProject\STM32F407\STM32F407VET6\STM32F407VET6Project\EWARM\STM32F407VET6Project\Obj\css_lib.o
#        I:\STM32Project\NewProject\STM32F407\STM32F407VET6\STM32F407VET6Project\EWARM\STM32F407VET6Project\Obj\css_task.o
#        I:\STM32Project\NewProject\STM32F407\STM32F407VET6\STM32F407VET6Project\EWARM\STM32F407VET6Project\Obj\dac_cfg.o
#        I:\STM32Project\NewProject\STM32F407\STM32F407VET6\STM32F407VET6Project\EWARM\STM32F407VET6Project\Obj\dac_lib.o
#        I:\STM32Project\NewProject\STM32F407\STM32F407VET6\STM32F407VET6Project\EWARM\STM32F407VET6Project\Obj\dac_task.o
#        I:\STM32Project\NewProject\STM32F407\STM32F407VET6\STM32F407VET6Project\EWARM\STM32F407VET6Project\Obj\data_bus.o
#        I:\STM32Project\NewProject\STM32F407\STM32F407VET6\STM32F407VET6Project\EWARM\STM32F407VET6Project\Obj\decode_cfg.o
#        I:\STM32Project\NewProject\STM32F407\STM32F407VET6\STM32F407VET6Project\EWARM\STM32F407VET6Project\Obj\decode_lib.o
#        I:\STM32Project\NewProject\STM32F407\STM32F407VET6\STM32F407VET6Project\EWARM\STM32F407VET6Project\Obj\decode_task.o
#        I:\STM32Project\NewProject\STM32F407\STM32F407VET6\STM32F407VET6Project\EWARM\STM32F407VET6Project\Obj\delay_cfg.o
#        I:\STM32Project\NewProject\STM32F407\STM32F407VET6\STM32F407VET6Project\EWARM\STM32F407VET6Project\Obj\delay_lib.o
#        I:\STM32Project\NewProject\STM32F407\STM32F407VET6\STM32F407VET6Project\EWARM\STM32F407VET6Project\Obj\delay_task.o
#        I:\STM32Project\NewProject\STM32F407\STM32F407VET6\STM32F407VET6Project\EWARM\STM32F407VET6Project\Obj\dht11_cfg.o
#        I:\STM32Project\NewProject\STM32F407\STM32F407VET6\STM32F407VET6Project\EWARM\STM32F407VET6Project\Obj\dht11_lib.o
#        I:\STM32Project\NewProject\STM32F407\STM32F407VET6\STM32F407VET6Project\EWARM\STM32F407VET6Project\Obj\dht11_task.o
#        I:\STM32Project\NewProject\STM32F407\STM32F407VET6\STM32F407VET6Project\EWARM\STM32F407VET6Project\Obj\ds1302_cfg.o
#        I:\STM32Project\NewProject\STM32F407\STM32F407VET6\STM32F407VET6Project\EWARM\STM32F407VET6Project\Obj\ds1302_lib.o
#        I:\STM32Project\NewProject\STM32F407\STM32F407VET6\STM32F407VET6Project\EWARM\STM32F407VET6Project\Obj\ds1302_task.o
#        I:\STM32Project\NewProject\STM32F407\STM32F407VET6\STM32F407VET6Project\EWARM\STM32F407VET6Project\Obj\ds18b20_cfg.o
#        I:\STM32Project\NewProject\STM32F407\STM32F407VET6\STM32F407VET6Project\EWARM\STM32F407VET6Project\Obj\ds18b20_lib.o
#        I:\STM32Project\NewProject\STM32F407\STM32F407VET6\STM32F407VET6Project\EWARM\STM32F407VET6Project\Obj\ds18b20_task.o
#        I:\STM32Project\NewProject\STM32F407\STM32F407VET6\STM32F407VET6Project\EWARM\STM32F407VET6Project\Obj\eeprom_cfg.o
#        I:\STM32Project\NewProject\STM32F407\STM32F407VET6\STM32F407VET6Project\EWARM\STM32F407VET6Project\Obj\eeprom_lib.o
#        I:\STM32Project\NewProject\STM32F407\STM32F407VET6\STM32F407VET6Project\EWARM\STM32F407VET6Project\Obj\eeprom_task.o
#        I:\STM32Project\NewProject\STM32F407\STM32F407VET6\STM32F407VET6Project\EWARM\STM32F407VET6Project\Obj\enc28j60_cfg.o
#        I:\STM32Project\NewProject\STM32F407\STM32F407VET6\STM32F407VET6Project\EWARM\STM32F407VET6Project\Obj\enc28j60_lib.o
#        I:\STM32Project\NewProject\STM32F407\STM32F407VET6\STM32F407VET6Project\EWARM\STM32F407VET6Project\Obj\enc28j60_task.o
#        I:\STM32Project\NewProject\STM32F407\STM32F407VET6\STM32F407VET6Project\EWARM\STM32F407VET6Project\Obj\flash_cfg.o
#        I:\STM32Project\NewProject\STM32F407\STM32F407VET6\STM32F407VET6Project\EWARM\STM32F407VET6Project\Obj\flash_lib.o
#        I:\STM32Project\NewProject\STM32F407\STM32F407VET6\STM32F407VET6Project\EWARM\STM32F407VET6Project\Obj\flash_task.o
#        I:\STM32Project\NewProject\STM32F407\STM32F407VET6\STM32F407VET6Project\EWARM\STM32F407VET6Project\Obj\gpio_cfg.o
#        I:\STM32Project\NewProject\STM32F407\STM32F407VET6\STM32F407VET6Project\EWARM\STM32F407VET6Project\Obj\gpio_lib.o
#        I:\STM32Project\NewProject\STM32F407\STM32F407VET6\STM32F407VET6Project\EWARM\STM32F407VET6Project\Obj\gpio_task.o
#        I:\STM32Project\NewProject\STM32F407\STM32F407VET6\STM32F407VET6Project\EWARM\STM32F407VET6Project\Obj\hmc830_cfg.o
#        I:\STM32Project\NewProject\STM32F407\STM32F407VET6\STM32F407VET6Project\EWARM\STM32F407VET6Project\Obj\hmc830_lib.o
#        I:\STM32Project\NewProject\STM32F407\STM32F407VET6\STM32F407VET6Project\EWARM\STM32F407VET6Project\Obj\hmc830_task.o
#        I:\STM32Project\NewProject\STM32F407\STM32F407VET6\STM32F407VET6Project\EWARM\STM32F407VET6Project\Obj\hvpp_cfg.o
#        I:\STM32Project\NewProject\STM32F407\STM32F407VET6\STM32F407VET6Project\EWARM\STM32F407VET6Project\Obj\hvpp_lib.o
#        I:\STM32Project\NewProject\STM32F407\STM32F407VET6\STM32F407VET6Project\EWARM\STM32F407VET6Project\Obj\hvpp_task.o
#        I:\STM32Project\NewProject\STM32F407\STM32F407VET6\STM32F407VET6Project\EWARM\STM32F407VET6Project\Obj\hvsp_cfg.o
#        I:\STM32Project\NewProject\STM32F407\STM32F407VET6\STM32F407VET6Project\EWARM\STM32F407VET6Project\Obj\hvsp_lib.o
#        I:\STM32Project\NewProject\STM32F407\STM32F407VET6\STM32F407VET6Project\EWARM\STM32F407VET6Project\Obj\hvsp_task.o
#        I:\STM32Project\NewProject\STM32F407\STM32F407VET6\STM32F407VET6Project\EWARM\STM32F407VET6Project\Obj\hw_cfg.o
#        I:\STM32Project\NewProject\STM32F407\STM32F407VET6\STM32F407VET6Project\EWARM\STM32F407VET6Project\Obj\i2c_cfg.o
#        I:\STM32Project\NewProject\STM32F407\STM32F407VET6\STM32F407VET6Project\EWARM\STM32F407VET6Project\Obj\i2c_lib.o
#        I:\STM32Project\NewProject\STM32F407\STM32F407VET6\STM32F407VET6Project\EWARM\STM32F407VET6Project\Obj\i2c_task.o
#        I:\STM32Project\NewProject\STM32F407\STM32F407VET6\STM32F407VET6Project\EWARM\STM32F407VET6Project\Obj\iap_cfg.o
#        I:\STM32Project\NewProject\STM32F407\STM32F407VET6\STM32F407VET6Project\EWARM\STM32F407VET6Project\Obj\iap_lib.o
#        I:\STM32Project\NewProject\STM32F407\STM32F407VET6\STM32F407VET6Project\EWARM\STM32F407VET6Project\Obj\iap_task.o
#        I:\STM32Project\NewProject\STM32F407\STM32F407VET6\STM32F407VET6Project\EWARM\STM32F407VET6Project\Obj\ina226_cfg.o
#        I:\STM32Project\NewProject\STM32F407\STM32F407VET6\STM32F407VET6Project\EWARM\STM32F407VET6Project\Obj\ina226_lib.o
#        I:\STM32Project\NewProject\STM32F407\STM32F407VET6\STM32F407VET6Project\EWARM\STM32F407VET6Project\Obj\ina226_task.o
#        I:\STM32Project\NewProject\STM32F407\STM32F407VET6\STM32F407VET6Project\EWARM\STM32F407VET6Project\Obj\isp_cfg.o
#        I:\STM32Project\NewProject\STM32F407\STM32F407VET6\STM32F407VET6Project\EWARM\STM32F407VET6Project\Obj\isp_lib.o
#        I:\STM32Project\NewProject\STM32F407\STM32F407VET6\STM32F407VET6Project\EWARM\STM32F407VET6Project\Obj\isp_task.o
#        I:\STM32Project\NewProject\STM32F407\STM32F407VET6\STM32F407VET6Project\EWARM\STM32F407VET6Project\Obj\iwdg_cfg.o
#        I:\STM32Project\NewProject\STM32F407\STM32F407VET6\STM32F407VET6Project\EWARM\STM32F407VET6Project\Obj\iwdg_lib.o
#        I:\STM32Project\NewProject\STM32F407\STM32F407VET6\STM32F407VET6Project\EWARM\STM32F407VET6Project\Obj\iwdg_task.o
#        I:\STM32Project\NewProject\STM32F407\STM32F407VET6\STM32F407VET6Project\EWARM\STM32F407VET6Project\Obj\jtag_cfg.o
#        I:\STM32Project\NewProject\STM32F407\STM32F407VET6\STM32F407VET6Project\EWARM\STM32F407VET6Project\Obj\jtag_lib.o
#        I:\STM32Project\NewProject\STM32F407\STM32F407VET6\STM32F407VET6Project\EWARM\STM32F407VET6Project\Obj\jtag_task.o
#        I:\STM32Project\NewProject\STM32F407\STM32F407VET6\STM32F407VET6Project\EWARM\STM32F407VET6Project\Obj\kalman_filter.o
#        I:\STM32Project\NewProject\STM32F407\STM32F407VET6\STM32F407VET6Project\EWARM\STM32F407VET6Project\Obj\key_cfg.o
#        I:\STM32Project\NewProject\STM32F407\STM32F407VET6\STM32F407VET6Project\EWARM\STM32F407VET6Project\Obj\key_lib.o
#        I:\STM32Project\NewProject\STM32F407\STM32F407VET6\STM32F407VET6Project\EWARM\STM32F407VET6Project\Obj\key_task.o
#        I:\STM32Project\NewProject\STM32F407\STM32F407VET6\STM32F407VET6Project\EWARM\STM32F407VET6Project\Obj\lcd1602_cfg.o
#        I:\STM32Project\NewProject\STM32F407\STM32F407VET6\STM32F407VET6Project\EWARM\STM32F407VET6Project\Obj\lcd1602_lib.o
#        I:\STM32Project\NewProject\STM32F407\STM32F407VET6\STM32F407VET6Project\EWARM\STM32F407VET6Project\Obj\lcd1602_task.o
#        I:\STM32Project\NewProject\STM32F407\STM32F407VET6\STM32F407VET6Project\EWARM\STM32F407VET6Project\Obj\led_cfg.o
#        I:\STM32Project\NewProject\STM32F407\STM32F407VET6\STM32F407VET6Project\EWARM\STM32F407VET6Project\Obj\led_lib.o
#        I:\STM32Project\NewProject\STM32F407\STM32F407VET6\STM32F407VET6Project\EWARM\STM32F407VET6Project\Obj\led_task.o
#        I:\STM32Project\NewProject\STM32F407\STM32F407VET6\STM32F407VET6Project\EWARM\STM32F407VET6Project\Obj\lin_cfg.o
#        I:\STM32Project\NewProject\STM32F407\STM32F407VET6\STM32F407VET6Project\EWARM\STM32F407VET6Project\Obj\lin_lib.o
#        I:\STM32Project\NewProject\STM32F407\STM32F407VET6\STM32F407VET6Project\EWARM\STM32F407VET6Project\Obj\lin_task.o
#        I:\STM32Project\NewProject\STM32F407\STM32F407VET6\STM32F407VET6Project\EWARM\STM32F407VET6Project\Obj\main.o
#        I:\STM32Project\NewProject\STM32F407\STM32F407VET6\STM32F407VET6Project\EWARM\STM32F407VET6Project\Obj\max961x_cfg.o
#        I:\STM32Project\NewProject\STM32F407\STM32F407VET6\STM32F407VET6Project\EWARM\STM32F407VET6Project\Obj\max961x_lib.o
#        I:\STM32Project\NewProject\STM32F407\STM32F407VET6\STM32F407VET6Project\EWARM\STM32F407VET6Project\Obj\max961x_task.o
#        I:\STM32Project\NewProject\STM32F407\STM32F407VET6\STM32F407VET6Project\EWARM\STM32F407VET6Project\Obj\mco_cfg.o
#        I:\STM32Project\NewProject\STM32F407\STM32F407VET6\STM32F407VET6Project\EWARM\STM32F407VET6Project\Obj\mobus_slave_cfg.o
#        I:\STM32Project\NewProject\STM32F407\STM32F407VET6\STM32F407VET6Project\EWARM\STM32F407VET6Project\Obj\mobus_slave_lib.o
#        I:\STM32Project\NewProject\STM32F407\STM32F407VET6\STM32F407VET6Project\EWARM\STM32F407VET6Project\Obj\mobus_slave_task.o
#        I:\STM32Project\NewProject\STM32F407\STM32F407VET6\STM32F407VET6Project\EWARM\STM32F407VET6Project\Obj\modbus_master_cfg.o
#        I:\STM32Project\NewProject\STM32F407\STM32F407VET6\STM32F407VET6Project\EWARM\STM32F407VET6Project\Obj\modbus_master_lib.o
#        I:\STM32Project\NewProject\STM32F407\STM32F407VET6\STM32F407VET6Project\EWARM\STM32F407VET6Project\Obj\modbus_master_task.o
#        I:\STM32Project\NewProject\STM32F407\STM32F407VET6\STM32F407VET6Project\EWARM\STM32F407VET6Project\Obj\my_malloc.o
#        I:\STM32Project\NewProject\STM32F407\STM32F407VET6\STM32F407VET6Project\EWARM\STM32F407VET6Project\Obj\nrf2401_cfg.o
#        I:\STM32Project\NewProject\STM32F407\STM32F407VET6\STM32F407VET6Project\EWARM\STM32F407VET6Project\Obj\nrf2401_lib.o
#        I:\STM32Project\NewProject\STM32F407\STM32F407VET6\STM32F407VET6Project\EWARM\STM32F407VET6Project\Obj\nrf2401_task.o
#        I:\STM32Project\NewProject\STM32F407\STM32F407VET6\STM32F407VET6Project\EWARM\STM32F407VET6Project\Obj\oled_cfg.o
#        I:\STM32Project\NewProject\STM32F407\STM32F407VET6\STM32F407VET6Project\EWARM\STM32F407VET6Project\Obj\oled_lib.o
#        I:\STM32Project\NewProject\STM32F407\STM32F407VET6\STM32F407VET6Project\EWARM\STM32F407VET6Project\Obj\oled_task.o
#        I:\STM32Project\NewProject\STM32F407\STM32F407VET6\STM32F407VET6Project\EWARM\STM32F407VET6Project\Obj\one_wire_cfg.o
#        I:\STM32Project\NewProject\STM32F407\STM32F407VET6\STM32F407VET6Project\EWARM\STM32F407VET6Project\Obj\one_wire_lib.o
#        I:\STM32Project\NewProject\STM32F407\STM32F407VET6\STM32F407VET6Project\EWARM\STM32F407VET6Project\Obj\one_wire_task.o
#        I:\STM32Project\NewProject\STM32F407\STM32F407VET6\STM32F407VET6Project\EWARM\STM32F407VET6Project\Obj\pcf8563_cfg.o
#        I:\STM32Project\NewProject\STM32F407\STM32F407VET6\STM32F407VET6Project\EWARM\STM32F407VET6Project\Obj\pcf8563_lib.o
#        I:\STM32Project\NewProject\STM32F407\STM32F407VET6\STM32F407VET6Project\EWARM\STM32F407VET6Project\Obj\pcf8563_task.o
#        I:\STM32Project\NewProject\STM32F407\STM32F407VET6\STM32F407VET6Project\EWARM\STM32F407VET6Project\Obj\pid_cfg.o
#        I:\STM32Project\NewProject\STM32F407\STM32F407VET6\STM32F407VET6Project\EWARM\STM32F407VET6Project\Obj\pid_lib.o
#        I:\STM32Project\NewProject\STM32F407\STM32F407VET6\STM32F407VET6Project\EWARM\STM32F407VET6Project\Obj\pid_task.o
#        I:\STM32Project\NewProject\STM32F407\STM32F407VET6\STM32F407VET6Project\EWARM\STM32F407VET6Project\Obj\power_cfg.o
#        I:\STM32Project\NewProject\STM32F407\STM32F407VET6\STM32F407VET6Project\EWARM\STM32F407VET6Project\Obj\power_lib.o
#        I:\STM32Project\NewProject\STM32F407\STM32F407VET6\STM32F407VET6Project\EWARM\STM32F407VET6Project\Obj\power_task.o
#        I:\STM32Project\NewProject\STM32F407\STM32F407VET6\STM32F407VET6Project\EWARM\STM32F407VET6Project\Obj\pvd_cfg.o
#        I:\STM32Project\NewProject\STM32F407\STM32F407VET6\STM32F407VET6Project\EWARM\STM32F407VET6Project\Obj\pvd_lib.o
#        I:\STM32Project\NewProject\STM32F407\STM32F407VET6\STM32F407VET6Project\EWARM\STM32F407VET6Project\Obj\pvd_task.o
#        I:\STM32Project\NewProject\STM32F407\STM32F407VET6\STM32F407VET6Project\EWARM\STM32F407VET6Project\Obj\random_cfg.o
#        I:\STM32Project\NewProject\STM32F407\STM32F407VET6\STM32F407VET6Project\EWARM\STM32F407VET6Project\Obj\random_lib.o
#        I:\STM32Project\NewProject\STM32F407\STM32F407VET6\STM32F407VET6Project\EWARM\STM32F407VET6Project\Obj\random_task.o
#        I:\STM32Project\NewProject\STM32F407\STM32F407VET6\STM32F407VET6Project\EWARM\STM32F407VET6Project\Obj\rfask_cfg.o
#        I:\STM32Project\NewProject\STM32F407\STM32F407VET6\STM32F407VET6Project\EWARM\STM32F407VET6Project\Obj\rfask_eeprom.o
#        I:\STM32Project\NewProject\STM32F407\STM32F407VET6\STM32F407VET6Project\EWARM\STM32F407VET6Project\Obj\rfask_lib.o
#        I:\STM32Project\NewProject\STM32F407\STM32F407VET6\STM32F407VET6Project\EWARM\STM32F407VET6Project\Obj\rfask_task.o
#        I:\STM32Project\NewProject\STM32F407\STM32F407VET6\STM32F407VET6Project\EWARM\STM32F407VET6Project\Obj\rfaskhw_cfg.o
#        I:\STM32Project\NewProject\STM32F407\STM32F407VET6\STM32F407VET6Project\EWARM\STM32F407VET6Project\Obj\rtc_cfg.o
#        I:\STM32Project\NewProject\STM32F407\STM32F407VET6\STM32F407VET6Project\EWARM\STM32F407VET6Project\Obj\rtc_lib.o
#        I:\STM32Project\NewProject\STM32F407\STM32F407VET6\STM32F407VET6Project\EWARM\STM32F407VET6Project\Obj\rtc_task.o
#        I:\STM32Project\NewProject\STM32F407\STM32F407VET6\STM32F407VET6Project\EWARM\STM32F407VET6Project\Obj\sdio_cfg.o
#        I:\STM32Project\NewProject\STM32F407\STM32F407VET6\STM32F407VET6Project\EWARM\STM32F407VET6Project\Obj\sdio_lib.o
#        I:\STM32Project\NewProject\STM32F407\STM32F407VET6\STM32F407VET6Project\EWARM\STM32F407VET6Project\Obj\sdio_task.o
#        I:\STM32Project\NewProject\STM32F407\STM32F407VET6\STM32F407VET6Project\EWARM\STM32F407VET6Project\Obj\sht2x_cfg.o
#        I:\STM32Project\NewProject\STM32F407\STM32F407VET6\STM32F407VET6Project\EWARM\STM32F407VET6Project\Obj\sht2x_lib.o
#        I:\STM32Project\NewProject\STM32F407\STM32F407VET6\STM32F407VET6Project\EWARM\STM32F407VET6Project\Obj\sht2x_task.o
#        I:\STM32Project\NewProject\STM32F407\STM32F407VET6\STM32F407VET6Project\EWARM\STM32F407VET6Project\Obj\si5351a_cfg.o
#        I:\STM32Project\NewProject\STM32F407\STM32F407VET6\STM32F407VET6Project\EWARM\STM32F407VET6Project\Obj\si5351a_lib.o
#        I:\STM32Project\NewProject\STM32F407\STM32F407VET6\STM32F407VET6Project\EWARM\STM32F407VET6Project\Obj\si5351a_task.o
#        I:\STM32Project\NewProject\STM32F407\STM32F407VET6\STM32F407VET6Project\EWARM\STM32F407VET6Project\Obj\smbus_cfg.o
#        I:\STM32Project\NewProject\STM32F407\STM32F407VET6\STM32F407VET6Project\EWARM\STM32F407VET6Project\Obj\smbus_lib.o
#        I:\STM32Project\NewProject\STM32F407\STM32F407VET6\STM32F407VET6Project\EWARM\STM32F407VET6Project\Obj\smbus_task.o
#        I:\STM32Project\NewProject\STM32F407\STM32F407VET6\STM32F407VET6Project\EWARM\STM32F407VET6Project\Obj\spi_cfg.o
#        I:\STM32Project\NewProject\STM32F407\STM32F407VET6\STM32F407VET6Project\EWARM\STM32F407VET6Project\Obj\spi_lib.o
#        I:\STM32Project\NewProject\STM32F407\STM32F407VET6\STM32F407VET6Project\EWARM\STM32F407VET6Project\Obj\spi_task.o
#        I:\STM32Project\NewProject\STM32F407\STM32F407VET6\STM32F407VET6Project\EWARM\STM32F407VET6Project\Obj\startup_stm32f407xx.o
#        I:\STM32Project\NewProject\STM32F407\STM32F407VET6\STM32F407VET6Project\EWARM\STM32F407VET6Project\Obj\stm32_cfg.o
#        I:\STM32Project\NewProject\STM32F407\STM32F407VET6\STM32F407VET6Project\EWARM\STM32F407VET6Project\Obj\stm32f4xx_hal.o
#        I:\STM32Project\NewProject\STM32F407\STM32F407VET6\STM32F407VET6Project\EWARM\STM32F407VET6Project\Obj\stm32f4xx_hal_cortex.o
#        I:\STM32Project\NewProject\STM32F407\STM32F407VET6\STM32F407VET6Project\EWARM\STM32F407VET6Project\Obj\stm32f4xx_hal_gpio.o
#        I:\STM32Project\NewProject\STM32F407\STM32F407VET6\STM32F407VET6Project\EWARM\STM32F407VET6Project\Obj\stm32f4xx_hal_rcc.o
#        I:\STM32Project\NewProject\STM32F407\STM32F407VET6\STM32F407VET6Project\EWARM\STM32F407VET6Project\Obj\stm32f4xx_it.o
#        I:\STM32Project\NewProject\STM32F407\STM32F407VET6\STM32F407VET6Project\EWARM\STM32F407VET6Project\Obj\stm32f4xx_ll_adc.o
#        I:\STM32Project\NewProject\STM32F407\STM32F407VET6\STM32F407VET6Project\EWARM\STM32F407VET6Project\Obj\stm32f4xx_ll_crc.o
#        I:\STM32Project\NewProject\STM32F407\STM32F407VET6\STM32F407VET6Project\EWARM\STM32F407VET6Project\Obj\stm32f4xx_ll_dac.o
#        I:\STM32Project\NewProject\STM32F407\STM32F407VET6\STM32F407VET6Project\EWARM\STM32F407VET6Project\Obj\stm32f4xx_ll_dma.o
#        I:\STM32Project\NewProject\STM32F407\STM32F407VET6\STM32F407VET6Project\EWARM\STM32F407VET6Project\Obj\stm32f4xx_ll_dma2d.o
#        I:\STM32Project\NewProject\STM32F407\STM32F407VET6\STM32F407VET6Project\EWARM\STM32F407VET6Project\Obj\stm32f4xx_ll_gpio.o
#        I:\STM32Project\NewProject\STM32F407\STM32F407VET6\STM32F407VET6Project\EWARM\STM32F407VET6Project\Obj\stm32f4xx_ll_i2c.o
#        I:\STM32Project\NewProject\STM32F407\STM32F407VET6\STM32F407VET6Project\EWARM\STM32F407VET6Project\Obj\stm32f4xx_ll_pwr.o
#        I:\STM32Project\NewProject\STM32F407\STM32F407VET6\STM32F407VET6Project\EWARM\STM32F407VET6Project\Obj\stm32f4xx_ll_rcc.o
#        I:\STM32Project\NewProject\STM32F407\STM32F407VET6\STM32F407VET6Project\EWARM\STM32F407VET6Project\Obj\stm32f4xx_ll_rng.o
#        I:\STM32Project\NewProject\STM32F407\STM32F407VET6\STM32F407VET6Project\EWARM\STM32F407VET6Project\Obj\stm32f4xx_ll_rtc.o
#        I:\STM32Project\NewProject\STM32F407\STM32F407VET6\STM32F407VET6Project\EWARM\STM32F407VET6Project\Obj\stm32f4xx_ll_spi.o
#        I:\STM32Project\NewProject\STM32F407\STM32F407VET6\STM32F407VET6Project\EWARM\STM32F407VET6Project\Obj\stm32f4xx_ll_tim.o
#        I:\STM32Project\NewProject\STM32F407\STM32F407VET6\STM32F407VET6Project\EWARM\STM32F407VET6Project\Obj\stm32f4xx_ll_usart.o
#        I:\STM32Project\NewProject\STM32F407\STM32F407VET6\STM32F407VET6Project\EWARM\STM32F407VET6Project\Obj\stm32f4xx_ll_utils.o
#        I:\STM32Project\NewProject\STM32F407\STM32F407VET6\STM32F407VET6Project\EWARM\STM32F407VET6Project\Obj\system_stm32f4xx.o
#        I:\STM32Project\NewProject\STM32F407\STM32F407VET6\STM32F407VET6Project\EWARM\STM32F407VET6Project\Obj\systick_cfg.o
#        I:\STM32Project\NewProject\STM32F407\STM32F407VET6\STM32F407VET6Project\EWARM\STM32F407VET6Project\Obj\systick_lib.o
#        I:\STM32Project\NewProject\STM32F407\STM32F407VET6\STM32F407VET6Project\EWARM\STM32F407VET6Project\Obj\systick_task.o
#        I:\STM32Project\NewProject\STM32F407\STM32F407VET6\STM32F407VET6Project\EWARM\STM32F407VET6Project\Obj\task_manage.o
#        I:\STM32Project\NewProject\STM32F407\STM32F407VET6\STM32F407VET6Project\EWARM\STM32F407VET6Project\Obj\timer_cfg.o
#        I:\STM32Project\NewProject\STM32F407\STM32F407VET6\STM32F407VET6Project\EWARM\STM32F407VET6Project\Obj\timer_lib.o
#        I:\STM32Project\NewProject\STM32F407\STM32F407VET6\STM32F407VET6Project\EWARM\STM32F407VET6Project\Obj\timer_task.o
#        I:\STM32Project\NewProject\STM32F407\STM32F407VET6\STM32F407VET6Project\EWARM\STM32F407VET6Project\Obj\usart_cfg.o
#        I:\STM32Project\NewProject\STM32F407\STM32F407VET6\STM32F407VET6Project\EWARM\STM32F407VET6Project\Obj\usart_lib.o
#        I:\STM32Project\NewProject\STM32F407\STM32F407VET6\STM32F407VET6Project\EWARM\STM32F407VET6Project\Obj\usart_task.o
#        I:\STM32Project\NewProject\STM32F407\STM32F407VET6\STM32F407VET6Project\EWARM\STM32F407VET6Project\Obj\w25qxx_cfg.o
#        I:\STM32Project\NewProject\STM32F407\STM32F407VET6\STM32F407VET6Project\EWARM\STM32F407VET6Project\Obj\w25qxx_lib.o
#        I:\STM32Project\NewProject\STM32F407\STM32F407VET6\STM32F407VET6Project\EWARM\STM32F407VET6Project\Obj\w25qxx_task.o
#        I:\STM32Project\NewProject\STM32F407\STM32F407VET6\STM32F407VET6Project\EWARM\STM32F407VET6Project\Obj\w5500_cfg.o
#        I:\STM32Project\NewProject\STM32F407\STM32F407VET6\STM32F407VET6Project\EWARM\STM32F407VET6Project\Obj\w5500_lib.o
#        I:\STM32Project\NewProject\STM32F407\STM32F407VET6\STM32F407VET6Project\EWARM\STM32F407VET6Project\Obj\w5500_task.o
#        I:\STM32Project\NewProject\STM32F407\STM32F407VET6\STM32F407VET6Project\EWARM\STM32F407VET6Project\Obj\wm8510_cfg.o
#        I:\STM32Project\NewProject\STM32F407\STM32F407VET6\STM32F407VET6Project\EWARM\STM32F407VET6Project\Obj\wm8510_lib.o
#        I:\STM32Project\NewProject\STM32F407\STM32F407VET6\STM32F407VET6Project\EWARM\STM32F407VET6Project\Obj\wm8510_task.o
#        I:\STM32Project\NewProject\STM32F407\STM32F407VET6\STM32F407VET6Project\EWARM\STM32F407VET6Project\Obj\wwdg_cfg.o
#        I:\STM32Project\NewProject\STM32F407\STM32F407VET6\STM32F407VET6Project\EWARM\STM32F407VET6Project\Obj\wwdg_lib.o
#        I:\STM32Project\NewProject\STM32F407\STM32F407VET6\STM32F407VET6Project\EWARM\STM32F407VET6Project\Obj\wwdg_task.o
#        --redirect _Printf=_PrintfFull --redirect _Scanf=_ScanfFull
#        --no_out_extension -o
#        I:\STM32Project\NewProject\STM32F407\STM32F407VET6\STM32F407VET6Project\EWARM\STM32F407VET6Project\Exe\STM32F407VET6Project.out
#        --map
#        I:\STM32Project\NewProject\STM32F407\STM32F407VET6\STM32F407VET6Project\EWARM\STM32F407VET6Project\List\STM32F407VET6Project.map
#        --config "D:\Program Files (x86)\IAR Systems\Embedded Workbench
#        8.3\arm\config\linker\ST\stm32f407xE.icf" --semihosting --entry
#        __iar_program_start --vfe --text_out locale)
#
###############################################################################

*******************************************************************************
*** RUNTIME MODEL ATTRIBUTES
***

CppFlavor       = *
__SystemLibrary = DLib
__dlib_version  = 6


*******************************************************************************
*** HEAP SELECTION
***

The basic heap was selected because no calls to memory allocation
functions were found in the application outside of system library
functions, and there are calls to deallocation functions in the
application.


*******************************************************************************
*** PLACEMENT SUMMARY
***

"A0":  place at address 0x800'0000 { ro section .intvec };
"P1":  place in [from 0x800'0000 to 0x807'ffff] { ro };
define block CSTACK with size = 8K, alignment = 8 { };
define block HEAP with size = 8K, alignment = 8 { };
"P4":  place in [from 0x2000'0000 to 0x2001'bfff] |
                [from 0x2001'c000 to 0x2001'ffff] {
          rw, block CSTACK, block HEAP };
initialize by copy { rw };

No sections matched the following patterns:

  ro section application_specific_ro  in "P2"
  section .backup_sram                in "P5"
  section .ccram                      in "P3"


  Section            Kind         Address    Size  Object
  -------            ----         -------    ----  ------
"A0":                                       0x188
  .intvec            ro code   0x800'0000   0x188  startup_stm32f407xx.o [1]
                             - 0x800'0188   0x188

"P1":                                      0x9294
  .text              ro code   0x800'0188  0x1770  usart_cfg.o [1]
  .text              ro code   0x800'18f8   0x5be  gpio_cfg.o [1]
  .text              ro code   0x800'1eb6     0x8  iwdg_task.o [1]
  .text              ro code   0x800'1ebe    0x56  crc_task.o [1]
  .text              ro code   0x800'1f14    0x3c  vsnprint.o [2]
  .text              ro code   0x800'1f50    0x1a  gpio_task.o [1]
  .text              ro code   0x800'1f6a    0x3a  zero_init3.o [4]
  .text              ro code   0x800'1fa4    0x66  ABImemset.o [4]
  .text              ro code   0x800'200a    0x2e  copy_init3.o [4]
  .text              ro code   0x800'2038   0x1a4  stm32f4xx_ll_gpio.o [1]
  .text              ro code   0x800'21dc   0x44c  stm32f4xx_ll_usart.o [1]
  .text              ro code   0x800'2628   0x360  stm32_cfg.o [1]
  .text              ro code   0x800'2988   0x34c  stm32f4xx_ll_dma.o [1]
  .text              ro code   0x800'2cd4     0x8  iwdg_lib.o [1]
  .text              ro code   0x800'2cdc    0x56  crc_lib.o [1]
  .text              ro code   0x800'2d32    0x1e  xencoding_8859_1.o [2]
  .text              ro code   0x800'2d50  0x10c6  xprintffull.o [2]
  .text              ro code   0x800'3e16    0x1a  gpio_lib.o [1]
  .text              ro code   0x800'3e30   0x230  I64DivMod.o [4]
  .text              ro code   0x800'4060   0x150  stm32f4xx_ll_rcc.o [1]
  .text              ro code   0x800'41b0    0x1c  iwdg_cfg.o [1]
  .text              ro code   0x800'41cc   0x14e  crc_cfg.o [1]
  .text              ro code   0x800'431a    0x1a  xsnprout.o [2]
  .text              ro code   0x800'4334    0x7c  xlocale_c.o [2]
  .text              ro code   0x800'43b0    0x16  strchr.o [4]
  .rodata            const     0x800'43c6     0x2  xlocale_c.o [2]
  .text              ro code   0x800'43c8    0x40  xfail_s.o [2]
  .text              ro code   0x800'4408    0x36  strlen.o [4]
  .rodata            const     0x800'443e     0x2  xlocale_c.o [2]
  .text              ro code   0x800'4440    0x58  memchr.o [4]
  .text              ro code   0x800'4498    0xa6  ABImemcpy.o [4]
  .rodata            const     0x800'453e     0x1  xlocale_c.o [2]
  .text              ro code   0x800'4540    0x70  frexp.o [3]
  .text              ro code   0x800'45b0    0x2e  DblCmpLe.o [3]
  .text              ro code   0x800'45e0    0x2e  DblCmpGe.o [3]
  .text              ro code   0x800'4610   0x13a  ldexp.o [3]
  .text              ro code   0x800'474c    0x3a  DblToS32.o [3]
  .text              ro code   0x800'4788    0x22  S32ToDbl.o [3]
  .text              ro code   0x800'47ac    0xe2  DblSub.o [3]
  .text              ro code   0x800'4890   0x246  DblDiv.o [3]
  .text              ro code   0x800'4ad8    0x28  DblToU32.o [3]
  .text              ro code   0x800'4b00    0x1a  U32ToDbl.o [3]
  .text              ro code   0x800'4b1c   0x1a2  DblMul.o [3]
  .text              ro code   0x800'4cbe     0xa  xmbcurmax.o [2]
  .text              ro code   0x800'4cc8     0x2  I64DivZer.o [4]
  .text              ro code   0x800'4ccc    0x44  stm32f4xx_ll_crc.o [1]
  .text              ro code   0x800'4d10     0x6  abort.o [2]
  .text              ro code   0x800'4d18   0x17a  DblAdd.o [3]
  .text              ro code   0x800'4e94    0x14  exit.o [5]
  .text              ro code   0x800'4ea8   0xbd0  timer_cfg.o [1]
  .text              ro code   0x800'5a78   0x2a4  stm32f4xx_ll_tim.o [1]
  .text              ro code   0x800'5d1c    0x50  systick_task.o [1]
  .text              ro code   0x800'5d6c    0x48  FltToDbl.o [3]
  .text              ro code   0x800'5db4    0x68  DblToFlt.o [3]
  .text              ro code   0x800'5e1c    0x50  systick_lib.o [1]
  .text              ro code   0x800'5e6c   0x488  systick_cfg.o [1]
  .text              ro code   0x800'62f4   0x618  adc_cfg.o [1]
  .text              ro code   0x800'690c   0x20c  stm32f4xx_ll_adc.o [1]
  .text              ro code   0x800'6b18    0xe8  complier_lib.o [1]
  .text              ro code   0x800'6c00   0x508  main.o [1]
  .text              ro code   0x800'7108     0xc  stm32f4xx_ll_utils.o [1]
  .text              ro code   0x800'7114    0x6c  my_malloc.o [1]
  .text              ro code   0x800'7180    0x28  rtc_task.o [1]
  .text              ro code   0x800'71a8    0x16  random_task.o [1]
  .text              ro code   0x800'71be    0x16  timer_task.o [1]
  .text              ro code   0x800'71d4   0x258  usart_task.o [1]
  .text              ro code   0x800'742c    0x18  isp_task.o [1]
  .text              ro code   0x800'7444    0x1a  wm8510_task.o [1]
  .text              ro code   0x800'745e     0x8  led_task.o [1]
  .text              ro code   0x800'7466    0x26  dac_task.o [1]
  .text              ro code   0x800'748c   0x134  data_bus.o [1]
  .text              ro code   0x800'75c0    0x12  power_task.o [1]
  .text              ro code   0x800'75d2    0x18  delay_task.o [1]
  .text              ro code   0x800'75ec    0x2c  adc_task.o [1]
  .text              ro code   0x800'7618    0x28  rtc_lib.o [1]
  .text              ro code   0x800'7640    0x16  random_lib.o [1]
  .text              ro code   0x800'7656    0x16  timer_lib.o [1]
  .text              ro code   0x800'766c   0x124  usart_lib.o [1]
  .text              ro code   0x800'7790    0x18  isp_lib.o [1]
  .text              ro code   0x800'77a8    0x1a  wm8510_lib.o [1]
  .text              ro code   0x800'77c2     0x8  led_lib.o [1]
  .text              ro code   0x800'77ca    0x26  dac_lib.o [1]
  .text              ro code   0x800'77f0    0x12  power_lib.o [1]
  .text              ro code   0x800'7802    0x18  delay_lib.o [1]
  .text              ro code   0x800'781a    0x2c  adc_lib.o [1]
  .text              ro code   0x800'7848   0x404  rtc_cfg.o [1]
  .text              ro code   0x800'7c4c   0x1b4  random_cfg.o [1]
  .text              ro code   0x800'7e00   0x194  isp_cfg.o [1]
  .text              ro code   0x800'7f94   0x27c  wm8510_cfg.o [1]
  .text              ro code   0x800'8210    0x84  led_cfg.o [1]
  .text              ro code   0x800'8294   0x218  dac_cfg.o [1]
  .text              ro code   0x800'84ac    0xd4  power_cfg.o [1]
  .text              ro code   0x800'8580    0x86  delay_cfg.o [1]
  .text              ro code   0x800'8608    0x2c  stm32f4xx_ll_rng.o [1]
  .text              ro code   0x800'8634    0x56  i2c_task.o [1]
  .text              ro code   0x800'868c    0x94  stm32f4xx_ll_dac.o [1]
  .text              ro code   0x800'8720    0x76  i2c_lib.o [1]
  .text              ro code   0x800'8798   0x1e0  i2c_cfg.o [1]
  .rodata            const     0x800'8978   0x200  crc_cfg.o [1]
  .text              ro code   0x800'8b78   0x148  stm32f4xx_it.o [1]
  .text              ro code   0x800'8cc0    0x10  css_task.o [1]
  .text              ro code   0x800'8cd0     0x8  pvd_task.o [1]
  .text              ro code   0x800'8cd8    0x10  css_lib.o [1]
  .text              ro code   0x800'8ce8     0x8  pvd_lib.o [1]
  .text              ro code   0x800'8cf0    0xb4  css_cfg.o [1]
  .text              ro code   0x800'8da4     0x2  pvd_cfg.o [1]
  .rodata            const     0x800'8da8   0x100  crc_cfg.o [1]
  .rodata            const     0x800'8ea8   0x100  crc_cfg.o [1]
  .rodata            const     0x800'8fa8    0x60  main.o [1]
  .text              ro code   0x800'9008    0x60  system_stm32f4xx.o [1]
  .rodata            const     0x800'9068    0x2c  usart_cfg.o [1]
  .rodata            const     0x800'9094    0x28  usart_cfg.o [1]
  .text              ro code   0x800'90bc    0x28  data_init.o [4]
  .text              ro code   0x800'90e4    0x22  fpinit_M.o [3]
  .iar.init_table    const     0x800'9108    0x24  - Linker created -
  .rodata            const     0x800'912c    0x20  usart_task.o [1]
  .text              ro code   0x800'914c    0x1e  cmain.o [4]
  .text              ro code   0x800'916a     0x4  low_level_init.o [2]
  .text              ro code   0x800'916e     0x4  exit.o [2]
  .text              ro code   0x800'9174     0xa  cexit.o [4]
  .rodata            const     0x800'9180    0x18  main.o [1]
  .text              ro code   0x800'9198    0x18  stm32f4xx_hal.o [1]
  .rodata            const     0x800'91b0    0x10  rtc_cfg.o [1]
  .rodata            const     0x800'91c0    0x10  system_stm32f4xx.o [1]
  .text              ro code   0x800'91d0    0x10  startup_stm32f407xx.o [1]
  .rodata            const     0x800'91e0     0xc  rtc_cfg.o [1]
  .rodata            const     0x800'91ec     0xc  rtc_cfg.o [1]
  .text              ro code   0x800'91f8     0xc  cstartup_M.o [4]
  .rodata            const     0x800'9204     0x8  adc_cfg.o [1]
  .rodata            const     0x800'920c     0x8  stm32f4xx_it.o [1]
  .rodata            const     0x800'9214     0x8  stm32f4xx_ll_dma.o [1]
  .rodata            const     0x800'921c     0x8  system_stm32f4xx.o [1]
  .rodata            const     0x800'9224     0x8  timer_cfg.o [1]
  .rodata            const     0x800'922c     0x8  timer_cfg.o [1]
  .rodata            const     0x800'9234     0x8  timer_cfg.o [1]
  .rodata            const     0x800'923c     0x8  usart_cfg.o [1]
  .text              ro code   0x800'9244     0x4  startup_stm32f407xx.o [1]
  .text              ro code   0x800'9248     0x4  startup_stm32f407xx.o [1]
  .text              ro code   0x800'924c     0x4  startup_stm32f407xx.o [1]
  .text              ro code   0x800'9250     0x4  startup_stm32f407xx.o [1]
  .text              ro code   0x800'9254     0x4  startup_stm32f407xx.o [1]
  .text              ro code   0x800'9258     0x4  startup_stm32f407xx.o [1]
  .text              ro code   0x800'925c     0x4  startup_stm32f407xx.o [1]
  .text              ro code   0x800'9260     0x4  startup_stm32f407xx.o [1]
  .text              ro code   0x800'9264     0x4  startup_stm32f407xx.o [1]
  .text              ro code   0x800'9268     0x4  startup_stm32f407xx.o [1]
  .text              ro code   0x800'926c     0x4  startup_stm32f407xx.o [1]
  .text              ro code   0x800'9270     0x4  startup_stm32f407xx.o [1]
  .text              ro code   0x800'9274     0x4  startup_stm32f407xx.o [1]
  .text              ro code   0x800'9278     0x4  startup_stm32f407xx.o [1]
  .text              ro code   0x800'927c     0x4  startup_stm32f407xx.o [1]
  .text              ro code   0x800'9280     0x4  startup_stm32f407xx.o [1]
  .text              ro code   0x800'9284     0x4  startup_stm32f407xx.o [1]
  .text              ro code   0x800'9288     0x4  startup_stm32f407xx.o [1]
  .text              ro code   0x800'928c     0x4  startup_stm32f407xx.o [1]
  .text              ro code   0x800'9290     0x4  startup_stm32f407xx.o [1]
  .text              ro code   0x800'9294     0x4  startup_stm32f407xx.o [1]
  .text              ro code   0x800'9298     0x4  startup_stm32f407xx.o [1]
  .text              ro code   0x800'929c     0x4  startup_stm32f407xx.o [1]
  .text              ro code   0x800'92a0     0x4  startup_stm32f407xx.o [1]
  .text              ro code   0x800'92a4     0x4  startup_stm32f407xx.o [1]
  .text              ro code   0x800'92a8     0x4  startup_stm32f407xx.o [1]
  .text              ro code   0x800'92ac     0x4  startup_stm32f407xx.o [1]
  .text              ro code   0x800'92b0     0x4  startup_stm32f407xx.o [1]
  .text              ro code   0x800'92b4     0x4  startup_stm32f407xx.o [1]
  .text              ro code   0x800'92b8     0x4  startup_stm32f407xx.o [1]
  .text              ro code   0x800'92bc     0x4  startup_stm32f407xx.o [1]
  .text              ro code   0x800'92c0     0x4  startup_stm32f407xx.o [1]
  .text              ro code   0x800'92c4     0x4  startup_stm32f407xx.o [1]
  .text              ro code   0x800'92c8     0x4  startup_stm32f407xx.o [1]
  .text              ro code   0x800'92cc     0x4  startup_stm32f407xx.o [1]
  .text              ro code   0x800'92d0     0x4  startup_stm32f407xx.o [1]
  .text              ro code   0x800'92d4     0x4  startup_stm32f407xx.o [1]
  .text              ro code   0x800'92d8     0x4  startup_stm32f407xx.o [1]
  .text              ro code   0x800'92dc     0x4  startup_stm32f407xx.o [1]
  .text              ro code   0x800'92e0     0x4  startup_stm32f407xx.o [1]
  .text              ro code   0x800'92e4     0x4  startup_stm32f407xx.o [1]
  .text              ro code   0x800'92e8     0x4  startup_stm32f407xx.o [1]
  .text              ro code   0x800'92ec     0x4  startup_stm32f407xx.o [1]
  .text              ro code   0x800'92f0     0x4  startup_stm32f407xx.o [1]
  .text              ro code   0x800'92f4     0x4  startup_stm32f407xx.o [1]
  .text              ro code   0x800'92f8     0x4  startup_stm32f407xx.o [1]
  .text              ro code   0x800'92fc     0x4  startup_stm32f407xx.o [1]
  .text              ro code   0x800'9300     0x4  startup_stm32f407xx.o [1]
  .text              ro code   0x800'9304     0x4  startup_stm32f407xx.o [1]
  .text              ro code   0x800'9308     0x4  startup_stm32f407xx.o [1]
  .text              ro code   0x800'930c     0x4  startup_stm32f407xx.o [1]
  .text              ro code   0x800'9310     0x4  startup_stm32f407xx.o [1]
  .text              ro code   0x800'9314     0x4  startup_stm32f407xx.o [1]
  .text              ro code   0x800'9318     0x4  startup_stm32f407xx.o [1]
  .text              ro code   0x800'931c     0x4  startup_stm32f407xx.o [1]
  .text              ro code   0x800'9320     0x4  startup_stm32f407xx.o [1]
  .text              ro code   0x800'9324     0x4  startup_stm32f407xx.o [1]
  .text              ro code   0x800'9328     0x4  startup_stm32f407xx.o [1]
  .text              ro code   0x800'932c     0x4  startup_stm32f407xx.o [1]
  .text              ro code   0x800'9330     0x4  startup_stm32f407xx.o [1]
  .text              ro code   0x800'9334     0x4  startup_stm32f407xx.o [1]
  .text              ro code   0x800'9338     0x4  startup_stm32f407xx.o [1]
  .text              ro code   0x800'933c     0x4  startup_stm32f407xx.o [1]
  .text              ro code   0x800'9340     0x4  startup_stm32f407xx.o [1]
  .text              ro code   0x800'9344     0x4  startup_stm32f407xx.o [1]
  .text              ro code   0x800'9348     0x4  startup_stm32f407xx.o [1]
  .text              ro code   0x800'934c     0x4  startup_stm32f407xx.o [1]
  .text              ro code   0x800'9350     0x4  startup_stm32f407xx.o [1]
  .text              ro code   0x800'9354     0x4  startup_stm32f407xx.o [1]
  .text              ro code   0x800'9358     0x4  startup_stm32f407xx.o [1]
  .text              ro code   0x800'935c     0x4  startup_stm32f407xx.o [1]
  .rodata            const     0x800'9360     0x0  zero_init3.o [4]
  .rodata            const     0x800'9360     0x0  copy_init3.o [4]
  Initializer bytes  const     0x800'9360    0xbc  <for P4 s0>
                             - 0x800'941c  0x9294

"P4", part 1 of 3:                           0xbc
  P4 s0                       0x2000'0000    0xbc  <Init block>
    .data            inited   0x2000'0000    0x48  xlocale_c.o [2]
    .data            inited   0x2000'0048    0x38  xlocale_c.o [2]
    .data            inited   0x2000'0080    0x14  my_malloc.o [1]
    .data            inited   0x2000'0094     0x4  adc_cfg.o [1]
    .data            inited   0x2000'0098     0x4  adc_cfg.o [1]
    .data            inited   0x2000'009c     0x4  isp_cfg.o [1]
    .data            inited   0x2000'00a0     0x4  rtc_cfg.o [1]
    .data            inited   0x2000'00a4     0x4  system_stm32f4xx.o [1]
    .data            inited   0x2000'00a8     0x4  systick_cfg.o [1]
    .data            inited   0x2000'00ac     0x4  timer_cfg.o [1]
    .data            inited   0x2000'00b0     0x4  usart_cfg.o [1]
    .data            inited   0x2000'00b4     0x4  wm8510_cfg.o [1]
    .data            inited   0x2000'00b8     0x1  crc_cfg.o [1]
    .data            inited   0x2000'00b9     0x1  stm32f4xx_hal.o [1]
                            - 0x2000'00bc    0xbc

"P4", part 2 of 3:                         0x2f5c
  .bss               zero     0x2000'00bc  0x2800  my_malloc.o [1]
  .bss               zero     0x2000'28bc   0x280  my_malloc.o [1]
  .bss               zero     0x2000'2b3c   0x200  usart_cfg.o [1]
  .bss               zero     0x2000'2d3c    0x80  usart_cfg.o [1]
  .bss               zero     0x2000'2dbc    0x78  isp_cfg.o [1]
  .bss               zero     0x2000'2e34    0x6c  wm8510_cfg.o [1]
  .bss               zero     0x2000'2ea0    0x44  usart_task.o [1]
  .bss               zero     0x2000'2ee4    0x44  usart_task.o [1]
  .bss               zero     0x2000'2f28    0x2c  adc_cfg.o [1]
  .bss               zero     0x2000'2f54    0x2c  adc_cfg.o [1]
  .bss               zero     0x2000'2f80    0x28  systick_cfg.o [1]
  .bss               zero     0x2000'2fa8    0x24  timer_cfg.o [1]
  .bss               zero     0x2000'2fcc    0x20  stm32_cfg.o [1]
  .bss               zero     0x2000'2fec    0x18  rtc_cfg.o [1]
  .bss               zero     0x2000'3004     0x4  led_cfg.o [1]
  .bss               zero     0x2000'3008     0x4  random_cfg.o [1]
  .bss               zero     0x2000'300c     0x4  stm32f4xx_hal.o [1]
  .bss               zero     0x2000'3010     0x4  xfail_s.o [2]
  .bss               zero     0x2000'3014     0x1  timer_cfg.o [1]
  .bss               zero     0x2000'3015     0x1  timer_cfg.o [1]
  .bss               zero     0x2000'3016     0x1  usart_cfg.o [1]
  .bss               zero     0x2000'3017     0x1  usart_cfg.o [1]
                            - 0x2000'3018  0x2f5c

"P4", part 3 of 3:                         0x2000
  CSTACK                      0x2000'3018  0x2000  <Block>
    CSTACK           uninit   0x2000'3018  0x2000  <Block tail>
                            - 0x2000'5018  0x2000

Unused ranges:

         From           To      Size
         ----           --      ----
   0x800'941c   0x807'ffff  0x7'6be4
  0x2000'5018  0x2001'bfff  0x1'6fe8
  0x2001'c000  0x2001'ffff    0x4000


*******************************************************************************
*** INIT TABLE
***

          Address      Size
          -------      ----
Zero (__iar_zero_init3)
    1 destination range, total size 0x2f5c:
          0x2000'00bc  0x2f5c

Copy (__iar_copy_init3)
    1 source range, total size 0xbc (101% of destination):
           0x800'9360    0xbc
    1 destination range, total size 0xba:
          0x2000'0000    0xba



*******************************************************************************
*** MODULE SUMMARY
***

    Module                 ro code  ro data  rw data
    ------                 -------  -------  -------
command line/config:
    ------------------------------------------------
    Total:

I:\STM32Project\NewProject\STM32F407\STM32F407VET6\STM32F407VET6Project\EWARM\STM32F407VET6Project\Obj: [1]
    adc_cfg.o                1'560       16       96
    adc_lib.o                   44
    adc_task.o                  44
    complier_lib.o             232
    crc_cfg.o                  334    1'025        1
    crc_lib.o                   86
    crc_task.o                  86
    css_cfg.o                  180
    css_lib.o                   16
    css_task.o                  16
    dac_cfg.o                  536
    dac_lib.o                   38
    dac_task.o                  38
    data_bus.o                 308
    delay_cfg.o                134
    delay_lib.o                 24
    delay_task.o                24
    gpio_cfg.o               1'470
    gpio_lib.o                  26
    gpio_task.o                 26
    i2c_cfg.o                  480
    i2c_lib.o                  118
    i2c_task.o                  86
    isp_cfg.o                  404        4      124
    isp_lib.o                   24
    isp_task.o                  24
    iwdg_cfg.o                  28
    iwdg_lib.o                   8
    iwdg_task.o                  8
    led_cfg.o                  132                 4
    led_lib.o                    8
    led_task.o                   8
    main.o                   1'288      120
    my_malloc.o                108       20   10'900
    power_cfg.o                212
    power_lib.o                 18
    power_task.o                18
    pvd_cfg.o                    2
    pvd_lib.o                    8
    pvd_task.o                   8
    random_cfg.o               436                 4
    random_lib.o                22
    random_task.o               22
    rtc_cfg.o                1'028       44       28
    rtc_lib.o                   40
    rtc_task.o                  40
    startup_stm32f407xx.o      692
    stm32_cfg.o                864                32
    stm32f4xx_hal.o             24        1        5
    stm32f4xx_it.o             328        8
    stm32f4xx_ll_adc.o         524
    stm32f4xx_ll_crc.o          68
    stm32f4xx_ll_dac.o         148
    stm32f4xx_ll_dma.o         844        8
    stm32f4xx_ll_gpio.o        420
    stm32f4xx_ll_rcc.o         336
    stm32f4xx_ll_rng.o          44
    stm32f4xx_ll_tim.o         676
    stm32f4xx_ll_usart.o     1'100
    stm32f4xx_ll_utils.o        12
    system_stm32f4xx.o          96       28        4
    systick_cfg.o            1'160        4       44
    systick_lib.o               80
    systick_task.o              80
    timer_cfg.o              3'024       28       42
    timer_lib.o                 22
    timer_task.o                22
    usart_cfg.o              6'000       96      646
    usart_lib.o                292
    usart_task.o               600       32      136
    wm8510_cfg.o               636        4      112
    wm8510_lib.o                26
    wm8510_task.o               26
    ------------------------------------------------
    Total:                  27'944    1'438   12'178

dl7M_tlf.a: [2]
    abort.o                      6
    exit.o                       4
    low_level_init.o             4
    vsnprint.o                  60
    xencoding_8859_1.o          30
    xfail_s.o                   64                 4
    xlocale_c.o                124      133      128
    xmbcurmax.o                 10
    xprintffull.o            4'294
    xsnprout.o                  26
    ------------------------------------------------
    Total:                   4'622      133      132

m7M_tls.a: [3]
    DblAdd.o                   378
    DblCmpGe.o                  46
    DblCmpLe.o                  46
    DblDiv.o                   582
    DblMul.o                   418
    DblSub.o                   226
    DblToFlt.o                 104
    DblToS32.o                  58
    DblToU32.o                  40
    FltToDbl.o                  72
    S32ToDbl.o                  34
    U32ToDbl.o                  26
    fpinit_M.o                  34
    frexp.o                    112
    ldexp.o                    314
    ------------------------------------------------
    Total:                   2'490

rt7M_tl.a: [4]
    ABImemcpy.o                166
    ABImemset.o                102
    I64DivMod.o                560
    I64DivZer.o                  2
    cexit.o                     10
    cmain.o                     30
    copy_init3.o                46
    cstartup_M.o                12
    data_init.o                 40
    memchr.o                    88
    strchr.o                    22
    strlen.o                    54
    zero_init3.o                58
    ------------------------------------------------
    Total:                   1'190

shb_l.a: [5]
    exit.o                      20
    ------------------------------------------------
    Total:                      20

    Gaps                        35        6
    Linker created                       38    8'192
----------------------------------------------------
    Grand Total:            36'301    1'615   20'502


*******************************************************************************
*** ENTRY LIST
***

Entry                       Address    Size  Type      Object
-----                       -------    ----  ----      ------
.iar.init_table$$Base    0x800'9108           --   Gb  - Linker created -
.iar.init_table$$Limit   0x800'912c           --   Gb  - Linker created -
?main                    0x800'914d          Code  Gb  cmain.o [4]
ADCLib_ADCTask_START     0x800'7823     0xc  Code  Gb  adc_lib.o [1]
ADCLib_ADCTask_STOP      0x800'782f     0xc  Code  Gb  adc_lib.o [1]
ADCLib_ADC_Init          0x800'781b     0x8  Code  Gb  adc_lib.o [1]
ADCLib_HandleChannelVal
                         0x800'783b     0xc  Code  Gb  adc_lib.o [1]
ADCTask_ADCTask_START    0x800'75f5     0xc  Code  Gb  adc_task.o [1]
ADCTask_ADCTask_STOP     0x800'7601     0xc  Code  Gb  adc_task.o [1]
ADCTask_ADC_Init         0x800'75ed     0x8  Code  Gb  adc_task.o [1]
ADCTask_HandleChannelVal
                         0x800'760d     0xc  Code  Gb  adc_task.o [1]
ADC_ADC1Task_Init        0x800'67b1     0xe  Code  Gb  adc_cfg.o [1]
ADC_ADC1_DMA_Init        0x800'6633    0xa6  Code  Gb  adc_cfg.o [1]
ADC_ADC1_DMA_Restart     0x800'66d9    0x30  Code  Gb  adc_cfg.o [1]
ADC_ADC1_DMA_Stop        0x800'6709    0x28  Code  Gb  adc_cfg.o [1]
ADC_ADC1_Init            0x800'658b    0xa8  Code  Gb  adc_cfg.o [1]
ADC_ADC3_DMA_Restart     0x800'6731    0x2c  Code  Gb  adc_cfg.o [1]
ADC_ADC3_DMA_Stop        0x800'675d    0x2a  Code  Gb  adc_cfg.o [1]
ADC_ADCTask_Init         0x800'67bf     0xa  Code  Gb  adc_cfg.o [1]
ADC_ADCTask_START        0x800'67d5    0x5e  Code  Gb  adc_cfg.o [1]
ADC_ADCTask_STOP         0x800'6833    0x42  Code  Gb  adc_cfg.o [1]
ADC_ADC_Init             0x800'67c9     0xc  Code  Gb  adc_cfg.o [1]
ADC_Clock                0x800'6513    0x78  Code  Gb  adc_cfg.o [1]
ADC_GPIO_Init            0x800'64dd    0x36  Code  Gb  adc_cfg.o [1]
ADC_HandleChannelVal     0x800'6875    0x58  Code  Gb  adc_cfg.o [1]
ADC_SoftStart            0x800'6787    0x2a  Code  Gb  adc_cfg.o [1]
AHBPrescTable            0x800'91c0    0x10  Data  Gb  system_stm32f4xx.o [1]
APBPrescTable            0x800'921c     0x8  Data  Gb  system_stm32f4xx.o [1]
BusFault_Handler         0x800'8bdb     0x2  Code  Gb  stm32f4xx_it.o [1]
CRCLib_CRC16             0x800'2cfd    0x10  Code  Gb  crc_lib.o [1]
CRCLib_CRC32             0x800'2ced    0x10  Code  Gb  crc_lib.o [1]
CRCLib_CRC8              0x800'2d0d    0x16  Code  Gb  crc_lib.o [1]
CRCLib_CheckSum          0x800'2d23    0x10  Code  Gb  crc_lib.o [1]
CRCLib_Enable            0x800'2ce5     0x8  Code  Gb  crc_lib.o [1]
CRCLib_Init              0x800'2cdd     0x8  Code  Gb  crc_lib.o [1]
CRCTask_CRC16            0x800'1edf    0x10  Code  Gb  crc_task.o [1]
CRCTask_CRC32            0x800'1ecf    0x10  Code  Gb  crc_task.o [1]
CRCTask_CRC8             0x800'1eef    0x16  Code  Gb  crc_task.o [1]
CRCTask_CheckSum         0x800'1f05    0x10  Code  Gb  crc_task.o [1]
CRCTask_Enable           0x800'1ec7     0x8  Code  Gb  crc_task.o [1]
CRCTask_Init             0x800'1ebf     0x8  Code  Gb  crc_task.o [1]
CRC_CRC16_Table          0x800'426d    0x32  Code  Gb  crc_cfg.o [1]
CRC_CRC32_CRC            0x800'425d    0x10  Code  Gb  crc_cfg.o [1]
CRC_CRC32_HWCRC          0x800'422b    0x32  Code  Gb  crc_cfg.o [1]
CRC_CRC32_HWReSet        0x800'4221     0xa  Code  Gb  crc_cfg.o [1]
CRC_CRC8_Table           0x800'429f    0x44  Code  Gb  crc_cfg.o [1]
CRC_CheckSum             0x800'42fd    0x1e  Code  Gb  crc_cfg.o [1]
CRC_DeInit               0x800'420b    0x10  Code  Gb  crc_cfg.o [1]
CRC_Enable               0x800'421b     0x6  Code  Gb  crc_cfg.o [1]
CRC_Init                 0x800'41f5    0x16  Code  Gb  crc_cfg.o [1]
CSSLib_NMI_IRQ           0x800'8cd9     0x8  Code  Gb  css_lib.o [1]
CSSLib_RCC_IRQ           0x800'8ce1     0x8  Code  Gb  css_lib.o [1]
CSSTask_NMI_IRQ          0x800'8cc1     0x8  Code  Gb  css_task.o [1]
CSSTask_RCC_IRQ          0x800'8cc9     0x8  Code  Gb  css_task.o [1]
CSS_NMI_IRQ              0x800'8d71    0x18  Code  Gb  css_cfg.o [1]
CSS_RCC_IRQ              0x800'8d89    0x1c  Code  Gb  css_cfg.o [1]
CSTACK$$Base            0x2000'3018           --   Gb  - Linker created -
CSTACK$$Limit           0x2000'5018           --   Gb  - Linker created -
CacheMore                0x800'4339    0x28  Code  Lc  xlocale_c.o [2]
CalcAvgWordFromIndex     0x800'6b99    0x60  Code  Gb  complier_lib.o [1]
DACLib_ChannelMV         0x800'77df    0x12  Code  Gb  dac_lib.o [1]
DACLib_Init              0x800'77cb    0x14  Code  Gb  dac_lib.o [1]
DACTask_ChannelMV        0x800'747b    0x12  Code  Gb  dac_task.o [1]
DACTask_Init             0x800'7467    0x14  Code  Gb  dac_task.o [1]
DAC_ChannelMV            0x800'8479    0x18  Code  Gb  dac_cfg.o [1]
DAC_ChannelUV            0x800'8407    0x72  Code  Gb  dac_cfg.o [1]
DAC_Channel_Init         0x800'8363    0x62  Code  Gb  dac_cfg.o [1]
DAC_Clock                0x800'8341    0x22  Code  Gb  dac_cfg.o [1]
DAC_GPIO_Init            0x800'82ef    0x52  Code  Gb  dac_cfg.o [1]
DAC_Init                 0x800'83c5    0x42  Code  Gb  dac_cfg.o [1]
DMA2_Stream0_IRQHandler
                         0x800'8c23    0x32  Code  Gb  stm32f4xx_it.o [1]
DMA2_Stream1_IRQHandler
                         0x800'8c55     0x2  Code  Gb  stm32f4xx_it.o [1]
DMA2_Stream2_IRQHandler
                         0x800'8c59    0x24  Code  Gb  stm32f4xx_it.o [1]
DMA2_Stream7_IRQHandler
                         0x800'8c7d    0x24  Code  Gb  stm32f4xx_it.o [1]
DataBus_Init             0x800'748d    0xbc  Code  Gb  data_bus.o [1]
DataBus_Read             0x800'7549    0x6e  Code  Gb  data_bus.o [1]
DebugMon_Handler         0x800'8be1     0x2  Code  Gb  stm32f4xx_it.o [1]
DelayLib_ms              0x800'7803     0xc  Code  Gb  delay_lib.o [1]
DelayNLib_us             0x800'780f     0xc  Code  Gb  delay_lib.o [1]
DelayN_ms                0x800'85c7    0x20  Code  Gb  delay_cfg.o [1]
DelayN_us                0x800'85a1    0x26  Code  Gb  delay_cfg.o [1]
DelayTask_ms             0x800'75df     0xc  Code  Gb  delay_task.o [1]
DelayTask_us             0x800'75d3     0xc  Code  Gb  delay_task.o [1]
Delay_ms                 0x800'8581    0x20  Code  Gb  delay_cfg.o [1]
Delay_nop                0x800'85e9    0x1e  Code  Gb  delay_cfg.o [1]
DescSortWord             0x800'6b19    0x7c  Code  Gb  complier_lib.o [1]
GPIOLib_Clock            0x800'3e17    0x12  Code  Gb  gpio_lib.o [1]
GPIOLib_Init             0x800'3e29     0x8  Code  Gb  gpio_lib.o [1]
GPIOTask_Clock           0x800'1f51    0x12  Code  Gb  gpio_task.o [1]
GPIOTask_Init            0x800'1f63     0x8  Code  Gb  gpio_task.o [1]
GPIO_Clock               0x800'1963   0x2d4  Code  Gb  gpio_cfg.o [1]
GPIO_Init                0x800'1c37    0x54  Code  Gb  gpio_cfg.o [1]
GPIO_ReadInputPort       0x800'1e31    0x86  Code  Gb  gpio_cfg.o [1]
GPIO_ResetOutputPins     0x800'1d39    0x7c  Code  Gb  gpio_cfg.o [1]
GPIO_SetOutputPin        0x800'1cbd    0x7c  Code  Gb  gpio_cfg.o [1]
GPIO_TogglePin           0x800'1db5    0x7c  Code  Gb  gpio_cfg.o [1]
HAL_IncTick              0x800'9199    0x18  Code  Wk  stm32f4xx_hal.o [1]
HASH_RNG_IRQHandler      0x800'8c03     0x8  Code  Gb  stm32f4xx_it.o [1]
HardFault_Handler        0x800'8bd1     0x8  Code  Gb  stm32f4xx_it.o [1]
HardFault_IRQTask        0x800'27b5    0x12  Code  Gb  stm32_cfg.o [1]
HardFault_Msg            0x800'2771    0x3e  Code  Gb  stm32_cfg.o [1]
I2CLib_MSW_Init          0x800'8721    0x14  Code  Gb  i2c_lib.o [1]
I2CLib_MSW_ReadACK       0x800'8779     0xc  Code  Gb  i2c_lib.o [1]
I2CLib_MSW_START         0x800'8735    0x38  Code  Gb  i2c_lib.o [1]
I2CLib_MSW_STOP          0x800'876d     0xc  Code  Gb  i2c_lib.o [1]
I2CLib_MSW_SendByte      0x800'8785    0x12  Code  Gb  i2c_lib.o [1]
I2CTask_MHW_Init         0x800'8635     0x6  Code  Gb  i2c_task.o [1]
I2CTask_MSW_Init         0x800'863b    0x14  Code  Gb  i2c_task.o [1]
I2CTask_MSW_ReadACK      0x800'866d     0xc  Code  Gb  i2c_task.o [1]
I2CTask_MSW_START        0x800'864f    0x12  Code  Gb  i2c_task.o [1]
I2CTask_MSW_STOP         0x800'8661     0xc  Code  Gb  i2c_task.o [1]
I2CTask_MSW_SendByte     0x800'8679    0x12  Code  Gb  i2c_task.o [1]
I2C_MSW_Init             0x800'8799    0x88  Code  Gb  i2c_cfg.o [1]
I2C_MSW_ReadACK          0x800'88bd    0x42  Code  Gb  i2c_cfg.o [1]
I2C_MSW_START            0x800'8821    0x52  Code  Gb  i2c_cfg.o [1]
I2C_MSW_STOP             0x800'8873    0x4a  Code  Gb  i2c_cfg.o [1]
I2C_MSW_SendBit          0x800'88ff    0x42  Code  Gb  i2c_cfg.o [1]
I2C_MSW_SendByte         0x800'8941    0x2e  Code  Gb  i2c_cfg.o [1]
ISPLib_Init              0x800'7791    0x18  Code  Gb  isp_lib.o [1]
ISPTask_Init             0x800'742d    0x18  Code  Gb  isp_task.o [1]
ISP_Device0_Init         0x800'7e01    0xa2  Code  Gb  isp_cfg.o [1]
ISP_Device1_Init         0x800'7ea3     0x6  Code  Gb  isp_cfg.o [1]
ISP_Device2_Init         0x800'7ea9     0x6  Code  Gb  isp_cfg.o [1]
ISP_Init                 0x800'7eaf    0xc8  Code  Gb  isp_cfg.o [1]
IWDGLib_Reset            0x800'2cd5     0x8  Code  Gb  iwdg_lib.o [1]
IWDGTask_Reset           0x800'1eb7     0x8  Code  Gb  iwdg_task.o [1]
IWDG_Reset               0x800'41b9     0xc  Code  Gb  iwdg_cfg.o [1]
LEDLib_Init              0x800'77c3     0x8  Code  Gb  led_lib.o [1]
LEDTask_Init             0x800'745f     0x8  Code  Gb  led_task.o [1]
LEDWork_Init             0x800'8211    0x4e  Code  Gb  led_cfg.o [1]
LEDWork_Task             0x800'8261    0x22  Code  Gb  led_cfg.o [1]
LEDWork_Task::ledCount  0x2000'3004     0x4  Data  Lc  led_cfg.o [1]
LED_Init                 0x800'828d     0x8  Code  Gb  led_cfg.o [1]
LL_ADC_ClearFlag_OVR     0x800'642b     0x8  Code  Lc  adc_cfg.o [1]
LL_ADC_CommonInit        0x800'694b    0x60  Code  Gb  stm32f4xx_ll_adc.o [1]
LL_ADC_DeInit            0x800'69ab    0xae  Code  Gb  stm32f4xx_ll_adc.o [1]
LL_ADC_Disable           0x800'6417     0xa  Code  Lc  adc_cfg.o [1]
LL_ADC_Disable           0x800'6939     0xa  Code  Lc  stm32f4xx_ll_adc.o [1]
LL_ADC_Enable            0x800'640d     0xa  Code  Lc  adc_cfg.o [1]
LL_ADC_INJ_SetTriggerSource
                         0x800'6929    0x10  Code  Lc  stm32f4xx_ll_adc.o [1]
LL_ADC_Init              0x800'6a59    0x3a  Code  Gb  stm32f4xx_ll_adc.o [1]
LL_ADC_IsEnabled         0x800'6943     0x8  Code  Lc  stm32f4xx_ll_adc.o [1]
LL_ADC_REG_Init          0x800'6a93    0x5e  Code  Gb  stm32f4xx_ll_adc.o [1]
LL_ADC_REG_SetSequencerLength
                         0x800'691d     0xc  Code  Lc  stm32f4xx_ll_adc.o [1]
LL_ADC_REG_SetSequencerRanks
                         0x800'6391    0x36  Code  Lc  adc_cfg.o [1]
LL_ADC_REG_SetTriggerSource
                         0x800'690d    0x10  Code  Lc  stm32f4xx_ll_adc.o [1]
LL_ADC_REG_StartConversionSWStart
                         0x800'6421     0xa  Code  Lc  adc_cfg.o [1]
LL_ADC_SetChannelSamplingTime
                         0x800'63c7    0x46  Code  Lc  adc_cfg.o [1]
LL_AHB1_GRP1_DisableClock
                         0x800'1911     0xc  Code  Lc  gpio_cfg.o [1]
LL_AHB1_GRP1_EnableClock
                         0x800'6433    0x18  Code  Lc  adc_cfg.o [1]
LL_AHB1_GRP1_EnableClock
                         0x800'41cd    0x16  Code  Lc  crc_cfg.o [1]
LL_AHB1_GRP1_EnableClock
                         0x800'18f9    0x18  Code  Lc  gpio_cfg.o [1]
LL_AHB1_GRP1_EnableClock
                         0x800'0225    0x18  Code  Lc  usart_cfg.o [1]
LL_AHB1_GRP1_ForceReset
                         0x800'191d     0xc  Code  Lc  gpio_cfg.o [1]
LL_AHB1_GRP1_ForceReset
                         0x800'4ccd     0xa  Code  Lc  stm32f4xx_ll_crc.o [1]
LL_AHB1_GRP1_ForceReset
                         0x800'2989     0xa  Code  Lc  stm32f4xx_ll_dma.o [1]
LL_AHB1_GRP1_ReleaseReset
                         0x800'1929     0xc  Code  Lc  gpio_cfg.o [1]
LL_AHB1_GRP1_ReleaseReset
                         0x800'4cd7     0xa  Code  Lc  stm32f4xx_ll_crc.o [1]
LL_AHB1_GRP1_ReleaseReset
                         0x800'2993     0xa  Code  Lc  stm32f4xx_ll_dma.o [1]
LL_AHB2_GRP1_EnableClock
                         0x800'7ce1    0x16  Code  Lc  random_cfg.o [1]
LL_AHB2_GRP1_ForceReset
                         0x800'8609     0xa  Code  Lc  stm32f4xx_ll_rng.o [1]
LL_AHB2_GRP1_ReleaseReset
                         0x800'8613     0xa  Code  Lc  stm32f4xx_ll_rng.o [1]
LL_APB1_GRP1_DisableClock
                         0x800'82ab     0xa  Code  Lc  dac_cfg.o [1]
LL_APB1_GRP1_DisableClock
                         0x800'4ec1     0xc  Code  Lc  timer_cfg.o [1]
LL_APB1_GRP1_DisableClock
                         0x800'0255     0xc  Code  Lc  usart_cfg.o [1]
LL_APB1_GRP1_EnableClock
                         0x800'8295    0x16  Code  Lc  dac_cfg.o [1]
LL_APB1_GRP1_EnableClock
                         0x800'6c9f    0x18  Code  Lc  main.o [1]
LL_APB1_GRP1_EnableClock
                         0x800'4ea9    0x18  Code  Lc  timer_cfg.o [1]
LL_APB1_GRP1_EnableClock
                         0x800'023d    0x18  Code  Lc  usart_cfg.o [1]
LL_APB1_GRP1_ForceReset
                         0x800'5a79     0xc  Code  Lc  stm32f4xx_ll_tim.o [1]
LL_APB1_GRP1_ForceReset
                         0x800'21dd     0xc  Code  Lc  stm32f4xx_ll_usart.o [1]
LL_APB1_GRP1_ForceReset
                         0x800'4ecd     0xc  Code  Lc  timer_cfg.o [1]
LL_APB1_GRP1_ForceReset
                         0x800'0261     0xc  Code  Lc  usart_cfg.o [1]
LL_APB1_GRP1_ReleaseReset
                         0x800'5a85     0xc  Code  Lc  stm32f4xx_ll_tim.o [1]
LL_APB1_GRP1_ReleaseReset
                         0x800'21e9     0xc  Code  Lc  stm32f4xx_ll_usart.o [1]
LL_APB1_GRP1_ReleaseReset
                         0x800'4ed9     0xc  Code  Lc  timer_cfg.o [1]
LL_APB1_GRP1_ReleaseReset
                         0x800'026d     0xc  Code  Lc  usart_cfg.o [1]
LL_APB2_GRP1_DisableClock
                         0x800'6463     0xc  Code  Lc  adc_cfg.o [1]
LL_APB2_GRP1_DisableClock
                         0x800'4efd     0xc  Code  Lc  timer_cfg.o [1]
LL_APB2_GRP1_DisableClock
                         0x800'0291     0xc  Code  Lc  usart_cfg.o [1]
LL_APB2_GRP1_EnableClock
                         0x800'644b    0x18  Code  Lc  adc_cfg.o [1]
LL_APB2_GRP1_EnableClock
                         0x800'1935    0x18  Code  Lc  gpio_cfg.o [1]
LL_APB2_GRP1_EnableClock
                         0x800'4ee5    0x18  Code  Lc  timer_cfg.o [1]
LL_APB2_GRP1_EnableClock
                         0x800'0279    0x18  Code  Lc  usart_cfg.o [1]
LL_APB2_GRP1_ForceReset
                         0x800'5a91     0xc  Code  Lc  stm32f4xx_ll_tim.o [1]
LL_APB2_GRP1_ForceReset
                         0x800'21f5     0xc  Code  Lc  stm32f4xx_ll_usart.o [1]
LL_APB2_GRP1_ForceReset
                         0x800'4f09     0xc  Code  Lc  timer_cfg.o [1]
LL_APB2_GRP1_ForceReset
                         0x800'029d     0xc  Code  Lc  usart_cfg.o [1]
LL_APB2_GRP1_ReleaseReset
                         0x800'5a9d     0xc  Code  Lc  stm32f4xx_ll_tim.o [1]
LL_APB2_GRP1_ReleaseReset
                         0x800'2201     0xc  Code  Lc  stm32f4xx_ll_usart.o [1]
LL_APB2_GRP1_ReleaseReset
                         0x800'4f15     0xc  Code  Lc  timer_cfg.o [1]
LL_APB2_GRP1_ReleaseReset
                         0x800'02a9     0xc  Code  Lc  usart_cfg.o [1]
LL_CRC_DeInit            0x800'4ce1    0x28  Code  Gb  stm32f4xx_ll_crc.o [1]
LL_CRC_FeedData32        0x800'41ed     0x4  Code  Lc  crc_cfg.o [1]
LL_CRC_ReadData32        0x800'41f1     0x4  Code  Lc  crc_cfg.o [1]
LL_CRC_ResetCRCCalculationUnit
                         0x800'41e3     0xa  Code  Lc  crc_cfg.o [1]
LL_DAC_ConvertData12RightAligned
                         0x800'82c9    0x26  Code  Lc  dac_cfg.o [1]
LL_DAC_Enable            0x800'82b5    0x14  Code  Lc  dac_cfg.o [1]
LL_DAC_Init              0x800'86b1    0x70  Code  Gb  stm32f4xx_ll_dac.o [1]
LL_DAC_IsEnabled         0x800'868d    0x24  Code  Lc  stm32f4xx_ll_dac.o [1]
LL_DMA_ClearFlag         0x800'2863   0x126  Code  Gb  stm32_cfg.o [1]
LL_DMA_ClearFlag_DME0    0x800'26dd     0x6  Code  Lc  stm32_cfg.o [1]
LL_DMA_ClearFlag_DME1    0x800'26e3     0x8  Code  Lc  stm32_cfg.o [1]
LL_DMA_ClearFlag_DME2    0x800'26eb     0x8  Code  Lc  stm32_cfg.o [1]
LL_DMA_ClearFlag_DME3    0x800'26f3     0x8  Code  Lc  stm32_cfg.o [1]
LL_DMA_ClearFlag_DME4    0x800'26fb     0x6  Code  Lc  stm32_cfg.o [1]
LL_DMA_ClearFlag_DME5    0x800'2701     0x8  Code  Lc  stm32_cfg.o [1]
LL_DMA_ClearFlag_DME6    0x800'2709     0x8  Code  Lc  stm32_cfg.o [1]
LL_DMA_ClearFlag_DME7    0x800'2711     0x8  Code  Lc  stm32_cfg.o [1]
LL_DMA_ClearFlag_FE0     0x800'2719     0x6  Code  Lc  stm32_cfg.o [1]
LL_DMA_ClearFlag_FE1     0x800'271f     0x6  Code  Lc  stm32_cfg.o [1]
LL_DMA_ClearFlag_FE2     0x800'2725     0x8  Code  Lc  stm32_cfg.o [1]
LL_DMA_ClearFlag_FE3     0x800'272d     0x8  Code  Lc  stm32_cfg.o [1]
LL_DMA_ClearFlag_FE4     0x800'2735     0x6  Code  Lc  stm32_cfg.o [1]
LL_DMA_ClearFlag_FE5     0x800'273b     0x6  Code  Lc  stm32_cfg.o [1]
LL_DMA_ClearFlag_FE6     0x800'2741     0x8  Code  Lc  stm32_cfg.o [1]
LL_DMA_ClearFlag_FE7     0x800'2749     0x8  Code  Lc  stm32_cfg.o [1]
LL_DMA_ClearFlag_HT0     0x800'2629     0x6  Code  Lc  stm32_cfg.o [1]
LL_DMA_ClearFlag_HT1     0x800'64b7     0x8  Code  Lc  adc_cfg.o [1]
LL_DMA_ClearFlag_HT1     0x800'262f     0x8  Code  Lc  stm32_cfg.o [1]
LL_DMA_ClearFlag_HT2     0x800'2637     0x8  Code  Lc  stm32_cfg.o [1]
LL_DMA_ClearFlag_HT3     0x800'263f     0x8  Code  Lc  stm32_cfg.o [1]
LL_DMA_ClearFlag_HT4     0x800'2647     0x6  Code  Lc  stm32_cfg.o [1]
LL_DMA_ClearFlag_HT5     0x800'264d     0x8  Code  Lc  stm32_cfg.o [1]
LL_DMA_ClearFlag_HT6     0x800'2655     0x8  Code  Lc  stm32_cfg.o [1]
LL_DMA_ClearFlag_HT7     0x800'265d     0x8  Code  Lc  stm32_cfg.o [1]
LL_DMA_ClearFlag_TC0     0x800'2665     0x6  Code  Lc  stm32_cfg.o [1]
LL_DMA_ClearFlag_TC1     0x800'64bf     0x8  Code  Lc  adc_cfg.o [1]
LL_DMA_ClearFlag_TC1     0x800'266b     0x8  Code  Lc  stm32_cfg.o [1]
LL_DMA_ClearFlag_TC2     0x800'2673     0x8  Code  Lc  stm32_cfg.o [1]
LL_DMA_ClearFlag_TC3     0x800'267b     0x8  Code  Lc  stm32_cfg.o [1]
LL_DMA_ClearFlag_TC4     0x800'2683     0x6  Code  Lc  stm32_cfg.o [1]
LL_DMA_ClearFlag_TC5     0x800'2689     0x8  Code  Lc  stm32_cfg.o [1]
LL_DMA_ClearFlag_TC6     0x800'2691     0x8  Code  Lc  stm32_cfg.o [1]
LL_DMA_ClearFlag_TC7     0x800'2699     0x8  Code  Lc  stm32_cfg.o [1]
LL_DMA_ClearFlag_TE0     0x800'26a1     0x6  Code  Lc  stm32_cfg.o [1]
LL_DMA_ClearFlag_TE1     0x800'26a7     0x8  Code  Lc  stm32_cfg.o [1]
LL_DMA_ClearFlag_TE2     0x800'26af     0x8  Code  Lc  stm32_cfg.o [1]
LL_DMA_ClearFlag_TE3     0x800'26b7     0x8  Code  Lc  stm32_cfg.o [1]
LL_DMA_ClearFlag_TE4     0x800'26bf     0x6  Code  Lc  stm32_cfg.o [1]
LL_DMA_ClearFlag_TE5     0x800'26c5     0x8  Code  Lc  stm32_cfg.o [1]
LL_DMA_ClearFlag_TE6     0x800'26cd     0x8  Code  Lc  stm32_cfg.o [1]
LL_DMA_ClearFlag_TE7     0x800'26d5     0x8  Code  Lc  stm32_cfg.o [1]
LL_DMA_ConfigFifo        0x800'2a33    0x1e  Code  Lc  stm32f4xx_ll_dma.o [1]
LL_DMA_ConfigTransfer    0x800'29b1    0x1a  Code  Lc  stm32f4xx_ll_dma.o [1]
LL_DMA_DeInit            0x800'2a65   0x198  Code  Gb  stm32f4xx_ll_dma.o [1]
LL_DMA_DisableStream     0x800'6485    0x16  Code  Lc  adc_cfg.o [1]
LL_DMA_DisableStream     0x800'299d    0x14  Code  Lc  stm32f4xx_ll_dma.o [1]
LL_DMA_DisableStream     0x800'02cb    0x16  Code  Lc  usart_cfg.o [1]
LL_DMA_EnableIT_TC       0x800'64c7    0x16  Code  Lc  adc_cfg.o [1]
LL_DMA_EnableIT_TC       0x800'030b    0x16  Code  Lc  usart_cfg.o [1]
LL_DMA_EnableStream      0x800'646f    0x16  Code  Lc  adc_cfg.o [1]
LL_DMA_EnableStream      0x800'02b5    0x16  Code  Lc  usart_cfg.o [1]
LL_DMA_GetDataLength     0x800'02fd     0xe  Code  Lc  usart_cfg.o [1]
LL_DMA_Init              0x800'2c55    0x80  Code  Gb  stm32f4xx_ll_dma.o [1]
LL_DMA_IsActiveFlag_TC0
                         0x800'8b79     0xa  Code  Lc  stm32f4xx_it.o [1]
LL_DMA_IsActiveFlag_TC2
                         0x800'8b83     0xa  Code  Lc  stm32f4xx_it.o [1]
LL_DMA_IsActiveFlag_TC7
                         0x800'8b8d     0xa  Code  Lc  stm32f4xx_it.o [1]
LL_DMA_IsEnabledIT_TC    0x800'8b97    0x10  Code  Lc  stm32f4xx_it.o [1]
LL_DMA_SetChannelSelection
                         0x800'29e5    0x1a  Code  Lc  stm32f4xx_ll_dma.o [1]
LL_DMA_SetDataLength     0x800'649b    0x1c  Code  Lc  adc_cfg.o [1]
LL_DMA_SetDataLength     0x800'29cb    0x1a  Code  Lc  stm32f4xx_ll_dma.o [1]
LL_DMA_SetDataLength     0x800'02e1    0x1c  Code  Lc  usart_cfg.o [1]
LL_DMA_SetMemoryAddress
                         0x800'2a51     0xa  Code  Lc  stm32f4xx_ll_dma.o [1]
LL_DMA_SetMemoryBurstxfer
                         0x800'29ff    0x1a  Code  Lc  stm32f4xx_ll_dma.o [1]
LL_DMA_SetPeriphAddress
                         0x800'2a5b     0xa  Code  Lc  stm32f4xx_ll_dma.o [1]
LL_DMA_SetPeriphBurstxfer
                         0x800'2a19    0x1a  Code  Lc  stm32f4xx_ll_dma.o [1]
LL_EXTI_ClearFlag_0_31   0x800'8ba7     0x6  Code  Lc  stm32f4xx_it.o [1]
LL_FLASH_EnableDataCache
                         0x800'6ddd     0xc  Code  Lc  main.o [1]
LL_FLASH_EnableInstCache
                         0x800'6dd1     0xc  Code  Lc  main.o [1]
LL_FLASH_EnablePrefetch
                         0x800'6dc5     0xc  Code  Lc  main.o [1]
LL_FLASH_GetLatency      0x800'6dbb     0xa  Code  Lc  main.o [1]
LL_FLASH_SetLatency      0x800'6dad     0xe  Code  Lc  main.o [1]
LL_GPIO_Init             0x800'214f    0x8e  Code  Gb  stm32f4xx_ll_gpio.o [1]
LL_GPIO_ReadInputPort    0x800'194d     0x4  Code  Lc  gpio_cfg.o [1]
LL_GPIO_ResetOutputPin   0x800'1955     0x6  Code  Lc  gpio_cfg.o [1]
LL_GPIO_ResetOutputPin   0x800'2755     0x6  Code  Lc  stm32_cfg.o [1]
LL_GPIO_ResetOutputPins
                         0x800'27fb    0x34  Code  Gb  stm32_cfg.o [1]
LL_GPIO_SetAFPin_0_7     0x800'20eb    0x2e  Code  Lc  stm32f4xx_ll_gpio.o [1]
LL_GPIO_SetAFPin_8_15    0x800'2119    0x36  Code  Lc  stm32f4xx_ll_gpio.o [1]
LL_GPIO_SetOutputPin     0x800'1951     0x4  Code  Lc  gpio_cfg.o [1]
LL_GPIO_SetOutputPin     0x800'2751     0x4  Code  Lc  stm32_cfg.o [1]
LL_GPIO_SetOutputPins    0x800'27c7    0x34  Code  Gb  stm32_cfg.o [1]
LL_GPIO_SetPinMode       0x800'2039    0x2e  Code  Lc  stm32f4xx_ll_gpio.o [1]
LL_GPIO_SetPinMode       0x800'0321    0x2e  Code  Lc  usart_cfg.o [1]
LL_GPIO_SetPinOutputType
                         0x800'2067    0x28  Code  Lc  stm32f4xx_ll_gpio.o [1]
LL_GPIO_SetPinPull       0x800'20bd    0x2e  Code  Lc  stm32f4xx_ll_gpio.o [1]
LL_GPIO_SetPinSpeed      0x800'208f    0x2e  Code  Lc  stm32f4xx_ll_gpio.o [1]
LL_GPIO_TogglePin        0x800'195b     0x8  Code  Lc  gpio_cfg.o [1]
LL_GPIO_TogglePin        0x800'275b     0x8  Code  Lc  stm32_cfg.o [1]
LL_GPIO_TogglePins       0x800'282f    0x34  Code  Gb  stm32_cfg.o [1]
LL_IWDG_ReloadCounter    0x800'41b1     0x8  Code  Lc  iwdg_cfg.o [1]
LL_InitTick              0x800'5f0b    0x1e  Code  Lc  systick_cfg.o [1]
LL_PWR_EnableBkUpAccess
                         0x800'6ce7     0xe  Code  Lc  main.o [1]
LL_PWR_IsActiveFlag_PVDO
                         0x800'8bad     0xc  Code  Lc  stm32f4xx_it.o [1]
LL_PWR_SetRegulVoltageScaling
                         0x800'6cd7    0x10  Code  Lc  main.o [1]
LL_RCC_ClearFlag_HSECSS
                         0x800'8d23     0xc  Code  Lc  css_cfg.o [1]
LL_RCC_ClearFlag_HSERDY
                         0x800'8d17     0xc  Code  Lc  css_cfg.o [1]
LL_RCC_DisableIT_HSERDY
                         0x800'8d53     0xc  Code  Lc  css_cfg.o [1]
LL_RCC_EnableIT_HSERDY   0x800'8d47     0xc  Code  Lc  css_cfg.o [1]
LL_RCC_GetAHBPrescaler   0x800'406b     0xa  Code  Lc  stm32f4xx_ll_rcc.o [1]
LL_RCC_GetAPB1Prescaler
                         0x800'4075     0xa  Code  Lc  stm32f4xx_ll_rcc.o [1]
LL_RCC_GetAPB2Prescaler
                         0x800'407f     0xa  Code  Lc  stm32f4xx_ll_rcc.o [1]
LL_RCC_GetSysClkSource   0x800'6d3d     0xc  Code  Lc  main.o [1]
LL_RCC_GetSysClkSource   0x800'4061     0xa  Code  Lc  stm32f4xx_ll_rcc.o [1]
LL_RCC_GetSystemClocksFreq
                         0x800'40b1    0x24  Code  Gb  stm32f4xx_ll_rcc.o [1]
LL_RCC_HSE_Enable        0x800'8d0b     0xc  Code  Lc  css_cfg.o [1]
LL_RCC_HSE_Enable        0x800'6cf5     0xe  Code  Lc  main.o [1]
LL_RCC_HSE_IsReady       0x800'6d03     0xe  Code  Lc  main.o [1]
LL_RCC_IsActiveFlag_HSECSS
                         0x800'8d3b     0xc  Code  Lc  css_cfg.o [1]
LL_RCC_IsActiveFlag_HSERDY
                         0x800'8d2f     0xc  Code  Lc  css_cfg.o [1]
LL_RCC_LSI_Enable        0x800'6d11     0xe  Code  Lc  main.o [1]
LL_RCC_LSI_IsReady       0x800'6d1f     0xe  Code  Lc  main.o [1]
LL_RCC_PLL_ConfigDomain_SYS
                         0x800'6d8b    0x22  Code  Lc  main.o [1]
LL_RCC_PLL_Enable        0x800'6d73     0xc  Code  Lc  main.o [1]
LL_RCC_PLL_GetDivider    0x800'40a7     0xa  Code  Lc  stm32f4xx_ll_rcc.o [1]
LL_RCC_PLL_GetMainSource
                         0x800'4089     0xa  Code  Lc  stm32f4xx_ll_rcc.o [1]
LL_RCC_PLL_GetN          0x800'4093     0xa  Code  Lc  stm32f4xx_ll_rcc.o [1]
LL_RCC_PLL_GetP          0x800'409d     0xa  Code  Lc  stm32f4xx_ll_rcc.o [1]
LL_RCC_PLL_IsReady       0x800'6d7f     0xc  Code  Lc  main.o [1]
LL_RCC_SetAHBPrescaler   0x800'6d49     0xe  Code  Lc  main.o [1]
LL_RCC_SetAPB1Prescaler
                         0x800'6d57     0xe  Code  Lc  main.o [1]
LL_RCC_SetAPB2Prescaler
                         0x800'6d65     0xe  Code  Lc  main.o [1]
LL_RCC_SetSysClkSource   0x800'6d2d    0x10  Code  Lc  main.o [1]
LL_RNG_ClearFlag_CEIS    0x800'7d27     0x8  Code  Lc  random_cfg.o [1]
LL_RNG_ClearFlag_SEIS    0x800'7d2f     0x8  Code  Lc  random_cfg.o [1]
LL_RNG_DeInit            0x800'8621    0x14  Code  Gb  stm32f4xx_ll_rng.o [1]
LL_RNG_Disable           0x800'7d01     0xa  Code  Lc  random_cfg.o [1]
LL_RNG_Enable            0x800'7cf7     0xa  Code  Lc  random_cfg.o [1]
LL_RNG_EnableIT          0x800'7d37     0xa  Code  Lc  random_cfg.o [1]
LL_RNG_IsActiveFlag_CEIS
                         0x800'7d13     0xa  Code  Lc  random_cfg.o [1]
LL_RNG_IsActiveFlag_DRDY
                         0x800'7d0b     0x8  Code  Lc  random_cfg.o [1]
LL_RNG_IsActiveFlag_SEIS
                         0x800'7d1d     0xa  Code  Lc  random_cfg.o [1]
LL_RNG_ReadRandData32    0x800'7d41     0x4  Code  Lc  random_cfg.o [1]
LL_SYSTICK_SetClkSource
                         0x800'6cb7    0x20  Code  Lc  main.o [1]
LL_SetSystemCoreClock    0x800'7109     0x6  Code  Gb  stm32f4xx_ll_utils.o [1]
LL_TIM_CC_DisableChannel
                         0x800'4f47     0x8  Code  Lc  timer_cfg.o [1]
LL_TIM_ClearFlag_TRIG    0x800'50df     0x8  Code  Lc  timer_cfg.o [1]
LL_TIM_ClearFlag_UPDATE
                         0x800'50cf     0x8  Code  Lc  timer_cfg.o [1]
LL_TIM_DeInit            0x800'5abf   0x152  Code  Gb  stm32f4xx_ll_tim.o [1]
LL_TIM_DisableCounter    0x800'4f2b     0xa  Code  Lc  timer_cfg.o [1]
LL_TIM_DisableDMAReq_TRIG
                         0x800'50fb     0xa  Code  Lc  timer_cfg.o [1]
LL_TIM_DisableIT_TRIG    0x800'50f1     0xa  Code  Lc  timer_cfg.o [1]
LL_TIM_DisableMasterSlaveMode
                         0x800'50c5     0xa  Code  Lc  timer_cfg.o [1]
LL_TIM_EnableARRPreload
                         0x800'4f35     0xa  Code  Lc  timer_cfg.o [1]
[...]
SysRTC_SoftRTCTask       0x800'7c21    0x16  Code  Gb  rtc_cfg.o [1]
SysRTC_WatchTask         0x800'7bff    0x22  Code  Gb  rtc_cfg.o [1]
SysTickLib_1msIncTick    0x800'5e65     0x8  Code  Gb  systick_lib.o [1]
SysTickLib_CreateTickTask
                         0x800'5e25     0xc  Code  Gb  systick_lib.o [1]
SysTickLib_DecTick       0x800'5e3d     0xc  Code  Gb  systick_lib.o [1]
SysTickLib_DeleteTickTask
                         0x800'5e31     0xc  Code  Gb  systick_lib.o [1]
SysTickLib_GetTick       0x800'5e49     0x8  Code  Gb  systick_lib.o [1]
SysTickLib_IRQTask       0x800'5e51     0x8  Code  Gb  systick_lib.o [1]
SysTickLib_Init          0x800'5e1d     0x8  Code  Gb  systick_lib.o [1]
SysTickLib_WaitusTick    0x800'5e59     0xc  Code  Gb  systick_lib.o [1]
SysTickTask_1msIncTick   0x800'5d65     0x8  Code  Gb  systick_task.o [1]
SysTickTask_CreateTickTask
                         0x800'5d25     0xc  Code  Gb  systick_task.o [1]
SysTickTask_DecTick      0x800'5d3d     0xc  Code  Gb  systick_task.o [1]
SysTickTask_DeleteTickTask
                         0x800'5d31     0xc  Code  Gb  systick_task.o [1]
SysTickTask_GetTick      0x800'5d49     0x8  Code  Gb  systick_task.o [1]
SysTickTask_IRQTask      0x800'5d51     0x8  Code  Gb  systick_task.o [1]
SysTickTask_Init         0x800'5d1d     0x8  Code  Gb  systick_task.o [1]
SysTickTask_WaitusTick   0x800'5d59     0xc  Code  Gb  systick_task.o [1]
SysTick_1msIncTick       0x800'6283    0x42  Code  Gb  systick_cfg.o [1]
SysTick_CreateTickTask   0x800'5fdb    0xbe  Code  Gb  systick_cfg.o [1]
SysTick_DecTick          0x800'61a7    0x50  Code  Gb  systick_cfg.o [1]
SysTick_DeleteTickTask   0x800'6099    0x7e  Code  Gb  systick_cfg.o [1]
SysTick_GetTick          0x800'61f7     0x8  Code  Gb  systick_cfg.o [1]
SysTick_Handler          0x800'8be5     0x8  Code  Gb  stm32f4xx_it.o [1]
SysTick_IRQTask          0x800'61ff    0x3a  Code  Gb  systick_cfg.o [1]
SysTick_PollTickTask     0x800'6117    0x90  Code  Gb  systick_cfg.o [1]
SysTick_Resume           0x800'5f39    0x10  Code  Gb  systick_cfg.o [1]
SysTick_StructInit       0x800'5f49    0x40  Code  Gb  systick_cfg.o [1]
SysTick_Suspend          0x800'5f29    0x10  Code  Gb  systick_cfg.o [1]
SysTick_WaitusTick       0x800'6239    0x4a  Code  Gb  systick_cfg.o [1]
SysTick_msInit           0x800'5f89    0x52  Code  Gb  systick_cfg.o [1]
Sys_Init                 0x800'6f13    0xae  Code  Gb  main.o [1]
SystemClock_Config       0x800'6de9    0x9c  Code  Gb  main.o [1]
SystemCoreClock         0x2000'00a4     0x4  Data  Gb  system_stm32f4xx.o [1]
SystemInit               0x800'9009    0x40  Code  Gb  system_stm32f4xx.o [1]
TIM2_IRQHandler          0x800'8c57     0x2  Code  Gb  stm32f4xx_it.o [1]
TimerLib_CalcFreq_Task   0x800'765f     0xe  Code  Gb  timer_lib.o [1]
TimerLib_Init            0x800'7657     0x8  Code  Gb  timer_lib.o [1]
TimerTask_CalcFreq_Task
                         0x800'71c7     0xe  Code  Gb  timer_task.o [1]
TimerTask_Init           0x800'71bf     0x8  Code  Gb  timer_task.o [1]
Timer_CalcFreqMode_DeInit
                         0x800'51e7     0xc  Code  Gb  timer_cfg.o [1]
Timer_CalcFreqMode_Init
                         0x800'5105    0xe2  Code  Gb  timer_cfg.o [1]
Timer_CalcFreqMode_PreInit
                         0x800'51f3    0xe8  Code  Gb  timer_cfg.o [1]
Timer_CalcFreq_Init      0x800'52db   0x17a  Code  Gb  timer_cfg.o [1]
Timer_CalcFreq_Init::nCount
                        0x2000'3014     0x1  Data  Lc  timer_cfg.o [1]
Timer_CalcFreq_Init::nOverCount
                        0x2000'3015     0x1  Data  Lc  timer_cfg.o [1]
Timer_CalcFreq_Task      0x800'5455   0x12c  Code  Gb  timer_cfg.o [1]
Timer_Clock              0x800'5589   0x47a  Code  Gb  timer_cfg.o [1]
Timer_Init               0x800'5581     0x8  Code  Gb  timer_cfg.o [1]
USART1_ConfigInit        0x800'1413    0xe8  Code  Gb  usart_cfg.o [1]
USART1_IRQHandler        0x800'8bf7     0xc  Code  Gb  stm32f4xx_it.o [1]
USART1_Init              0x800'14fb    0x58  Code  Gb  usart_cfg.o [1]
USART1_RX_BUFFER        0x2000'2ea0    0x44  Data  Gb  usart_task.o [1]
USART1_Read_DMA_Init     0x800'169d    0xac  Code  Gb  usart_cfg.o [1]
USART1_TX_BUFFER        0x2000'2ee4    0x44  Data  Gb  usart_task.o [1]
USART1_Write_DMA_Init    0x800'1749    0xa2  Code  Gb  usart_cfg.o [1]
USART2_Init              0x800'1553     0x6  Code  Gb  usart_cfg.o [1]
USART3_Init              0x800'1559     0x6  Code  Gb  usart_cfg.o [1]
USARTLib_CRCTask_Read    0x800'774f     0xc  Code  Gb  usart_lib.o [1]
USARTLib_DeviceID        0x800'771f     0xc  Code  Gb  usart_lib.o [1]
USARTLib_FillMode_AddByte
                         0x800'773d    0x12  Code  Gb  usart_lib.o [1]
USARTLib_FillMode_Init   0x800'772b    0x12  Code  Gb  usart_lib.o [1]
USARTLib_FillMode_WriteSTART
                         0x800'775b    0x12  Code  Gb  usart_lib.o [1]
USARTLib_GetReadState    0x800'7701     0xc  Code  Gb  usart_lib.o [1]
USARTLib_IRQTask         0x800'776d     0xc  Code  Gb  usart_lib.o [1]
USARTLib_Init            0x800'766d    0x5e  Code  Gb  usart_lib.o [1]
USARTLib_ParamInit       0x800'76cb    0x2a  Code  Gb  usart_lib.o [1]
USARTLib_Read_DMA_IRQTask
                         0x800'7779     0xc  Code  Gb  usart_lib.o [1]
USARTLib_Read_Init       0x800'76f5     0xc  Code  Gb  usart_lib.o [1]
USARTLib_TimeOVFTask     0x800'770d    0x12  Code  Gb  usart_lib.o [1]
USARTLib_Write_DMA_IRQTask
                         0x800'7785     0xc  Code  Gb  usart_lib.o [1]
USARTTask_CRCTask_Read   0x800'7273     0xc  Code  Gb  usart_task.o [1]
USARTTask_DebugFreqTask
                         0x800'72c1   0x156  Code  Gb  usart_task.o [1]
USARTTask_DeviceID       0x800'7291     0xc  Code  Gb  usart_task.o [1]
USARTTask_FillMode_AddByte
                         0x800'7261    0x12  Code  Gb  usart_task.o [1]
USARTTask_FillMode_Init
                         0x800'724f    0x12  Code  Gb  usart_task.o [1]
USARTTask_FillMode_WriteSTART
                         0x800'727f    0x12  Code  Gb  usart_task.o [1]
USARTTask_GetReadState   0x800'7235     0xc  Code  Gb  usart_task.o [1]
USARTTask_IRQTask        0x800'729d     0xc  Code  Gb  usart_task.o [1]
USARTTask_Init           0x800'71d5    0x54  Code  Gb  usart_task.o [1]
USARTTask_Read_DMA_IRQTask
                         0x800'72a9     0xc  Code  Gb  usart_task.o [1]
USARTTask_Read_Init      0x800'7229     0xc  Code  Gb  usart_task.o [1]
USARTTask_TimeOVFTask    0x800'7241     0xe  Code  Gb  usart_task.o [1]
USARTTask_Write_DMA_IRQTask
                         0x800'72b5     0xc  Code  Gb  usart_task.o [1]
USART_485GPIOInit        0x800'0681    0x2a  Code  Gb  usart_cfg.o [1]
USART_CRCTask_Read       0x800'0c41   0x1e8  Code  Gb  usart_cfg.o [1]
USART_CRCTask_Write      0x800'0e29    0xfa  Code  Gb  usart_cfg.o [1]
USART_ClearOVF           0x800'0fd3    0x1c  Code  Gb  usart_cfg.o [1]
USART_Clock              0x800'11f1   0x20a  Code  Gb  usart_cfg.o [1]
USART_DMA_IDLETask       0x800'186d    0x5e  Code  Gb  usart_cfg.o [1]
USART_DeviceID           0x800'107d    0x20  Code  Gb  usart_cfg.o [1]
USART_FillMode_AddByte   0x800'0c21    0x20  Code  Gb  usart_cfg.o [1]
USART_FillMode_Init      0x800'0b8d    0x94  Code  Gb  usart_cfg.o [1]
USART_FillMode_WriteSTART
                         0x800'0f23    0xb0  Code  Gb  usart_cfg.o [1]
USART_GetReadState       0x800'0fef     0x6  Code  Gb  usart_cfg.o [1]
USART_IRQTask            0x800'155f   0x13e  Code  Gb  usart_cfg.o [1]
USART_ITPrintf_TCTask    0x800'1171    0x38  Code  Gb  usart_cfg.o [1]
USART_ITRead_16BitsTask
                         0x800'0919   0x13a  Code  Gb  usart_cfg.o [1]
USART_ITRead_16BitsTask::tempVal
                        0x2000'3017     0x1  Data  Lc  usart_cfg.o [1]
USART_ITRead_8BitsTask   0x800'0827    0xf2  Code  Gb  usart_cfg.o [1]
USART_ITRead_8BitsTask::tempVal
                        0x2000'3016     0x1  Data  Lc  usart_cfg.o [1]
USART_ITRead_Task        0x800'0a81    0x26  Code  Gb  usart_cfg.o [1]
USART_ITWrite_TCTask     0x800'0b37    0x56  Code  Gb  usart_cfg.o [1]
USART_ITWrite_TXETask    0x800'0aa7    0x90  Code  Gb  usart_cfg.o [1]
USART_IT_TCTask          0x800'11b1    0x34  Code  Gb  usart_cfg.o [1]
USART_Init               0x800'05db    0x78  Code  Gb  usart_cfg.o [1]
USART_ParamInit          0x800'13fb    0x18  Code  Gb  usart_cfg.o [1]
USART_Printf             0x800'110b    0x66  Code  Gb  usart_cfg.o [1]
USART_PrintfResume       0x800'10f5    0x16  Code  Gb  usart_cfg.o [1]
USART_PrintfSuspend      0x800'109d    0x58  Code  Gb  usart_cfg.o [1]
USART_Read_DMA_IRQTask   0x800'18cb    0x12  Code  Gb  usart_cfg.o [1]
USART_Read_DMA_RESTART   0x800'1837    0x1c  Code  Gb  usart_cfg.o [1]
USART_Read_DMA_STOP      0x800'1811    0x26  Code  Gb  usart_cfg.o [1]
USART_Read_Init          0x800'0ff5    0x4a  Code  Gb  usart_cfg.o [1]
USART_StructInit         0x800'04f3    0xe8  Code  Gb  usart_cfg.o [1]
USART_TXGPIOInit         0x800'0653    0x2e  Code  Gb  usart_cfg.o [1]
USART_TimeOVFTask        0x800'077d    0xaa  Code  Gb  usart_cfg.o [1]
USART_TimeTick_Init      0x800'06ab    0x2e  Code  Gb  usart_cfg.o [1]
USART_TimeTick_OVF       0x800'06d9    0xa4  Code  Gb  usart_cfg.o [1]
USART_Write_DMA_IRQTask
                         0x800'18dd    0x1c  Code  Gb  usart_cfg.o [1]
USART_Write_DMA_RESTART
                         0x800'1853    0x1a  Code  Gb  usart_cfg.o [1]
USART_Write_Init         0x800'103f    0x3e  Code  Gb  usart_cfg.o [1]
UsageFault_Handler       0x800'8bdd     0x2  Code  Gb  stm32f4xx_it.o [1]
WM8510Lib_I2C_Init       0x800'77a9    0x1a  Code  Gb  wm8510_lib.o [1]
WM8510Task_I2C_Init      0x800'7445    0x1a  Code  Gb  wm8510_task.o [1]
WM8510_HWI2C_WriteReg    0x800'81d7     0x6  Code  Gb  wm8510_cfg.o [1]
WM8510_I2C_Device0_Init
                         0x800'8023    0x78  Code  Gb  wm8510_cfg.o [1]
WM8510_I2C_Device1_Init
                         0x800'809b     0x6  Code  Gb  wm8510_cfg.o [1]
WM8510_I2C_Device2_Init
                         0x800'80a1     0x6  Code  Gb  wm8510_cfg.o [1]
WM8510_I2C_Init          0x800'80a7    0x8c  Code  Gb  wm8510_cfg.o [1]
WM8510_I2C_ParamsInit    0x800'7f95    0x8e  Code  Gb  wm8510_cfg.o [1]
WM8510_I2C_START         0x800'8133    0x30  Code  Gb  wm8510_cfg.o [1]
WM8510_I2C_SendCMD       0x800'81dd    0x26  Code  Gb  wm8510_cfg.o [1]
WM8510_SWI2C_WriteReg    0x800'8163    0x74  Code  Gb  wm8510_cfg.o [1]
WWDG_IRQHandler          0x800'8bed     0xa  Code  Gb  stm32f4xx_it.o [1]
_Encoding_8859_1_Mbrlen
                         0x800'2d45     0x2  Code  Gb  xencoding_8859_1.o [2]
_Encoding_8859_1_Wctomb
                         0x800'2d33    0x12  Code  Gb  xencoding_8859_1.o [2]
_Error_Handler           0x800'276d     0x2  Code  Gb  stm32_cfg.o [1]
_LitobFull               0x800'3c63   0x10a  Code  Lc  xprintffull.o [2]
_Locale_lconv           0x2000'0048    0x38  Data  Lc  xlocale_c.o [2]
_PrintfFull              0x800'2d51   0xcc4  Code  Gb  xprintffull.o [2]
_PutcharsFull            0x800'3dd5    0x2e  Code  Lc  xprintffull.o [2]
_PutstrFull              0x800'3ba3    0xc0  Code  Lc  xprintffull.o [2]
_PuttxtFull              0x800'3a97   0x10c  Code  Lc  xprintffull.o [2]
_SNProut                 0x800'431b    0x1a  Code  Gb  xsnprout.o [2]
__NVIC_EnableIRQ         0x800'6301    0x20  Code  Lc  adc_cfg.o [1]
__NVIC_EnableIRQ         0x800'7c57    0x1e  Code  Lc  random_cfg.o [1]
__NVIC_EnableIRQ         0x800'0195    0x20  Code  Lc  usart_cfg.o [1]
__NVIC_GetPriorityGrouping
                         0x800'62f5     0xc  Code  Lc  adc_cfg.o [1]
__NVIC_GetPriorityGrouping
                         0x800'6c23     0xc  Code  Lc  main.o [1]
__NVIC_GetPriorityGrouping
                         0x800'7c4d     0xa  Code  Lc  random_cfg.o [1]
__NVIC_GetPriorityGrouping
                         0x800'5e8f     0xc  Code  Lc  systick_cfg.o [1]
__NVIC_GetPriorityGrouping
                         0x800'0189     0xc  Code  Lc  usart_cfg.o [1]
__NVIC_SetPriority       0x800'6321    0x30  Code  Lc  adc_cfg.o [1]
__NVIC_SetPriority       0x800'6c2f    0x30  Code  Lc  main.o [1]
__NVIC_SetPriority       0x800'7c75    0x2c  Code  Lc  random_cfg.o [1]
__NVIC_SetPriority       0x800'5e9b    0x30  Code  Lc  systick_cfg.o [1]
__NVIC_SetPriority       0x800'01b5    0x30  Code  Lc  usart_cfg.o [1]
__NVIC_SetPriorityGrouping
                         0x800'6c01    0x22  Code  Lc  main.o [1]
__NVIC_SetPriorityGrouping
                         0x800'5e6d    0x22  Code  Lc  systick_cfg.o [1]
__NVIC_SystemReset       0x800'8cf1    0x1a  Code  Lc  css_cfg.o [1]
__NVIC_SystemReset       0x800'7849    0x1e  Code  Lc  rtc_cfg.o [1]
__aeabi_cdcmple          0x800'45b1          Code  Gb  DblCmpLe.o [3]
__aeabi_cdrcmple         0x800'45e1          Code  Gb  DblCmpGe.o [3]
__aeabi_d2f              0x800'5db5          Code  Gb  DblToFlt.o [3]
__aeabi_d2iz             0x800'474d          Code  Gb  DblToS32.o [3]
__aeabi_d2uiz            0x800'4ad9          Code  Gb  DblToU32.o [3]
__aeabi_dadd             0x800'4d19          Code  Gb  DblAdd.o [3]
__aeabi_ddiv             0x800'4891          Code  Gb  DblDiv.o [3]
__aeabi_dmul             0x800'4b1d          Code  Gb  DblMul.o [3]
__aeabi_dsub             0x800'47ad          Code  Gb  DblSub.o [3]
__aeabi_f2d              0x800'5d6d          Code  Gb  FltToDbl.o [3]
__aeabi_i2d              0x800'4789          Code  Gb  S32ToDbl.o [3]
__aeabi_ldiv0            0x800'4cc9          Code  Gb  I64DivZer.o [4]
__aeabi_memcpy           0x800'4499          Code  Gb  ABImemcpy.o [4]
__aeabi_memcpy4          0x800'44b9          Code  Gb  ABImemcpy.o [4]
__aeabi_memcpy8          0x800'44b9          Code  Gb  ABImemcpy.o [4]
__aeabi_memset           0x800'1fa5          Code  Gb  ABImemset.o [4]
__aeabi_ui2d             0x800'4b01          Code  Gb  U32ToDbl.o [3]
__aeabi_uldivmod         0x800'3e31          Code  Gb  I64DivMod.o [4]
__cmain                  0x800'914d          Code  Gb  cmain.o [4]
__exit                   0x800'4e95    0x14  Code  Gb  exit.o [5]
__iar_Fail_s             0x800'43c9    0x1c  Code  Gb  xfail_s.o [2]
__iar_Mbcurmax           0x800'4cbf     0xa  Code  Gb  xmbcurmax.o [2]
__iar_Memchr             0x800'4441          Code  Gb  memchr.o [4]
__iar_Memset             0x800'1fa5          Code  Gb  ABImemset.o [4]
__iar_Memset_word        0x800'1fad          Code  Gb  ABImemset.o [4]
__iar_Strchr             0x800'43b1          Code  Gb  strchr.o [4]
__iar_copy_init3         0x800'200b    0x2e  Code  Gb  copy_init3.o [4]
__iar_dadd               0x800'47bd          Code  Gb  DblSub.o [3]
__iar_data_init3         0x800'90bd    0x28  Code  Gb  data_init.o [4]
__iar_dsub               0x800'4d29          Code  Gb  DblAdd.o [3]
__iar_dsubStart          0x800'4d3b          Code  Gb  DblAdd.o [3]
__iar_frexp              0x800'454d          Code  Gb  frexp.o [3]
__iar_frexpl             0x800'454d          Code  Gb  frexp.o [3]
__iar_globLocale        0x2000'0000    0x48  Data  Lc  xlocale_c.o [2]
__iar_global_Locale      0x800'4335     0x4  Code  Gb  xlocale_c.o [2]
__iar_init_vfp           0x800'90e5          Code  Gb  fpinit_M.o [3]
__iar_ldexp64            0x800'4611          Code  Gb  ldexp.o [3]
__iar_program_start      0x800'91f9          Code  Gb  cstartup_M.o [4]
__iar_scalbln64          0x800'4611          Code  Gb  ldexp.o [3]
__iar_scalbn64           0x800'4611          Code  Gb  ldexp.o [3]
__iar_softfp___iar_frexp64
                         0x800'4541          Code  Gb  frexp.o [3]
__iar_softfp_frexp       0x800'4541          Code  Gb  frexp.o [3]
__iar_softfp_frexpl      0x800'4541          Code  Gb  frexp.o [3]
__iar_zero_init3         0x800'1f6b    0x3a  Code  Gb  zero_init3.o [4]
__low_level_init         0x800'916b     0x4  Code  Gb  low_level_init.o [2]
__vector_table           0x800'0000          Data  Gb  startup_stm32f407xx.o [1]
_call_main               0x800'9159          Code  Gb  cmain.o [4]
_exit                    0x800'9175          Code  Gb  cexit.o [4]
_gLocale_mblen           0x800'439d     0x4  Code  Gb  xlocale_c.o [2]
_gLocale_mblenInt        0x800'4361    0x2c  Code  Gb  xlocale_c.o [2]
_gLocale_wctomb          0x800'43a1     0x4  Code  Gb  xlocale_c.o [2]
_gLocale_wctombInt       0x800'4399     0x4  Code  Gb  xlocale_c.o [2]
_irq_disable             0x800'2765     0x4  Code  Gb  stm32_cfg.o [1]
_irq_enable              0x800'2769     0x4  Code  Gb  stm32_cfg.o [1]
_main                    0x800'9167          Code  Gb  cmain.o [4]
abort                    0x800'4d11     0x6  Code  Gb  abort.o [2]
crc16Table               0x800'8978   0x200  Data  Gb  crc_cfg.o [1]
crc8Table07              0x800'8da8   0x100  Data  Gb  crc_cfg.o [1]
crc8Table31              0x800'8ea8   0x100  Data  Gb  crc_cfg.o [1]
exit                     0x800'916f     0x4  Code  Gb  exit.o [2]
g_ABChannelADC          0x2000'2f28    0x2c  Data  Gb  adc_cfg.o [1]
g_CDChannelADC          0x2000'2f54    0x2c  Data  Gb  adc_cfg.o [1]
g_CRCIsEnable           0x2000'00b8     0x1  Data  Gb  crc_cfg.o [1]
g_CalcFreq              0x2000'2fa8    0x24  Data  Gb  timer_cfg.o [1]
g_HASH_RNG_Val          0x2000'3008     0x4  Data  Gb  random_cfg.o [1]
g_HardFaultErrMsg       0x2000'2fcc    0x20  Data  Gb  stm32_cfg.o [1]
g_IspDevice0            0x2000'2dbc    0x78  Data  Gb  isp_cfg.o [1]
g_MemMap                0x2000'28bc   0x280  Data  Gb  my_malloc.o [1]
g_MemPool               0x2000'00bc  0x2800  Data  Gb  my_malloc.o [1]
g_MonthDaysTab           0x800'91b0    0x10  Data  Gb  rtc_cfg.o [1]
g_MyMallocDev           0x2000'0080    0x14  Data  Gb  my_malloc.o [1]
g_PrintfBuffer          0x2000'2b3c   0x200  Data  Gb  usart_cfg.o [1]
g_SysSoftRTC            0x2000'2fec    0x18  Data  Gb  rtc_cfg.o [1]
g_SysTick               0x2000'2f80    0x28  Data  Gb  systick_cfg.o [1]
g_Usart1                0x2000'2d3c    0x80  Data  Gb  usart_cfg.o [1]
g_Wm8510Device0         0x2000'2e34    0x6c  Data  Gb  wm8510_cfg.o [1]
ldexp                    0x800'4611          Code  Gb  ldexp.o [3]
ldexpl                   0x800'4611          Code  Gb  ldexp.o [3]
localeconv               0x800'43a5     0x4  Code  Gb  xlocale_c.o [2]
main                     0x800'6fc1    0xd2  Code  Gb  main.o [1]
memchr                   0x800'4441          Code  Gb  memchr.o [4]
pABChannelADC           0x2000'0094     0x4  Data  Gb  adc_cfg.o [1]
pCDChannelADC           0x2000'0098     0x4  Data  Gb  adc_cfg.o [1]
pCalcFreq               0x2000'00ac     0x4  Data  Gb  timer_cfg.o [1]
pIspDevice0             0x2000'009c     0x4  Data  Gb  isp_cfg.o [1]
pSysSoftRTC             0x2000'00a0     0x4  Data  Gb  rtc_cfg.o [1]
pSysTick                0x2000'00a8     0x4  Data  Gb  systick_cfg.o [1]
pUsart1                 0x2000'00b0     0x4  Data  Gb  usart_cfg.o [1]
pWm8510Device0          0x2000'00b4     0x4  Data  Gb  wm8510_cfg.o [1]
scalbln                  0x800'4611          Code  Gb  ldexp.o [3]
scalblnl                 0x800'4611          Code  Gb  ldexp.o [3]
scalbn                   0x800'4611          Code  Gb  ldexp.o [3]
scalbnl                  0x800'4611          Code  Gb  ldexp.o [3]
scale                    0x800'3d6d    0x46  Code  Lc  xprintffull.o [2]
sec_hand                0x2000'3010     0x4  Data  Lc  xfail_s.o [2]
strchr                   0x800'43b1          Code  Gb  strchr.o [4]
strlen                   0x800'4409          Code  Gb  strlen.o [4]
uwTick                  0x2000'300c     0x4  Data  Gb  stm32f4xx_hal.o [1]
uwTickFreq              0x2000'00b9     0x1  Data  Gb  stm32f4xx_hal.o [1]
vsnprintf                0x800'1f15    0x3c  Code  Gb  vsnprint.o [2]


[1] = I:\STM32Project\NewProject\STM32F407\STM32F407VET6\STM32F407VET6Project\EWARM\STM32F407VET6Project\Obj
[2] = dl7M_tlf.a
[3] = m7M_tls.a
[4] = rt7M_tl.a
[5] = shb_l.a

  36'301 bytes of readonly  code memory
   1'615 bytes of readonly  data memory
  20'502 bytes of readwrite data memory

Errors: none
Warnings: none
